✔ OFF-C1-R1 C7/C8: local opening enables real controls and restores durable face context (3.2186ms)
✔ OFF-C1-R1 C9: a locally closed shift projects the button back to a new opening without deleting history (0.5302ms)
✔ OFF-C1-R1 C8: apply uses the durable field queue rather than the lossy settings fetch (1.2865ms)
✔ Face dump choices distinguish applied, pending-add and pending-remove states (9.3462ms)
✔ A successful save canonicalizes numeric server IDs into the persisted green set (5.1051ms)
✔ An offline durable save keeps the confirmed draft and unlocks without a fragment request (3.8525ms)
✔ Face state classes own the requested green, yellow and neutral visual contracts (0.8949ms)
✔ durable event survives a failed send and a new outbox instance (14.4291ms)
✔ a client shell update and offline reopen preserve a nonempty queue (1.1081ms)
✔ missing legacy sequence cannot move a restarted IndexedDB queue backwards (6.8317ms)
✔ same event id is idempotent only for an identical immutable wire event (2.0925ms)
✔ sequential loads retain order and dependency in one batch (1.8047ms)
✔ offline downtime start and close share the exact local reference before sync (1.8808ms)
✔ a quick close after accepted start uses the confirmed server downtime id (2.1877ms)
✔ partial acknowledgement removes only exactly confirmed events (1.8844ms)
✔ accepted load without server trip id remains queued (0.9097ms)
✔ accepted free-bucket load without server trip id remains queued (1.1103ms)
✔ confirmed free-bucket acceptance survives restart with identity and server mapping (2.1072ms)
✔ IndexedDB confirmation writes receipt and removes pending event in one restart-safe state (2.2576ms)
✔ conflict and authorization outcomes remain for review and are not retried (0.7327ms)
✔ a pending event depending on a terminal conflict becomes attention instead of hanging (1.7148ms)
✔ restart retries a legacy device clock conflict and its dependency chain (2.0745ms)
✔ restart does not retry an unrelated terminal conflict (0.7656ms)
✔ concurrent flush calls share one network request (14.0416ms)
✔ failed durable write rejects the action before UI success (0.4836ms)
✔ an unsent action can be discarded only while it has no dependants (0.5323ms)
✔ flush drains a queue in bounded batches (1.3446ms)
✔ retry backoff after repeated failures on a live connection never exceeds ten seconds (2.0267ms)
✔ a backoff on an earlier event is not bypassed by later events (1.3143ms)
✔ offline restart retains auth review until a fresh authenticated page resumes it (1.9526ms)
✔ confirmation callback observes the already updated queue count (0.6725ms)
✔ an event that left at once is marked so the server can use its own receipt (0.4174ms)
✔ an event that waited in the queue or survived a reload is not marked live (0.9257ms)
✔ OFF-C1-R1 C6: the exact rejected close is retried with confirmation and releases its children (1.9016ms)
✔ OFF-C1-R1 C6: restart replays stored confirmation details to the reachable UI callback (0.9165ms)
✔ OFF-C1-R1 C10: restart recovers only the known negative-downtime chain with the same ids (2.0833ms)
✔ OFF-C1-R1 C10: a close rejected only by the client is sent after the causal stop recovers (1.9122ms)
✔ bucket entry stays beside the existing hourly report ring (3.3267ms)
✔ selector modal is external, keypad driven and Android Back aware (1.6846ms)
✔ catalog and accepted cards survive offline shell lifecycle (1.1365ms)
✔ accept cancel and load use the durable field outbox (1.4132ms)
✔ cancel and failed load do not restore an actionable stale card (0.7686ms)
✔ a rejected repeat acceptance is removed instead of becoming a dead card (0.6136ms)
✔ dispatcher removes the used marker at its server deadline without polling (1.3129ms)
✔ one successful free-bucket swipe removes the upper card and keeps a separate five-minute badge (0.8642ms)
✔ all free bucket assets share the current shell marker (0.4577ms)
✔ temporary card adds semantics without replacing production status (1.1665ms)
✔ accept and cancel invalidate an older operational fragment first (0.6373ms)
✔ an upward swipe cancels only an unused free bucket card through the durable outbox (0.8283ms)
✔ predominantly upward swipe cancels exactly once and never creates a load (5.083ms)
✔ short, sideways and ordinary truck gestures never cancel free bucket acceptance (6.3911ms)
✔ cancel action is persisted before the card disappears and is protected from duplicates (2.871ms)
✔ existing plan ring is the only accessible hourly-report entry (2.3881ms)
✔ report remains outside replaceable shell without blocking operational refresh (1.1578ms)
✔ server schema renders current then previous as independent three-column blocks (0.4537ms)
✔ report lifecycle is coalesced, stale guarded and closes only once (0.5803ms)
✔ offline cache is merged with the durable local ledger before rendering (0.3418ms)
✔ layout matches mobile block structure without horizontal overflow (0.5477ms)
✔ OFF-C1-R1 C5: a hung hourly GET cannot hide the durable local report (34.4627ms)
✔ OFF-01: open and first load are durable before any server response (28.1528ms)
✔ OFF-02/OFF-03: a failed or lost transport write is recovered with the exact envelope (2.7494ms)
✔ OFF-02/OFF-09: restart keeps the local shift usable while delivery storage is still unavailable (1.1208ms)
✔ OFF-04/OFF-05: 35 loads, cancellation, hour boundary and more than 200 receipts do not truncate facts (625.6875ms)
ℹ 235 durable loads plus cancellation: 624.9 ms in Node memory adapter
✔ OFF-04/OFF-07: a controlled full shift across midnight retains separate hourly and shift totals (1.4637ms)
✔ OFF-06: a free-bucket load remains a fact independently of card TTL (0.5382ms)
✔ OFF-07: a pending close does not mix two consecutive local shifts (0.8449ms)
✔ OFF-08: receipt mapping does not remove facts and covering server projection does not double count (1.1993ms)
✔ OFF-09: IndexedDB failure falls back, both storages unavailable reject without false success (1.2472ms)
✔ OFF-09: successful IndexedDB writes are mirrored for a later fallback-only restart (1.0911ms)
✔ OFF-10: another identity cannot open the stored ledger (0.2326ms)
✔ OFF-08: a stale server shift cannot replace a newer unmapped local shift (0.264ms)
✔ OFF-C1-R1 C2: a stale cached hour is rebased and includes the next durable load (0.5606ms)
✔ OFF-C1-R1 C2: server source event evidence prevents a lost receipt from doubling a fact (0.604ms)
✔ OFF-C1-R1 C4: a failed durable write rolls back memory and transport failure keeps ledger usable (0.4979ms)
✔ OFF-C1-R1 C8: face context is durable, restart-safe and remains bound to its shift (0.613ms)
✔ passive pickup needs hold, glows and vibrates without opening a modal (5.4352ms)
✔ release without sending restores passive icon without changing permissions (1.0554ms)
✔ early release, movement and pointer cancellation cannot dispatch (2.81ms)
✔ active icons respond immediately with no hold requirement (0.7329ms)
✔ pickup tone is local, rising and lasts about 170 ms without using the voice player (0.4243ms)
✔ held passive icon uses the existing dispatch once when dropped on destination (1.2001ms)
✔ comet follows one continuous bounded path, fades and releases its RAF and DOM (5.4282ms)
✔ larger visual preview preserves the nominal drop hitbox (1.2608ms)
✔ slow movement emits the tail outside the card instead of hiding it underneath (1.5623ms)
✔ reduced motion keeps static feedback without a comet or pending animation (1.3861ms)
✔ drag copy sheds blocking and transfer decoration while the real truck retains its state and plan (1.6117ms)
✔ transfer countdown uses server time and never grants rights at local zero (0.4292ms)
✔ fragment refresh rejects older versions and late earlier requests (0.2571ms)
✔ mutation queues a higher-version fragment behind an invalidated in-flight request (11.0861ms)
✔ truck loaded outbox event carries exact assignment state and immutable context (0.5805ms)
✔ next local opening depends on a durable close even when the transport queue missed it (0.4733ms)
✔ successful outgoing load removes only the source card and keeps exact trip badge (0.2191ms)
✔ manual dump preview expiry is trip-specific and independent from transfer countdown (0.1604ms)
✔ offline review records do not block authoritative refresh forever (0.3519ms)
✔ downtime end keeps the active server id and depends on a local start (0.3384ms)
✔ confirmed server trip cancellation also uses the durable outbox (0.1646ms)
✔ confirmed load keeps the server trip id for the next offline load (0.1368ms)
✔ offline restart restores a valid tab from URL or access-scoped storage (0.2075ms)
✔ fragment replacement rebinds outbox dispatch to the new shell without duplicate lifecycle listeners (1.365ms)
✔ expired-session update migrates v233 shell with exact safe assets and preserves queue (10.9286ms)
✔ fresh authenticated rendered shell precaches every exact dependency for offline reopen (14.8805ms)
✔ missing fresh dependency rejects install before old cache deletion or activation (4.4116ms)
✔ OFF-02: cached shell wins over HTTP 503 and a hung navigation fetch (1.6763ms)
✔ OFF-C1-R1 C5: prepared shell returns before a background request that stalls after headers (7.736ms)
✔ OFF-C1-R1 C5: a prepared versioned dependency is usable while its refresh hangs (1.3249ms)
✔ closing accepts anomalous whole readings so the server can request confirmation (5.9379ms)
✔ opening remains strict and malformed close values never reach confirmation (5.3715ms)
✔ the native number input keeps the 100 percent ceiling only while opening (0.4004ms)
✔ confirmation rendering uses text nodes and keeps warnings scrollable (1.162ms)
✔ warning and confirmed requests keep one shift snapshot and suppress premature success (1.4374ms)
✔ editing readings invalidates a previously issued confirmation (0.531ms)
ℹ tests 111
ℹ suites 0
ℹ pass 111
ℹ fail 0
ℹ cancelled 0
ℹ skipped 0
ℹ todo 0
ℹ duration_ms 2758.027
