✔ initial check is exactly one request and twelve hours add no polling (5.272939ms)
✔ irrelevant realtime and generic fragment contexts issue no achievement GET (1.767451ms)
✔ truncated delta without the matching completion performs one equipment catch-up GET (2.859466ms)
✔ truncated delta is ignored without an active equipment shift (1.954072ms)
✔ Excavator assignment without an open shift does not exact-match a completed trip (1.470134ms)
✔ Excavator assignment without an open shift does not run truncated catch-up (1.062861ms)
✔ truncated burst and delayed initial collapse into one achievement GET (8.848734ms)
✔ truncated catch-up survives the real Driver and Excavator fragment apply (9.560055ms)
✔ relevant event before initial timeout consumes the single initial check (7.032488ms)
✔ Driver real fragment handler forwards context and checks only its completed trip (2.629839ms)
✔ Excavator real fragment handler forwards context and checks only its completed trip (2.046642ms)
✔ Excavator foreground reconciliation replaces a stale shell without delta events (1.808494ms)
✔ relevant event burst is debounced and single-flight (1.222091ms)
✔ failed relevant check uses bounded retry with backoff and no recurring polling (1.723044ms)
✔ only a false-to-true reconnect starts one new bounded achievement recovery cycle (2.016937ms)
✔ visibility and online recovery bursts keep one retry in flight (1.360399ms)
✔ a newer pending achievement event supersedes a failed in-flight event (1.176902ms)
✔ hidden tab performs zero GET and visible recovery performs exactly one catch-up (1.106736ms)
✔ successful retry shows unlock, close persists shown, and the key stays consumed (5.431248ms)
✔ unlocked prize opens modal, close marks shown, and shown prize stays closed (2.482028ms)
✔ terminal-status unlock drops are explained and send no request; active blocked drop submits once (5.029062ms)
✔ native APK heartbeat waits for shared Android identity and reports canonical versions (4.428819ms)
✔ native identity lookup has a bounded web identity fallback (1.55367ms)
✔ installed Android PWA is distinct from an ordinary browser (2.045741ms)
✔ iPhone home-screen PWA is distinct from Safari (1.941503ms)
✔ hidden web page does not claim foreground presence (0.924191ms)
✔ only a fresh authenticated 204 publishes transport success (1.244584ms)
✔ next presence heartbeat reports the previous authenticated round trip (1.284234ms)
✔ canonical empty pending version reports a known empty apply queue (3.658088ms)
✔ heartbeat 200 redirect=false cannot prove authenticated transport (1.14869ms)
✔ heartbeat 204 redirect=true cannot prove authenticated transport (1.178855ms)
✔ heartbeat 401 redirect=false cannot prove authenticated transport (1.526939ms)
✔ heartbeat 403 redirect=false cannot prove authenticated transport (0.891312ms)
✔ heartbeat 503 redirect=false cannot prove authenticated transport (6.811546ms)
✔ one physical wake burst shares one request even after a fast response (1.338495ms)
✔ background cancels one owner neutrally and hidden time starts no requests (2.685704ms)
✔ timeout releases a hung owner once and a late old finally cannot clear the next request (1.303222ms)
✔ late rejection of a planned abort neither reports network error nor takes new ownership (1.113968ms)
✔ network error is diagnostic only and keeps the thirty-second presence interval (1.993842ms)
✔ loading the script twice cannot install a second heartbeat cycle (0.977141ms)
✔ repeated visible focus events cannot accelerate the thirty-second heartbeat (3.388552ms)
✔ clerk shell retires only the exact legacy settlement worker and caches (7.098578ms)
✔ resource failures retain DOM tag and pathname, never URL credentials/query/hash (5.652751ms)
✔ actual resource errors remain visible during background, planned abort marker is not guessed (1.522643ms)
✔ only explicitly planned AbortError is neutral; timeout abort stays diagnosable (1.173236ms)
✔ connection telemetry contains numeric/enum whitelist and excludes attached action/secrets (0.767926ms)
✔ connection diagnostics are bounded and do not exhaust the script-error allowance (2.712234ms)
✔ a heartbeat with unchanged state produces no error report and returned memory is copied (0.947607ms)
✔ exception and fetch-fallback reports redact query, PIN, cookie and bearer value (1.245145ms)
✔ real runtime cause codes retain diagnostic meaning and HTTP status is numeric (1.025814ms)
✔ native app uses actual server body marker even without a clientKind attribute (1.218184ms)
✔ healthy periodic and outbox reconciliation do not consume an incident report budget (3.618008ms)
✔ fragment rejects redirected login JSON and HTML content type before accepting a version (14.999404ms)
✔ fragment requires a finite integer server version and rejects missing or old versions (11.274717ms)
✔ view restoration follows panel keys across reordered fragment DOM (1.183712ms)
✔ both role indicators use the same labels and recovering never says connection lost (0.934046ms)
✔ connection renderer preserves the authentication-ended banner (0.625402ms)
✔ locked deputy drag source stays inactive and artificial drop sends no request (11.568449ms)
✔ saveSlot and postJson both recheck a locked contract (4.00489ms)
✔ unlocked deputy drag-and-drop persists exactly once (5.071977ms)
✔ same release static request is fetched once and then served cache-first (7.276756ms)
✔ deputy static cache keeps the query string and never serves an old cache-buster (7.747575ms)
✔ assign сначала применяет серверный токен и только потом переносит самосвал (3.96544ms)
✔ release и release_complex используют свои локальные операции (1.240698ms)
✔ queued-ответ не применяет токены и не меняет локальный DOM (0.81681ms)
✔ неудачная локальная операция запрашивает fragment и только при его ошибке перезагружает экран (9.066181ms)
✔ структурное действие использует fallback только когда fragment не применён (1.107237ms)
✔ ошибка structural recovery показывается один раз и не оставляет rejected Promise (0.701706ms)
✔ rebind не дублирует обработчик и самосвал назначается одним точным POST (7.69761ms)
✔ самосвал из комплекса возвращается в гараж с текущим токеном (3.150483ms)
✔ экскаватор из гаража активируется структурной командой без offline queue (1.642964ms)
✔ расформирование требует подтверждения и обновляет токены до local fallback (3.58003ms)
✔ снятие всего комплекса требует подтверждения и отправляет release_complex (1.976566ms)
✔ drag-session чистит ghost и подсветку, а закрытая смена не начинает действие (1.842584ms)
✔ сброс после замены fragment не даёт старой плитке выполнить drop (0.996951ms)
✔ ошибка POST останавливает local action и проходит через верный recovery callback (2.884043ms)
✔ сортировка сохраняет плитки и ставит технику перед пустыми ячейками (14.41839ms)
✔ гараж самосвалов считает только свободную технику и создаёт нужные пустые места (8.276982ms)
✔ гараж экскаваторов сортирует свободные плитки и не считает назначенные (1.304804ms)
✔ сетка комплексов ставит риск выше нормы, а пустые карточки — в конец (1.82684ms)
✔ после fragment-замены layout работает с новой доской (1.280288ms)
✔ перемещение самосвала сохраняет его план и токен, меняя только размещение (7.629217ms)
✔ сверка дублей оставляет одну плитку самосвала (0.922359ms)
✔ расформирование очищает только плановую оболочку комплекса, а самосвал сохраняет токен (1.358966ms)
✔ активация из гаража создаёт только ожидающий планless-комплекс (4.943684ms)
✔ доска собирается только с выделенным модулем локальных перестановок (1.74019ms)
✔ desktop canvas fills the viewport with one proportional transform (3.086167ms)
✔ phone landscape uses the control-only 1400x800 shell fit (1.133947ms)
✔ report canvas does not inherit the control phone transform (1.007076ms)
✔ control template delegates desktop and phone fitting to the canvas module (0.366282ms)
✔ canvas stylesheet has no malformed dot-prefixed calc functions (0.416017ms)
✔ dispatcher CSS audit distinguishes exact redundancy from intentional overrides (2.64268ms)
✔ dispatcher CSS audit characterizes the current six-file cascade (88.49746ms)
✔ шапка карточки: иконка, имя, статус, паспорт одной строкой и план смены крупно (0.845493ms)
✔ два столбца: слева люди и действия, справа настройки работы и отчёт смены (0.8903ms)
✔ все прежние якоря карточки сохранены — скрипт наполняет их как раньше (0.226561ms)
✔ смена машиниста: сведения о смене и форма служебного завершения с csrf и показаниями (0.721166ms)
✔ скрипт: смена приходит в карточке, форма получает action, одометр только у самосвала, подтверждение перед отправкой (0.204188ms)
✔ скрипт: паспорт уходит в строку под именем, сведения о смене — в блок машиниста, состав — фишками (0.140071ms)
✔ точка связи машиниста и раскрытие формы описаны в стилях пульта, а не в мобильном контуре (0.767245ms)
✔ сервер отдаёт смену в карточке: id, вид техники, связь, показания на начало и маршрут служебного закрытия (0.43205ms)
✔ detail chart presenter renders metrics, tabs and a bar chart without the main card runtime (3.478417ms)
✔ chart code has one owner and the main detail runtime delegates to it (0.173541ms)
✔ chart module is loaded before detail and packaged exactly once (2.611713ms)
✔ detail runtime owns the HTML escaping helper used by dynamic card markup (0.701837ms)
✔ detail settings presenter renders work fields and destination rows independently (3.039687ms)
✔ settings code has one owner and detail runtime delegates render and reset (0.321013ms)
✔ settings module is loaded before detail and packaged exactly once (2.508628ms)
✔ повторная привязка не дублирует открытие карточки (2.706395ms)
✔ placeholder и вложенный элемент управления не открывают карточку (0.916921ms)
✔ Enter и пробел открывают карточку, а отказ detail-модуля не поглощает событие (1.697376ms)
✔ точка стоит на гараже экскаваторов, гараже самосвалов, самосвалах комплекса и имени комплекса (1.700491ms)
✔ своя палитра и размер точки, не завязанные на мобильный media-запрос (1.829184ms)
✔ точка стоит в правом верхнем углу плитки — бейдж циклов плана сдвинут вниз, чтобы не спорить с ней (0.991963ms)
✔ на имени комплекса точка стоит инлайн, по центру строки (0.406552ms)
✔ заливка плана самосвала — на заднем плане, во весь контур, как у горного мастера, а не тонким кольцом поверх (0.281504ms)
✔ заливка начинается сверху и растёт по часовой — не с левого края (0.180822ms)
✔ на тесной плитке заливка не пропадает при малом проценте — минимум клина и заметное свечение (0.432682ms)
✔ плитка без рейсов не красится: пустая фаза снимает заливку (0.521325ms)
✔ карточка комплекса заливается мягким синим из палитры, плитки остаются зелёными (0.67745ms)
✔ в гараже номер самосвала стоит над картинкой, как в составе комплекса (0.895759ms)
✔ поле поиска есть только на desktop-пульте смены и входит в релиз (1.245506ms)
✔ поиск ловит набор номера без предварительного фокуса (0.505501ms)
✔ поиск загружается до доски и полностью входит в пакет приложения (0.880766ms)
✔ совпадение заметно, а статусная окраска карточки сохраняется (0.864542ms)
✔ повторная привязка поиска не зацикливается на собственном счётчике (2.892024ms)
✔ fragment reconciler восстанавливает прокрутку доски и открытую detail-карточку (3.028219ms)
✔ неполный fragment не считается пригодным для точечной сверки (1.012264ms)
✔ closed to open fragment enables dispatcher drag-and-drop without reload (10.687692ms)
✔ open to closed fragment blocks dispatcher drag-and-drop with fetch count zero (1.644847ms)
✔ fallback расформирования сохраняет новые версии назначений до переноса плиток (7.638161ms)
✔ empty complex fallback clears stale plan markers before the next fragment (1.874142ms)
✔ ошибка структурного переноса не оставляет необработанное отклонение при недоступном refresh (0.767666ms)
✔ assignment conflict refreshes the dispatcher board once after the notice closes (8.125404ms)
✔ assignment conflict waits until other unsafe dispatcher interaction is over (0.994768ms)
✔ unapplied conflict fragment retries once and then uses the existing reload fallback (1.079746ms)
✔ ordinary dispatcher error never schedules assignment reconciliation (0.687996ms)
✔ fragment refresh synchronizes shift runtime before replacement and rebind (0.646043ms)
✔ dispatcher fragment reconciliation is keyed by equipment and complex identity (0.235816ms)
✔ one changed truck replaces only that keyed tile (2.646985ms)
✔ dispatcher downtime timer formats a live server interval (0.612993ms)
✔ dispatcher downtime close is explicit, direct and never queued offline (0.226801ms)
✔ версии назначений нормализуются и массово собираются без потери нуля (2.771703ms)
✔ ответ сервера применяет только свои версии и отличает ноль от отсутствующего поля (0.698181ms)
✔ доска получает только готовый state-adapter и не дублирует его правила (0.260492ms)
✔ inactive truck plan fill uses the neutral desktop presentation (5.928356ms)
✔ чья смена: метка у заголовка, предупреждение и строки «Смена / Длится» в блоке машиниста (1.498566ms)
✔ ручной рейс: свой блок, форма POST с csrf, точка, порода, количество, время и причина (0.372571ms)
✔ скрипт ручного рейса: точки забоя с плечом первыми, порода по умолчанию, подтверждение перед отправкой (0.308966ms)
✔ маршрут ручного рейса объявлен рядом с другими действиями диспетчера (0.123526ms)
✔ подсказка о прокрутке: липкая полоска внизу карточки, скрипт прячет её на конце (0.442386ms)
✔ карточка графика не схлопывается в полоску прогресса (0.593303ms)
✔ клон плитки экскаватора: подпись под картинкой, крестик точки на уровне поля (0.573954ms)
✔ номер самосвала в клоне плитки не уезжает за край: сдвиг в угол без transform (0.278629ms)
✔ mobile Dispatcher keeps a full-width center column when both garages are empty (9.599443ms)
✔ mobile Dispatcher removes the desktop empty-garage offset from complexes (0.421815ms)
✔ mobile Dispatcher expands the unified header instead of clipping navigation (0.523088ms)
✔ irrelevant realtime version is stored without fetching a dispatcher fragment (4.534968ms)
✔ активный drag откладывает fragment и не сбрасывает текущую сессию (1.114378ms)
✔ assignment_changed always refreshes the authoritative dispatcher board (2.062395ms)
✔ truncated realtime history uses full-board fallback and restores runtime hooks (0.731291ms)
✔ late stale fragment cannot overwrite a newer dispatcher board (1.792028ms)
✔ a higher fragment version wins even when its request started earlier (1.74003ms)
✔ obsolete fragment is acknowledged without touching a board that already covers it (0.567805ms)
✔ размер плитки считается от поля, а не от гаражной плитки (1.582012ms)
✔ расчёт не выполняется на неразложенном поле (0.189886ms)
✔ за размером поля следит ResizeObserver (0.234924ms)
✔ раскладка подбирается перебором колонок, а не по лестнице размеров (4.537682ms)
✔ пустое место отдаётся плиткам: двенадцать машин заполняют поле по ширине (0.37896ms)
✔ плитка не становится вертикальной: коридор пропорций соблюдён (0.208163ms)
✔ размер плитки один на всей доске (3.399518ms)
✔ при обычной смене плитки крупные и одинаковые (0.303517ms)
✔ один перегруженный комплекс не мельчит всю доску (0.174192ms)
✔ подпись и картинка видны, пока плитка достаточно высокая (0.894307ms)
✔ номер не лежит поверх картинки (2.455057ms)
✔ полное имя экскаватора в гараже не делит верхнюю строку с планом (0.667996ms)
✔ карточка разделена на столбец информации и поле машин (0.780555ms)
✔ разделители не отрываются в начало строки (0.665292ms)
✔ длинный текст не выдавливает поле машин (4.23048ms)
✔ число колонок общее на доску и не больше нужного самой загруженной карточке (0.513313ms)
✔ сетка машин фиксированной ширины прижата к правому краю, остаток — панели (0.727636ms)
✔ панель показаний: подписи в левом поле, ключевые цифры у нижнего края (2.222406ms)
✔ недостающие по составу машины показаны пустыми ячейками (0.436827ms)
✔ карточка, собранная скриптом в пустой зоне, выглядит как серверная (0.662257ms)
✔ desktop-доска делегирует раскладку отдельному владельцу (0.118809ms)
✔ desktop runtime содержит только контур Диспетчера (1.542312ms)
✔ мобильный контур Горного мастера сохранён в своей ветке шаблона (2.403278ms)
✔ серверная доска живёт в отдельном упакованном include (0.405391ms)
✔ скрытые служебные списки живут в отдельном упакованном include (1.650345ms)
✔ detail-карточка живёт в отдельном упакованном include (0.523899ms)
✔ desktop-приглашение уведомлений живёт в отдельном упакованном include (0.290648ms)
✔ карточка и desktop-доска физически отделены от оркестратора (0.698031ms)
✔ transport загружается перед основным runtime и входит в PWA shell (1.583254ms)
✔ модуль запуска карточки техники упакован ровно один раз (0.441284ms)
✔ модуль общей раскладки доски упакован ровно один раз (0.536678ms)
✔ модуль раскладки самосвалов упакован ровно один раз (0.37233ms)
✔ модуль версий назначений упакован ровно один раз (0.403648ms)
✔ модуль drag-and-drop упакован ровно один раз (0.355215ms)
✔ модуль локальных перестановок упакован ровно один раз и владеет только DOM-операциями (0.411068ms)
✔ политика ответа сервера упакована ровно один раз и отделена от DnD (0.355485ms)
✔ offline queue физически отделена, но сохраняет production-контракт (0.273762ms)
✔ realtime reconciliation is physically separated behind a narrow callback boundary (0.468205ms)
✔ shared shift dialog exposes an idempotent rebind entrypoint (1.09569ms)
✔ dispatcher realtime rebinds the shared shift dialog after DOM reconciliation (0.220832ms)
✔ new operational events sound once per stable event version (2.945895ms)
✔ connection loss and recovery have distinct transition-only cues (0.961818ms)
✔ action errors are audible but an immediate duplicate is suppressed (0.716459ms)
✔ the persistent header toggle mutes and re-enables cues (0.885824ms)
✔ loading the module twice does not duplicate global listeners (0.845063ms)
✔ dispatcher shell wires and precaches the isolated sound module (10.85188ms)
✔ visible Dispatcher window suppresses duplicate Windows banner and marks the item shown (3.636936ms)
✔ closed or hidden Dispatcher window shows one persistent system notification (1.175931ms)
✔ notification click focuses the existing PWA window and navigates to the Dispatcher board (1.015169ms)
✔ сохраняет production-ключ и исходные legacy v1/v2 без опасного автоповтора (3.205877ms)
✔ сетевой сбой ставит JSON-команду в совместимую очередь (3.582213ms)
✔ legacy-запрет автоповтора хранит исходник, возвращает ошибку и не исполняет откатившийся UI позже (1.901813ms)
✔ серверная ошибка не маскируется успехом и сохраняет команду для восстановления (1.233237ms)
✔ flush отправляет старую запись с CSRF и удаляет её только после успеха (14.641265ms)
✔ неактивная роль не отправляет и не изменяет сохранённую очередь (1.135009ms)
✔ диагностика связи остаётся частью transport API (0.772343ms)
✔ первая отправка происходит после надёжной записи; ACK оставляет исходную команду в журнале (1.211414ms)
✔ quota не подтверждает несохранённую команду и не отправляет её в сеть (1.145124ms)
✔ HTTP 409 сохраняет исходник и освобождает отправителя (5.09408ms)
✔ HTTP 503 сохраняет исходник и освобождает отправителя (1.250403ms)
✔ разные команды одного самосвала не объединяются, payload изолирован от дальнейших UI-правок (0.90965ms)
✔ повтор с тем же ID и другим содержимым не переписывает исходник (0.670169ms)
✔ сбой mirror очереди не теряет уже записанный журнал при перезапуске (0.81054ms)
✔ неверный JSON ответа 2xx не удаляет команду (1.446688ms)
✔ deadline тела без AbortController освобождает очередь; поздний ACK не завершает другую попытку (1.504486ms)
✔ команда сохраняет автора; новый пользователь и legacy без автора не присваивают её (2.097659ms)
✔ 409 первой команды не удерживает независимую вторую команду в готовой очереди (2.138765ms)
✔ перезапуск после потери ответа сохраняет ID, время и автора при повторном POST (1.652548ms)
✔ quota записи ACK оставляет сохранённый исходник на повтор (1.384064ms)
✔ повреждённая старая очередь не перезаписывается пустым массивом (1.060146ms)
✔ refresh deadline действует после заголовков до окончания тела (2.547265ms)
✔ доказанный invalid 400 сохраняется как отказ без бесконечного автоповтора (1.437304ms)
✔ quota после сетевого сбоя не снимает запрет автоповтора structural-команды при restart (1.39459ms)
✔ quota служебного счётчика не отменяет уже записанное намерение (1.416092ms)
✔ the assignment has no screen row of its own: no banner, no grid row (1.024833ms)
✔ a tap on «ПРИНЯТЬ» moves the phone to the new excavator at once and queues the acceptance (2.893497ms)
✔ after a restart the queued tap keeps the phone on the new excavator (1.378135ms)
✔ assignment confirmation waits for durable enqueue; repeated tap shares the same event (0.760705ms)
✔ quota leaves assignment and manual-trip context unchanged and permits a later retry (1.483053ms)
✔ a fresh server screen after the answer drops the phone override; a queued tap keeps it (0.914547ms)
✔ at the deadline the phone switches the same way, without an event (2.296467ms)
✔ the deadline no longer reloads the whole screen (3.436875ms)
✔ manual trips and the point drum follow the excavator the driver accepted on the phone (8.811948ms)
✔ after the tap the countdown stops and the note goes out, for a release too (1.724716ms)
✔ self-heal bypass does not swap the screen under a finger holding the dial (4.670833ms)
✔ without a finger on the dial the bypass still pushes a stuck screen through (2.92277ms)
✔ a stale hold mark cannot freeze the screen (0.769739ms)
✔ the three-minute reload waits for the finger to leave the dial (0.725592ms)
✔ self-heal bypass does not swap the screen under a finger on the point drum (1.307028ms)
✔ a point drum without a finger or with a stale gesture does not hold the screen (1.497826ms)
✔ the three-minute reload waits for the finger to leave the point drum (0.870441ms)
✔ self-heal bypass does not swap the screen under a finger on the downtime drum (0.631ms)
✔ a downtime drum without a finger or with a stale gesture does not hold the screen (1.004752ms)
✔ the three-minute reload waits for the finger to leave the downtime drum (0.827206ms)
✔ both drums report the start of the finger gesture and 0 without one (1.788092ms)
✔ the unload hold marks the finger on start and clears it on reset and on completion (0.382226ms)
✔ a manual load closes the open downtime first, at the very same moment (5.104936ms)
✔ a manual unload closes only the waiting-for-unload downtime, before the completion (1.900592ms)
✔ a load closes any open downtime with the load time; an unload — only waiting for unload (4.743442ms)
✔ after a manual load on the phone «waiting for unload» becomes available, «waiting for loading» does not (1.66052ms)
✔ after a manual unload on the phone the truck is empty although the server screen is old (0.932544ms)
✔ the active-downtime mark is removed from drum cards hidden after the downtime ends (1.086455ms)
✔ per-reason downtime timer survives close and marks every used reason (13.773709ms)
✔ trip and downtime report cards scroll vertically with readable rows (0.753494ms)
✔ Shift, Downtimes and Waybill share the same bottom action rails (1.085044ms)
✔ Shift, Downtimes and Waybill share one visible action-label typography (0.656098ms)
✔ short landscape keeps two-line downtime reasons readable and vertically scrollable (4.982212ms)
✔ all three unloading waits use one semantic workflow and template availability contract (7.99661ms)
✔ downtime review reconciles server truth and terminal events are not projected as active (1.20878ms)
✔ a confirmed downtime receipt overrides only an older cached shell (5.639081ms)
✔ downtime switch freezes the previous reason while the shift total stays continuous (6.460167ms)
✔ repeated refresh of the same active downtime does not reset the running timer (2.407405ms)
✔ the timer's base always counts from started_at, ignoring a zero or stale elapsed_seconds snapshot (5.433942ms)
✔ a local downtime syncing to a server-confirmed numeric id does not reset the timer (11.386605ms)
✔ a device with a skewed clock still recognises the same downtime via the server-id alias (2.984113ms)
✔ a downtime closed on this phone cannot be resurrected by a stale local snapshot (8.922153ms)
✔ a stale fragment that writes is-active directly onto the card gets corrected back, not just ignored (2.439343ms)
✔ a transient blank card from a background reconcile does not reset the timer or drop the border (4.281517ms)
✔ a card that stays blank through the confirmation window is treated as a genuine closure (2.282166ms)
✔ loading the page with a server-confirmed active downtime ticks with no local start event (2.194815ms)
✔ ten fragment resyncs in a minute never roll the timer back (4.474708ms)
✔ closing the downtime stops the display for good and a stale resync cannot revive it (2.723691ms)
✔ a full shell replacement does not freeze the timer on a detached node (2.414656ms)
✔ a full shell replacement does not leave a stale operational-state-refresh-applied listener that can clear a live downtime (3.808725ms)
✔ active downtime reason is a no-op and offline switches keep chronological dependencies (1.037923ms)
✔ waiting_unload enables the yellow mode but keeps hold-to-unload; clearing removes it (1.79964ms)
✔ durable automatic and manual trip completion immediately suppress waiting_unload projection (1.666279ms)
✔ waiting_loading turns the empty Work dial yellow but keeps it inert (0.667536ms)
✔ one-tap pointerup submits once without relying on a synthetic click (1.439577ms)
✔ pointercancel disarms one-tap unload without submitting (1.20222ms)
✔ keyboard click remains a one-tap fallback (0.633844ms)
✔ normal unload still uses the hold guard (0.702287ms)
✔ fragment-style destroy and rebind leaves exactly one gesture listener (0.736119ms)
✔ an armed one-tap gesture blocks operational fragment replacement (1.025724ms)
✔ realtime waiting_loading to loaded-trip transition opens Work from server truth (7.138158ms)
✔ reduced motion keeps both waiting states but disables their pulse (1.16215ms)
✔ Driver JavaScript branches on workflow instead of an exact Russian reason label (0.690761ms)
✔ drum never assigns an undeclared `slot` (0.819854ms)
✔ drum haptics are long enough to be felt (0.399862ms)
✔ drum script parses and installs without touching the DOM (2.047223ms)
✔ drum ring follows the face width it actually has (0.149405ms)
✔ drum corridor stays the width of the outline on any screen (0.154863ms)
✔ drum card label and body get an explicit pixel width, not a percentage (1.747701ms)
✔ drum name size is pure CSS from the label container, not a JS measurement (0.701887ms)
✔ line layout keeps every word whole and picks the split that gives the biggest name (2.55637ms)
✔ active-downtime timer is not tied to the reason-name tier and reads clearly on its own (0.301003ms)
✔ the timer is pinned to the card's bottom edge and the text group is centered above it (0.542377ms)
✔ dump-point tiles in the change-point sheet match the excavator face-settings card look (0.549337ms)
✔ dial label multiline width stays large — the loaded trip's dump point name is read for the whole trip (1.923275ms)
✔ templates mark drum labels for JS fitting instead of classifying by character length (0.295555ms)
✔ downtime link/halo blink color follows the active reason's status, not a hardcoded yellow (1.948324ms)
✔ without an open shift, the top drum keeps its full three-card shape and outline instead of collapsing (1.80636ms)
✔ the keyhole outline still finds the top drum's empty center card (0.847766ms)
✔ downtime drum front card is never highlighted yellow without an open shift (0.654425ms)
✔ labels are laid out only when a card is built, never on spin, resize observers or font loads (1.485126ms)
✔ the point card blinks with the outline from one shared ancestor animation, hard on/off (0.589728ms)
✔ the swipe arrow is a fixed slot outside the card, sized from the real gap to the dial (1.649954ms)
✔ the shared outline is stationary: never recomputed while either drum is being dragged (4.244671ms)
✔ only a server downtime of another shift is dropped; the carryover trip stays (1.298826ms)
✔ the local shift projection and the screen binding both drop a foreign downtime (0.490158ms)
✔ catalog remains complete while per-item availability reports missing settings (1.869585ms)
✔ display snapshot uses canonical server keys and keeps every dump point (0.239521ms)
✔ cached inactive shell keeps a newer durable local selection on restart (0.242626ms)
✔ newer confirmed inactive server snapshot clears saved selection (0.3455ms)
✔ rejected local attempt never outlives a fresh inactive server snapshot, even if it looks newer (0.150417ms)
✔ cached HTML catalog is marked stale while the device is offline (0.514705ms)
✔ primary excavator selection is rejected before enqueue (0.731792ms)
✔ selection becomes optimistic only after durable enqueue resolves (1.151104ms)
✔ active selection A blocks selection B before enqueue and preserves A (2.062826ms)
✔ a server-rejected selected event never leaves the free bucket stuck active (0.458771ms)
✔ a rejected cancel (dependency_rejected on an already-rejected selection) still deactivates locally (2.433014ms)
✔ a stuck review state from storage becomes inactive as soon as project() runs, even with no new events (0.262575ms)
✔ a rejected local selection falls back to the server's live acceptance, not to 'no bucket' (0.592382ms)
✔ the one-load right is consumed by its load and switched off locally by that trip's completion (0.568136ms)
✔ an old rejected selection in the review queue does not switch off the live bucket after its load is confirmed (0.328595ms)
✔ a right the server already marked used switches off on the driver's unload of that trip (0.502977ms)
✔ missing or invalid server catalog keeps last-good snapshot (0.166801ms)
✔ authoritative complete empty catalog clears the last-good snapshot (0.144878ms)
✔ aged online catalog is marked stale (0.399272ms)
✔ unavailable tile keeps its status after an unselected state render (0.110045ms)
✔ browser lifecycle drops the controller for disabled and detached shells (0.300182ms)
✔ template always renders a hidden cancel control for restored offline selection (5.620874ms)
✔ free-bucket projection keeps the dial label short and renders a compact mode chip (4.484182ms)
✔ free-bucket tiles show only the excavator number and status, no place/rock/point text (9.741728ms)
✔ cancel without a server acceptance id (offline) queues a real cancel event and switches the bucket off (3.143554ms)
✔ free-bucket state is saved under the shift now on screen, including a shift opened on the phone (0.245479ms)
✔ a bucket ended on the phone is not revived by an older cached page after a restart (0.38567ms)
✔ after a bucket trip is done (used, inactive) a new free bucket can be chosen without the server (0.456548ms)
✔ the grid stays two columns and the tile never shrinks below a finger (1.7798ms)
✔ the dialog scrolls inside and its top block is sticky (0.39827ms)
✔ the selected tile is scrolled into view when the window opens (0.279171ms)
✔ the primary-assignment tile is disabled and labelled ОСНОВНОЙ, the selected one glows (0.788648ms)
✔ a long contractor number is fitted by width, never broken across lines (0.495937ms)
✔ default level is strong and scales pulses but not gaps (9.968198ms)
✔ weak and normal levels keep their own factors and floors (1.677065ms)
✔ native Driver haptics receive the scaled pattern and real amplitude (2.501607ms)
✔ choosing a level stores it, marks the button and plays a sample (1.135069ms)
✔ dial and drum route their haptics through the shared level (3.039326ms)
✔ a real hold-and-open leaves no busy marks on the opening form, so server refreshes resume (5.559221ms)
✔ open → close → open on one page: a late keyboard input into the hidden opening form never holds the screen (3.150984ms)
✔ a hidden opening form still carrying stale busy marks does not hold the screen (7.401314ms)
✔ decision: the phone's open or closed shift wins until the server has seen it (6.197552ms)
✔ opening a shift without a network switches the screen at once and queues driver.shift.opened (3.55382ms)
✔ closing a phone-only shift shows the next opening at once and the next opening waits for that close (1.608852ms)
✔ closing waits for every unsent event of its own shift (1.185625ms)
✔ a finished local close leaves no pending marks on the close form (1.73367ms)
✔ server confirmation of the opening gives later actions the real shift id (0.912404ms)
✔ closing a shift the server opened earlier references its server id (0.861557ms)
✔ closing a shift with a running downtime queues its end before the close (5.023805ms)
✔ closing a shift ends a running downtime the server already confirmed by its server id (1.026716ms)
✔ production Driver logout hold navigates exactly once and can be repeated (5.547783ms)
✔ production Driver logout hold resets after an early release (1.935524ms)
✔ production Driver logout hold remains available in read-only mode (2.046291ms)
✔ two trips and a downtime recorded offline fill the manifest, survive a restart and do not double when the server returns (8.536223ms)
✔ a row the server rejected stays in the manifest with a mark and is not purged after a day (1.44776ms)
✔ row time is the press time; the server time only when the server proved the phone clock wrong (0.595697ms)
✔ events of another shift never enter this shift's manifest (0.642958ms)
✔ a running downtime counts up to now and the next reason closes the previous one (0.559132ms)
✔ an excavator trip unloaded offline is counted once, before and after the server confirms it (0.954316ms)
✔ the journal of a shift closed more than 7 days ago is dropped (0.429717ms)
✔ a carryover trip loaded in the previous shift and unloaded in this one keeps its labels (0.723018ms)
✔ a load that left without a point name gets it from the free-bucket catalog (0.819003ms)
✔ shared drag keeps the Excavator seven-pixel pickup threshold (7.986805ms)
✔ Driver reports durable manual-trip states without a false server confirmation (0.443758ms)
✔ manual cancellation copy is explicit and does not claim a second unload (0.319861ms)
✔ manual trip creation completion and cancellation have distinct durable feedback (1.366928ms)
✔ manual taps target entry and swipe thresholds use strong distinct haptics (3.937058ms)
✔ confirmed cancellation outranks older failed loads but never a newer load (0.248214ms)
✔ an active manual trip locks the source until it is completed or cancelled (0.18552ms)
✔ trip timer formats elapsed time and names the selected destination (0.298089ms)
✔ confirmed manual trip takes its current destination from the fresh server fragment (0.278429ms)
✔ an Excavator-owned acknowledgement requests one exact Driver reconciliation (0.429997ms)
✔ manual point action is reserved for the current Driver-manual trip (0.3056ms)
✔ manual reroute directory excludes standard, current and duplicate points (0.282826ms)
✔ Driver runtime reuses the common outbox without an independent transport or journal (1.556203ms)
✔ manual free-bucket button delegates to the canonical Driver control (0.201753ms)
✔ both roles render the same dashboard and card includes (1.745999ms)
✔ manual controls use compact action timer and source rows with one shared gap (1.330193ms)
✔ Driver manual heading keeps name and two rectangular status controls on one row (0.833856ms)
✔ manual mode survives lower tabs and blocks ordinary mode during an active trip (2.722279ms)
✔ cancel and completion are signed with the loaded trip's excavator, not the base context (2.023316ms)
✔ only the active dump point exposes cancel and complete swipe cues (1.463013ms)
✔ карточка источника держит форму 1 к 1,25 построением, а не числами (2.604612ms)
✔ подгонка номера зовётся адресно, а не выборкой по классу (0.962549ms)
✔ сторож: кнопки режима всё ещё носят класс карточки (0.286612ms)
✔ плашка комплекса убрана, а точка связи в углу осталась (2.484821ms)
✔ подпись экскаватора вмещается общим правилом, а не своим (0.375656ms)
✔ без общего модуля подпись всё равно ужимается и не уходит ниже пола (0.173902ms)
✔ manual point counter applies each optimistic load or cancel exactly once (0.341274ms)
✔ Driver binds the common gesture to the real Excavator shell and preserves its active motion (2.297179ms)
✔ Driver dump cards keep a three-column matrix and only show name plus trip count (0.73037ms)
✔ the latest destination is the only highlighted Driver dump card (0.416818ms)
✔ server-assigned dump points never inherit the one-off marker (0.870541ms)
✔ initial binding preserves server counters and the last destination (0.307784ms)
✔ returning from free bucket restores the cached primary counters and last destination (0.369145ms)
✔ the primary context survives a temporary DOM replacement when fragment JSON is absent (0.606002ms)
✔ a server free-bucket fragment keeps the primary assignment as the cancellation fallback (0.561906ms)
✔ an active free-bucket trip stays separate from the primary context of the next loading (0.295555ms)
✔ manual corner toggles manual mode on the dial and preserves bottom navigation (1.130682ms)
✔ dial manual mode drives the same manual-trip queue: send, cancel, complete (3.618007ms)
✔ dump point corner button reroutes a manual trip to a point outside the drum (1.046075ms)
✔ shared controller remains the only live card binder in both roles (11.724914ms)
✔ manual context and confirmed timer survive fragment refresh (2.108796ms)
✔ отклонённая отметка ручного рейса разблокирует экран сама, без касаний (1.472096ms)
✔ отклонённая смена точки разгрузки не проходит молча (1.553769ms)
✔ a saving lock older than 8 s is stale, a fresh one is not (0.701066ms)
✔ complete, cancel and start of a manual trip consult the stale-aware guard (0.866244ms)
✔ the dial gesture always works with the live workspace node of the page (0.160331ms)
driver_offline_outbox: unsent manual load and its cancel removed locally {
  load_event_id: 'driver-manual-load:z',
  cancel_event_id: 'driver-manual-load-cancel:z',
  local_trip_id: 'driver-manual-load:z',
  load_attempts: 1,
  load_last_error: 'free_bucket_acceptance_pending',
  removed_at: '2026-10-04T23:01:15.332Z'
}
driver_offline_outbox: unsent manual load and its cancel removed locally {
  load_event_id: 'driver-manual-load:o',
  cancel_event_id: 'driver-manual-load-cancel:o',
  local_trip_id: 'driver-manual-load:o',
  load_attempts: 0,
  load_last_error: '',
  removed_at: '2026-10-04T23:01:15.336Z'
}
✔ a stuck load+cancel pair does not hide the server's open manual trip (3.913052ms)
✔ a cancel that really targets the server trip still wins (0.61086ms)
✔ a load the server keeps rejecting with retry and its own cancel leave the queue without being sent (7.95644ms)
✔ a load and its cancel created offline on this page are annihilated before any send (1.59372ms)
✔ a load the server may already hold keeps its cancel in the queue (4.824244ms)
✔ a load restored from storage with no attempts is not annihilated by a fresh page (0.890921ms)
✔ native token is registered with the authenticated Driver session (6.989344ms)
✔ same token is idempotent but a new auth generation is re-registered (1.382361ms)
✔ FCM token rotation is registered through one native listener (4.564653ms)
✔ ordinary browser does not call the endpoint (1.70054ms)
✔ source never logs or persists the token (8.339742ms)
✔ manual-load cancellation keeps an exact trip reference and the latest dependency (4.530281ms)
✔ downward swipe completes the exact local or confirmed manual trip through the existing queue (0.479702ms)
✔ manual load uses stable local identity and an immutable Driver snapshot (2.41759ms)
✔ manual load rejects missing or ambiguous authority and a foreign truck (0.429987ms)
✔ point correction can depend on a not-yet-confirmed manual trip (4.159002ms)
✔ manual trip confirmation survives restart with the server mapping (2.399893ms)
✔ terminal downtime events never replace the authoritative active downtime (0.261013ms)
✔ restart recovers only clock conflict and its dependency chain with immutable identity (3.756506ms)
✔ restart resends a manual load refused as free_bucket_not_available and its chain (5.727474ms)
✔ restart resends a free-bucket selection refused as free_bucket_request_stale and its cancel (2.250359ms)
✔ restart resends bucket refusals the v375 server accepts: point outside the snapshot, another excavator (1.657716ms)
✔ restart never retries a real domain conflict (1.170182ms)
✔ confirmed downtime close receipt survives queue removal and restart (1.457304ms)
✔ a projection callback failure does not turn a durable enqueue into a storage error (0.589297ms)
✔ event is durably written with full driver context before send (0.798903ms)
✔ only exact accepted and deduplicated acknowledgements remove events (0.828007ms)
✔ partial response retains the unacknowledged event with retry metadata (0.742338ms)
✔ conflict auth and invalid records remain for reconciliation and are not retried (1.343152ms)
✔ parallel flush calls share one request and preserve order and dependency (25.847057ms)
✔ a due terminal action pulls its locally pending dependency into the same batch (1.887291ms)
✔ parallel gestures receive a stable monotonic order (0.462987ms)
✔ replacing Driver access does not reuse a device sequence (0.397789ms)
✔ legacy unload queue migrates without changing event identity or fact time (0.758522ms)
✔ same event id cannot be silently reused with different content (0.461075ms)
✔ acknowledged identity tombstone prevents incompatible id reuse (0.85694ms)
✔ retry backoff is bounded to 5-10s while online, not the old 5-minute cap (0.102524ms)
✔ regaining connectivity retries immediately instead of waiting out a stale backoff (1.039515ms)
✔ accepted callback runs only after durable removal and published zero state (0.608045ms)
✔ shell replacement rebinds callbacks on the existing durable runtime (0.565322ms)
✔ more than one batch drains without another lifecycle signal (58.331027ms)
✔ batch envelope keeps the immutable device identity of every event (1.124333ms)
✔ event enqueued during an in-flight send is drained by the same flush (5.707013ms)
✔ backoff and terminal review do not head-of-line block an independent event (1.89273ms)
✔ auth-required events resume only under a fresh authenticated generation (1.230503ms)
✔ immutable event identity includes context references time dependencies and payload (2.07862ms)
✔ downtime start acknowledgement keeps the exact server mapping for close (0.732172ms)
✔ offline downtime start and close share the exact local id before sync (0.776489ms)
✔ accepted downtime start maps a quick close to the exact server id (1.013706ms)
✔ A to B to A point changes always get new ids CAS state and dependencies (0.306021ms)
✔ free bucket selection captures the exact truck excavator and catalog snapshot (0.631791ms)
✔ free bucket cancellation depends only on an unresolved local selection (0.288114ms)
✔ actual IndexedDB repository path survives a new runtime instance (2.036837ms)
✔ a shift opened on the phone without a network is queued and later actions reference it (0.722688ms)
✔ a shift opening must name itself as the local shift and its own truck (0.314754ms)
✔ local guards reject ungranted or incomplete driver actions before storage (0.659703ms)
✔ closing a downtime is always queued, even with no reference to its start yet (0.269586ms)
✔ auth classifier recognizes status redirect to root and login HTML (0.40536ms)
✔ terminal review records older than the retention window are purged, fresh ones stay (61.869947ms)
✔ an event sent right away is marked so the server can use its own receipt time (0.986465ms)
✔ every server acceptance bumps the counter the screen refresh checks (matrix C1b) (0.912454ms)
✔ after a network drop the queue leaves strictly by sequence (battle 02.10, seq 232) (1.416653ms)
✔ a server-assigned wait does not hold the rest of the queue (1.363333ms)
✔ restart resends v376 refusals: load during downtime, changed face, cancel of a cancelled bucket, buried next trip (4.777113ms)
✔ HTTP 422 shows the warning and never pretends that the network is lost (4.602449ms)
✔ a genuine fetch failure queues the exact readings for native background delivery (1.936426ms)
✔ HTTP 5xx remains retryable across restart and drains after bounded backoff (2.144199ms)
✔ 401 waits for a new authenticated generation and resumes after login (2.438903ms)
✔ 403 and login redirects are classified as authentication, not validation (5.687885ms)
✔ web retry preserves the original offline shift-close occurred_at (0.870601ms)
✔ confirmation sends the signed token and clears both outboxes (2.873156ms)
✔ editing any reading invalidates the old confirmation and restores the form (1.725578ms)
✔ a warning survives app restart without retrying the rejected request (2.915119ms)
✔ legacy device-clock attention retries the same shift-close action after update (2.6097ms)
✔ hard HTTP validation stays editable and never enters the offline queue (1.219827ms)
✔ Driver never navigates the WebView to a raw HTTP error page (0.39799ms)
✔ native foreground close posts the persisted createdAt as occurred_at (0.124347ms)
✔ current Driver shell precaches the durable runtime and exact authenticated dependencies (1.848313ms)
✔ a legacy loaded shell reloads before adopting a fragment that requires newer assets (2.908665ms)
✔ expired session update migrates a valid shell without touching a nonempty event queue (0.474163ms)
✔ driver shell exposes confirmed identity and shift context; the shift opens through the local shift module (2.278641ms)
✔ manual dotting stays separate from the automatic loaded circle offline (0.430068ms)
✔ dump-point projection helper updates the tile, dial, dataset and sync label (3.421651ms)
✔ sync uses canonical batch endpoint and distinguishes pending review and storage failure (1.957187ms)
✔ a failed background flush never recasts a durable unload as a storage failure (0.490419ms)
✔ unload hold keeps the existing dial and avoids per-frame style writes (2.522318ms)
✔ экран обновляется послойно, а результат сверяется снимком (0.82366ms)
✔ круг устроен одинаково с рейсом и без него (2.486193ms)
✔ timer-only unload hold never starts a requestAnimationFrame loop (1.348571ms)
✔ review-only queue does not block a safe fragment refresh (1.664567ms)
✔ blocking count covers only fresh first-attempt pending events (0.402947ms)
✔ driver opening readings survive blur and realtime fragment event; reset applies deferred version (22.740575ms)
✔ driver opening form errors and pending submit both block fragment replacement (5.075262ms)
✔ a fragment requested before the server accepted queued events is not applied (matrix C1b) (3.614973ms)
✔ the drum takes its points from the active free bucket, else from the primary excavator (0.780876ms)
✔ drum faces are rebuilt only for a different set of points and never while a trip is in the dial (0.257688ms)
✔ a send from the drum carries the point name for the load event and the manifest (0.113821ms)
✔ a manual load merged into the excavator's trip hands the dial to the loaded server trip (5.959513ms)
✔ a manual trip that really ended still leaves an empty dial heading back to the excavator (0.996972ms)
✔ without a loaded server trip the dial goes empty even after an automatic takeover (0.765633ms)
✔ a quick set changed offline is resent as soon as the network is back, and the mark clears on acceptance (6.396691ms)
✔ Driver report uses one two-stage MAX delivery control with the configured group (1.597836ms)
✔ first tap copies the report and second tap opens MAX without copying twice (5.968867ms)
✔ changed report cannot open MAX until the fresh text is copied (2.337469ms)
✔ clipboard failure keeps the control in the safe prepare state (2.018379ms)
✔ copy completion does not re-enable delivery after the screen becomes read-only (3.601844ms)
✔ шаблон подключает части экрана водителя в объявленном порядке (1.360068ms)
✔ части экрана водителя загружаются по очереди без обращений вперёд (8.530705ms)
✔ a screen left behind the server is pushed through after a minute, not before (3.975857ms)
✔ a screen that caught up closes the bypass window and starts counting anew (1.399046ms)
✔ three minutes behind reloads the screen once, then holds off (1.191373ms)
✔ without a live connection nothing is forced and nothing is reloaded (3.980834ms)
✔ a screen that is not behind the server is left alone (0.935058ms)
✔ a hidden screen never accumulates lateness (0.951433ms)
✔ what the driver is typing is never interrupted (0.933476ms)
✔ an open sheet is pushed through but never reloaded from under the finger (0.89006ms)
✔ the last deferral reason stays readable on the page (0.948579ms)
✔ fresh authenticated install caches the exact rendered Driver dependency closure (10.724337ms)
✔ expired-session update migrates real exact Driver shell dependencies and serves each offline (5.686943ms)
✔ missing exact shell dependency fails closure and preserves the previous cache (5.028557ms)
✔ confirmed logout clears authenticated Driver shells but keeps exact assets (2.203958ms)
✔ REFRESH_AUTHENTICATED_SHELL stores the current page so an offline cold start shows it (5.788225ms)
✔ a shell refresh that gets the login page keeps the cached authenticated shell (4.262468ms)
✔ a fragment of a newer shell asks to follow the version instead of reloading at once (0.872133ms)
✔ the page reloads only into a controller that already has the new version, never while hidden, once (0.521295ms)
✔ a newer worker or server reported by base.html starts following that version (0.302185ms)
✔ hold ring fills completely exactly when the unload hold fires (0.965523ms)
✔ a saved unload shows the confirmation layer with voice, for the hold and the manual dial alike (1.059335ms)
✔ the layer never touches the dial: geometry under it is untouched and nothing waits for it (0.659343ms)
✔ the completion buzz is not cancelled by the post-hold reset (0.333211ms)
✔ server confirmation no longer repeats the trip-finished voice (0.208604ms)
✔ the hold reset restores the ready label only when no unload was submitted (1.305556ms)
✔ lost response retains original trip, action and fact time across restart (1.671316ms)
✔ different trip acknowledgement never deletes a pending confirmation (0.249916ms)
✔ new trip and another driver retain independent pending events (0.297938ms)
✔ concurrent retries send an event once (0.288635ms)
✔ explicit server conflict remains available for reconciliation and is not retried (0.304899ms)
✔ failed persistent write does not claim to have queued an event (0.472331ms)
✔ driver and excavator screens both count a visible screen as active (1.842695ms)
✔ driver sets the flag before the realtime client reads it (0.672582ms)
✔ driver template has no multi-line {# #} comments — Django renders those as visible text (0.368745ms)
✔ an outdated shell still applies the fragment and reloads at most once per 30 s (0.311749ms)
✔ synchronous double entry claims the operation once (3.814503ms)
✔ early hook sends the exact event version and the assignment identifier (1.008498ms)
✔ the newest assignment inside one delta wins (0.759233ms)
✔ release_applied is announced and assignment_applied is not (3.900273ms)
✔ an assignment event without an identifier is left to the DOM fallback (1.360599ms)
✔ already_announced finalizes the claim and blocks the DOM fallback (1.186246ms)
✔ a web fallback that actually played finalizes the claim (0.731101ms)
✔ a completely silent failure releases the claim (0.742978ms)
✔ the dump-point cue fallback finalizes the claim (1.356833ms)
✔ the DOM fallback stays silent after the early hook announced the assignment (0.887397ms)
✔ the DOM fallback announces an assignment the early hook could not see (0.707845ms)
✔ the DOM fallback stays silent after the early hook announced the dump point (1.217964ms)
✔ release_pending plays one cue and no voice (0.681707ms)
✔ a repeated DOM refresh does not repeat the release cue (4.25738ms)
✔ release_applied still produces one full announcement after the pending cue (1.252816ms)
✔ the release cue and the release phrase use separate claim keys (0.806394ms)
✔ the release cue never reaches the native announcer (0.232571ms)
✔ a rejected bridge promise releases the assignment claim (0.736108ms)
✔ a synchronously thrown bridge call releases the assignment claim (0.643118ms)
✔ a released claim lets the next path announce the same assignment (0.888799ms)
✔ a rejected dump-point bridge promise releases the trip claim (0.751431ms)
✔ a synchronously thrown dump-point bridge call releases the trip claim (0.613343ms)
✔ the dump-point signal carries the exact event version and trip (0.61103ms)
✔ the Driver assignment form exposes an explicit assignment identifier (0.07956ms)
✔ the DOM fallback never sends a non-positive version (0.502277ms)
✔ the asynchronous dump-point marker is gone (0.239821ms)
✔ the early signal fires while the fragment refresh never resolves (3.138085ms)
✔ the early signal fires while the interface is busy (1.114738ms)
✔ the initial bootstrap never announces stored history (0.908358ms)
✔ a truncated delta is ignored by the early hook (4.869662ms)
✔ an irrelevant response is ignored by the early hook (0.9761ms)
✔ only events newer than the requested cursor are signalled (1.165415ms)
✔ the captured cursor belongs to the request, not to the current state (0.753154ms)
✔ returning from the background uses the exact event version (5.024385ms)
✔ a load of another truck by the same excavator is not announced to this driver (2.588378ms)
✔ this truck's own load is still announced, even when a stranger's load is newer (5.583117ms)
✔ an event without a truck number (fallback from this screen's markup) is announced as before (1.249792ms)
✔ короткая подпись остаётся крупной и не трогается (1.304775ms)
✔ подпись подлиннее ужимается кеглем, но остаётся читаемой (0.420383ms)
✔ длинная подпись переносится по дефису, когда есть вторая строка (0.692893ms)
✔ на тесной карточке переноса нет — подпись сжимается, но не обрезается (0.271779ms)
✔ у скрытой карточки подгонка откладывается, а не пропадает (0.207082ms)
✔ на растущей строке перенос берётся из запаса высоты карточки (0.753554ms)
✔ номер техники не переносится, даже когда высота позволяет (0.312271ms)
✔ когда уступок не осталось, подпись мельчает, но не режется (0.441966ms)
✔ сжатия достаточно — кегль ниже пола не опускается (0.217898ms)
✔ direct dump return requires a confident upward swipe (1.145295ms)
✔ Driver completion requires the same confident gesture downward (0.13957ms)
✔ direct return resolves the explicitly marked newest truck and submits once (3.199928ms)
✔ dump queue keeps an untrusted truck number as text instead of HTML (1.077122ms)
✔ successful swipe restarts and clears the dump-card rebound (0.377398ms)
✔ gesture, fallback queue and realtime safety contracts stay wired (2.434967ms)
✔ Face dump choices distinguish applied, pending-add and pending-remove states (4.805935ms)
✔ A successful save canonicalizes numeric server IDs into the persisted green set (1.752369ms)
✔ A failed post-save fragment refresh keeps Face visible and safely unlocks the confirmed draft (2.753216ms)
✔ Face state classes own the requested green, yellow and neutral visual contracts (0.301163ms)
✔ durable event survives a failed send and a new outbox instance (6.026874ms)
✔ a client shell update and offline reopen preserve a nonempty queue (1.235871ms)
✔ missing legacy sequence cannot move a restarted IndexedDB queue backwards (2.843392ms)
✔ same event id is idempotent only for an identical immutable wire event (1.460469ms)
✔ sequential loads retain order and dependency in one batch (5.049732ms)
✔ offline downtime start and close share the exact local reference before sync (0.838413ms)
✔ a quick close after accepted start uses the confirmed server downtime id (2.117929ms)
✔ partial acknowledgement removes only exactly confirmed events (0.579773ms)
✔ accepted load without server trip id remains queued (0.394814ms)
✔ accepted free-bucket load without server trip id remains queued (0.467464ms)
✔ confirmed free-bucket acceptance survives restart with identity and server mapping (0.810471ms)
✔ IndexedDB confirmation writes receipt and removes pending event in one restart-safe state (0.605612ms)
✔ conflict and authorization outcomes remain for review and are not retried (0.500203ms)
✔ a pending event depending on a terminal conflict becomes attention instead of hanging (0.880295ms)
✔ restart retries a legacy device clock conflict and its dependency chain (1.130122ms)
✔ restart retries a legacy post-unload cooldown refusal with the immutable event (0.633804ms)
✔ restart restores the full removed-cooldown chain with immutable envelopes (1.401671ms)
✔ confirmed removed-cooldown root recovers saved children after root left the queue (1.211264ms)
✔ confirmed removed-cooldown child after retry recovers its saved descendant on restart (1.346397ms)
✔ lost root response and restart resend the same removed-cooldown chain (1.594271ms)
✔ restart does not retry an unrelated terminal conflict (0.445711ms)
✔ concurrent flush calls share one network request (8.99906ms)
✔ failed durable write rejects the action before UI success (0.300642ms)
✔ an unsent action can be discarded only while it has no dependants (0.343046ms)
✔ flush drains a queue in bounded batches (0.782488ms)
✔ retry backoff after repeated failures on a live connection never exceeds ten seconds (1.355191ms)
✔ a backoff on an earlier event is not bypassed by later events (0.826905ms)
✔ offline restart retains auth review until a fresh authenticated page resumes it (0.492812ms)
✔ confirmation callback observes the already updated queue count (0.340974ms)
✔ an event that left at once is marked so the server can use its own receipt (0.302185ms)
✔ an event that waited in the queue or survived a reload is not marked live (0.523107ms)
✔ bucket entry stays beside the existing hourly report ring (1.672769ms)
✔ selector modal is external, keypad driven and Android Back aware (0.533403ms)
✔ catalog and accepted cards survive offline shell lifecycle (0.55751ms)
✔ accept cancel and load use the durable field outbox (0.441675ms)
✔ cancel and failed load do not restore an actionable stale card (0.359011ms)
✔ a rejected repeat acceptance is removed instead of becoming a dead card (0.284769ms)
✔ dispatcher removes the used marker at its server deadline without polling (0.574675ms)
✔ one successful free-bucket swipe removes the upper card and keeps a separate five-minute badge (0.310307ms)
✔ all free bucket assets share the current shell marker (0.273972ms)
✔ temporary card adds semantics without replacing production status (0.584259ms)
✔ accept and cancel invalidate an older operational fragment first (0.270968ms)
✔ an upward swipe cancels only an unused free bucket card through the durable outbox (0.665141ms)
✔ predominantly upward swipe cancels exactly once and never creates a load (3.02871ms)
✔ short, sideways and ordinary truck gestures never cancel free bucket acceptance (2.075825ms)
✔ cancel action is persisted before the card disappears and is protected from duplicates (0.945433ms)
✔ existing plan ring is the only accessible hourly-report entry (1.444515ms)
✔ report remains outside replaceable shell without blocking operational refresh (0.388795ms)
✔ server schema renders current then previous as independent three-column blocks (0.267142ms)
✔ report lifecycle is coalesced, stale guarded and closes only once (0.457669ms)
✔ offline cache is explicit and unresolved local loads are not claimed (0.198058ms)
✔ layout matches mobile block structure without horizontal overflow (0.400743ms)
✔ passive pickup needs hold, glows and vibrates without opening a modal (4.034094ms)
✔ release without sending restores passive icon without changing permissions (1.057623ms)
✔ early release, movement and pointer cancellation cannot dispatch (2.820938ms)
✔ active icons respond immediately with no hold requirement (1.014828ms)
✔ pickup tone is local, rising and lasts about 170 ms without using the voice player (0.389336ms)
✔ held passive icon uses the existing dispatch once when dropped on destination (0.837602ms)
✔ comet follows one continuous bounded path, fades and releases its RAF and DOM (7.741276ms)
✔ larger visual preview preserves the nominal drop hitbox (1.132636ms)
✔ slow movement emits the tail outside the card instead of hiding it underneath (0.731281ms)
✔ reduced motion keeps static feedback without a comet or pending animation (2.083697ms)
✔ drag copy sheds blocking and transfer decoration while the real truck retains its state and plan (1.220507ms)
✔ transfer countdown uses server time and never grants rights at local zero (0.347853ms)
✔ fragment refresh rejects older versions and late earlier requests (0.208393ms)
✔ mutation queues a higher-version fragment behind an invalidated in-flight request (10.286888ms)
✔ truck loaded outbox event carries exact assignment state and immutable context (0.654465ms)
✔ successful outgoing load removes only the source card and keeps exact trip badge (0.208053ms)
✔ manual dump preview expiry is trip-specific and independent from transfer countdown (0.162795ms)
✔ offline review records do not block authoritative refresh forever (0.302907ms)
✔ downtime end keeps the active server id and depends on a local start (0.39181ms)
✔ confirmed server trip cancellation also uses the durable outbox (0.164397ms)
✔ confirmed load keeps the server trip id for the next offline load (0.133021ms)
✔ offline restart restores a valid tab from URL or access-scoped storage (0.191849ms)
✔ fragment replacement rebinds outbox dispatch to the new shell without duplicate lifecycle listeners (1.495632ms)
✔ Excavator FCM token is registered once for the authenticated shell (6.368929ms)
✔ Excavator token rotation is registered without duplicate listeners (2.192671ms)
✔ ordinary browser skips native registration and no token is persisted or logged (3.463585ms)
✔ Excavator haptics prefer the native media bridge and preserve gesture timing (1.325226ms)
✔ Excavator shell wires native capabilities and routes existing feedback through them (0.344899ms)
✔ expired-session update migrates v233 shell with exact safe assets and preserves queue (9.293183ms)
﹣ fresh authenticated rendered shell precaches every exact dependency for offline reopen (0.286101ms) # SKIP
✔ missing fresh dependency rejects install before old cache deletion or activation (4.439565ms)
✔ closing accepts anomalous whole readings so the server can request confirmation (5.170875ms)
✔ opening remains strict and malformed close values never reach confirmation (4.450651ms)
✔ the native number input keeps the 100 percent ceiling only while opening (0.280983ms)
✔ confirmation rendering uses text nodes and keeps warnings scrollable (0.917401ms)
✔ warning and confirmed requests keep one shift snapshot and suppress premature success (1.456182ms)
✔ editing readings invalidates a previously issued confirmation (0.444869ms)
✔ номер подгоняется с явным запретом переноса (1.867922ms)
✔ повторный вызов на неизменившемся экране ничего не пересчитывает (0.600073ms)
✔ изменение номера пересчитывает только его (0.58473ms)
✔ сузившаяся карточка пересчитывается заново (0.536037ms)
✔ связка следит за сменой вкладки, а не только за разметкой (0.658612ms)
✔ без общего модуля экран работает как раньше (0.726334ms)
✔ подпись кнопки режима с тем же классом карточки не подгоняется (0.842468ms)
✔ the early hook announces an accepted truck before any DOM refresh (3.968175ms)
✔ the early hook announces a removed truck to the previous excavator (0.897882ms)
✔ pending and unrelated assignment events stay silent (0.615627ms)
✔ several different trucks are delivered to one native batch (1.201048ms)
✔ only the latest operation for one truck is announced (0.784401ms)
✔ the DOM fallback stays silent after the early hook claimed the assignment (0.952714ms)
✔ already_announced finalizes the JS claim and blocks the DOM fallback (10.410484ms)
✔ a rejected bridge releases the operation for the DOM fallback (1.459628ms)
✔ a synchronous bridge throw releases the operation for the next path (0.871943ms)
✔ a removed DOM card shows a notice but never invents a second voice key (0.923501ms)
✔ legacy string snapshots remain readable after the schema upgrade (0.707275ms)
✔ the rendered snapshot exposes the exact HaulAssignment id (0.280862ms)
✔ mobile login CSS constrains every grid child and wraps long role headings (2.207724ms)
✔ natural autofocus without viewport shrink keeps the mobile login at x=0 (3.055451ms)
✔ focus and blur of both login fields never horizontally scroll the dialog (1.15501ms)
✔ desktop focus remains stable when the field is already visible (1.215811ms)
✔ shared combined login keeps one geometry and role-specific accent tokens (0.556527ms)
✔ legacy remembered credentials are migrated to phone-only storage (0.818392ms)
✔ malformed remembered credentials are removed instead of retained (1.890717ms)
✔ phone-first login enables Continue after a valid phone without consent (0.724832ms)
✔ consent step requires its standalone checkbox (0.86314ms)
✔ combined login Enter moves phone to PIN and submits without repeated consent (1.164203ms)
✔ refreshMobileBoardFromServer отдаёт промис, а не undefined (5.1271ms)
✔ фоновый таймер не перечитывает доску, пока версия смены не изменилась (0.49832ms)
✔ глобальные слушатели экрана вешаются один раз на страницу (11.747458ms)
✔ прежний неиспользуемый обработчик перетаскивания не уезжает клиенту (0.378951ms)
✔ после отказа сервера доска помечается устаревшей и перечитывается при закрытии окна (1.489282ms)
✔ обновление, запрошенное во время летящего, уходит вторым запросом, а не теряется (1.245065ms)
✔ master fill confirms the home board only after all commands are saved (2.469628ms)
✔ partial quota keeps unsaved fill intent and does not repeat commands already recorded (2.95538ms)
✔ master transfer does not show completion or move the truck before the command is saved (1.183022ms)
✔ перестановка начинается при движении вниз, а не только вбок (7.87035ms)
✔ перестановка начинается по удержанию без движения пальца (342.13204ms)
✔ короткое касание не превращается в перестановку (122.392342ms)
✔ бросок сквозь доску без выдержки над комплексом не назначает самосвал (1.758908ms)
✔ после выдержки над комплексом перестановка выполняется (207.606062ms)
✔ короткий путь до подъехавшего комплекса не мешает перестановке (202.27234ms)
✔ удержание без движения не переставляет самосвал, даже если под пальцем оказался комплекс (542.600038ms)
✔ shared dial component provides three independent accessible slots (0.887276ms)
✔ all three slots stay rendered while unavailable actions are explicitly disabled (0.169075ms)
✔ dial actions are positioned from the dial and clip their real hit areas (0.354404ms)
✔ only the compact dump point action owns the production modal trigger (0.825283ms)
✔ excavator native app receives the exact event name and full sound map (3.279868ms)
✔ driver native app receives the exact event name and full sound map (0.701496ms)
✔ Excavator template enables the bounded connection voice policy (0.289586ms)
✔ Driver template enables the same bounded connection voice policy (0.124217ms)
✔ Excavator connection voice requires sustained loss and sustained recovery (1.420599ms)
✔ Excavator connection transitions use one native signal-and-voice sequence after dwell (0.783099ms)
✔ Excavator recovery dwell resets on recovering, weak, or renewed lost states (0.711532ms)
✔ a routine recovering blip does not postpone the restored announcement (0.659423ms)
✔ first confirmed lost state is announced even without an earlier successful response (1.699959ms)
✔ brief Excavator flaps stay silent and do not arm a restored announcement (1.001758ms)
✔ Excavator loss voice has a persisted five-minute cooldown across reload (1.734772ms)
✔ Excavator assignment batches reach the native bridge with exact operation keys (0.816499ms)
✔ an already announced Excavator batch never falls through to another cue (0.633524ms)
✔ a synchronous batch bridge failure falls back without rejecting (0.699383ms)
✔ native bridge keeps the legacy event contract while web fallback chooses the semantic cue (0.869178ms)
✔ equipment removal fallback uses its distinct removal cue (1.46736ms)
✔ a mixed Excavator batch keeps the generic assignment cue in its fallback (1.3016ms)
✔ a flapping connection restarts the loss dwell instead of accumulating it (0.565902ms)
✔ an outage that never lets up still announces once the dwell passes (0.870882ms)
✔ Driver dial fitting preserves the last visible result while its panel is hidden (6.519406ms)
✔ Driver dial fitting is cached until visible geometry or text changes (2.155085ms)
✔ Driver dial fitting can be forced after web fonts finish loading (2.745224ms)
✔ Driver preserves a forced web-font refit requested while Work is hidden (1.68026ms)
✔ Driver tab settling runs after two frames and replaces stale work (1.692348ms)
✔ Driver density settles from normal through compact to tight (1.305255ms)
✔ Driver tab switch cancels an older density frame (1.320428ms)
✔ Driver applies viewport density and schedules Work dial fit before its first paint (0.748417ms)
✔ Driver full viewport scheduling preempts a pending tab settle (1.986831ms)
✔ Driver ignores disconnected, missing and wrong active panels (3.81836ms)
✔ Excavator defers only the Events status sync and replaces stale work (1.092325ms)
✔ Excavator ignores a shell detached before either settle frame (1.81965ms)
✔ Driver and Excavator both cancel requestAnimationFrame id zero (2.050027ms)
✔ Driver tab source keeps expensive fitting out of the click path (1.086726ms)
✔ Excavator click paints first and defers the Events request (0.457389ms)
✔ Excavator downtime status applies only the latest connected-shell response (4.569911ms)
✔ Excavator fragment refresh preserves the latest current-shell tab (1.606089ms)
✔ Excavator fragment refresh restores native APK update indicator (0.662598ms)
✔ Enter advances between Shift inputs and finishes on the soft-disabled action (4.121826ms)
✔ Android IME actions advance fields without any DOM key event (1.215501ms)
✔ Last Enter does not focus an action while its mutation is pending (1.033386ms)
✔ Shift inputs accept whole numbers only (1.027857ms)
✔ A blocked hold reports once and never completes (1.068119ms)
✔ An allowed Shift hold still completes exactly once (1.119446ms)
✔ Starting a hold releases an active editor before the timer runs (0.686975ms)
✔ driver native bridge follows server-rendered shift state (3.996637ms)
✔ excavator_operator native bridge follows server-rendered shift state (1.092956ms)
✔ native bridge stops immediately on logout and rechecks after resume (1.440669ms)
✔ browser and unrelated native roles never touch the Android plugin (0.193371ms)
✔ driver bridge exposes the durable shift-close outbox without widening other roles (2.498833ms)
✔ driver forwards fresh native evidence once across listener and snapshot (1.350353ms)
✔ excavator_operator forwards fresh native evidence once across listener and snapshot (0.978774ms)
✔ native bridge rejects stale future out-of-order and invalid evidence (1.114038ms)
✔ old APK lastAliveAt remains lifecycle-compatible without invented heartbeat (0.952103ms)
✔ background evidence is applied once from a fresh resume snapshot (1.072615ms)
✔ failure evidence is sanitized and never leaks native error text or queue content (0.902299ms)
✔ production fragment helper sends a versioned JSON-only request (3.033888ms)
✔ production fragment helper rejects contract and screen mismatches (1.506618ms)
✔ production fragment helper times out a hung request and remains reusable (11.656961ms)
✔ production fragment helper parses only the requested root (1.650936ms)
✔ Excavator fragment refresh admits only its scoped pending Shift owner (2.228375ms)
✔ concurrent Excavator refresh triggers share one in-flight request (1.625707ms)
✔ successful Excavator Shift save clears its draft before owned fragment reconciliation (0.927206ms)
✔ Driver maps confirmed actions to the required recorded voice announcements (0.82346ms)
✔ four production refresh handlers use narrow fragments, never a full HTML GET (1.503624ms)
✔ Mining Master delegates state polling exclusively to the shared realtime client (0.634786ms)
✔ real Driver button joins the real guard automatic update single-flight (6.33551ms)
✔ real Driver button retries the real guard after an automatic update error (1.936566ms)
✔ real Driver button reports an unavailable shared updater instead of a false current version (1.464175ms)
✔ base.html publishes PWA contract datasets and executable guard markers (1.196171ms)
✔ role controller listeners only reconcile stale UI while base owns contract reload (2.266423ms)
✔ Driver shift manual update delegates to the shared guarded single-flight path (0.445121ms)
✔ Excavator recovery banner is viewport-bound, safe-area aware and one-row (0.67064ms)
✔ shared contract banner contains long recovery text on narrow role screens (0.429637ms)
✔ quick initial verification keeps the generic banner hidden but locks mutations immediately (5.079408ms)
✔ field-app logout buttons clear the authenticated shell through the shared native-safe path (0.268444ms)
✔ logout clears through an active registration before the first page has a controller (1.395201ms)
✔ native APK uses the role worker for offline shell without entering the browser lock lifecycle (1.811628ms)
✔ native APK retries a failed role worker registration after connectivity returns (1.47442ms)
✔ native APK retries a redundant worker install once and coalesces resume bursts (1.067888ms)
✔ native APK remains usable when the WebView service worker API is unavailable (0.779374ms)
✔ prolonged contract lock exposes a banner and non-secret diagnostics (1.006776ms)
✔ generic banner follows a role update modal opening and closing without duplicates (1.285155ms)
✔ a ready contract clears its completed flight so the same contract can relock and update again (2.143998ms)
✔ hanging registration.update is timed out, retried with bounded backoff, then exposes Retry (2.136356ms)
✔ stable role shells perform no full version_check GET and no automatic update (1.72059ms)
✔ each new role_shell_version causes exactly one controlled update (1.797447ms)
✔ manual update joins an in-flight automatic update for the same target shell (1.172045ms)
✔ controllerchange reads the current controller and ignores a delayed old active response (1.259326ms)
✔ delayed old waiting response after controllerchange cannot roll contract state back (1.243533ms)
✔ controllerchange locks immediately until the new controller version is verified (0.980657ms)
✔ controllerchange with no version response cannot inherit the previous ready state (1.071444ms)
✔ matching waiting responses cannot unlock an unverified replacement controller (1.469172ms)
✔ waiting responses cannot hide a late controller mismatch or create a reload loop (1.205645ms)
✔ mismatching replacement controller triggers at most one safe reload (1.170543ms)
✔ mismatching controller waits for unfinished work and reloads after it becomes safe (1.065214ms)
✔ two Driver fragment rebinds add no SW registration or controllerchange listener (4.702691ms)
✔ Driver can activate a waiting worker that matches newly loaded HTML (1.922575ms)
✔ Driver never offers an older waiting worker over newer loaded HTML (1.362351ms)
✔ Driver ignores a delayed stale waiting worker after promotion and fragment rebind (1.601661ms)
✔ unfinished Driver action never receives SKIP_WAITING or a forced reload (1.147748ms)
✔ controller change waits for an unfinished action and reloads exactly once when safe (1.268249ms)
✔ a broader worker from another role cannot replace the configured scoped worker (1.862664ms)
✔ a legacy settlement worker cannot replace the configured clerk worker (2.871543ms)
✔ transient registration failure recovers automatically without an online event (1.976596ms)
✔ failed controlled update retries with backoff even while offline and does not storm (1.535121ms)
✔ online burst reuses an in-flight service-worker registration (1.346267ms)
✔ PWA recovery controls remain clickable while the contract is locked (1.084513ms)
✔ old cached JavaScript and service worker lock new HTML and request an atomic update (0.917992ms)
✔ a coherent old shell remains usable offline and locks once a newer online contract is known (1.805088ms)
✔ contract recovery never mutates or removes an open trip from the DOM (1.10926ms)
✔ two sequential releases allow at most one reload for each expected contract (1.83975ms)
✔ all role PWA cache prefixes are unique and cleanup stays role-scoped (3.720411ms)
✔ Mining Master manual check stops on a shared-guard error before fallback registration (5.714745ms)
✔ Excavator ignores delayed waiting-worker version after promotion (2.33805ms)
✔ Mining Master ignores delayed waiting-worker version after promotion (2.082326ms)
✔ Excavator never sends SKIP_WAITING after a shown worker becomes active (1.539838ms)
✔ Mining Master never sends SKIP_WAITING after a shown worker becomes active (1.791307ms)
✔ Excavator closes a shown update when another tab activates its worker (1.26832ms)
✔ Mining Master closes a shown update when another tab activates its worker (1.541581ms)
✔ Excavator ignores a late old active-worker sync after the new sync wins (1.16856ms)
✔ Mining Master ignores a late old active-worker sync after the new sync wins (1.93287ms)
✔ QA preview renders all 53 sorted rows and premium five without fetch (33.662906ms)
✔ compact desktop columns follow participant thresholds without padding rows (20.84127ms)
✔ display order keeps 53 unique visible positions and exactly five premium rows across ties (5.282774ms)
✔ one assigned participant without closed shifts stays visible without a place or score (1.926811ms)
✔ a participant without a result does not affect the rated participant place (1.756144ms)
✔ two participants without closed shifts remain listed without visible places (1.490595ms)
✔ a no-result row never receives premium styling from display order (1.657386ms)
✔ three-column desktop layout remains available as a reserve (5.270275ms)
✔ rating row keeps explicit place and one photo-name-truck-movement badge (2.056337ms)
✔ saved replay fetches once and boots paused without live timers (14.245218ms)
✔ saved replay plays forward to day 30 and stops without wrapping (42.016634ms)
✔ saved replay plays backward to day 1 and stops without wrapping (39.581902ms)
✔ replay speed reschedules once while pause and step stay deterministic (9.538302ms)
✔ random replay navigation keeps saved deltas and fixed place slots (13.816263ms)
✔ incomplete saved replay fails closed without static fallback (2.9558ms)
✔ saved replay rejects different places for one equal score (2.917573ms)
✔ saved replay rejects a day marked unavailable (5.212428ms)
✔ keyboard visibility and mobile state pause replay safely (17.496504ms)
✔ fullscreen rejection preserves replay day phase and status (11.742239ms)
✔ formula replay uses its pinned schema and preserves exact nullable KPI rows (23.722398ms)
✔ visual and formula replay validators never autodetect or fall back (5.679611ms)
✔ formula replay rejects fake zero KPI and non-four-decimal rated score (14.773935ms)
✔ formula shift switch aborts stale response and preserves day on pause (49.124886ms)
✔ formula preview cannot force a disabled shift (16.625102ms)
✔ live initial fetch uses private no-store GET and the night query (2.376689ms)
✔ future period stays a manual option and is not added to background refresh (1.851318ms)
✔ 15-second rotation follows only the dispatcher-selected program (3.54663ms)
✔ cached group transition aborts a pending request and ignores its late response (2.421065ms)
✔ the active group is refreshed once after 300 seconds (1.97263ms)
✔ screen movement follows display order while shared server places stay unchanged (1.857637ms)
✔ initial 5xx replaces loading state with a terminal server message (0.77002ms)
✔ network failure preserves the last successful rating snapshot (1.30176ms)
✔ QA live reads state then materialized data and renders held placeholders (1.883797ms)
✔ QA live refreshes the real chain after ten seconds (1.822083ms)
✔ QA live never keeps another group under a 503 response (1.681963ms)
✔ QA live rejects a materialized response with another group identity (1.345757ms)
✔ QA live clears a same-group frame on 409 or 503 and retries later (3.48065ms)
✔ QA live ignores a late materialized response from the previous step (1.649013ms)
✔ only Driver and Excavator opt into full foreground reconciliation (2.311841ms)
✔ first realtime 401 terminates auth once and permanently stops this client (6.008898ms)
✔ HTTP 500 is a connection failure, not authentication termination (3.465478ms)
✔ server restart recovery applies a higher version through custom refresh (2.717201ms)
✔ irrelevant delta advances version without events GET, custom refresh or HTML reload (1.615933ms)
✔ custom refresh false keeps the version pending until a retry applies it (1.8993ms)
✔ hidden tab pauses failed HTML refresh retries until one visible catch-up (2.149406ms)
✔ system admin uses the generic safe reload after server recovery (2.67023ms)
✔ offline state is recoverable and does not terminate authentication (1.742904ms)
✔ the Driver and Excavator use 2s polling while other work and observer screens keep their shared intervals (6.559416ms)
✔ Mining Master runs twelve visible hours with only the shared five-second realtime timer (413.715765ms)
✔ Mining Master loads one JSON fragment for a relevant event and none for an irrelevant event (1.743114ms)
✔ Mining Master coalesces focus, visibility and online catch-up into one state request (1.155721ms)
✔ Driver foreground recovery reconciles the server fragment even at the same version (1.46092ms)
✔ Excavator BFCache recovery reconciles its first known version despite irrelevant delta (1.230053ms)
✔ foreground reconciliation stays pending while a worker edits and applies after focus clears (1.233928ms)
✔ ordinary focused polling does not reload a fresh Driver fragment (1.045454ms)
✔ a touch after a missed Android lifecycle gap forces one server reconciliation (1.129461ms)
✔ a second background cycle cannot be erased by an older in-flight fragment (1.36801ms)
✔ background during a normal version update still runs the required foreground fragment (1.117282ms)
✔ hidden tab performs no initial or timer-driven realtime requests (0.607515ms)
✔ blur pauses polling and focus performs one immediate catch-up request (0.81673ms)
✔ native startup reveal wakes a rendered WebView before DOM focus is reported (0.832153ms)
✔ native Driver reveal reconciles its same-version shell before the first DOM focus (0.835017ms)
✔ force shares a healthy owner; a paused generation cannot clear its replacement (1.200338ms)
✔ active to hidden aborts the current poll and visible resumes exactly once (1.012004ms)
✔ one error is weak with reconnecting copy and no stale/lost class (4.175978ms)
✔ background watchdog never counts silence or corrupts settled state (2.285211ms)
✔ watchdog timeout invalidates one owner and counts exactly once even with late abort catch (2.259993ms)
✔ wake events in separate turns share healthy poll and one reconciliation (2.303057ms)
✔ three real failures reach lost; successful transport stays recovering until DOM applied (1.504154ms)
✔ invalid/missing version response counts failure instead of silently hanging (1.191525ms)
✔ missing role handler retains observed version and cannot mark it applied (1.139065ms)
✔ new irrelevant delta cannot clear an older failed DOM reconciliation (1.148319ms)
✔ fresh native success clears lost once but waits for WebView reconciliation (3.325086ms)
✔ ordinary first failure then success resets errors without a lost event (1.507189ms)
✔ current timeout and late finally cannot touch a newer request owner (1.102831ms)
✔ fifteen active seconds without either successful channel is lost, not invented failures (0.927647ms)
✔ a long visible WebView timer freeze probes before declaring Excavator connection lost (1.045494ms)
✔ fresh successful native channel prevents false lost from a failing WebView channel (1.462873ms)
✔ stale future duplicate and native failure evidence cannot reset a failed WebView (0.937682ms)
✔ offline is weak until silence threshold and online alone is not transport proof (0.93646ms)
✔ pending outbox keeps recovering after fragment; drain requests final truth (1.34854ms)
✔ twenty-second server truth refresh repeats even while global version remains unchanged (3.757227ms)
✔ synchronous DOM throw retains pending version and retries with bounded backoff (1.822484ms)
✔ an older successful fragment cannot erase a newer requested server version (1.612638ms)
✔ failed role refresh gets exponential backoff while a busy input is only deferred (1.638487ms)
✔ planned pause abort produces diagnostic without an unplanned error or lost state (0.895318ms)
✔ HTTP 200 login HTML is invalid transport data and never acknowledges state (1.088999ms)
✔ separated lifecycle signals after a fast HTTP and DOM response still coalesce (1.241059ms)
✔ a later reconcile signal reuses a burst's plain focus response (1.256702ms)
✔ visible-only wake gets a fresh active silence budget after a minute in background (1.39457ms)
✔ native global version prompts a relevance poll instead of an unrelated fragment (1.499928ms)
✔ fresh network fragment clears lost even when the realtime channel failed (4.709021ms)
✔ authenticated WebView heartbeat recovers a PWA without any native bridge (2.048525ms)
✔ heartbeat event accepts only the authenticated endpoint's fresh 204 contract (1.37442ms)
✔ live role switch makes mutations readonly and preserves safe controls (11.247245ms)
✔ ready confirmation is disarmed when the active role changes (2.211029ms)
✔ read-only ordinary logout uses the production link handler and mutation confirms stay blocked (5.948436ms)
✔ driver shift-close and unload holds reset on a mid-hold role switch (8.131684ms)
✔ driver hold final callback rechecks readonly before local state changes (4.143439ms)
✔ production driver shift-close requires its hold marker and blocks readonly role (5.444227ms)
✔ driver: interrupted first fragment retains applied version and next truth restores loaded state (6.006845ms)
✔ driver: concurrent triggers share one fragment owner (2.419733ms)
✔ driver: wrong selector never acknowledges pending version (3.447451ms)
✔ driver: initialization failure after replacement never acknowledges version (1.610044ms)
✔ driver: hidden page, open modal and dirty form defer without GET or replacement (1.622192ms)
✔ driver: background entered during GET defers and leaves version pending (1.508792ms)
✔ driver: tab selected while GET runs and scroll snapshot survive replacement (1.645057ms)
✔ driver: empty event delta still reconciles server truth and acknowledges actual payload version (5.836338ms)
✔ excavator: interrupted first fragment retains applied version and next truth restores loaded state (4.585775ms)
✔ excavator: concurrent triggers share one fragment owner (1.385015ms)
✔ excavator: wrong selector never acknowledges pending version (1.323052ms)
✔ excavator: initialization failure after replacement never acknowledges version (1.242702ms)
✔ excavator: hidden page, open modal and dirty form defer without GET or replacement (1.005284ms)
✔ excavator: background entered during GET defers and leaves version pending (0.981518ms)
✔ excavator: tab selected while GET runs and scroll snapshot survive replacement (1.019315ms)
✔ excavator: empty event delta still reconciles server truth and acknowledges actual payload version (1.064623ms)
✔ driver: stale GET cannot overwrite a shell replaced by successful POST (1.300589ms)
✔ driver: same-owner newer target never claims the earlier fragment reflects that target (1.30832ms)
✔ excavator POST acknowledgement maps server IDs but leaves DOM applied version unchanged (2.493995ms)
✔ driver outbox acknowledgement uses only common reconciliation owner (1.376934ms)
✔ driver downtime acknowledgement records the server id and reconciles without a version (1.662102ms)
✔ driver refresh skips the DOM when the fragment equals the applied snapshot (1.610735ms)
✔ driver refresh skips the DOM for its own confirmed downtime but not for foreign events (1.750866ms)
✔ driver refresh applies for real when a hidden tab was opened after an own downtime (8.25566ms)
✔ driver: outbox count feeds common machine and empty queue never asserts transport success (1.403063ms)
✔ excavator: outbox count feeds common machine and empty queue never asserts transport success (1.064342ms)
✔ excavator direct fragment reports successful transport only after genuine DOM initialization (1.639779ms)
✔ production Driver unload recovery keeps one action id across hold, one-tap, lost response, reload, BFCache and realtime shell replacement (15.954462ms)
✔ production Excavator load survives a lost response and a restarted durable outbox retries the identical event (10.316073ms)
✔ production Excavator late deduplicated completed load reconciles from server and never revives the optimistic trip (4.541338ms)
ℹ tests 1019
ℹ suites 0
ℹ pass 1018
ℹ fail 0
ℹ cancelled 0
ℹ skipped 1
ℹ todo 0
ℹ duration_ms 5379.389443
