✖ master fill confirms the home board only after all commands are saved (3.111305ms)
✖ partial quota keeps unsaved fill intent and does not repeat commands already recorded (3.59269ms)
✖ master transfer does not show completion or move the truck before the command is saved (1.938509ms)
ℹ tests 3
ℹ suites 0
ℹ pass 0
ℹ fail 3
ℹ cancelled 0
ℹ skipped 0
ℹ todo 0
ℹ duration_ms 103.667556

✖ failing tests:

test at СИСТЕМА_MVP/backend/static/js/tests/mining-master-command-durability.test.js:34:1
✖ master fill confirms the home board only after all commands are saved (3.111305ms)
  AssertionError [ERR_ASSERTION]: Expected values to be strictly deep-equal:
  + actual - expected
  
  + [
  +   'home',
  +   'close'
  + ]
  - []
  
      at TestContext.<anonymous> (/workspace/scratch/d31f8c8018c5/mechanics-transport/СИСТЕМА_MVP/backend/static/js/tests/mining-master-command-durability.test.js:38:12)
      at Test.runInAsyncScope (node:async_hooks:227:14)
      at Test.run (node:internal/test_runner/test:1382:25)
      at Test.start (node:internal/test_runner/test:1242:17)
      at startSubtestAfterBootstrap (node:internal/test_runner/harness:387:17) {
    generatedMessage: true,
    code: 'ERR_ASSERTION',
    actual: [ 'home', 'close' ],
    expected: [],
    operator: 'deepStrictEqual',
    diff: 'simple'
  }

test at СИСТЕМА_MVP/backend/static/js/tests/mining-master-command-durability.test.js:44:1
✖ partial quota keeps unsaved fill intent and does not repeat commands already recorded (3.59269ms)
  AssertionError [ERR_ASSERTION]: Expected values to be strictly deep-equal:
  + actual - expected
  
    [
  +   'home',
  +   'close',
      'quota'
    ]
  
      at TestContext.<anonymous> (/workspace/scratch/d31f8c8018c5/mechanics-transport/СИСТЕМА_MVP/backend/static/js/tests/mining-master-command-durability.test.js:53:12)
      at async Test.run (node:internal/test_runner/test:1389:7)
      at async Test.processPendingSubtests (node:internal/test_runner/test:960:7) {
    generatedMessage: true,
    code: 'ERR_ASSERTION',
    actual: [ 'home', 'close', 'quota' ],
    expected: [ 'quota' ],
    operator: 'deepStrictEqual',
    diff: 'simple'
  }

test at СИСТЕМА_MVP/backend/static/js/tests/mining-master-command-durability.test.js:62:1
✖ master transfer does not show completion or move the truck before the command is saved (1.938509ms)
  AssertionError [ERR_ASSERTION]: Expected values to be strictly deep-equal:
  + actual - expected
  
  + [
  +   'move',
  +   'finish'
  + ]
  - []
  
      at TestContext.<anonymous> (/workspace/scratch/d31f8c8018c5/mechanics-transport/СИСТЕМА_MVP/backend/static/js/tests/mining-master-command-durability.test.js:76:12)
      at Test.runInAsyncScope (node:async_hooks:227:14)
      at Test.run (node:internal/test_runner/test:1382:25)
      at Test.processPendingSubtests (node:internal/test_runner/test:960:18)
      at Test.postRun (node:internal/test_runner/test:1522:19)
      at Test.run (node:internal/test_runner/test:1447:12)
      at async Test.processPendingSubtests (node:internal/test_runner/test:960:7) {
    generatedMessage: true,
    code: 'ERR_ASSERTION',
    actual: [ 'move', 'finish' ],
    expected: [],
    operator: 'deepStrictEqual',
    diff: 'simple'
  }
