npm warn Unknown env config "http-proxy". This will stop working in the next major version of npm.

> copper-resources-capacitor-shell@0.1.0 test
> node --test tests/*.test.mjs

✔ Driver build wires Firebase Messaging without tracking its private config (1.291565ms)
✔ Driver and Excavator expose native push and haptics to the WebView (0.621045ms)
✔ release workflow injects the matching Firebase config for each field APK (0.477409ms)
✔ FCM wakes the existing reconciliation path without duplicating domain actions (0.287272ms)
✔ Native push keeps a durable token and reports only the field-app identity envelope (0.341064ms)
✔ FCM presence challenge is acknowledged only through the authenticated heartbeat (0.909369ms)
✔ Native haptics are bounded and use the media vibration channel (0.24584ms)
✔ Driver release keeps recorded voice calls wired to operational actions (14.657129ms)
✔ excavator build profile contains every role-specific parameter (2.381706ms)
✔ driver build profile contains every role-specific parameter (0.406291ms)
✔ driver_qa build profile contains every role-specific parameter (0.226701ms)
✔ driver_rustore build profile contains every role-specific parameter (0.24552ms)
✔ driver_rustore_qa build profile contains every role-specific parameter (0.294063ms)
✔ excavator_qa build profile contains every role-specific parameter (0.223086ms)
✔ excavator_rustore build profile contains every role-specific parameter (0.25221ms)
✔ excavator_rustore_qa build profile contains every role-specific parameter (0.246331ms)
✔ profiles remain isolated by URL and application id (0.818332ms)
✔ every field profile pins native WebView text zoom to the workstation scale (1.14252ms)
✔ QA and RuStore variants keep role identity but disable sideload updates (0.805783ms)
✔ driver QA and store variants use isolated notification channels and QA credentials (8.817947ms)
✔ package scripts cover every driver QA and RuStore build (0.3059ms)
✔ driver and excavator builds embed the same complete loud sound pack (13.183189ms)
✔ operational cues stay dynamic when Android shows a heads-up notification (6.530153ms)
✔ semantic operational-cue files match their reviewed manifest (18.969542ms)
✔ native builds expose an explicit keyboard close bridge (0.344268ms)
✔ rejected native phone handoff remains disabled (0.423507ms)
✔ in-app updater mutates only dedicated version badges (0.234833ms)
✔ only the driver profile enables recorded dump-point voice alerts (0.219751ms)
✔ driver profile packages every approved recorded dump-point phrase (0.522236ms)
✔ background service announces only a fresh driver truck_loaded event (0.769929ms)
✔ both production profiles package every approved operational voice phrase (5.876328ms)
✔ recorded equipment numbers are packaged and routed through native sequences (16.914824ms)
✔ foreground driver screen uses the same deduplicated recorded voice bridge (3.709535ms)
✔ WebView cookies are accepted and flushed at every persistence boundary (0.376838ms)
✔ Android backup cannot export persisted WebView sessions (0.147692ms)
✔ Android shell declares vibration permission for WebView pickup feedback (0.129596ms)
✔ native heartbeat follows the active-shift lifecycle and reports the exact APK version (1.340878ms)
✔ native implementation reads role data only from BuildConfig (0.738462ms)
✔ startup splash is profile-driven and waits for stable rendered layout (2.464932ms)
✔ release signing uses only an external credentials file (0.280452ms)
✔ native updater is profile-driven, deferrable and verifies the APK (0.894667ms)
✔ profiles without the sideload updater remove package-installer permission (0.324037ms)
✔ shift signals are deterministic, original PCM assets with reviewed fingerprints (206.649942ms)
✔ shift sound provenance documentation records the reviewed fingerprints (0.375535ms)
ℹ tests 44
ℹ suites 0
ℹ pass 44
ℹ fail 0
ℹ cancelled 0
ℹ skipped 0
ℹ todo 0
ℹ duration_ms 471.919054
