✔ сохраняет production-ключ и исходные legacy v1/v2 без опасного автоповтора (3.795885ms)
✔ сетевой сбой ставит JSON-команду в совместимую очередь (2.906326ms)
✔ legacy-запрет автоповтора хранит исходник, возвращает ошибку и не исполняет откатившийся UI позже (2.290729ms)
✔ серверная ошибка не маскируется успехом и сохраняет команду для восстановления (1.48765ms)
✔ flush отправляет старую запись с CSRF и удаляет её только после успеха (7.999615ms)
✔ неактивная роль не отправляет и не изменяет сохранённую очередь (1.160597ms)
✔ диагностика связи остаётся частью transport API (0.91625ms)
✔ первая отправка происходит после надёжной записи; ACK оставляет исходную команду в журнале (1.406788ms)
✔ quota не подтверждает несохранённую команду и не отправляет её в сеть (1.157873ms)
✔ HTTP 409 сохраняет исходник и освобождает отправителя (4.584513ms)
✔ HTTP 503 сохраняет исходник и освобождает отправителя (1.82678ms)
✔ разные команды одного самосвала не объединяются, payload изолирован от дальнейших UI-правок (1.25546ms)
✔ повтор с тем же ID и другим содержимым не переписывает исходник (0.901277ms)
✔ сбой mirror очереди не теряет уже записанный журнал при перезапуске (0.940867ms)
✔ неверный JSON ответа 2xx не удаляет команду (1.915544ms)
✔ deadline тела без AbortController освобождает очередь; поздний ACK не завершает другую попытку (1.893872ms)
✔ команда сохраняет автора; новый пользователь и legacy без автора не присваивают её (2.306753ms)
✔ 409 первой команды не удерживает независимую вторую команду в готовой очереди (1.763886ms)
✔ перезапуск после потери ответа сохраняет ID, время и автора при повторном POST (1.272987ms)
✔ quota записи ACK оставляет сохранённый исходник на повтор (1.004863ms)
✔ повреждённая старая очередь не перезаписывается пустым массивом (0.875508ms)
✔ refresh deadline действует после заголовков до окончания тела (2.062636ms)
✔ доказанный invalid 400 сохраняется как отказ без бесконечного автоповтора (1.232246ms)
✔ quota после сетевого сбоя не снимает запрет автоповтора structural-команды при restart (1.383814ms)
✔ quota служебного счётчика не отменяет уже записанное намерение (1.066136ms)
ℹ tests 25
ℹ suites 0
ℹ pass 25
ℹ fail 0
ℹ cancelled 0
ℹ skipped 0
ℹ todo 0
ℹ duration_ms 149.903649
