✔ initial check is exactly one request and twelve hours add no polling (19.9372ms)
✔ irrelevant realtime and generic fragment contexts issue no achievement GET (7.3362ms)
✔ truncated delta without the matching completion performs one equipment catch-up GET (9.1707ms)
✔ truncated delta is ignored without an active equipment shift (2.8741ms)
✔ Excavator assignment without an open shift does not exact-match a completed trip (1.3854ms)
✔ Excavator assignment without an open shift does not run truncated catch-up (1.3882ms)
✔ truncated burst and delayed initial collapse into one achievement GET (1.4977ms)
✔ truncated catch-up survives the real Driver and Excavator fragment apply (8.3274ms)
✔ relevant event before initial timeout consumes the single initial check (1.5167ms)
✔ Driver real fragment handler forwards context and checks only its completed trip (11.779ms)
✔ Excavator real fragment handler forwards context and checks only its completed trip (3.7313ms)
✔ Excavator foreground reconciliation replaces a stale shell without delta events (1.6201ms)
✔ relevant event burst is debounced and single-flight (1.742ms)
✔ failed relevant check uses bounded retry with backoff and no recurring polling (1.835ms)
✔ only a false-to-true reconnect starts one new bounded achievement recovery cycle (2.4007ms)
✔ visibility and online recovery bursts keep one retry in flight (1.9292ms)
✔ a newer pending achievement event supersedes a failed in-flight event (1.7214ms)
✔ hidden tab performs zero GET and visible recovery performs exactly one catch-up (1.4672ms)
✔ successful retry shows unlock, close persists shown, and the key stays consumed (2.7301ms)
✔ unlocked prize opens modal, close marks shown, and shown prize stays closed (2.5254ms)
✔ terminal-status unlock drops are explained and send no request; active blocked drop submits once (8.5626ms)
✔ native APK heartbeat waits for shared Android identity and reports canonical versions (12.5753ms)
✔ native identity lookup has a bounded web identity fallback (2.9818ms)
✔ installed Android PWA is distinct from an ordinary browser (3.2589ms)
✔ iPhone home-screen PWA is distinct from Safari (3.042ms)
✔ hidden web page does not claim foreground presence (4.7875ms)
✔ only a fresh authenticated 204 publishes transport success (4.3222ms)
✔ next presence heartbeat reports the previous authenticated round trip (1.9715ms)
✔ canonical empty pending version reports a known empty apply queue (1.8088ms)
✔ heartbeat 200 redirect=false cannot prove authenticated transport (1.6623ms)
✔ heartbeat 204 redirect=true cannot prove authenticated transport (1.6011ms)
✔ heartbeat 401 redirect=false cannot prove authenticated transport (1.3554ms)
✔ heartbeat 403 redirect=false cannot prove authenticated transport (1.5325ms)
✔ heartbeat 503 redirect=false cannot prove authenticated transport (1.5752ms)
✔ one physical wake burst shares one request even after a fast response (1.6666ms)
✔ background cancels one owner neutrally and hidden time starts no requests (2.6157ms)
✔ timeout releases a hung owner once and a late old finally cannot clear the next request (1.5886ms)
✔ late rejection of a planned abort neither reports network error nor takes new ownership (1.4046ms)
✔ network error is diagnostic only and keeps the thirty-second presence interval (1.3997ms)
✔ loading the script twice cannot install a second heartbeat cycle (1.2221ms)
✔ repeated visible focus events cannot accelerate the thirty-second heartbeat (1.8232ms)
✔ clerk shell retires only the exact legacy settlement worker and caches (15.0644ms)
✔ resource failures retain DOM tag and pathname, never URL credentials/query/hash (13.4437ms)
✔ actual resource errors remain visible during background, planned abort marker is not guessed (2.8612ms)
✔ only explicitly planned AbortError is neutral; timeout abort stays diagnosable (1.6464ms)
✔ connection telemetry contains numeric/enum whitelist and excludes attached action/secrets (1.4789ms)
✔ connection diagnostics are bounded and do not exhaust the script-error allowance (2.7513ms)
✔ a heartbeat with unchanged state produces no error report and returned memory is copied (1.2544ms)
✔ exception and fetch-fallback reports redact query, PIN, cookie and bearer value (1.5475ms)
✔ real runtime cause codes retain diagnostic meaning and HTTP status is numeric (1.5437ms)
✔ native app uses actual server body marker even without a clientKind attribute (4.9983ms)
✔ healthy periodic and outbox reconciliation do not consume an incident report budget (2.4634ms)
✔ fragment rejects redirected login JSON and HTML content type before accepting a version (9.0521ms)
✔ fragment requires a finite integer server version and rejects missing or old versions (10.4293ms)
✔ view restoration follows panel keys across reordered fragment DOM (5.4637ms)
✔ both role indicators use the same labels and recovering never says connection lost (1.8108ms)
✔ connection renderer preserves the authentication-ended banner (1.5192ms)
✔ locked deputy drag source stays inactive and artificial drop sends no request (15.5413ms)
✔ saveSlot and postJson both recheck a locked contract (4.0944ms)
✔ unlocked deputy drag-and-drop persists exactly once (9.5034ms)
✔ same release static request is fetched once and then served cache-first (162.2607ms)
✔ deputy static cache keeps the query string and never serves an old cache-buster (5.9597ms)
✔ assign сначала применяет серверный токен и только потом переносит самосвал (3.9802ms)
✔ release и release_complex используют свои локальные операции (1.3712ms)
✔ queued-ответ не применяет токены и не меняет локальный DOM (1.3954ms)
✔ неудачная локальная операция запрашивает fragment и только при его ошибке перезагружает экран (10.0295ms)
✔ структурное действие использует fallback только когда fragment не применён (4.6854ms)
✔ ошибка structural recovery показывается один раз и не оставляет rejected Promise (2.8585ms)
✔ rebind не дублирует обработчик и самосвал назначается одним точным POST (9.3854ms)
✔ самосвал из комплекса возвращается в гараж с текущим токеном (2.3809ms)
✔ экскаватор из гаража активируется структурной командой без offline queue (3.6516ms)
✔ расформирование требует подтверждения и обновляет токены до local fallback (13.1506ms)
✔ снятие всего комплекса требует подтверждения и отправляет release_complex (4.8259ms)
✔ drag-session чистит ghost и подсветку, а закрытая смена не начинает действие (3.135ms)
✔ сброс после замены fragment не даёт старой плитке выполнить drop (2.5548ms)
✔ ошибка POST останавливает local action и проходит через верный recovery callback (10.7142ms)
✔ сортировка сохраняет плитки и ставит технику перед пустыми ячейками (56.9052ms)
✔ гараж самосвалов считает только свободную технику и создаёт нужные пустые места (7.7561ms)
✔ гараж экскаваторов сортирует свободные плитки и не считает назначенные (1.7148ms)
✔ сетка комплексов ставит риск выше нормы, а пустые карточки — в конец (1.6977ms)
✔ после fragment-замены layout работает с новой доской (1.9931ms)
✔ перемещение самосвала сохраняет его план и токен, меняя только размещение (5.6039ms)
✔ сверка дублей оставляет одну плитку самосвала (7.7004ms)
✔ расформирование очищает только плановую оболочку комплекса, а самосвал сохраняет токен (3.7011ms)
✔ активация из гаража создаёт только ожидающий планless-комплекс (1.9956ms)
✔ доска собирается только с выделенным модулем локальных перестановок (3.5225ms)
✔ desktop canvas fills the viewport with one proportional transform (2.8011ms)
✔ phone landscape uses the control-only 1400x800 shell fit (1.3179ms)
✔ report canvas does not inherit the control phone transform (3.0306ms)
✔ control template delegates desktop and phone fitting to the canvas module (0.5769ms)
✔ canvas stylesheet has no malformed dot-prefixed calc functions (0.4161ms)
✔ dispatcher CSS audit distinguishes exact redundancy from intentional overrides (3.0207ms)
✔ dispatcher CSS audit characterizes the current six-file cascade (90.0955ms)
✔ шапка карточки: иконка, имя, статус, паспорт одной строкой и план смены крупно (1.3803ms)
✔ два столбца: слева люди и действия, справа настройки работы и отчёт смены (1.0652ms)
✔ все прежние якоря карточки сохранены — скрипт наполняет их как раньше (0.3512ms)
✔ смена машиниста: сведения о смене и форма служебного завершения с csrf и показаниями (8.0689ms)
✔ скрипт: смена приходит в карточке, форма получает action, одометр только у самосвала, подтверждение перед отправкой (0.5352ms)
✔ скрипт: паспорт уходит в строку под именем, сведения о смене — в блок машиниста, состав — фишками (0.3639ms)
✔ точка связи машиниста и раскрытие формы описаны в стилях пульта, а не в мобильном контуре (1.6722ms)
✔ сервер отдаёт смену в карточке: id, вид техники, связь, показания на начало и маршрут служебного закрытия (0.9217ms)
✔ detail chart presenter renders metrics, tabs and a bar chart without the main card runtime (3.3158ms)
✔ chart code has one owner and the main detail runtime delegates to it (0.3868ms)
✔ chart module is loaded before detail and packaged exactly once (2.9298ms)
✔ detail runtime owns the HTML escaping helper used by dynamic card markup (1.6164ms)
✔ detail settings presenter renders work fields and destination rows independently (14.8502ms)
✔ settings code has one owner and detail runtime delegates render and reset (1.111ms)
✔ settings module is loaded before detail and packaged exactly once (4.9525ms)
✔ повторная привязка не дублирует открытие карточки (2.9611ms)
✔ placeholder и вложенный элемент управления не открывают карточку (1.2436ms)
✔ Enter и пробел открывают карточку, а отказ detail-модуля не поглощает событие (2.1888ms)
✔ точка стоит на гараже экскаваторов, гараже самосвалов, самосвалах комплекса и имени комплекса (1.8462ms)
✔ своя палитра и размер точки, не завязанные на мобильный media-запрос (7.7406ms)
✔ точка стоит в правом верхнем углу плитки — бейдж циклов плана сдвинут вниз, чтобы не спорить с ней (2.4047ms)
✔ на имени комплекса точка стоит инлайн, по центру строки (1.1234ms)
✔ заливка плана самосвала — на заднем плане, во весь контур, как у горного мастера, а не тонким кольцом поверх (0.8148ms)
✔ заливка начинается сверху и растёт по часовой — не с левого края (0.4871ms)
✔ на тесной плитке заливка не пропадает при малом проценте — минимум клина и заметное свечение (0.6887ms)
✔ плитка без рейсов не красится: пустая фаза снимает заливку (2.1198ms)
✔ карточка комплекса заливается мягким синим из палитры, плитки остаются зелёными (1.4255ms)
✔ в гараже номер самосвала стоит над картинкой, как в составе комплекса (1.5397ms)
✔ поле поиска есть только на desktop-пульте смены и входит в релиз (1.4357ms)
✔ поиск ловит набор номера без предварительного фокуса (0.5513ms)
✔ поиск загружается до доски и полностью входит в пакет приложения (1.1331ms)
✔ совпадение заметно, а статусная окраска карточки сохраняется (1.1948ms)
✔ повторная привязка поиска не зацикливается на собственном счётчике (2.7435ms)
✔ fragment reconciler восстанавливает прокрутку доски и открытую detail-карточку (3.4172ms)
✔ неполный fragment не считается пригодным для точечной сверки (1.4129ms)
✔ closed to open fragment enables dispatcher drag-and-drop without reload (10.2598ms)
✔ open to closed fragment blocks dispatcher drag-and-drop with fetch count zero (2.9627ms)
✔ fallback расформирования сохраняет новые версии назначений до переноса плиток (8.1623ms)
✔ empty complex fallback clears stale plan markers before the next fragment (1.6423ms)
✔ ошибка структурного переноса не оставляет необработанное отклонение при недоступном refresh (1.3615ms)
✔ assignment conflict refreshes the dispatcher board once after the notice closes (5.252ms)
✔ assignment conflict waits until other unsafe dispatcher interaction is over (2.8413ms)
✔ unapplied conflict fragment retries once and then uses the existing reload fallback (2.5976ms)
✔ ordinary dispatcher error never schedules assignment reconciliation (1.6555ms)
✔ fragment refresh synchronizes shift runtime before replacement and rebind (8.9771ms)
✔ dispatcher fragment reconciliation is keyed by equipment and complex identity (0.5317ms)
✔ one changed truck replaces only that keyed tile (4.3803ms)
✔ dispatcher downtime timer formats a live server interval (1.3979ms)
✔ dispatcher downtime close is explicit, direct and never queued offline (0.6477ms)
✔ версии назначений нормализуются и массово собираются без потери нуля (3.3297ms)
✔ ответ сервера применяет только свои версии и отличает ноль от отсутствующего поля (1.1921ms)
✔ доска получает только готовый state-adapter и не дублирует его правила (0.4311ms)
✔ inactive truck plan fill uses the neutral desktop presentation (1.9481ms)
✔ чья смена: метка у заголовка, предупреждение и строки «Смена / Длится» в блоке машиниста (6.3258ms)
✔ ручной рейс: свой блок, форма POST с csrf, точка, порода, количество, время и причина (0.7715ms)
✔ скрипт ручного рейса: точки забоя с плечом первыми, порода по умолчанию, подтверждение перед отправкой (0.5556ms)
✔ маршрут ручного рейса объявлен рядом с другими действиями диспетчера (0.3117ms)
✔ подсказка о прокрутке: липкая полоска внизу карточки, скрипт прячет её на конце (1.3361ms)
✔ карточка графика не схлопывается в полоску прогресса (1.6406ms)
✔ клон плитки экскаватора: подпись под картинкой, крестик точки на уровне поля (1.9979ms)
✔ номер самосвала в клоне плитки не уезжает за край: сдвиг в угол без transform (0.6826ms)
✔ mobile Dispatcher keeps a full-width center column when both garages are empty (2.3728ms)
✔ mobile Dispatcher removes the desktop empty-garage offset from complexes (0.6595ms)
✔ mobile Dispatcher expands the unified header instead of clipping navigation (0.9806ms)
✔ irrelevant realtime version is stored without fetching a dispatcher fragment (4.042ms)
✔ активный drag откладывает fragment и не сбрасывает текущую сессию (3.5814ms)
✔ assignment_changed always refreshes the authoritative dispatcher board (3.5043ms)
✔ truncated realtime history uses full-board fallback and restores runtime hooks (1.8218ms)
✔ late stale fragment cannot overwrite a newer dispatcher board (1.7122ms)
✔ a higher fragment version wins even when its request started earlier (1.3807ms)
✔ obsolete fragment is acknowledged without touching a board that already covers it (1.1294ms)
✔ размер плитки считается от поля, а не от гаражной плитки (2.47ms)
✔ расчёт не выполняется на неразложенном поле (0.4606ms)
✔ за размером поля следит ResizeObserver (0.5631ms)
✔ раскладка подбирается перебором колонок, а не по лестнице размеров (0.47ms)
✔ пустое место отдаётся плиткам: двенадцать машин заполняют поле по ширине (0.4965ms)
✔ плитка не становится вертикальной: коридор пропорций соблюдён (0.3393ms)
✔ размер плитки один на всей доске (0.8238ms)
✔ при обычной смене плитки крупные и одинаковые (0.4898ms)
✔ один перегруженный комплекс не мельчит всю доску (0.2865ms)
✔ подпись и картинка видны, пока плитка достаточно высокая (1.3354ms)
✔ номер не лежит поверх картинки (0.5648ms)
✔ карточка разделена на столбец информации и поле машин (1.0343ms)
✔ разделители не отрываются в начало строки (8.7209ms)
✔ длинный текст не выдавливает поле машин (0.9987ms)
✔ число колонок общее на доску и не больше нужного самой загруженной карточке (1.0815ms)
✔ сетка машин фиксированной ширины прижата к правому краю, остаток — панели (1.6132ms)
✔ панель показаний: подписи в левом поле, ключевые цифры у нижнего края (2.9863ms)
✔ недостающие по составу машины показаны пустыми ячейками (0.9074ms)
✔ карточка, собранная скриптом в пустой зоне, выглядит как серверная (2.5491ms)
✔ desktop-доска делегирует раскладку отдельному владельцу (0.8963ms)
✔ desktop runtime содержит только контур Диспетчера (2.1233ms)
✔ мобильный контур Горного мастера сохранён в своей ветке шаблона (0.4692ms)
✔ серверная доска живёт в отдельном упакованном include (0.4823ms)
✔ скрытые служебные списки живут в отдельном упакованном include (0.4587ms)
✔ detail-карточка живёт в отдельном упакованном include (0.4711ms)
✔ desktop-приглашение уведомлений живёт в отдельном упакованном include (0.4656ms)
✔ карточка и desktop-доска физически отделены от оркестратора (1.1144ms)
✔ transport загружается перед основным runtime и входит в PWA shell (8.2571ms)
✔ модуль запуска карточки техники упакован ровно один раз (1.3627ms)
✔ модуль общей раскладки доски упакован ровно один раз (3.3547ms)
✔ модуль раскладки самосвалов упакован ровно один раз (1.4472ms)
✔ модуль версий назначений упакован ровно один раз (0.6832ms)
✔ модуль drag-and-drop упакован ровно один раз (1.6512ms)
✔ модуль локальных перестановок упакован ровно один раз и владеет только DOM-операциями (1.0807ms)
✔ политика ответа сервера упакована ровно один раз и отделена от DnD (0.7819ms)
✔ offline queue физически отделена, но сохраняет production-контракт (0.3435ms)
✔ realtime reconciliation is physically separated behind a narrow callback boundary (1.1772ms)
✔ shared shift dialog exposes an idempotent rebind entrypoint (1.2486ms)
✔ dispatcher realtime rebinds the shared shift dialog after DOM reconciliation (0.3223ms)
✔ new operational events sound once per stable event version (6.1617ms)
✔ connection loss and recovery have distinct transition-only cues (1.9039ms)
✔ action errors are audible but an immediate duplicate is suppressed (1.4774ms)
✔ the persistent header toggle mutes and re-enables cues (1.5543ms)
✔ loading the module twice does not duplicate global listeners (1.6965ms)
✔ dispatcher shell wires and precaches the isolated sound module (77.5949ms)
✔ visible Dispatcher window suppresses duplicate Windows banner and marks the item shown (8.0973ms)
✔ closed or hidden Dispatcher window shows one persistent system notification (3.4953ms)
✔ notification click focuses the existing PWA window and navigates to the Dispatcher board (1.949ms)
✔ сохраняет production-ключ очереди и удаляет только устаревшие v1/v2 (4.0965ms)
✔ сетевой сбой ставит JSON-команду в совместимую очередь (3.4967ms)
✔ запрещённая offline-очередь возвращает сетевую ошибку без записи (2.2342ms)
✔ серверная ошибка не маскируется offline-очередью (1.8149ms)
✔ flush отправляет старую запись с CSRF и удаляет её только после успеха (13.0101ms)
✔ неактивная роль не отправляет и не изменяет сохранённую очередь (2.5577ms)
✔ диагностика связи остаётся частью transport API (1.8414ms)
✔ per-reason downtime timer survives close and marks every used reason (8.5712ms)
✔ trip and downtime report cards scroll vertically with readable rows (0.8507ms)
✔ Shift, Downtimes and Waybill share the same bottom action rails (4.2997ms)
✔ Shift, Downtimes and Waybill share one visible action-label typography (1.2068ms)
✔ short landscape keeps two-line downtime reasons readable and vertically scrollable (6.7359ms)
✔ all three unloading waits use one semantic workflow and template availability contract (4.496ms)
✔ downtime confirmation reconciles server truth and terminal events are not projected as active (2.0432ms)
✔ a confirmed downtime receipt overrides only an older cached shell (2.9325ms)
✔ downtime switch freezes the previous reason while the shift total stays continuous (7.1972ms)
✔ repeated refresh of the same active downtime does not reset the running timer (4.8634ms)
✔ the timer's base always counts from started_at, ignoring a zero or stale elapsed_seconds snapshot (29.0233ms)
✔ a local downtime syncing to a server-confirmed numeric id does not reset the timer (9.3594ms)
✔ a device with a skewed clock still recognises the same downtime via the server-id alias (6.4498ms)
✔ a downtime closed on this phone cannot be resurrected by a stale local snapshot (6.0472ms)
✔ a stale fragment that writes is-active directly onto the card gets corrected back, not just ignored (7.6627ms)
✔ a transient blank card from a background reconcile does not reset the timer or drop the border (3.6076ms)
✔ a card that stays blank through the confirmation window is treated as a genuine closure (27.4246ms)
✔ loading the page with a server-confirmed active downtime ticks with no local start event (11.0248ms)
✔ ten fragment resyncs in a minute never roll the timer back (123.3003ms)
✔ closing the downtime stops the display for good and a stale resync cannot revive it (4.955ms)
✔ a full shell replacement does not freeze the timer on a detached node (5.6286ms)
✔ a full shell replacement does not leave a stale operational-state-refresh-applied listener that can clear a live downtime (10.0215ms)
✔ active downtime reason is a no-op and offline switches keep chronological dependencies (1.8071ms)
✔ waiting_unload enables the yellow mode but keeps hold-to-unload; clearing removes it (4.2101ms)
✔ durable automatic and manual trip completion immediately suppress waiting_unload projection (3.783ms)
✔ waiting_loading turns the empty Work dial yellow but keeps it inert (1.4961ms)
✔ one-tap pointerup submits once without relying on a synthetic click (2.8548ms)
✔ pointercancel disarms one-tap unload without submitting (2.1614ms)
✔ keyboard click remains a one-tap fallback (1.5924ms)
✔ normal unload still uses the hold guard (1.5012ms)
✔ fragment-style destroy and rebind leaves exactly one gesture listener (1.7076ms)
✔ an armed one-tap gesture blocks operational fragment replacement (1.5954ms)
✔ realtime waiting_loading to loaded-trip transition opens Work from server truth (5.4881ms)
✔ reduced motion keeps both waiting states but disables their pulse (1.286ms)
✔ Driver JavaScript branches on workflow instead of an exact Russian reason label (2.8233ms)
✔ drum never assigns an undeclared `slot` (1.3975ms)
✔ drum haptics are long enough to be felt (0.9934ms)
✔ drum script parses and installs without touching the DOM (2.7893ms)
✔ drum ring follows the face width it actually has (0.2997ms)
✔ drum corridor stays the width of the outline on any screen (0.2358ms)
✔ drum card label and body get an explicit pixel width, not a percentage (3.7447ms)
✔ drum name size is pure CSS from the label container, not a JS measurement (1.9518ms)
✔ line layout keeps every word whole and picks the split that gives the biggest name (3.2267ms)
✔ active-downtime timer is not tied to the reason-name tier and reads clearly on its own (0.4174ms)
✔ the timer is pinned to the card's bottom edge and the text group is centered above it (4.4874ms)
✔ dump-point tiles in the change-point sheet match the excavator face-settings card look (5.3759ms)
✔ dial label multiline width stays large — the loaded trip's dump point name is read for the whole trip (2.8923ms)
✔ templates mark drum labels for JS fitting instead of classifying by character length (1.6272ms)
✔ downtime link/halo blink color follows the active reason's status, not a hardcoded yellow (1.1741ms)
✔ without an open shift, the top drum keeps its full three-card shape and outline instead of collapsing (0.6025ms)
✔ the keyhole outline still finds the top drum's empty center card (0.9701ms)
✔ downtime drum front card is never highlighted yellow without an open shift (1.1466ms)
✔ labels are laid out only when a card is built, never on spin, resize observers or font loads (2.9676ms)
✔ the point card blinks with the outline from one shared ancestor animation, hard on/off (3.1616ms)
✔ the swipe arrow is a fixed slot outside the card, sized from the real gap to the dial (3.3123ms)
✔ the shared outline is stationary: never recomputed while either drum is being dragged (1.314ms)
✔ catalog remains complete while per-item availability reports missing settings (2.8171ms)
✔ display snapshot uses canonical server keys and keeps every dump point (0.522ms)
✔ cached inactive shell keeps a newer durable local selection on restart (0.712ms)
✔ newer confirmed inactive server snapshot clears saved selection (0.3054ms)
✔ rejected local attempt never outlives a fresh inactive server snapshot, even if it looks newer (0.2891ms)
✔ cached HTML catalog is marked stale while the device is offline (2.2603ms)
✔ primary excavator selection is rejected before enqueue (1.7119ms)
✔ selection becomes optimistic only after durable enqueue resolves (1.3892ms)
✔ local offline request expires exactly ten minutes after the tap (11.3498ms)
✔ expired local request does not return after restart or repeated outbox projection (1.9373ms)
✔ authoritative expiry uses server time instead of a skewed device clock (0.5622ms)
✔ ten-minute request ttl never closes an already used free-bucket trip (0.3031ms)
✔ manual free-bucket load cancellation restores the same acceptance only until its original deadline (0.6417ms)
✔ server cancellation result confirms or rolls back only the matching optimistic restore (0.8114ms)
✔ confirmed manual free-bucket restore survives restart without renewing the original ttl (2.5314ms)
✔ visibility pageshow and resume expire a suspended offline request without waiting for its timer (1.1576ms)
✔ active selection A blocks selection B before enqueue and preserves A (0.4933ms)
✔ a server-rejected selected event never leaves the free bucket stuck active (0.2544ms)
✔ cancel drops a rejected local selection without queueing a meaningless server cancel (0.4595ms)
✔ a rejected cancel (dependency_rejected on an already-rejected selection) still deactivates locally (0.4101ms)
✔ a stuck review state from storage becomes inactive as soon as project() runs, even with no new events (0.2625ms)
✔ a rejected local selection falls back to the server's live acceptance, not to 'no bucket' (0.2703ms)
✔ the one-load right is consumed by its load and switched off locally by that trip's completion (0.5493ms)
✔ a right the server already marked used switches off on the driver's unload of that trip (0.3078ms)
✔ missing or invalid server catalog keeps last-good snapshot (0.3095ms)
✔ authoritative complete empty catalog clears the last-good snapshot (0.2486ms)
✔ aged online catalog is marked stale (0.1919ms)
✔ unavailable tile keeps its status after an unselected state render (0.1209ms)
✔ technical review state is never shown as a field-worker problem (0.8844ms)
✔ browser lifecycle drops the controller for disabled and detached shells (1.3348ms)
✔ template always renders a hidden cancel control for restored offline selection (7.4526ms)
✔ free-bucket projection keeps the dial label short and renders a compact mode chip (29.2337ms)
✔ free-bucket tiles show only the excavator number and status, no place/rock/point text (14.7804ms)
✔ the grid stays two columns and the tile never shrinks below a finger (3.1864ms)
✔ the dialog scrolls inside and its top block is sticky (0.5224ms)
✔ the selected tile is scrolled into view when the window opens (0.5056ms)
✔ the primary-assignment tile is disabled and labelled ОСНОВНОЙ, the selected one glows (1.5516ms)
✔ a long contractor number is fitted by width, never broken across lines (0.6651ms)
✔ default level is strong and scales pulses but not gaps (4.1416ms)
✔ weak and normal levels keep their own factors and floors (2.1047ms)
✔ native Driver haptics receive the scaled pattern and real amplitude (4.6356ms)
✔ choosing a level stores it, marks the button and plays a sample (1.9397ms)
✔ dial and drum route their haptics through the shared level (10.3981ms)
✔ production Driver logout hold navigates exactly once and can be repeated (5.7227ms)
✔ production Driver logout hold resets after an early release (6.2593ms)
✔ production Driver logout hold remains available in read-only mode (2.2456ms)
driver manual event reconciled { scope: 'load', event_id: 'evt-1', state: 'conflict', code: '' }
driver manual event reconciled {
  scope: 'dump_point',
  event_id: 'point-incident',
  state: 'conflict',
  code: ''
}
✔ shared drag keeps the Excavator seven-pixel pickup threshold (32.7413ms)
✔ Driver reports durable manual-trip states without a false server confirmation (3.6114ms)
✔ manual cancellation copy is explicit and does not claim a second unload (6.2042ms)
✔ manual trip creation completion and cancellation have distinct durable feedback (1.9179ms)
✔ manual taps target entry and swipe thresholds use strong distinct haptics (0.4562ms)
✔ confirmed cancellation outranks older failed loads but never a newer load (0.3176ms)
✔ an active manual trip locks the source until it is completed or cancelled (0.2123ms)
✔ trip timer formats elapsed time and names the selected destination (0.2543ms)
✔ confirmed manual trip takes its current destination from the fresh server fragment (0.3414ms)
✔ an Excavator-owned acknowledgement requests one exact Driver reconciliation (0.4757ms)
✔ manual point action is reserved for the current Driver-manual trip (0.3474ms)
✔ manual reroute directory excludes standard, current and duplicate points (0.3274ms)
✔ Driver runtime reuses the common outbox without an independent transport or journal (1.8111ms)
✔ manual free-bucket button delegates to the canonical Driver control (0.3246ms)
✔ both roles render the same dashboard and card includes (5.0844ms)
✔ manual controls use compact action timer and source rows with one shared gap (5.636ms)
✔ Driver manual heading keeps name and two rectangular status controls on one row (1.9636ms)
✔ manual mode survives lower tabs and blocks ordinary mode during an active trip (2.6696ms)
✔ cancel and completion are signed with the loaded trip's excavator, not the base context (1.3309ms)
✔ only the active dump point exposes cancel and complete swipe cues (3.1821ms)
✔ карточка источника держит форму 1 к 1,25 построением, а не числами (1.8835ms)
✔ подгонка номера зовётся адресно, а не выборкой по классу (1.4076ms)
✔ сторож: кнопки режима всё ещё носят класс карточки (0.7669ms)
✔ плашка комплекса убрана, а точка связи в углу осталась (7.8772ms)
✔ подпись экскаватора вмещается общим правилом, а не своим (0.5729ms)
✔ без общего модуля подпись всё равно ужимается и не уходит ниже пола (0.4184ms)
✔ manual point counter applies each optimistic load or cancel exactly once (0.5817ms)
✔ Driver binds the common gesture to the real Excavator shell and preserves its active motion (18.845ms)
✔ Driver dump cards keep a three-column matrix and only show name plus trip count (8.5344ms)
✔ the latest destination is the only highlighted Driver dump card (0.7072ms)
✔ server-assigned dump points never inherit the one-off marker (1.1599ms)
✔ initial binding preserves server counters and the last destination (0.4556ms)
✔ returning from free bucket restores the cached primary counters and last destination (0.44ms)
✔ the primary context survives a temporary DOM replacement when fragment JSON is absent (0.6227ms)
✔ a server free-bucket fragment keeps the primary assignment as the cancellation fallback (0.5328ms)
✔ an active free-bucket trip stays separate from the primary context of the next loading (0.3359ms)
✔ manual corner toggles manual mode on the dial and preserves bottom navigation (2.1782ms)
✔ dial manual mode drives the same manual-trip queue: send, cancel, complete (3.9025ms)
✔ dump point corner button reroutes a manual trip to a point outside the drum (1.8471ms)
✔ shared controller remains the only live card binder in both roles (3.438ms)
✔ manual context and confirmed timer survive fragment refresh (2.1312ms)
✔ terminal manual load is reconciled without a field prompt (3.3849ms)
✔ manual free-bucket cancellation preserves the original acceptance and ttl snapshot (1.4751ms)
✔ terminal transport records have no field acknowledgement or retry prompt (7.7619ms)
✔ terminal dump-point event silently keeps the authoritative point (2.3043ms)
driver_offline_outbox: unsent manual load and its cancel removed locally {
  load_event_id: 'driver-manual-load:z',
  cancel_event_id: 'driver-manual-load-cancel:z',
  local_trip_id: 'driver-manual-load:z',
  load_attempts: 1,
  load_last_error: 'free_bucket_acceptance_pending',
  removed_at: '2026-09-29T11:34:30.223Z'
}
driver_offline_outbox: unsent manual load and its cancel removed locally {
  load_event_id: 'driver-manual-load:o',
  cancel_event_id: 'driver-manual-load-cancel:o',
  local_trip_id: 'driver-manual-load:o',
  load_attempts: 0,
  load_last_error: '',
  removed_at: '2026-09-29T11:34:30.226Z'
}
✔ a stuck load+cancel pair does not hide the server's open manual trip (4.441ms)
✔ a cancel that really targets the server trip still wins (2.3037ms)
✔ a load the server keeps rejecting with retry and its own cancel leave the queue without being sent (98.5476ms)
✔ a load and its cancel created offline on this page are annihilated before any send (1.5288ms)
✔ a load the server may already hold keeps its cancel in the queue (5.6238ms)
✔ a load restored from storage with no attempts is not annihilated by a fresh page (0.854ms)
✔ native token is registered with the authenticated Driver session (17.7928ms)
✔ same token is idempotent but a new auth generation is re-registered (2.2581ms)
✔ FCM token rotation is registered through one native listener (36.9773ms)
✔ ordinary browser does not call the endpoint (3.9317ms)
✔ source never logs or persists the token (0.5965ms)
✔ driver replay predicate satisfies the executable server-client contract (2.2474ms)
✔ manual-load cancellation keeps an exact trip reference and the latest dependency (86.076ms)
✔ downward swipe completes the exact local or confirmed manual trip through the existing queue (16.3798ms)
✔ manual load uses stable local identity and an immutable Driver snapshot (5.9613ms)
✔ manual load rejects missing or ambiguous authority and a foreign truck (0.8374ms)
✔ point correction can depend on a not-yet-confirmed manual trip (8.586ms)
✔ manual trip confirmation survives restart with the server mapping (2.3844ms)
✔ manual free-bucket cancellation receipt preserves server restore metadata (1.1361ms)
✔ terminal downtime events never replace the authoritative active downtime (0.3115ms)
✔ restart recovers only clock conflict and its dependency chain with immutable identity (5.9877ms)
✔ restart independently retries every legacy dependency cascade code (8.6718ms)
✔ restart retries a legacy unload_before_load worker-truth event (1.9571ms)
✔ restart retries legacy inactive-equipment conflicts for a factual manual load (3.9667ms)
✔ restart resends a manual load refused as free_bucket_not_available and its chain (5.0197ms)
✔ restart never retries a real domain conflict (1.0651ms)
✔ confirmed downtime close receipt survives queue removal and restart (1.7379ms)
✔ a projection callback failure does not turn a durable enqueue into a storage error (0.4793ms)
✔ event is durably written with full driver context before send (0.9539ms)
✔ only exact accepted and deduplicated acknowledgements remove events (1.0272ms)
✔ partial response retains the unacknowledged event with retry metadata (1.0008ms)
✔ conflict auth and invalid records remain for reconciliation and are not retried (1.6623ms)
✔ parallel flush calls share one request and preserve order and dependency (43.9588ms)
✔ a due terminal action pulls its locally pending dependency into the same batch (4.3454ms)
✔ parallel gestures receive a stable monotonic order (1.166ms)
✔ replacing Driver access does not reuse a device sequence (1.1072ms)
✔ legacy unload queue migrates without changing event identity or fact time (1.2688ms)
✔ same event id cannot be silently reused with different content (0.674ms)
✔ acknowledged identity tombstone prevents incompatible id reuse (1.1033ms)
✔ retry backoff is bounded to 5-10s while online, not the old 5-minute cap (0.157ms)
✔ regaining connectivity retries immediately instead of waiting out a stale backoff (1.518ms)
✔ accepted callback runs only after durable removal and published zero state (1.2383ms)
✔ shell replacement rebinds callbacks on the existing durable runtime (9.6809ms)
✔ more than one batch drains without another lifecycle signal (47.2108ms)
✔ batch envelope keeps the immutable device identity of every event (9.9348ms)
✔ event enqueued during an in-flight send is drained by the same flush (13.7499ms)
✔ backoff and terminal review do not head-of-line block an independent event (2.4707ms)
✔ auth-required events resume only under a fresh authenticated generation (1.7303ms)
✔ immutable event identity includes context references time dependencies and payload (2.8396ms)
✔ downtime start acknowledgement keeps the exact server mapping for close (1.5ms)
✔ offline downtime start and close share the exact local id before sync (1.2957ms)
✔ accepted downtime start maps a quick close to the exact server id (1.4088ms)
✔ A to B to A point changes always get new ids CAS state and dependencies (0.37ms)
✔ free bucket selection captures the exact truck excavator and catalog snapshot (0.9712ms)
✔ free bucket cancellation depends only on an unresolved local selection (0.3785ms)
✔ actual IndexedDB repository path survives a new runtime instance (5.3528ms)
✔ local guards reject ungranted or incomplete driver actions before storage (0.8206ms)
✔ closing a downtime is always queued, even with no reference to its start yet (0.3751ms)
✔ auth classifier recognizes status redirect to root and login HTML (0.6367ms)
✔ terminal review records older than the retention window are purged, fresh ones stay (82.2799ms)
✔ an event sent right away is marked so the server can use its own receipt time (1.5431ms)
✔ HTTP 422 shows the warning and never pretends that the network is lost (8.4926ms)
✔ a genuine fetch failure queues the exact readings for native background delivery (3.0797ms)
✔ HTTP 5xx remains retryable across restart and drains after bounded backoff (4.552ms)
✔ 401 waits for a new authenticated generation and resumes after login (6.7032ms)
✔ 403 and login redirects are classified as authentication, not validation (6.1255ms)
✔ web retry preserves the original offline shift-close occurred_at (1.9033ms)
✔ confirmation sends the signed token and clears both outboxes (3.747ms)
✔ editing any reading invalidates the old confirmation and restores the form (2.2893ms)
✔ a warning survives app restart without retrying the rejected request (3.9416ms)
✔ legacy device-clock attention retries the same shift-close action after update (2.2999ms)
✔ hard HTTP validation stays editable and never enters the offline queue (2.1228ms)
✔ Driver never navigates the WebView to a raw HTTP error page (0.7318ms)
✔ native foreground close posts the persisted createdAt as occurred_at (0.2953ms)
✔ current Driver shell precaches the durable runtime and exact authenticated dependencies (2.1806ms)
✔ a legacy loaded shell reloads before adopting a fragment that requires newer assets (5.5925ms)
✔ expired session update migrates a valid shell without touching a nonempty event queue (2.1963ms)
✔ driver shell exposes confirmed identity and shift context without granting offline shift open (5.6058ms)
✔ manual dotting stays separate from the automatic loaded circle offline (0.5394ms)
✔ dump-point projection helper updates the tile, dial, dataset and sync label (6.0841ms)
✔ sync uses canonical batch endpoint without exposing technical review to the driver (4.4759ms)
✔ unload instruction matches the actual half-second hold (0.727ms)
✔ a failed background flush never recasts a durable unload as a storage failure (1.1226ms)
✔ unload hold keeps the existing dial and avoids per-frame style writes (3.4784ms)
✔ экран обновляется послойно, а результат сверяется снимком (2.7441ms)
✔ круг устроен одинаково с рейсом и без него (1.9566ms)
✔ timer-only unload hold never starts a requestAnimationFrame loop (8.7541ms)
✔ review-only queue does not block a safe fragment refresh (8.5219ms)
✔ blocking count covers only fresh first-attempt pending events (0.944ms)
✔ driver opening readings survive blur and realtime fragment event; reset applies deferred version (16.4876ms)
✔ driver opening form errors and pending submit both block fragment replacement (5.1025ms)
✔ Driver report uses one two-stage MAX delivery control with the configured group (2.2687ms)
✔ first tap copies the report and second tap opens MAX without copying twice (14.0685ms)
✔ changed report cannot open MAX until the fresh text is copied (3.0075ms)
✔ clipboard failure keeps the control in the safe prepare state (3.64ms)
✔ copy completion does not re-enable delivery after the screen becomes read-only (3.4332ms)
✔ шаблон подключает части экрана водителя в объявленном порядке (3.5513ms)
✔ части экрана водителя загружаются по очереди без обращений вперёд (32.6169ms)
✔ a screen left behind the server is pushed through after a minute, not before (7.7688ms)
✔ a screen that caught up closes the bypass window and starts counting anew (1.8828ms)
✔ three minutes behind reloads the screen once, then holds off (1.7942ms)
✔ without a live connection nothing is forced and nothing is reloaded (17.0637ms)
✔ a screen that is not behind the server is left alone (1.5573ms)
✔ a hidden screen never accumulates lateness (1.4483ms)
✔ what the driver is typing is never interrupted (1.4408ms)
✔ an open sheet is pushed through but never reloaded from under the finger (1.5687ms)
✔ the last deferral reason stays readable on the page (1.4721ms)
✔ fresh authenticated install caches the exact rendered Driver dependency closure (19.9738ms)
✔ expired-session update migrates real exact Driver shell dependencies and serves each offline (7.9023ms)
✔ missing exact shell dependency fails closure and preserves the previous cache (5.527ms)
✔ confirmed logout clears authenticated Driver shells but keeps exact assets (3.8448ms)
✔ hold ring fills completely exactly when the unload hold fires (2.6495ms)
✔ a saved unload shows the confirmation layer with voice, for the hold and the manual dial alike (9.1128ms)
✔ the layer never touches the dial: geometry under it is untouched and nothing waits for it (2.0838ms)
✔ the completion buzz is not cancelled by the post-hold reset (0.4797ms)
✔ server confirmation no longer repeats the trip-finished voice (0.2974ms)
✔ lost response retains original trip, action and fact time across restart (2.8565ms)
✔ different trip acknowledgement never deletes a pending confirmation (0.3694ms)
✔ server no-effect acknowledgement clears the durable action without review (0.3025ms)
✔ new trip and another driver retain independent pending events (3.9749ms)
✔ concurrent retries send an event once (0.5566ms)
✔ explicit server conflict remains available for reconciliation and is not retried (0.5132ms)
✔ failed persistent write does not claim to have queued an event (0.7759ms)
✔ driver and excavator screens both count a visible screen as active (5.0609ms)
✔ driver sets the flag before the realtime client reads it (7.071ms)
✔ driver template has no multi-line {# #} comments — Django renders those as visible text (0.9504ms)
✔ an outdated shell still applies the fragment and reloads at most once per 30 s (0.7014ms)
✔ synchronous double entry claims the operation once (5.6202ms)
✔ early hook sends the exact event version and the assignment identifier (2.1492ms)
✔ the newest assignment inside one delta wins (1.8704ms)
✔ release_applied is announced and assignment_applied is not (4.2144ms)
✔ an assignment event without an identifier is left to the DOM fallback (1.5677ms)
✔ already_announced finalizes the claim and blocks the DOM fallback (2.0686ms)
✔ a web fallback that actually played finalizes the claim (1.8621ms)
✔ a completely silent failure releases the claim (1.8634ms)
✔ the dump-point cue fallback finalizes the claim (3.1576ms)
✔ the DOM fallback stays silent after the early hook announced the assignment (1.8727ms)
✔ the DOM fallback announces an assignment the early hook could not see (1.9887ms)
✔ the DOM fallback stays silent after the early hook announced the dump point (2.1176ms)
✔ release_pending plays one cue and no voice (2.7375ms)
✔ a repeated DOM refresh does not repeat the release cue (1.2841ms)
✔ release_applied still produces one full announcement after the pending cue (1.4313ms)
✔ the release cue and the release phrase use separate claim keys (1.397ms)
✔ the release cue never reaches the native announcer (0.459ms)
✔ a rejected bridge promise releases the assignment claim (1.4023ms)
✔ a synchronously thrown bridge call releases the assignment claim (1.4374ms)
✔ a released claim lets the next path announce the same assignment (1.7031ms)
✔ a rejected dump-point bridge promise releases the trip claim (3.3719ms)
✔ a synchronously thrown dump-point bridge call releases the trip claim (1.978ms)
✔ the dump-point signal carries the exact event version and trip (1.6644ms)
✔ the Driver assignment form exposes an explicit assignment identifier (0.196ms)
✔ the DOM fallback never sends a non-positive version (1.1014ms)
✔ the asynchronous dump-point marker is gone (0.7056ms)
✔ the early signal fires while the fragment refresh never resolves (6.7922ms)
✔ the early signal fires while the interface is busy (2.4206ms)
✔ the initial bootstrap never announces stored history (2.3135ms)
✔ a truncated delta is ignored by the early hook (2.5239ms)
✔ an irrelevant response is ignored by the early hook (2.904ms)
✔ only events newer than the requested cursor are signalled (6.1386ms)
✔ the captured cursor belongs to the request, not to the current state (6.4986ms)
✔ returning from the background uses the exact event version (3.4783ms)
✔ короткая подпись остаётся крупной и не трогается (2.4207ms)
✔ подпись подлиннее ужимается кеглем, но остаётся читаемой (0.9708ms)
✔ длинная подпись переносится по дефису, когда есть вторая строка (4.0698ms)
✔ на тесной карточке переноса нет — подпись сжимается, но не обрезается (0.6649ms)
✔ у скрытой карточки подгонка откладывается, а не пропадает (0.4994ms)
✔ на растущей строке перенос берётся из запаса высоты карточки (1.7242ms)
✔ номер техники не переносится, даже когда высота позволяет (0.5755ms)
✔ когда уступок не осталось, подпись мельчает, но не режется (0.4346ms)
✔ сжатия достаточно — кегль ниже пола не опускается (0.3999ms)
✔ direct dump return requires a confident upward swipe (1.2044ms)
✔ Driver completion requires the same confident gesture downward (0.2745ms)
✔ direct return resolves the explicitly marked newest truck and submits once (15.8835ms)
✔ dump queue keeps an untrusted truck number as text instead of HTML (5.768ms)
✔ successful swipe restarts and clears the dump-card rebound (1.5327ms)
✔ gesture, fallback queue and realtime safety contracts stay wired (4.8095ms)
✔ Face dump choices distinguish applied, pending-add and pending-remove states (18.6654ms)
✔ A successful save canonicalizes numeric server IDs into the persisted green set (13.2231ms)
✔ A failed post-save fragment refresh keeps Face visible and safely unlocks the confirmed draft (5.1085ms)
✔ Face state classes own the requested green, yellow and neutral visual contracts (0.5112ms)
✔ excavator replay predicate satisfies the executable server-client contract (2.041ms)
✔ durable event survives a failed send and a new outbox instance (25.084ms)
✔ a client shell update and offline reopen preserve a nonempty queue (3.3652ms)
✔ missing legacy sequence cannot move a restarted IndexedDB queue backwards (12.5901ms)
✔ same event id is idempotent only for an identical immutable wire event (6.5629ms)
✔ sequential loads retain order and dependency in one batch (3.4627ms)
✔ offline downtime start and close share the exact local reference before sync (12.8432ms)
✔ a quick close after accepted start uses the confirmed server downtime id (3.2538ms)
✔ partial acknowledgement removes only exactly confirmed events (2.4747ms)
✔ accepted load without server trip id remains queued (1.4214ms)
✔ accepted free-bucket load without server trip id remains queued (2.9176ms)
✔ confirmed free-bucket acceptance survives restart with identity and server mapping (2.2282ms)
✔ IndexedDB confirmation writes receipt and removes pending event in one restart-safe state (1.9312ms)
✔ conflict and authorization outcomes remain for review and are not retried (0.9986ms)
✔ a terminal parent never cascades into independent dependent events (1.9713ms)
✔ restart retries a legacy device clock conflict and its dependency chain (1.8687ms)
✔ restart retries every legacy dependency cascade code independently (3.5653ms)
✔ restart retries a legacy open_trip_changed factual load (1.4393ms)
✔ restart does not retry an unrelated terminal conflict (0.9187ms)
✔ concurrent flush calls share one network request (17.9442ms)
✔ failed durable write rejects the action before UI success (0.8596ms)
✔ an unsent action can be discarded only while it has no dependants (0.8496ms)
✔ flush drains a queue in bounded batches (1.7929ms)
✔ retry backoff after repeated failures on a live connection never exceeds ten seconds (3.2434ms)
✔ a backoff on an earlier event is not bypassed by later events (14.5103ms)
✔ offline restart retains auth review until a fresh authenticated page resumes it (13.0828ms)
✔ confirmation callback observes the already updated queue count (5.7681ms)
✔ an event that left at once is marked so the server can use its own receipt (5.5211ms)
✔ an event that waited in the queue or survived a reload is not marked live (1.1758ms)
✔ bucket entry stays beside the existing hourly report ring (2.2617ms)
✔ selector modal is external, keypad driven and Android Back aware (0.852ms)
✔ catalog and accepted cards survive offline shell lifecycle (7.4523ms)
✔ ten-minute reservation deadline uses the correct local or server clock basis (1.5757ms)
✔ expiry cleanup removes the boundary card and scheduler chooses the nearest future deadline (0.888ms)
✔ expired offline acceptance cannot be resurrected after restart or resume (5.7065ms)
✔ accept cancel and load use the durable field outbox (1.9333ms)
✔ cancel and failed load do not restore an actionable stale card (0.9165ms)
✔ a rejected repeat acceptance is removed instead of becoming a dead card (0.674ms)
✔ cancelling a temporary load restores the same card until its original deadline (1.745ms)
✔ failed temporary-load restore retires only the matching old acceptance (1.36ms)
✔ fresh server snapshot prevents an old confirmed cancellation from resurrecting an acceptance (0.4834ms)
✔ confirmed cancellation replay respects a newer acceptance for the same truck (0.8324ms)
✔ a no-effect acceptance keeps its local reference instead of borrowing the winner id (0.5051ms)
✔ technical reconciliation never becomes a blocked field card or review prompt (0.8595ms)
✔ dispatcher removes the used marker at its server deadline without polling (1.3831ms)
✔ one successful free-bucket swipe removes the upper card and keeps a separate five-minute badge (0.6619ms)
✔ all free bucket assets share the current shell marker (0.2189ms)
✔ temporary card adds semantics without replacing production status (0.6511ms)
✔ accept and cancel invalidate an older operational fragment first (0.4661ms)
✔ an upward swipe cancels only an unused free bucket card through the durable outbox (0.6639ms)
✔ predominantly upward swipe cancels exactly once and never creates a load (14.9686ms)
✔ short, sideways and ordinary truck gestures never cancel free bucket acceptance (4.1571ms)
✔ cancel action is persisted before the card disappears and is protected from duplicates (2.2176ms)
✔ existing plan ring is the only accessible hourly-report entry (1.8575ms)
✔ report remains outside replaceable shell without blocking operational refresh (0.6421ms)
✔ server schema renders current then previous as independent three-column blocks (0.3027ms)
✔ report lifecycle is coalesced, stale guarded and closes only once (0.701ms)
✔ offline cache is explicit and unresolved local loads are not claimed (0.3535ms)
✔ layout matches mobile block structure without horizontal overflow (0.6113ms)
✔ passive pickup needs hold, glows and vibrates without opening a modal (6.7835ms)
✔ release without sending restores passive icon without changing permissions (2.818ms)
✔ early release, movement and pointer cancellation cannot dispatch (5.4343ms)
✔ active icons respond immediately with no hold requirement (1.3651ms)
✔ pickup tone is local, rising and lasts about 170 ms without using the voice player (0.6501ms)
✔ held passive icon uses the existing dispatch once when dropped on destination (2.1198ms)
✔ comet follows one continuous bounded path, fades and releases its RAF and DOM (8.3354ms)
✔ larger visual preview preserves the nominal drop hitbox (1.3009ms)
✔ slow movement emits the tail outside the card instead of hiding it underneath (1.6085ms)
✔ reduced motion keeps static feedback without a comet or pending animation (5.4143ms)
✔ drag copy sheds blocking and transfer decoration while the real truck retains its state and plan (2.591ms)
✔ transfer countdown uses server time and never grants rights at local zero (0.4718ms)
✔ fragment refresh rejects older versions and late earlier requests (0.3121ms)
✔ mutation queues a higher-version fragment behind an invalidated in-flight request (15.6745ms)
✔ truck loaded outbox event carries exact assignment state and immutable context (0.7997ms)
✔ successful outgoing load removes only the source card and keeps exact trip badge (0.3557ms)
✔ manual dump preview expiry is trip-specific and independent from transfer countdown (0.2667ms)
✔ offline review records do not block authoritative refresh forever (0.3241ms)
✔ downtime end keeps the active server id and depends on a local start (0.4704ms)
✔ confirmed server trip cancellation also uses the durable outbox (0.2165ms)
✔ confirmed load keeps the server trip id for the next offline load (0.1396ms)
✔ offline restart restores a valid tab from URL or access-scoped storage (0.2251ms)
✔ fragment replacement rebinds outbox dispatch to the new shell without duplicate lifecycle listeners (1.6428ms)
✔ Excavator FCM token is registered once for the authenticated shell (9.1727ms)
✔ Excavator token rotation is registered without duplicate listeners (2.8832ms)
✔ ordinary browser skips native registration and no token is persisted or logged (3.1669ms)
✔ Excavator haptics prefer the native media bridge and preserve gesture timing (1.741ms)
✔ Excavator shell wires native capabilities and routes existing feedback through them (0.5582ms)
✔ expired-session update migrates v233 shell with exact safe assets and preserves queue (22.6116ms)
﹣ fresh authenticated rendered shell precaches every exact dependency for offline reopen (0.3199ms) # SKIP
✔ missing fresh dependency rejects install before old cache deletion or activation (4.4725ms)
✔ closing accepts anomalous whole readings so the server can request confirmation (14.2524ms)
✔ opening remains strict and malformed close values never reach confirmation (11.8377ms)
✔ the native number input keeps the 100 percent ceiling only while opening (0.6505ms)
✔ confirmation rendering uses text nodes and keeps warnings scrollable (2.0961ms)
✔ warning and confirmed requests keep one shift snapshot and suppress premature success (8.033ms)
✔ editing readings invalidates a previously issued confirmation (0.8096ms)
✔ номер подгоняется с явным запретом переноса (3.2645ms)
✔ повторный вызов на неизменившемся экране ничего не пересчитывает (1.2953ms)
✔ изменение номера пересчитывает только его (3.1592ms)
✔ сузившаяся карточка пересчитывается заново (1.3715ms)
✔ связка следит за сменой вкладки, а не только за разметкой (1.373ms)
✔ без общего модуля экран работает как раньше (1.3593ms)
✔ подпись кнопки режима с тем же классом карточки не подгоняется (5.528ms)
✔ the early hook announces an accepted truck before any DOM refresh (5.955ms)
✔ the early hook announces a removed truck to the previous excavator (1.8942ms)
✔ pending and unrelated assignment events stay silent (1.764ms)
✔ several different trucks are delivered to one native batch (3.4414ms)
✔ only the latest operation for one truck is announced (1.8796ms)
✔ the DOM fallback stays silent after the early hook claimed the assignment (6.9161ms)
✔ already_announced finalizes the JS claim and blocks the DOM fallback (7.6538ms)
✔ a rejected bridge releases the operation for the DOM fallback (2.262ms)
✔ a synchronous bridge throw releases the operation for the next path (1.4746ms)
✔ a removed DOM card shows a notice but never invents a second voice key (1.2213ms)
✔ legacy string snapshots remain readable after the schema upgrade (1.1634ms)
✔ the rendered snapshot exposes the exact HaulAssignment id (0.5416ms)
✔ mobile login CSS constrains every grid child and wraps long role headings (3.6449ms)
✔ natural autofocus without viewport shrink keeps the mobile login at x=0 (6.6709ms)
✔ focus and blur of both login fields never horizontally scroll the dialog (2.6829ms)
✔ desktop focus remains stable when the field is already visible (8.6619ms)
✔ shared combined login keeps one geometry and role-specific accent tokens (1.4492ms)
✔ legacy remembered credentials are migrated to phone-only storage (2.9748ms)
✔ malformed remembered credentials are removed instead of retained (1.6358ms)
✔ phone-first login enables Continue after a valid phone without consent (1.799ms)
✔ consent step requires its standalone checkbox (2.2837ms)
✔ combined login Enter moves phone to PIN and submits without repeated consent (2.6915ms)
✔ refreshMobileBoardFromServer отдаёт промис, а не undefined (7.095ms)
✔ фоновый таймер не перечитывает доску, пока версия смены не изменилась (1.1985ms)
✔ глобальные слушатели экрана вешаются один раз на страницу (11.9706ms)
✔ прежний неиспользуемый обработчик перетаскивания не уезжает клиенту (0.4269ms)
✔ после отказа сервера доска помечается устаревшей и перечитывается при закрытии окна (1.0529ms)
✔ обновление, запрошенное во время летящего, уходит вторым запросом, а не теряется (2.5657ms)
✔ перестановка начинается при движении вниз, а не только вбок (18.0364ms)
✔ перестановка начинается по удержанию без движения пальца (355.9848ms)
✔ короткое касание не превращается в перестановку (125.4443ms)
✔ бросок сквозь доску без выдержки над комплексом не назначает самосвал (2.4743ms)
✔ после выдержки над комплексом перестановка выполняется (210.265ms)
✔ короткий путь до подъехавшего комплекса не мешает перестановке (211.7227ms)
✔ удержание без движения не переставляет самосвал, даже если под пальцем оказался комплекс (558.9938ms)
✔ shared dial component provides three independent accessible slots (9.1782ms)
✔ all three slots stay rendered while unavailable actions are explicitly disabled (0.3403ms)
✔ dial actions are positioned from the dial and clip their real hit areas (0.587ms)
✔ only the compact dump point action owns the production modal trigger (1.5218ms)
✔ excavator native app receives the exact event name and full sound map (4.9308ms)
✔ driver native app receives the exact event name and full sound map (15.6893ms)
✔ Excavator template enables the bounded connection voice policy (0.9386ms)
✔ Driver template enables the same bounded connection voice policy (0.2702ms)
✔ Excavator connection voice requires sustained loss and sustained recovery (2.2892ms)
✔ Excavator connection transitions use one native signal-and-voice sequence after dwell (3.685ms)
✔ Excavator recovery dwell resets on recovering, weak, or renewed lost states (2.6382ms)
✔ a routine recovering blip does not postpone the restored announcement (1.6125ms)
✔ first confirmed lost state is announced even without an earlier successful response (1.5452ms)
✔ brief Excavator flaps stay silent and do not arm a restored announcement (1.777ms)
✔ Excavator loss voice has a persisted five-minute cooldown across reload (4.0561ms)
✔ Excavator assignment batches reach the native bridge with exact operation keys (2.5855ms)
✔ an already announced Excavator batch never falls through to another cue (1.8536ms)
✔ a synchronous batch bridge failure falls back without rejecting (4.5967ms)
✔ native bridge keeps the legacy event contract while web fallback chooses the semantic cue (2.2227ms)
✔ equipment removal fallback uses its distinct removal cue (1.8147ms)
✔ a mixed Excavator batch keeps the generic assignment cue in its fallback (2.6743ms)
✔ a flapping connection restarts the loss dwell instead of accumulating it (1.7174ms)
✔ an outage that never lets up still announces once the dwell passes (1.1811ms)
✔ Driver dial fitting preserves the last visible result while its panel is hidden (11.0039ms)
✔ Driver dial fitting is cached until visible geometry or text changes (3.2837ms)
✔ Driver dial fitting can be forced after web fonts finish loading (3.3725ms)
✔ Driver preserves a forced web-font refit requested while Work is hidden (2.2645ms)
✔ Driver tab settling runs after two frames and replaces stale work (2.1562ms)
✔ Driver density settles from normal through compact to tight (1.651ms)
✔ Driver tab switch cancels an older density frame (1.5733ms)
✔ Driver applies viewport density and schedules Work dial fit before its first paint (0.8707ms)
✔ Driver full viewport scheduling preempts a pending tab settle (2.6282ms)
✔ Driver ignores disconnected, missing and wrong active panels (17.7285ms)
✔ Excavator defers only the Events status sync and replaces stale work (2.5041ms)
✔ Excavator ignores a shell detached before either settle frame (4.6614ms)
✔ Driver and Excavator both cancel requestAnimationFrame id zero (3.2089ms)
✔ Driver tab source keeps expensive fitting out of the click path (2.5045ms)
✔ Excavator click paints first and defers the Events request (2.5474ms)
✔ Excavator downtime status applies only the latest connected-shell response (2.4025ms)
✔ Excavator fragment refresh preserves the latest current-shell tab (1.4001ms)
✔ Excavator fragment refresh restores native APK update indicator (0.4654ms)
✔ Enter advances between Shift inputs and finishes on the soft-disabled action (5.8628ms)
✔ Android IME actions advance fields without any DOM key event (3.8519ms)
✔ Last Enter does not focus an action while its mutation is pending (1.8068ms)
✔ Shift inputs accept whole numbers only (2.4007ms)
✔ A blocked hold reports once and never completes (2.8639ms)
✔ An allowed Shift hold still completes exactly once (3.2292ms)
✔ Starting a hold releases an active editor before the timer runs (7.4567ms)
✔ driver native bridge follows server-rendered shift state (4.1379ms)
✔ excavator_operator native bridge follows server-rendered shift state (1.1808ms)
✔ native bridge stops immediately on logout and rechecks after resume (6.0391ms)
✔ browser and unrelated native roles never touch the Android plugin (0.6342ms)
✔ driver bridge exposes the durable shift-close outbox without widening other roles (15.1499ms)
✔ driver forwards fresh native evidence once across listener and snapshot (2.4738ms)
✔ excavator_operator forwards fresh native evidence once across listener and snapshot (1.6493ms)
✔ native bridge rejects stale future out-of-order and invalid evidence (1.6666ms)
✔ old APK lastAliveAt remains lifecycle-compatible without invented heartbeat (2.3381ms)
✔ background evidence is applied once from a fresh resume snapshot (1.8953ms)
✔ failure evidence is sanitized and never leaks native error text or queue content (1.327ms)
✔ production fragment helper sends a versioned JSON-only request (5.0325ms)
✔ production fragment helper rejects contract and screen mismatches (3.1629ms)
✔ production fragment helper times out a hung request and remains reusable (12.095ms)
✔ production fragment helper parses only the requested root (2.6876ms)
✔ Excavator fragment refresh admits only its scoped pending Shift owner (5.6704ms)
✔ concurrent Excavator refresh triggers share one in-flight request (2.2014ms)
✔ successful Excavator Shift save clears its draft before owned fragment reconciliation (1.8317ms)
✔ Driver maps confirmed actions to the required recorded voice announcements (1.6405ms)
✔ four production refresh handlers use narrow fragments, never a full HTML GET (7.2132ms)
✔ Mining Master delegates state polling exclusively to the shared realtime client (2.0736ms)
✔ real Driver button joins the real guard automatic update single-flight (9.0119ms)
✔ real Driver button retries the real guard after an automatic update error (11.2746ms)
✔ real Driver button reports an unavailable shared updater instead of a false current version (2.5774ms)
✔ base.html publishes PWA contract datasets and executable guard markers (2.7665ms)
✔ role controller listeners only reconcile stale UI while base owns contract reload (4.5388ms)
✔ Driver shift manual update delegates to the shared guarded single-flight path (1.3523ms)
✔ Excavator recovery banner is viewport-bound, safe-area aware and one-row (4.0695ms)
✔ shared contract banner contains long recovery text on narrow role screens (0.9991ms)
✔ quick initial verification keeps the generic banner hidden but locks mutations immediately (12.5065ms)
✔ field-app logout buttons clear the authenticated shell through the shared native-safe path (0.5316ms)
✔ logout clears through an active registration before the first page has a controller (3.5629ms)
✔ native APK uses the role worker for offline shell without entering the browser lock lifecycle (4.8087ms)
✔ native APK retries a failed role worker registration after connectivity returns (2.734ms)
✔ native APK retries a redundant worker install once and coalesces resume bursts (2.5653ms)
✔ native APK remains usable when the WebView service worker API is unavailable (1.8331ms)
✔ prolonged contract lock exposes a banner and non-secret diagnostics (2.4353ms)
✔ generic banner follows a role update modal opening and closing without duplicates (3.0895ms)
✔ a ready contract clears its completed flight so the same contract can relock and update again (3.4951ms)
✔ hanging registration.update is timed out, retried with bounded backoff, then exposes Retry (4.2635ms)
✔ stable role shells perform no full version_check GET and no automatic update (2.2854ms)
✔ each new role_shell_version causes exactly one controlled update (3.0437ms)
✔ manual update joins an in-flight automatic update for the same target shell (1.941ms)
✔ controllerchange reads the current controller and ignores a delayed old active response (1.7477ms)
✔ delayed old waiting response after controllerchange cannot roll contract state back (2.5249ms)
✔ controllerchange locks immediately until the new controller version is verified (2.0235ms)
✔ controllerchange with no version response cannot inherit the previous ready state (2.0234ms)
✔ matching waiting responses cannot unlock an unverified replacement controller (2.6812ms)
✔ waiting responses cannot hide a late controller mismatch or create a reload loop (3.7035ms)
✔ mismatching replacement controller triggers at most one safe reload (2.3092ms)
✔ mismatching controller waits for unfinished work and reloads after it becomes safe (3.9687ms)
✔ two Driver fragment rebinds add no SW registration or controllerchange listener (4.247ms)
✔ Driver can activate a waiting worker that matches newly loaded HTML (3.0019ms)
✔ Driver never offers an older waiting worker over newer loaded HTML (1.7418ms)
✔ Driver ignores a delayed stale waiting worker after promotion and fragment rebind (2.5557ms)
✔ unfinished Driver action never receives SKIP_WAITING or a forced reload (2.0496ms)
✔ controller change waits for an unfinished action and reloads exactly once when safe (3.3528ms)
✔ a broader worker from another role cannot replace the configured scoped worker (4.136ms)
✔ a legacy settlement worker cannot replace the configured clerk worker (2.0683ms)
✔ transient registration failure recovers automatically without an online event (3.4517ms)
✔ failed controlled update retries with backoff even while offline and does not storm (3.182ms)
✔ online burst reuses an in-flight service-worker registration (2.4227ms)
✔ PWA recovery controls remain clickable while the contract is locked (2.1605ms)
✔ old cached JavaScript and service worker lock new HTML and request an atomic update (2.0727ms)
✔ a coherent old shell remains usable offline and locks once a newer online contract is known (2.3106ms)
✔ contract recovery never mutates or removes an open trip from the DOM (2.1769ms)
✔ two sequential releases allow at most one reload for each expected contract (7.7476ms)
✔ all role PWA cache prefixes are unique and cleanup stays role-scoped (16.6581ms)
✔ Mining Master manual check stops on a shared-guard error before fallback registration (7.4111ms)
✔ Excavator ignores delayed waiting-worker version after promotion (5.2188ms)
✔ Mining Master ignores delayed waiting-worker version after promotion (4.6581ms)
✔ Excavator never sends SKIP_WAITING after a shown worker becomes active (2.4856ms)
✔ Mining Master never sends SKIP_WAITING after a shown worker becomes active (2.7458ms)
✔ Excavator closes a shown update when another tab activates its worker (2.3889ms)
✔ Mining Master closes a shown update when another tab activates its worker (2.2761ms)
✔ Excavator ignores a late old active-worker sync after the new sync wins (2.0698ms)
✔ Mining Master ignores a late old active-worker sync after the new sync wins (2.7419ms)
✔ QA preview renders all 53 sorted rows and premium five without fetch (151.5346ms)
✔ compact desktop columns follow participant thresholds without padding rows (41.9682ms)
✔ display order keeps 53 unique visible positions and exactly five premium rows across ties (10.5425ms)
✔ one assigned participant without closed shifts stays visible without a place or score (2.4167ms)
✔ a participant without a result does not affect the rated participant place (2.3872ms)
✔ two participants without closed shifts remain listed without visible places (2.0039ms)
✔ a no-result row never receives premium styling from display order (2.1786ms)
✔ three-column desktop layout remains available as a reserve (3.0861ms)
✔ rating row keeps explicit place and one photo-name-truck-movement badge (2.3311ms)
✔ saved replay fetches once and boots paused without live timers (11.7203ms)
✔ saved replay plays forward to day 30 and stops without wrapping (47.2891ms)
✔ saved replay plays backward to day 1 and stops without wrapping (42.4781ms)
✔ replay speed reschedules once while pause and step stay deterministic (13.085ms)
✔ random replay navigation keeps saved deltas and fixed place slots (13.042ms)
✔ incomplete saved replay fails closed without static fallback (3.4489ms)
✔ saved replay rejects different places for one equal score (3.5607ms)
✔ saved replay rejects a day marked unavailable (4.5152ms)
✔ keyboard visibility and mobile state pause replay safely (7.8085ms)
✔ fullscreen rejection preserves replay day phase and status (7.4179ms)
✔ formula replay uses its pinned schema and preserves exact nullable KPI rows (20.5445ms)
✔ visual and formula replay validators never autodetect or fall back (7.1731ms)
✔ formula replay rejects fake zero KPI and non-four-decimal rated score (19.3926ms)
✔ formula shift switch aborts stale response and preserves day on pause (44.1862ms)
✔ formula preview cannot force a disabled shift (17.1605ms)
✔ live initial fetch uses private no-store GET and the night query (3.001ms)
✔ future period stays a manual option and is not added to background refresh (3.1246ms)
✔ 15-second rotation follows only the dispatcher-selected program (5.1662ms)
✔ cached group transition aborts a pending request and ignores its late response (4.462ms)
✔ the active group is refreshed once after 300 seconds (3.3484ms)
✔ screen movement follows display order while shared server places stay unchanged (4.6809ms)
✔ initial 5xx replaces loading state with a terminal server message (1.5647ms)
✔ network failure preserves the last successful rating snapshot (2.3755ms)
✔ QA live reads state then materialized data and renders held placeholders (5.0166ms)
✔ QA live refreshes the real chain after ten seconds (3.3542ms)
✔ QA live never keeps another group under a 503 response (3.7075ms)
✔ QA live rejects a materialized response with another group identity (1.9758ms)
✔ QA live clears a same-group frame on 409 or 503 and retries later (5.5075ms)
✔ QA live ignores a late materialized response from the previous step (2.646ms)
✔ only Driver and Excavator opt into full foreground reconciliation (4.3331ms)
✔ first realtime 401 terminates auth once and permanently stops this client (8.3771ms)
✔ HTTP 500 is a connection failure, not authentication termination (4.8406ms)
✔ server restart recovery applies a higher version through custom refresh (3.9355ms)
✔ irrelevant delta advances version without events GET, custom refresh or HTML reload (2.5292ms)
✔ custom refresh false keeps the version pending until a retry applies it (2.6514ms)
✔ hidden tab pauses failed HTML refresh retries until one visible catch-up (3.6659ms)
✔ system admin uses the generic safe reload after server recovery (3.899ms)
✔ offline state is recoverable and does not terminate authentication (2.4076ms)
✔ the Driver and Excavator use 2s polling while other work and observer screens keep their shared intervals (8.3086ms)
✔ Mining Master runs twelve visible hours with only the shared five-second realtime timer (526.3708ms)
✔ Mining Master loads one JSON fragment for a relevant event and none for an irrelevant event (1.4149ms)
✔ Mining Master coalesces focus, visibility and online catch-up into one state request (1.2444ms)
✔ Driver foreground recovery reconciles the server fragment even at the same version (1.4865ms)
✔ Excavator BFCache recovery reconciles its first known version despite irrelevant delta (1.1417ms)
✔ foreground reconciliation stays pending while a worker edits and applies after focus clears (1.1522ms)
✔ ordinary focused polling does not reload a fresh Driver fragment (0.9521ms)
✔ a touch after a missed Android lifecycle gap forces one server reconciliation (1.0642ms)
✔ a second background cycle cannot be erased by an older in-flight fragment (1.9157ms)
✔ background during a normal version update still runs the required foreground fragment (1.668ms)
✔ hidden tab performs no initial or timer-driven realtime requests (1.0304ms)
✔ blur pauses polling and focus performs one immediate catch-up request (1.1354ms)
✔ native startup reveal wakes a rendered WebView before DOM focus is reported (1.2084ms)
✔ native Driver reveal reconciles its same-version shell before the first DOM focus (1.1142ms)
✔ force shares a healthy owner; a paused generation cannot clear its replacement (1.8977ms)
✔ active to hidden aborts the current poll and visible resumes exactly once (1.4754ms)
✔ one error is weak with reconnecting copy and no stale/lost class (8.2557ms)
✔ background watchdog never counts silence or corrupts settled state (4.579ms)
✔ watchdog timeout invalidates one owner and counts exactly once even with late abort catch (5.3475ms)
✔ wake events in separate turns share healthy poll and one reconciliation (4.5295ms)
✔ three real failures reach lost; successful transport stays recovering until DOM applied (3.1666ms)
✔ invalid/missing version response counts failure instead of silently hanging (2.156ms)
✔ missing role handler retains observed version and cannot mark it applied (2.5237ms)
✔ new irrelevant delta cannot clear an older failed DOM reconciliation (3.0168ms)
✔ fresh native success clears lost once but waits for WebView reconciliation (3.1954ms)
✔ ordinary first failure then success resets errors without a lost event (2.7192ms)
✔ current timeout and late finally cannot touch a newer request owner (2.2769ms)
✔ fifteen active seconds without either successful channel is lost, not invented failures (1.9361ms)
✔ a long visible WebView timer freeze probes before declaring Excavator connection lost (2.014ms)
✔ fresh successful native channel prevents false lost from a failing WebView channel (3.8304ms)
✔ stale future duplicate and native failure evidence cannot reset a failed WebView (1.7279ms)
✔ offline is weak until silence threshold and online alone is not transport proof (1.8036ms)
✔ pending outbox keeps recovering after fragment; drain requests final truth (2.3946ms)
✔ twenty-second server truth refresh repeats even while global version remains unchanged (6.8275ms)
✔ synchronous DOM throw retains pending version and retries with bounded backoff (2.7993ms)
✔ an older successful fragment cannot erase a newer requested server version (2.2679ms)
✔ failed role refresh gets exponential backoff while a busy input is only deferred (2.2817ms)
✔ planned pause abort produces diagnostic without an unplanned error or lost state (1.8227ms)
✔ HTTP 200 login HTML is invalid transport data and never acknowledges state (1.6276ms)
✔ separated lifecycle signals after a fast HTTP and DOM response still coalesce (2.0938ms)
✔ a later reconcile signal reuses a burst's plain focus response (1.9644ms)
✔ visible-only wake gets a fresh active silence budget after a minute in background (3.8874ms)
✔ native global version prompts a relevance poll instead of an unrelated fragment (3.2205ms)
✔ fresh network fragment clears lost even when the realtime channel failed (4.9068ms)
✔ authenticated WebView heartbeat recovers a PWA without any native bridge (2.5067ms)
✔ heartbeat event accepts only the authenticated endpoint's fresh 204 contract (1.8432ms)
✔ live role switch makes mutations readonly and preserves safe controls (51.6035ms)
✔ ready confirmation is disarmed when the active role changes (4.7533ms)
✔ read-only ordinary logout uses the production link handler and mutation confirms stay blocked (8.8889ms)
✔ driver shift-close and unload holds reset on a mid-hold role switch (13.5779ms)
✔ driver hold final callback rechecks readonly before local state changes (7.7702ms)
✔ production driver shift-close requires its hold marker and blocks readonly role (11.5674ms)
✔ driver: interrupted first fragment retains applied version and next truth restores loaded state (6.8554ms)
✔ driver: concurrent triggers share one fragment owner (2.4626ms)
✔ driver: wrong selector never acknowledges pending version (2.4953ms)
✔ driver: initialization failure after replacement never acknowledges version (5.0549ms)
✔ driver: hidden page, open modal and dirty form defer without GET or replacement (1.9233ms)
✔ driver: background entered during GET defers and leaves version pending (1.4813ms)
✔ driver: tab selected while GET runs and scroll snapshot survive replacement (2.219ms)
✔ driver: empty event delta still reconciles server truth and acknowledges actual payload version (1.9676ms)
✔ excavator: interrupted first fragment retains applied version and next truth restores loaded state (2.6388ms)
✔ excavator: concurrent triggers share one fragment owner (1.7055ms)
✔ excavator: wrong selector never acknowledges pending version (1.3528ms)
✔ excavator: initialization failure after replacement never acknowledges version (1.3904ms)
✔ excavator: hidden page, open modal and dirty form defer without GET or replacement (1.9472ms)
✔ excavator: background entered during GET defers and leaves version pending (1.53ms)
✔ excavator: tab selected while GET runs and scroll snapshot survive replacement (1.2646ms)
✔ excavator: empty event delta still reconciles server truth and acknowledges actual payload version (1.7502ms)
✔ driver: stale GET cannot overwrite a shell replaced by successful POST (2.2417ms)
✔ driver: same-owner newer target never claims the earlier fragment reflects that target (1.9814ms)
✔ excavator POST acknowledgement maps server IDs but leaves DOM applied version unchanged (2.7614ms)
✔ driver outbox acknowledgement uses only common reconciliation owner (2.8443ms)
✔ driver downtime acknowledgement records the server id and reconciles without a version (1.7552ms)
✔ driver refresh skips the DOM when the fragment equals the applied snapshot (2.2041ms)
✔ driver refresh skips the DOM for its own confirmed downtime but not for foreign events (2.164ms)
✔ driver refresh applies for real when a hidden tab was opened after an own downtime (2.3494ms)
✔ driver: outbox count feeds common machine and empty queue never asserts transport success (2.0273ms)
✔ excavator: outbox count feeds common machine and empty queue never asserts transport success (1.869ms)
✔ excavator direct fragment reports successful transport only after genuine DOM initialization (1.6837ms)
✔ production Driver unload recovery keeps one action id across hold, one-tap, lost response, reload, BFCache and realtime shell replacement (27.9213ms)
✔ production Excavator load survives a lost response and a restarted durable outbox retries the identical event (21.5471ms)
✔ production Excavator late deduplicated completed load reconciles from server and never revives the optimistic trip (10.8733ms)
ℹ tests 939
ℹ suites 0
ℹ pass 938
ℹ fail 0
ℹ cancelled 0
ℹ skipped 1
ℹ todo 0
ℹ duration_ms 3538.3646
