Using existing test database for alias 'default'...
...offline_sync: accepted despite discrepancy (Отмена погрузки/cancel_before_load) employee=1 role=6 — Отмена рейса #1 на 2026-09-29 11:30:54.032751+00:00 раньше времени погрузки (2026-09-29 11:31:24.032751+00:00). Принято по времени нажатия.
..offline_sync: accepted despite discrepancy (Погрузка экскаватором/open_trip_changed) employee=1 role=6 — Опоздавшее событие погрузки самосвала Самосвал 21 на 2026-09-29 11:33:25.160892+00:00 попадает в окно уже известного рейса #1 — та же погрузка, повторно отмеченная. Новый рейс не создан, действующий рейс #1 не тронут.
..................factual load accepted with inactive equipment: 3
.........offline_sync: accepted despite discrepancy (Начало простоя водителя/loaded_trip_required) employee=2 role=7 — Этот простой доступен только после погрузки самосвала. Простой принят по решению водителя.
........offline_sync: dependency missing-point-change-receipt for event automatic-unload-after-missing-point-parent is not stored; processing child independently
.offline_sync: dependency missing-point-change-receipt for event manual-complete-after-missing-point-parent is not stored; processing child independently
..offline_sync: accepted despite discrepancy (Отмена погрузки/cancel_before_load) employee=1 role=6 — Отмена рейса #1 на 2026-09-29 11:33:21.627837+00:00 раньше времени погрузки (2026-09-29 11:33:26.627837+00:00). Принято по времени нажатия.
......offline_sync: accepted despite discrepancy (Ручная отправка водителем/open_trip_changed) employee=2 role=7 — Водитель грузит самосвал Самосвал 21 вручную на 2026-09-29 11:33:29.016251+00:00, но открытый рейс #1 на сервере не совпал с этой отметкой. Отметка принята, старый рейс закрыт как непроконтролированный (uncontrolled), засчитан тому, кто грузил.
.offline_sync: accepted despite discrepancy (Погрузка экскаватором/newer_downtime_exists) employee=1 role=6 — Погрузка самосвала Самосвал 21 на 2026-09-29 11:33:22.100790+00:00 принята, хотя после неё по времени уже зафиксирован простой техники. Порядок событий — по времени нажатия.
.excavator load load-with-inactive-excavator accepted from inactive excavator 3 at 2026-09-29 11:33:22.168302+00:00
.....offline_sync: accepted despite discrepancy (Погрузка экскаватором/assignment_context_changed) employee=1 role=6 — Самосвал Самосвал 21 на момент погрузки (2026-09-29 11:33:30.485915+00:00) открыто числился за другим экскаватором. Погрузка машиниста принята через свободный ковш (приём #1, сразу использован), основное назначение самосвала на пульте не тронуто.
.offline_sync: accepted despite discrepancy (Переключение причины простоя/downtime_switch_before_start) employee=1 role=6 — Работник переключает причину простоя на 2026-09-29 11:03:27.595129+00:00, раньше начала текущего простоя #1 (2026-09-29 11:33:27.579484+00:00). Принято по фактическому времени начала текущего простоя.
.offline_sync: accepted despite discrepancy (Ручная отправка водителем/open_trip_changed) employee=2 role=7 — Опоздавшая ручная отметка водителя по самосвалу Самосвал 21 на 2026-09-29 11:23:27.676576+00:00 попала в промежуток перед рейсом #2 — создан исторический рейс #3, сразу закрытый как непроконтролированный на момент начала #2. Действующий рейс #2 не тронут.
.offline_sync: accepted despite discrepancy (Ручная отправка водителем/open_trip_changed) employee=2 role=7 — Опоздавшая ручная отметка водителя по самосвалу Самосвал 21 на 2026-09-29 11:32:57.733085+00:00 попадает в окно уже известного рейса #1 — та же погрузка, повторно отмеченная. Новый рейс не создан, действующий рейс #1 не тронут.
..offline_sync: dump point change dump-equal-time-late for trip 1 (occurred_at=2026-09-29 11:32:27.891852+00:00) superseded by a later change; recorded to history without moving the trip's current point
.offline_sync: event excavator-after-shift occurred_at=2026-09-29 10:38:27.955846+00:00 after shift 2 closed_at=2026-09-29 10:33:27.955846+00:00; accepted into shift history anyway
.offline_sync: accepted despite discrepancy (Погрузка экскаватором/open_trip_changed) employee=1 role=6 — Опоздавшее событие погрузки самосвала Самосвал 21 на 2026-09-29 11:05:28.005579+00:00 попало в промежуток перед рейсом #2 — создан исторический рейс #3, сразу закрытый как непроконтролированный на момент начала #2. Действующий рейс #2 не тронут.
.offline_sync: accepted despite discrepancy (Погрузка экскаватором/open_trip_changed) employee=1 role=6 — Опоздавшее событие погрузки самосвала Самосвал 21 на 2026-09-29 11:28:29.121216+00:00 попадает в окно уже известного рейса #1 — та же погрузка, повторно отмеченная. Новый рейс не создан, действующий рейс #2 не тронут.
.offline_sync: accepted despite discrepancy (Погрузка экскаватором/open_trip_changed) employee=1 role=6 — Опоздавшее событие погрузки самосвала Самосвал 21 на 2026-09-29 11:17:28.222562+00:00 попало в промежуток перед рейсом #2 — создан исторический рейс #3, сразу закрытый как непроконтролированный на момент начала #2. Действующий рейс #2 не тронут.
.offline_sync: accepted despite discrepancy (Разгрузка водителя/late_unload_after_supersede) employee=2 role=7 — Разгрузка рейса #1 нажата после погрузки следующего рейса #2; событие сохранено без повторного изменения рейсов.
...offline_sync: dependency legacy-parent-dependency_rejected-stage-a for event legacy-dependency_rejected-stage-a is not stored; processing child independently
offline_sync: dependency legacy-parent-dependency_owner_mismatch-stage-a for event legacy-dependency_owner_mismatch-stage-a is not stored; processing child independently
offline_sync: dependency legacy-parent-dependency_order_invalid-stage-a for event legacy-dependency_order_invalid-stage-a is not stored; processing child independently
........driver unload event legacy-unload-before-load-stage-a predates trip 1 load; clamping 2026-09-29 11:27:29.055507+00:00 to 2026-09-29 11:28:29.055507+00:00
.offline_sync: accepted despite discrepancy (Погрузка экскаватором/assignment_context_changed) employee=1 role=6 — Для пары самосвал 1/экскаватор 3 на момент погрузки (2026-09-29 11:33:29.118291+00:00) не нашлось вообще никакого назначения. Погрузка машиниста принята, заведено назначение #3 по факту этой погрузки.
.offline_sync: accepted despite discrepancy (Погрузка экскаватором/assignment_context_changed) employee=1 role=6 — Самосвал Самосвал 21 на момент погрузки (2026-09-29 11:33:29.188450+00:00) открыто числился за другим экскаватором. Погрузка машиниста принята через свободный ковш (приём #1, сразу использован), основное назначение самосвала на пульте не тронуто.
..offline_sync: dependency manual-load-still-required for event manual-complete-without-required-load is not stored; processing child independently
..offline_sync: dependency load-before-missing for event load-after-missing is not stored; processing child independently
offline_sync: accepted despite discrepancy (Погрузка экскаватором/open_trip_changed) employee=1 role=6 — Опоздавшее событие погрузки самосвала Самосвал 21 на 2026-09-29 11:33:29.435749+00:00 попадает в окно уже известного рейса #1 — та же погрузка, повторно отмеченная. Новый рейс не создан, действующий рейс #1 не тронут.
.offline_sync: accepted despite discrepancy (Погрузка экскаватором/open_trip_changed) employee=1 role=6 — Машинист грузит самосвал Самосвал 21, но открытый рейс #1 на сервере не совпал с ожидаемым (#—). Погрузка принята, старый рейс закрыт как непроконтролированный (uncontrolled), засчитан тому, кто грузил.
.offline_sync: accepted despite discrepancy (Ручная отправка водителем/open_trip_changed) employee=2 role=7 — Водитель грузит самосвал Самосвал 21 вручную на 2026-09-29 11:36:29.627038+00:00, но открытый рейс #1 на сервере не совпал с этой отметкой. Отметка принята, старый рейс закрыт как непроконтролированный (uncontrolled), засчитан тому, кто грузил.
....offline_sync: dump point change dump-out-of-order-earlier for trip 1 (occurred_at=2026-09-29 11:30:29.885128+00:00) superseded by a later change; recorded to history without moving the trip's current point
.offline_sync: accepted despite discrepancy (Погрузка экскаватором/assignment_time_mismatch) employee=1 role=6 — Запрошенное назначение #1 не подошло на момент нажатия (2026-09-29 11:26:29.943565+00:00) для пары самосвал 1/экскаватор 3. Принято назначение #1, действовавшее в это время на этой паре техники (или ближайшее известное, если точного совпадения по времени нет).
offline_sync: accepted despite discrepancy (Погрузка экскаватором/assignment_time_mismatch) employee=1 role=6 — Запрошенное назначение #1 не подошло на момент нажатия (2026-09-29 11:32:29.943565+00:00) для пары самосвал 1/экскаватор 3. Принято назначение #1, действовавшее в это время на этой паре техники (или ближайшее известное, если точного совпадения по времени нет).
offline_sync: accepted despite discrepancy (Погрузка экскаватором/newer_downtime_exists) employee=1 role=6 — Погрузка самосвала Самосвал 21 на 2026-09-29 11:32:29.943565+00:00 принята, хотя после неё по времени уже зафиксирован простой техники. Порядок событий — по времени нажатия.
.offline_sync: dependency rejected-parent-stage-a has status conflict; event independent-child-stage-a is evaluated independently
....offline_sync: event second-shift-close-stage-a occurred_at=2026-09-29 11:29:30.385874+00:00 after shift 1 closed_at=2026-09-29 11:28:30.385874+00:00; accepted into shift history anyway
offline_sync: accepted despite discrepancy (Закрытие смены/shift_already_closed) employee=2 role=7 — Повторное закрытие принято без изменения первого времени и показаний.
...driver unload event unload-before-load-stage-a predates trip 1 load; clamping 2026-09-29 11:27:30.564541+00:00 to 2026-09-29 11:28:30.564541+00:00
....offline_sync: dependency driver-manual-load-expired-resend has status conflict; event driver-manual-complete-expired-resend is evaluated independently
offline_sync: accepted despite discrepancy (driver.trip.loaded/free_bucket_cancelled_revived_by_driver_load) employee=2 role=7 — ковш #1 был отменён сервером 2026-09-29T11:03:30.845248+00:00; погрузка водителя 2026-09-29T10:54:30.845248+00:00 записана по факту
offline_sync: accepted despite discrepancy (driver.trip.loaded/free_bucket_accepted_by_driver_action) employee=2 role=7 — запрос свободного ковша #1 принят отметкой водителя 2026-09-29T10:54:30.845248+00:00; машинист на смене: нет
.offline_sync: accepted despite discrepancy (driver.trip.loaded/free_bucket_accepted_by_driver_action) employee=2 role=7 — запрос свободного ковша #1 принят отметкой водителя 2026-09-29T11:25:30.940769+00:00; машинист на смене: нет
offline_sync: accepted despite discrepancy (driver.trip.manual_completed/manual_complete_excavator_mismatch) employee=2 role=7 — рейс #1 экскаватора #4, в отметке завершения экскаватор #3
......offline_sync: accepted despite discrepancy (Free bucket acceptance/free_bucket_request_stale) employee=1 role=6 — Acceptance at 2026-09-29 11:13:31.388245+00:00 was superseded by trip #1 loaded at 2026-09-29 11:23:31.388245+00:00.
offline_sync: accepted despite discrepancy (Погрузка по свободному ковшу/free_bucket_acceptance_no_effect) employee=1 role=6 — Acceptance event free-accept-before-known-trip had no separate reservation row; factual load at 2026-09-29 11:14:31.388245+00:00 is applied directly.
offline_sync: accepted despite discrepancy (Погрузка по свободному ковшу/open_trip_changed) employee=1 role=6 — Запоздалая погрузка самосвала Самосвал 21 на 2026-09-29 11:14:31.388245+00:00 записана историческим рейсом #2; более новый рейс #1 не изменён.
.offline_sync: accepted despite discrepancy (Погрузка экскаватором/assignment_time_mismatch) employee=1 role=6 — Запрошенное назначение #1 не подошло на момент нажатия (2026-09-29 11:26:31.470703+00:00) для пары самосвал 1/экскаватор 3. Принято назначение #1, действовавшее в это время на этой паре техники (или ближайшее известное, если точного совпадения по времени нет).
offline_sync: accepted despite discrepancy (Погрузка экскаватором/open_trip_changed) employee=1 role=6 — Опоздавшее событие погрузки самосвала Самосвал 21 на 2026-09-29 11:26:31.470703+00:00 попадает в окно уже известного рейса #1 — та же погрузка, повторно отмеченная. Новый рейс не создан, действующий рейс #1 не тронут.
..offline_sync: accepted despite discrepancy (Погрузка экскаватором/assignment_context_changed) employee=1 role=6 — Самосвал Самосвал 21 на момент погрузки (2026-09-29 11:32:31.685530+00:00) открыто числился за другим экскаватором. Погрузка машиниста принята через свободный ковш (приём #1, сразу использован), основное назначение самосвала на пульте не тронуто.
.offline_sync: accepted despite discrepancy (Погрузка экскаватором/assignment_time_mismatch) employee=1 role=6 — Запрошенное назначение #1 не подошло на момент нажатия (2026-09-29 11:31:32.751652+00:00) для пары самосвал 1/экскаватор 3. Принято назначение #1, действовавшее в это время на этой паре техники (или ближайшее известное, если точного совпадения по времени нет).
.offline_sync: accepted despite discrepancy (Погрузка экскаватором/assignment_time_mismatch) employee=1 role=6 — Запрошенное назначение #1 не подошло на момент нажатия (2026-09-29 11:26:31.845811+00:00) для пары самосвал 1/экскаватор 3. Принято назначение #1, действовавшее в это время на этой паре техники (или ближайшее известное, если точного совпадения по времени нет).
.offline_sync: accepted despite discrepancy (Free bucket acceptance/free_bucket_target_changed) employee=1 role=6 — Truck 1 remains reserved by excavator 4 until that reservation ends.
....offline_sync: accepted despite discrepancy (Отмена выбора свободного ковша/free_bucket_cancel_after_expiry) employee=2 role=7 — Запрос #1 уже закончился на своей десятиминутной границе; поздняя отмена сохранена без сдвига времени.
..offline_sync: accepted despite discrepancy (Выбор свободного ковша/driver_shift_closed) employee=2 role=7 — Запоздалый выбор относится к уже закрытой смене и сохранён без изменения производства.
..offline_sync: accepted despite discrepancy (Выбор свободного ковша/free_bucket_primary_target) employee=2 role=7 — Выбран основной экскаватор; отдельный временный резерв не создан.
offline_sync: accepted despite discrepancy (Отмена выбора свободного ковша/free_bucket_cancel_no_effect) employee=2 role=7 — Отмена driver-free-primary-cancel относится к выбору driver-free-select-1, который не создавал отдельного резерва; текущее производственное состояние не изменено.
.offline_sync: accepted despite discrepancy (Погрузка экскаватором/open_trip_changed) employee=1 role=6 — Опоздавшее событие погрузки самосвала Самосвал 21 на 2026-09-29 11:33:32.626018+00:00 попадает в окно уже известного рейса #1 — та же погрузка, повторно отмеченная. Новый рейс не создан, действующий рейс #1 не тронут.
.offline_sync: accepted despite discrepancy (Выбор свободного ковша/open_trip_exists) employee=2 role=7 — Выбор свободного ковша сохранён без резерва: самосвал Самосвал 21 уже находится в рейсе #1.
.....offline_sync: accepted despite discrepancy (Выбор свободного ковша/free_bucket_request_stale) employee=2 role=7 — Запоздалый выбор относится к завершённому состоянию и сохранён без эффекта.
.offline_sync: accepted despite discrepancy (Free bucket acceptance/free_bucket_already_accepted) employee=1 role=6 — Acceptance #1 is already active for this excavator.
.offline_sync: accepted despite discrepancy (Приём под свободный ковш/excavator_shift_closed) employee=1 role=6 — Запоздалый приём относится к уже закрытой смене и сохранён без нового оперативного резерва.
..offline_sync: accepted despite discrepancy (Отмена свободного ковша/free_bucket_cancel_after_expiry) employee=1 role=6 — Приём #1 уже закончился на своей десятиминутной границе; поздняя отмена сохранена без сдвига времени.
.offline_sync: accepted despite discrepancy (Отмена свободного ковша/free_bucket_cancel_stale) employee=1 role=6 — Отмена предшествует более позднему приёму и сохранена без изменения резерва.
.offline_sync: accepted despite discrepancy (Free bucket acceptance/free_bucket_request_stale) employee=1 role=6 — Acceptance at 2026-09-29 11:13:33.453063+00:00 was superseded by trip #1 loaded at 2026-09-29 11:23:33.453063+00:00.
offline_sync: accepted despite discrepancy (Отмена свободного ковша/free_bucket_cancel_no_effect) employee=1 role=6 — Отмена free-cancel-no-row относится к приёму free-accept-no-row-cancel, который не создавал отдельного резерва; текущий резерв другого работника не изменён.
.....offline_sync: accepted despite discrepancy (Погрузка по свободному ковшу/free_bucket_acceptance_expired) employee=1 role=6 — Acceptance #1 expired at 2026-09-29 11:32:34.094816+00:00; factual load at 2026-09-29 11:33:34.094816+00:00 is accepted as a new one-shot cycle.
offline_sync: accepted despite discrepancy (Погрузка экскаватором/assignment_context_changed) employee=1 role=6 — Самосвал Самосвал 21 на момент погрузки (2026-09-29 11:33:34.094816+00:00) открыто числился за другим экскаватором. Погрузка машиниста принята через свободный ковш (приём #2, сразу использован), основное назначение самосвала на пульте не тронуто.
....offline_sync: accepted despite discrepancy (Погрузка экскаватором/assignment_context_changed) employee=3 role=6 — Самосвал Самосвал 21 на момент погрузки (2026-09-29 11:33:34.478515+00:00) открыто числился за другим экскаватором. Погрузка машиниста принята через свободный ковш (приём #2, сразу использован), основное назначение самосвала на пульте не тронуто.
.offline_sync: dependency owner mismatch for event free-load-1 dependency free-accept-1; processing child by its own domain references
offline_sync: accepted despite discrepancy (Погрузка по свободному ковшу/free_bucket_context_changed) employee=1 role=6 — Acceptance event free-accept-1 resolved to coordination hint #1 owned by another excavator; factual load is applied for excavator 3 without changing the primary assignment.
offline_sync: accepted despite discrepancy (Погрузка экскаватором/assignment_context_changed) employee=1 role=6 — Самосвал Самосвал 21 на момент погрузки (2026-09-29 11:33:35.547125+00:00) открыто числился за другим экскаватором. Погрузка машиниста принята через свободный ковш (приём #2, сразу использован), основное назначение самосвала на пульте не тронуто.
......offline_sync: accepted despite discrepancy (Выбор свободного ковша/free_bucket_target_changed) employee=2 role=7 — Самосвал 1 уже зарезервирован экскаватором 3; новый выбор сохранён без смены резерва.
...offline_sync: accepted despite discrepancy (Выбор свободного ковша/free_bucket_request_stale) employee=2 role=7 — После выбора состояние рейса изменилось; резерв задним числом не создан.
.offline_sync: accepted despite discrepancy (Free bucket acceptance/free_bucket_target_changed) employee=3 role=6 — Truck 1 remains reserved by excavator 3 until that reservation ends.
offline_sync: accepted despite discrepancy (Отмена свободного ковша/free_bucket_cancel_no_effect) employee=3 role=6 — Отмена free-cancel-coordination-loser относится к приёму free-accept-cancel-loser, который не создавал отдельного резерва; текущий резерв другого работника не изменён.
.offline_sync: accepted despite discrepancy (Free bucket acceptance/free_bucket_target_changed) employee=3 role=6 — Truck 1 remains reserved by excavator 3 until that reservation ends.
offline_sync: accepted despite discrepancy (Погрузка по свободному ковшу/free_bucket_context_changed) employee=3 role=6 — Acceptance event free-accept-coordination-loser resolved to coordination hint #1 owned by another excavator; factual load is applied for excavator 4 without changing the primary assignment.
offline_sync: accepted despite discrepancy (Погрузка экскаватором/assignment_context_changed) employee=3 role=6 — Самосвал Самосвал 21 на момент погрузки (2026-09-29 11:31:37.532692+00:00) открыто числился за другим экскаватором. Погрузка машиниста принята через свободный ковш (приём #2, сразу использован), основное назначение самосвала на пульте не тронуто.
.offline_sync: accepted despite discrepancy (Выбор свободного ковша/free_bucket_target_changed) employee=2 role=7 — Самосвал 1 уже зарезервирован экскаватором 4; новый выбор сохранён без смены резерва.
offline_sync: accepted despite discrepancy (Отмена выбора свободного ковша/free_bucket_cancel_no_effect) employee=2 role=7 — Отмена driver-free-cancel-target-loser относится к выбору driver-free-select-target-loser, который не создавал отдельного резерва; текущее производственное состояние не изменено.
.offline_sync: accepted despite discrepancy (driver.trip.loaded/free_bucket_cancelled_revived_by_driver_load) employee=2 role=7 — ковш #1 был отменён сервером 2026-09-29T11:03:35.713310+00:00; погрузка водителя 2026-09-29T10:54:35.713310+00:00 записана по факту
offline_sync: accepted despite discrepancy (driver.trip.loaded/free_bucket_accepted_by_driver_action) employee=2 role=7 — запрос свободного ковша #1 принят отметкой водителя 2026-09-29T10:54:35.713310+00:00; машинист на смене: нет
.offline_sync: accepted despite discrepancy (driver.trip.loaded/free_bucket_accepted_by_driver_action) employee=2 role=7 — запрос свободного ковша #1 принят отметкой водителя 2026-09-29T11:25:35.799276+00:00; машинист на смене: есть
.offline_sync: accepted despite discrepancy (driver.trip.loaded/free_bucket_accepted_by_driver_action) employee=2 role=7 — запрос свободного ковша #1 принят отметкой водителя 2026-09-29T11:25:35.893432+00:00; машинист на смене: нет
.offline_sync: accepted despite discrepancy (Погрузка по свободному ковшу/free_bucket_already_loaded) employee=3 role=6 — Временный приём #1 уже использован рейсом #1; повторная отметка сохранена без второго рейса.
..offline_sync: dependency free-accept-later for event free-load-earlier is not stored; processing child independently
..offline_sync: accepted despite discrepancy (Free bucket acceptance/free_bucket_request_stale) employee=1 role=6 — Acceptance at 2026-09-29 11:33:36.368295+00:00 was superseded by trip #1 loaded at 2026-09-29 11:33:37.339797+00:00.
.offline_sync: accepted despite discrepancy (Free bucket acceptance/free_bucket_target_changed) employee=3 role=6 — Truck 1 remains reserved by excavator 3 until that reservation ends.
.....offline_sync: accepted despite discrepancy (Погрузка по свободному ковшу/free_bucket_already_loaded) employee=1 role=6 — Временный приём #1 уже использован рейсом #1; повторная отметка сохранена без второго рейса.
offline_sync: accepted despite discrepancy (Погрузка по свободному ковшу/free_bucket_new_load_after_used) employee=1 role=6 — Acceptance #1 belongs to trip #1; a distinct factual load at 2026-09-29 11:35:37.054185+00:00 starts a new one-shot cycle.
offline_sync: accepted despite discrepancy (Погрузка экскаватором/assignment_context_changed) employee=1 role=6 — Самосвал Самосвал 21 на момент погрузки (2026-09-29 11:35:37.054185+00:00) открыто числился за другим экскаватором. Погрузка машиниста принята через свободный ковш (приём #2, сразу использован), основное назначение самосвала на пульте не тронуто.
...
----------------------------------------------------------------------
Ran 175 tests in 13.662s

OK
Preserving test database for alias 'default'...
