{
  "result": "PASS_CURRENT_BEHAVIOR",
  "label": "pr106",
  "sha": "17cbb3e913dfdc98aaa9585ba4090d0f4cf17ee0",
  "node": "v24.16.0",
  "runtime_blobs": {
    "driver": "b4ec7303651624af0670d90ccee9bc187538176b",
    "excavator": "74f27be85b868cf23b07466630c09eb166949b4f"
  },
  "working_sha256": {
    "driver": "fb0b31c52c55a57a8d0486f58069127cba7f8c08f8c9ddcd5b4c2acc5513c753",
    "excavator": "cc2c731a1d4ec580499021ed3b1b93d0d8de458148b310c28d82ecabe7035ef3"
  },
  "observed": {
    "driverConfirmedParent": [
      "c"
    ],
    "driverForeignParent": [
      "foreign-child"
    ],
    "driverBucketChain": [
      "fb-complete"
    ],
    "excavatorConfirmedParent": [
      "ec"
    ],
    "excavatorForeignParent": [
      "exc-foreign-child"
    ]
  },
  "scenarios": [
    {
      "name": "driver-confirmed-parent",
      "before": [
        {
          "id": "c",
          "state": "conflict",
          "code": "dependency_rejected"
        }
      ],
      "sent": [
        "c"
      ],
      "remaining": []
    },
    {
      "name": "driver-foreign-parent",
      "before": [
        {
          "id": "foreign-parent",
          "state": "conflict",
          "code": "equipment_context_changed"
        },
        {
          "id": "foreign-child",
          "state": "conflict",
          "code": "dependency_owner_mismatch"
        }
      ],
      "sent": [
        "foreign-child"
      ],
      "remaining": [
        {
          "id": "foreign-parent",
          "state": "conflict",
          "code": "equipment_context_changed"
        }
      ]
    },
    {
      "name": "driver-free-bucket-chain",
      "before": [
        {
          "id": "fb-load",
          "state": "conflict",
          "code": "free_bucket_not_available"
        },
        {
          "id": "fb-complete",
          "state": "conflict",
          "code": "dependency_rejected"
        }
      ],
      "sent": [
        "fb-complete"
      ],
      "remaining": [
        {
          "id": "fb-load",
          "state": "conflict",
          "code": "free_bucket_not_available"
        }
      ]
    },
    {
      "name": "excavator-confirmed-parent",
      "before": [
        {
          "id": "ec",
          "state": "conflict",
          "code": "dependency_rejected"
        }
      ],
      "sent": [
        "ec"
      ],
      "remaining": []
    },
    {
      "name": "excavator-foreign-parent",
      "before": [
        {
          "id": "exc-foreign-parent",
          "state": "conflict",
          "code": "equipment_context_changed"
        },
        {
          "id": "exc-foreign-child",
          "state": "conflict",
          "code": "dependency_owner_mismatch"
        }
      ],
      "sent": [
        "exc-foreign-child"
      ],
      "remaining": [
        {
          "id": "exc-foreign-parent",
          "state": "conflict",
          "code": "equipment_context_changed"
        }
      ]
    }
  ],
  "target_gaps": [
    "free_bucket_not_available root is not retried while its child is sent alone"
  ]
}
