M  .github/deploy/production-files.txt
M  ПРОГРЕСС_ПРОЕКТА/00_ИНДЕКС.md
M  ПРОГРЕСС_ПРОЕКТА/01_ТЕКУЩЕЕ_СОСТОЯНИЕ.md
M  ПРОГРЕСС_ПРОЕКТА/02_ЖУРНАЛ_РЕШЕНИЙ.md
M  ПРОГРЕСС_ПРОЕКТА/04_БЛИЖАЙШИЕ_ЗАДАЧИ.md
M  ПРОГРЕСС_ПРОЕКТА/187_АВТОНОМНАЯ_РАБОТА_ПОЛЕВЫХ_ПРИЛОЖЕНИЙ_2026_09_13.md
A  ПРОГРЕСС_ПРОЕКТА/191_ЕДИНЫЙ_КОНТРАКТ_РОЛЕВЫХ_ПРИЛОЖЕНИЙ.md
M  ПРОГРЕСС_ПРОЕКТА/196_КАНОНИЧЕСКАЯ_ЛОГИКА_КНОПОК_ЭКРАНА_РАБОТА_ВОДИТЕЛЯ_17_09_2026.md
A  ПРОГРЕСС_ПРОЕКТА/212_ЭТАП_A_РАБОТНИК_ИСТИНА_2026_09_27.md
M  ПРОГРЕСС_ПРОЕКТА/РУЧНОЕ_УПРАВЛЕНИЕ_ОТГРУЗКАМИ_2026_09_11.md
UU СИСТЕМА_MVP/backend/core/offline_sync.py
M  СИСТЕМА_MVP/backend/core/test_free_bucket_sync.py
M  СИСТЕМА_MVP/backend/core/test_offline_sync.py
M  СИСТЕМА_MVP/backend/downtimes/driver_workflow.py
A  СИСТЕМА_MVP/backend/downtimes/migrations/0006_downtimeevent_closure_reason.py
M  СИСТЕМА_MVP/backend/downtimes/models.py
M  СИСТЕМА_MVP/backend/downtimes/tests.py
M  СИСТЕМА_MVP/backend/static/css/driver-manual-excavator-workspace-v1.css
M  СИСТЕМА_MVP/backend/static/js/driver-free-bucket-v1.js
M  СИСТЕМА_MVP/backend/static/js/driver-manual-excavator-workspace-v1.js
UU СИСТЕМА_MVP/backend/static/js/driver-offline-outbox-v2.js
M  СИСТЕМА_MVP/backend/static/js/driver-point-drum-v1.js
M  СИСТЕМА_MVP/backend/static/js/driver-shift-v1.js
M  СИСТЕМА_MVP/backend/static/js/excavator-field-outbox-v1.js
M  СИСТЕМА_MVP/backend/static/js/excavator-free-bucket-v1.js
M  СИСТЕМА_MVP/backend/static/js/tests/driver-downtime-workflow-runtime.test.js
M  СИСТЕМА_MVP/backend/static/js/tests/driver-drum-readability-contract.test.js
M  СИСТЕМА_MVP/backend/static/js/tests/driver-free-bucket-v1.test.js
M  СИСТЕМА_MVP/backend/static/js/tests/driver-manual-excavator-workspace.test.js
UU СИСТЕМА_MVP/backend/static/js/tests/driver-offline-outbox-v2.test.js
M  СИСТЕМА_MVP/backend/static/js/tests/driver-offline-template-contract.test.js
M  СИСТЕМА_MVP/backend/static/js/tests/driver-unload-outbox.test.js
M  СИСТЕМА_MVP/backend/static/js/tests/excavator-field-outbox.test.js
M  СИСТЕМА_MVP/backend/static/js/tests/excavator-free-bucket-contract.test.js
M  СИСТЕМА_MVP/backend/static/js/tests/excavator-native-capabilities-runtime.test.js
M  СИСТЕМА_MVP/backend/static/js/tests/mobile-dial-actions-v1.test.js
M  СИСТЕМА_MVP/backend/templates/includes/driver_manual_excavator_workspace.html
M  СИСТЕМА_MVP/backend/templates/includes/excavator_dashboard_dump_card.html
M  СИСТЕМА_MVP/backend/templates/includes/excavator_dashboard_workspace.html
M  СИСТЕМА_MVP/backend/templates/trips/excavator_work.html
M  СИСТЕМА_MVP/backend/templates/users/driver_shift.html
M  СИСТЕМА_MVP/backend/trips/forms.py
M  СИСТЕМА_MVP/backend/trips/free_bucket.py
M  СИСТЕМА_MVP/backend/trips/manual_loading.py
M  СИСТЕМА_MVP/backend/trips/qa_simulator.py
M  СИСТЕМА_MVP/backend/trips/test_chaos_p01_shift_downtime.py
M  СИСТЕМА_MVP/backend/trips/test_chaos_trip_terminal_idempotency.py
M  СИСТЕМА_MVP/backend/trips/test_manual_loading.py
M  СИСТЕМА_MVP/backend/trips/tests.py
M  СИСТЕМА_MVP/backend/trips/trip_creation.py
M  СИСТЕМА_MVP/backend/trips/views.py
M  СИСТЕМА_MVP/backend/users/role_apps.py
M  СИСТЕМА_MVP/backend/users/tests.py
M  СИСТЕМА_MVP/backend/users/views.py
