Performing system checks...

System check identified no issues (0 silenced).
September 30, 2026 - 07:49:27
Django version 6.0.6, using settings 'config.settings'
Starting development server at http://127.0.0.1:8042/
Quit the server with CTRL-BREAK.

WARNING: This is a development server. Do not use it in a production setting. Use a production WSGI or ASGI server instead.
For more information on production servers see: https://docs.djangoproject.com/en/6.0/howto/deployment/
[30/Sep/2026 07:49:30] "HEAD / HTTP/1.1" 200 0
[30/Sep/2026 07:49:30] "GET / HTTP/1.1" 200 165289
[30/Sep/2026 07:49:30] "GET /static/css/app.css?v=ready-core-traffic-v184 HTTP/1.1" 200 930552
[30/Sep/2026 07:49:30] "GET /static/css/max-support-link-v1.css?v=6 HTTP/1.1" 200 3002
[30/Sep/2026 07:49:30] "GET /static/vendor/bulma/button-1.0.4.min.css HTTP/1.1" 200 11997
[30/Sep/2026 07:49:30] "GET /static/css/entry-action-button-v2.css HTTP/1.1" 200 4279
[30/Sep/2026 07:49:30] "GET /static/css/login-v2.css?v=5 HTTP/1.1" 200 19477
[30/Sep/2026 07:49:30] "GET /static/js/role-readonly.js?v=role-readonly-v6 HTTP/1.1" 200 20170
[30/Sep/2026 07:49:30] "GET /static/img/start/login-hero-tall-v2.webp HTTP/1.1" 200 210296
[30/Sep/2026 07:49:30] "GET /static/js/realtime-client.js?v=ready-core-traffic-v184 HTTP/1.1" 200 57670
[30/Sep/2026 07:49:30] "GET /static/js/client-error-report.js?v=ready-core-traffic-v184 HTTP/1.1" 200 9071
[30/Sep/2026 07:49:30] "GET /static/js/connection-indicators-v1.js?v=ready-core-traffic-v184 HTTP/1.1" 200 1633
[30/Sep/2026 07:49:30] "GET /static/img/start/start-hero-v1.webp HTTP/1.1" 200 39178
[30/Sep/2026 07:49:30] "GET /static/favicon.ico HTTP/1.1" 200 3879
[30/Sep/2026 07:49:58] "GET /excavator/work/ HTTP/1.1" 200 442478
[30/Sep/2026 07:49:58] "GET /static/js/role-readonly.js?v=role-readonly-v6 HTTP/1.1" 200 20170
[30/Sep/2026 07:49:58] "GET /static/css/mobile-face-unified-v1.css?v=excavator-mobile-shell-v263 HTTP/1.1" 200 7892
[30/Sep/2026 07:49:58] "GET /static/css/app.css?v=ready-core-traffic-v184 HTTP/1.1" 200 930552
[30/Sep/2026 07:49:58] "GET /static/css/excavator-work-v55.css?v=excavator-mobile-shell-v263 HTTP/1.1" 200 117524
[30/Sep/2026 07:49:58] "GET /static/css/native-app-update-v1.css?v=1 HTTP/1.1" 200 2103
[30/Sep/2026 07:49:58] "GET /static/css/mobile-shift-unified-v1.css?v=excavator-mobile-shell-v263 HTTP/1.1" 200 29655
[30/Sep/2026 07:49:58] "GET /static/css/excavator-work-v55-shift.css?v=excavator-mobile-shell-v263 HTTP/1.1" 200 182518
[30/Sep/2026 07:49:58] "GET /static/css/excavator-work-v55-final.css?v=excavator-mobile-shell-v263 HTTP/1.1" 200 97191
[30/Sep/2026 07:49:58] "GET /static/css/excavator-hourly-report-v1.css?v=excavator-mobile-shell-v263 HTTP/1.1" 200 9941
[30/Sep/2026 07:49:58] "GET /static/css/excavator-manual-loading-v1.css?v=4 HTTP/1.1" 200 4973
[30/Sep/2026 07:49:58] "GET /static/css/mobile-downtime-unified-v1.css?v=excavator-mobile-shell-v263 HTTP/1.1" 200 12046
[30/Sep/2026 07:49:58] "GET /static/css/excavator-offline-v1.css?v=1 HTTP/1.1" 200 2337
[30/Sep/2026 07:49:58] "GET /static/css/excavator-free-bucket-v1.css?v=excavator-mobile-shell-v263 HTTP/1.1" 200 14996
[30/Sep/2026 07:49:58] "GET /static/img/equipment/truck-blue.png HTTP/1.1" 200 48406
[30/Sep/2026 07:49:58] "GET /static/img/equipment/excavator-yellow.png HTTP/1.1" 200 68719
[30/Sep/2026 07:49:58] "GET /excavator.webmanifest HTTP/1.1" 200 1541
[30/Sep/2026 07:49:58] "GET /static/js/excavator-dashboard-drag-v1.js?v=excavator-mobile-shell-v263 HTTP/1.1" 200 25110
[30/Sep/2026 07:49:58] "GET /static/js/excavator-dump-return-swipe-v1.js?v=excavator-mobile-shell-v263 HTTP/1.1" 200 15961
[30/Sep/2026 07:49:58] "GET /static/js/realtime-client.js?v=ready-core-traffic-v184 HTTP/1.1" 200 57670
[30/Sep/2026 07:49:58] "GET /static/js/connection-indicators-v1.js?v=ready-core-traffic-v184 HTTP/1.1" 200 1633
[30/Sep/2026 07:49:58] "GET /static/js/client-error-report.js?v=ready-core-traffic-v184 HTTP/1.1" 200 9071
[30/Sep/2026 07:49:58] "GET /static/js/excavator-haptics-v1.js?v=excavator-mobile-shell-v263 HTTP/1.1" 200 1437
[30/Sep/2026 07:49:58] "GET /static/js/excavator-native-push-v1.js?v=excavator-mobile-shell-v263 HTTP/1.1" 200 4268
[30/Sep/2026 07:49:58] "GET /static/js/mobile-shift-unified-v1.js?v=excavator-mobile-shell-v263 HTTP/1.1" 200 12331
[30/Sep/2026 07:49:58] "GET /static/js/excavator-field-outbox-v1.js?v=excavator-mobile-shell-v263 HTTP/1.1" 200 39073
[30/Sep/2026 07:49:58] "GET /static/js/application-session-heartbeat.js?v=ready-core-traffic-v184 HTTP/1.1" 200 11123
[30/Sep/2026 07:49:58] "GET /static/js/excavator-truck-number-fit-v1.js?v=excavator-mobile-shell-v263 HTTP/1.1" 200 5269
[30/Sep/2026 07:49:58] "GET /static/js/excavator-hourly-report-v1.js?v=excavator-mobile-shell-v263 HTTP/1.1" 200 18362
[30/Sep/2026 07:49:58] "GET /static/js/mobile-operational-sounds-v1.js?v=excavator-mobile-shell-v263 HTTP/1.1" 200 24223
[30/Sep/2026 07:49:58] "GET /static/js/excavator-local-shift-v1.js?v=excavator-mobile-shell-v263 HTTP/1.1" 200 33514
[30/Sep/2026 07:49:58] "GET /static/js/equipment-label-fit-v1.js?v=excavator-mobile-shell-v263 HTTP/1.1" 200 14575
[30/Sep/2026 07:49:58] "GET /static/js/excavator-free-bucket-v1.js?v=excavator-mobile-shell-v263 HTTP/1.1" 200 45435
[30/Sep/2026 07:49:58] "GET /static/favicon.ico HTTP/1.1" 200 3879
[30/Sep/2026 07:49:58] "GET /static/img/pwa/excavator-180.png HTTP/1.1" 200 5421
[30/Sep/2026 07:49:58] "POST /session-heartbeat/ HTTP/1.1" 204 0
[30/Sep/2026 07:49:58] "GET /excavator-sw.js HTTP/1.1" 200 23634
[30/Sep/2026 07:49:58] "GET /static/js/connection-indicators-v1.js?v=ready-core-traffic-v184 HTTP/1.1" 200 1633
[30/Sep/2026 07:49:58] "GET /static/js/realtime-client.js?v=ready-core-traffic-v184 HTTP/1.1" 200 57670
[30/Sep/2026 07:49:58] "GET /static/js/client-error-report.js?v=ready-core-traffic-v184 HTTP/1.1" 200 9071
[30/Sep/2026 07:49:58] "GET /static/js/application-session-heartbeat.js?v=ready-core-traffic-v184 HTTP/1.1" 200 11123
[30/Sep/2026 07:49:58] "GET /realtime/state/?after=1663&include_events=1&role_app_code=excavator_operator HTTP/1.1" 200 604
[30/Sep/2026 07:49:58] "GET /static/css/app.css?v=ready-core-traffic-v184 HTTP/1.1" 200 930552
[30/Sep/2026 07:49:58] "GET /excavator.webmanifest HTTP/1.1" 200 1541
[30/Sep/2026 07:49:58] "GET /static/js/native-background-connection-v1.js?v=ready-core-traffic-v184 HTTP/1.1" 200 7352
[30/Sep/2026 07:49:58] "GET /static/portal/js/portal-shell-v5.js HTTP/1.1" 200 6248
[30/Sep/2026 07:49:58] "GET /static/js/realtime-client.js?v=ready-core-traffic-v184 HTTP/1.1" 200 57670
[30/Sep/2026 07:49:58] "GET /static/portal/css/portal-shell-v5.css?v=7 HTTP/1.1" 200 89418
[30/Sep/2026 07:49:58] "GET /static/js/role-readonly.js HTTP/1.1" 200 20170
[30/Sep/2026 07:49:58] "GET /company/privacy/?from=role-login HTTP/1.1" 200 14364
[30/Sep/2026 07:49:58] "GET /static/css/excavator-manual-loading-v1.css?v=4 HTTP/1.1" 200 4973
[30/Sep/2026 07:49:59] "GET /static/css/excavator-work-v55-final.css?v=excavator-mobile-shell-v263 HTTP/1.1" 200 97191
[30/Sep/2026 07:49:59] "GET /static/css/excavator-work-v55.css?v=excavator-mobile-shell-v263 HTTP/1.1" 200 117524
[30/Sep/2026 07:49:59] "GET /static/css/mobile-shift-unified-v1.css?v=excavator-mobile-shell-v263 HTTP/1.1" 200 29655
[30/Sep/2026 07:49:59] "GET /static/css/mobile-face-unified-v1.css?v=excavator-mobile-shell-v263 HTTP/1.1" 200 7892
[30/Sep/2026 07:49:59] "GET /static/css/excavator-work-v55-shift.css?v=excavator-mobile-shell-v263 HTTP/1.1" 200 182518
[30/Sep/2026 07:49:59] "GET /static/css/mobile-downtime-unified-v1.css?v=excavator-mobile-shell-v263 HTTP/1.1" 200 12046
[30/Sep/2026 07:49:59] "GET /static/css/excavator-hourly-report-v1.css?v=excavator-mobile-shell-v263 HTTP/1.1" 200 9941
[30/Sep/2026 07:49:59] "GET /static/js/mobile-shift-unified-v1.js?v=excavator-mobile-shell-v263 HTTP/1.1" 200 12331
[30/Sep/2026 07:49:59] "GET /static/css/mobile-role-login-v1.css HTTP/1.1" 200 37466
[30/Sep/2026 07:49:59] "GET /static/js/mobile-operational-sounds-v1.js?v=excavator-mobile-shell-v263 HTTP/1.1" 200 24223
[30/Sep/2026 07:49:59] "GET /static/js/excavator-native-push-v1.js?v=excavator-mobile-shell-v263 HTTP/1.1" 200 4268
[30/Sep/2026 07:49:59] "GET /static/js/excavator-haptics-v1.js?v=excavator-mobile-shell-v263 HTTP/1.1" 200 1437
[30/Sep/2026 07:49:59] "GET /static/js/excavator-hourly-report-v1.js?v=excavator-mobile-shell-v263 HTTP/1.1" 200 18362
[30/Sep/2026 07:49:59] "GET /static/js/excavator-field-outbox-v1.js?v=excavator-mobile-shell-v263 HTTP/1.1" 200 39073
[30/Sep/2026 07:49:59] "GET /static/css/app.css?v=ready-core-traffic-v184 HTTP/1.1" 200 930552
[30/Sep/2026 07:49:59] "GET /static/js/excavator-local-shift-v1.js?v=excavator-mobile-shell-v263 HTTP/1.1" 200 33514
[30/Sep/2026 07:49:59] "GET /static/js/excavator-free-bucket-v1.js?v=excavator-mobile-shell-v263 HTTP/1.1" 200 45435
[30/Sep/2026 07:49:59] "GET /static/js/equipment-label-fit-v1.js?v=excavator-mobile-shell-v263 HTTP/1.1" 200 14575
[30/Sep/2026 07:49:59] "GET /static/js/excavator-truck-number-fit-v1.js?v=excavator-mobile-shell-v263 HTTP/1.1" 200 5269
[30/Sep/2026 07:49:59] "GET /static/css/excavator-free-bucket-v1.css?v=excavator-mobile-shell-v263 HTTP/1.1" 200 14996
[30/Sep/2026 07:49:59] "GET /static/js/excavator-dump-return-swipe-v1.js?v=excavator-mobile-shell-v263 HTTP/1.1" 200 15961
[30/Sep/2026 07:49:59] "GET /static/js/excavator-dashboard-drag-v1.js?v=excavator-mobile-shell-v263 HTTP/1.1" 200 25110
[30/Sep/2026 07:49:59] "GET /static/css/excavator-offline-v1.css?v=1 HTTP/1.1" 200 2337
[30/Sep/2026 07:49:59] "GET /static/css/native-app-update-v1.css HTTP/1.1" 200 2103
[30/Sep/2026 07:49:59] "GET /static/favicon.ico HTTP/1.1" 200 3879
[30/Sep/2026 07:49:59] "GET /static/img/pwa/excavator-180.png HTTP/1.1" 200 5421
[30/Sep/2026 07:49:59] "GET /static/img/pwa/excavator-192.png HTTP/1.1" 200 5573
[30/Sep/2026 07:49:59] "GET /static/img/pwa/excavator-512.png HTTP/1.1" 200 13919
[30/Sep/2026 07:49:59] "GET /static/img/pwa/excavator-maskable-512.png HTTP/1.1" 200 13919
[30/Sep/2026 07:49:59] "GET /excavator/work/?_operational_fragment=excavator&_operational_version=1663 HTTP/1.1" 200 75409
[30/Sep/2026 07:49:59] "GET /static/img/start/start-hero-v1.webp HTTP/1.1" 200 39178
[30/Sep/2026 07:49:59] "GET /static/img/start/start-hero-v1.jpg HTTP/1.1" 200 70789
[30/Sep/2026 07:49:59] "GET /static/img/equipment/excavator-gray.png HTTP/1.1" 200 50217
[30/Sep/2026 07:49:59] "GET /static/img/equipment/excavator-yellow.png HTTP/1.1" 200 68719
[30/Sep/2026 07:49:59] "GET /static/img/equipment/excavator-green.png HTTP/1.1" 200 63574
[30/Sep/2026 07:49:59] "GET /static/img/equipment/truck-gray.png HTTP/1.1" 200 43999
[30/Sep/2026 07:49:59] "GET /static/img/equipment/excavator-red.png HTTP/1.1" 200 78206
[30/Sep/2026 07:49:59] "GET /static/img/equipment/truck-green.png HTTP/1.1" 200 73402
[30/Sep/2026 07:49:59] "GET /static/img/equipment/truck-red.png HTTP/1.1" 200 46288
[30/Sep/2026 07:49:59] "GET /static/img/equipment/truck-yellow.png HTTP/1.1" 200 58935
[30/Sep/2026 07:49:59] "GET /static/audio/excavator/excavator_truck_assigned.wav HTTP/1.1" 200 79424
[30/Sep/2026 07:49:59] "GET /static/audio/excavator/excavator_action_ok.wav HTTP/1.1" 200 26504
[30/Sep/2026 07:49:59] "POST /client-error/ HTTP/1.1" 200 12
[30/Sep/2026 07:49:59] "GET /static/audio/excavator/excavator_action_error.wav HTTP/1.1" 200 72368
[30/Sep/2026 07:49:59] "GET /static/audio/excavator/excavator_connection_restored.wav HTTP/1.1" 200 42380
[30/Sep/2026 07:49:59] "GET /static/audio/excavator/excavator_connection_lost.wav HTTP/1.1" 200 121760
[30/Sep/2026 07:49:59] "GET /static/audio/excavator/excavator_shift_start.wav HTTP/1.1" 200 115244
[30/Sep/2026 07:49:59] "GET /static/audio/excavator/excavator_shift_end.wav HTTP/1.1" 200 148844
[30/Sep/2026 07:49:59] "GET /static/audio/excavator/excavator_assignment_notice.wav HTTP/1.1" 200 278702
[30/Sep/2026 07:49:59] "GET /static/audio/excavator/excavator_action_success_notice.wav HTTP/1.1" 200 207348
[30/Sep/2026 07:49:59] "GET /static/audio/excavator/excavator_assignment_removed_notice.wav HTTP/1.1" 200 236454
[30/Sep/2026 07:49:59] "GET /static/audio/excavator/excavator_shift_notice.wav HTTP/1.1" 200 411090
[30/Sep/2026 07:49:59] "GET /static/audio/excavator/excavator_connection_lost_notice.wav HTTP/1.1" 200 370518
[30/Sep/2026 07:49:59] "GET /static/audio/excavator/excavator_connection_restored_notice.wav HTTP/1.1" 200 373164
[30/Sep/2026 07:49:59] "GET /static/audio/excavator/excavator_action_failed_notice.wav HTTP/1.1" 200 370518
[30/Sep/2026 07:49:59] "GET /excavator/work/ HTTP/1.1" 200 442478
[30/Sep/2026 07:49:59] "GET /static/css/native-app-update-v1.css?v=1 HTTP/1.1" 200 2103
[30/Sep/2026 07:49:59] "GET /static/js/role-readonly.js?v=role-readonly-v6 HTTP/1.1" 200 20170
[30/Sep/2026 07:49:59] "GET /static/img/equipment/truck-blue.png HTTP/1.1" 200 48406
[30/Sep/2026 07:50:00] "GET /api/achievements/current/ HTTP/1.1" 200 33
[30/Sep/2026 07:50:00] "GET /realtime/state/?after=1663&include_events=1&role_app_code=excavator_operator HTTP/1.1" 200 604
[30/Sep/2026 07:50:02] "GET /realtime/state/?after=1663&include_events=1&role_app_code=excavator_operator HTTP/1.1" 200 604
[30/Sep/2026 07:50:05] "GET /realtime/state/?after=1663&include_events=1&role_app_code=excavator_operator HTTP/1.1" 200 604
[30/Sep/2026 07:50:07] "GET /realtime/state/?after=1663&include_events=1&role_app_code=excavator_operator HTTP/1.1" 200 604
[30/Sep/2026 07:50:09] "GET /realtime/state/?after=1663&include_events=1&role_app_code=excavator_operator HTTP/1.1" 200 604
[30/Sep/2026 07:50:11] "GET /realtime/state/?after=1663&include_events=1&role_app_code=excavator_operator HTTP/1.1" 200 604
[30/Sep/2026 07:50:13] "GET /realtime/state/?after=1663&include_events=1&role_app_code=excavator_operator HTTP/1.1" 200 604
[30/Sep/2026 07:50:17] "GET /static/js/role-readonly.js?v=role-readonly-v6 HTTP/1.1" 200 20170
[30/Sep/2026 07:50:17] "GET /static/css/native-app-update-v1.css?v=1 HTTP/1.1" 200 2103
[30/Sep/2026 07:50:17] "GET /static/img/equipment/truck-blue.png HTTP/1.1" 200 48406
[30/Sep/2026 07:50:17] "GET /static/css/excavator-work-v55-final.css?v=excavator-mobile-shell-v263 HTTP/1.1" 200 97191
[30/Sep/2026 07:50:17] "GET /static/css/app.css?v=ready-core-traffic-v184 HTTP/1.1" 200 930552
[30/Sep/2026 07:50:17] "GET /static/css/mobile-shift-unified-v1.css?v=excavator-mobile-shell-v263 HTTP/1.1" 200 29655
[30/Sep/2026 07:50:17] "GET /static/css/mobile-face-unified-v1.css?v=excavator-mobile-shell-v263 HTTP/1.1" 200 7892
[30/Sep/2026 07:50:17] "GET /static/css/excavator-work-v55.css?v=excavator-mobile-shell-v263 HTTP/1.1" 200 117524
[30/Sep/2026 07:50:17] "GET /static/css/mobile-downtime-unified-v1.css?v=excavator-mobile-shell-v263 HTTP/1.1" 200 12046
[30/Sep/2026 07:50:17] "GET /static/css/excavator-hourly-report-v1.css?v=excavator-mobile-shell-v263 HTTP/1.1" 200 9941
[30/Sep/2026 07:50:17] "GET /static/js/excavator-dump-return-swipe-v1.js?v=excavator-mobile-shell-v263 HTTP/1.1" 200 15961
[30/Sep/2026 07:50:17] "GET /static/css/excavator-manual-loading-v1.css?v=4 HTTP/1.1" 200 4973
[30/Sep/2026 07:50:17] "GET /static/css/excavator-free-bucket-v1.css?v=excavator-mobile-shell-v263 HTTP/1.1" 200 14996
[30/Sep/2026 07:50:17] "GET /static/css/excavator-offline-v1.css?v=1 HTTP/1.1" 200 2337
[30/Sep/2026 07:50:17] "GET /static/js/excavator-dashboard-drag-v1.js?v=excavator-mobile-shell-v263 HTTP/1.1" 200 25110
[30/Sep/2026 07:50:17] "GET /static/css/excavator-work-v55-shift.css?v=excavator-mobile-shell-v263 HTTP/1.1" 200 182518
[30/Sep/2026 07:50:17] "GET /static/js/mobile-operational-sounds-v1.js?v=excavator-mobile-shell-v263 HTTP/1.1" 200 24223
[30/Sep/2026 07:50:17] "GET /static/js/mobile-shift-unified-v1.js?v=excavator-mobile-shell-v263 HTTP/1.1" 200 12331
[30/Sep/2026 07:50:17] "GET /static/js/excavator-haptics-v1.js?v=excavator-mobile-shell-v263 HTTP/1.1" 200 1437
[30/Sep/2026 07:50:17] "GET /static/img/equipment/excavator-yellow.png HTTP/1.1" 200 68719
[30/Sep/2026 07:50:17] "GET /static/js/excavator-native-push-v1.js?v=excavator-mobile-shell-v263 HTTP/1.1" 200 4268
[30/Sep/2026 07:50:17] "GET /static/js/realtime-client.js?v=ready-core-traffic-v184 HTTP/1.1" 200 57670
[30/Sep/2026 07:50:17] "GET /static/js/excavator-hourly-report-v1.js?v=excavator-mobile-shell-v263 HTTP/1.1" 200 18362
[30/Sep/2026 07:50:17] "GET /static/js/equipment-label-fit-v1.js?v=excavator-mobile-shell-v263 HTTP/1.1" 200 14575
[30/Sep/2026 07:50:17] "GET /static/js/excavator-truck-number-fit-v1.js?v=excavator-mobile-shell-v263 HTTP/1.1" 200 5269
[30/Sep/2026 07:50:17] "GET /static/js/excavator-field-outbox-v1.js?v=excavator-mobile-shell-v263 HTTP/1.1" 200 39073
[30/Sep/2026 07:50:17] "GET /static/js/excavator-local-shift-v1.js?v=excavator-mobile-shell-v263 HTTP/1.1" 200 33514
[30/Sep/2026 07:50:17] "GET /static/js/excavator-free-bucket-v1.js?v=excavator-mobile-shell-v263 HTTP/1.1" 200 45435
[30/Sep/2026 07:50:17] "GET /excavator.webmanifest HTTP/1.1" 200 1541
[30/Sep/2026 07:50:17] "POST /session-heartbeat/ HTTP/1.1" 204 0
[30/Sep/2026 07:50:17] "GET /static/img/pwa/excavator-180.png HTTP/1.1" 200 5421
[30/Sep/2026 07:50:17,247] - Broken pipe from ('127.0.0.1', 2897)
[30/Sep/2026 07:50:17] "GET /realtime/state/?after=1663&include_events=1&role_app_code=excavator_operator HTTP/1.1" 200 604
[30/Sep/2026 07:50:17] "GET /excavator/work/?_operational_fragment=excavator&_operational_version=1663 HTTP/1.1" 200 75409
[30/Sep/2026 07:50:17] "POST /client-error/ HTTP/1.1" 200 12
[30/Sep/2026 07:50:18] "GET /api/achievements/current/ HTTP/1.1" 200 33
[30/Sep/2026 07:50:19] "GET /excavator-sw.js HTTP/1.1" 200 23634
[30/Sep/2026 07:50:19] "GET /realtime/state/?after=1663&include_events=1&role_app_code=excavator_operator HTTP/1.1" 200 604
[30/Sep/2026 07:50:21] "GET /realtime/state/?after=1663&include_events=1&role_app_code=excavator_operator HTTP/1.1" 200 604
[30/Sep/2026 07:50:23] "GET /realtime/state/?after=1663&include_events=1&role_app_code=excavator_operator HTTP/1.1" 200 604
[30/Sep/2026 07:50:25] "GET /realtime/state/?after=1663&include_events=1&role_app_code=excavator_operator HTTP/1.1" 200 604
[30/Sep/2026 07:50:27] "GET /realtime/state/?after=1663&include_events=1&role_app_code=excavator_operator HTTP/1.1" 200 604
[30/Sep/2026 07:50:29] "GET /realtime/state/?after=1663&include_events=1&role_app_code=excavator_operator HTTP/1.1" 200 604
[30/Sep/2026 07:50:31] "GET /realtime/state/?after=1663&include_events=1&role_app_code=excavator_operator HTTP/1.1" 200 604
[30/Sep/2026 07:50:33] "GET /realtime/state/?after=1663&include_events=1&role_app_code=excavator_operator HTTP/1.1" 200 604
[30/Sep/2026 07:50:35] "GET /realtime/state/?after=1663&include_events=1&role_app_code=excavator_operator HTTP/1.1" 200 604
[30/Sep/2026 07:50:37] "GET /realtime/state/?after=1663&include_events=1&role_app_code=excavator_operator HTTP/1.1" 200 604
[30/Sep/2026 07:50:37] "GET /excavator/work/?_operational_fragment=excavator&_operational_version=1663 HTTP/1.1" 200 75409
[30/Sep/2026 07:50:39] "GET /realtime/state/?after=1663&include_events=1&role_app_code=excavator_operator HTTP/1.1" 200 604
[30/Sep/2026 07:50:41] "GET /realtime/state/?after=1663&include_events=1&role_app_code=excavator_operator HTTP/1.1" 200 604
[30/Sep/2026 07:50:43] "GET /realtime/state/?after=1663&include_events=1&role_app_code=excavator_operator HTTP/1.1" 200 604
Performing system checks...

System check identified no issues (0 silenced).
September 30, 2026 - 07:56:53
Django version 6.0.6, using settings 'config.settings'
Starting development server at http://127.0.0.1:8042/
Quit the server with CTRL-BREAK.

WARNING: This is a development server. Do not use it in a production setting. Use a production WSGI or ASGI server instead.
For more information on production servers see: https://docs.djangoproject.com/en/6.0/howto/deployment/
[30/Sep/2026 07:56:55] "HEAD / HTTP/1.1" 200 0
[30/Sep/2026 07:56:56] "GET / HTTP/1.1" 200 165289
[30/Sep/2026 07:56:56] "GET /static/css/app.css?v=ready-core-traffic-v184 HTTP/1.1" 304 0
[30/Sep/2026 07:56:56] "GET /static/css/max-support-link-v1.css?v=6 HTTP/1.1" 304 0
[30/Sep/2026 07:56:56] "GET /static/js/role-readonly.js?v=role-readonly-v6 HTTP/1.1" 304 0
[30/Sep/2026 07:56:56] "GET /static/vendor/bulma/button-1.0.4.min.css HTTP/1.1" 304 0
[30/Sep/2026 07:56:56] "GET /static/css/entry-action-button-v2.css HTTP/1.1" 304 0
[30/Sep/2026 07:56:56] "GET /static/css/login-v2.css?v=5 HTTP/1.1" 304 0
[30/Sep/2026 07:56:56] "GET /static/img/start/login-hero-tall-v2.webp HTTP/1.1" 304 0
[30/Sep/2026 07:56:56] "GET /static/js/realtime-client.js?v=ready-core-traffic-v184 HTTP/1.1" 304 0
[30/Sep/2026 07:56:56] "GET /static/js/client-error-report.js?v=ready-core-traffic-v184 HTTP/1.1" 304 0
[30/Sep/2026 07:56:56] "GET /static/js/connection-indicators-v1.js?v=ready-core-traffic-v184 HTTP/1.1" 304 0
[30/Sep/2026 07:56:56] "GET /static/img/start/start-hero-v1.webp HTTP/1.1" 304 0
[30/Sep/2026 07:56:56] "GET /static/favicon.ico HTTP/1.1" 304 0
[30/Sep/2026 07:57:01] "POST /offline-events/sync/ HTTP/1.1" 200 4181
[30/Sep/2026 07:57:01] "GET /realtime/state/?after=1666&include_events=1&role_app_code=excavator_operator HTTP/1.1" 200 8925
[30/Sep/2026 07:57:01] "POST /client-error/ HTTP/1.1" 200 12
[30/Sep/2026 07:57:01] "GET /realtime/state/?after=1690&include_events=1&role_app_code=excavator_operator HTTP/1.1" 200 603
[30/Sep/2026 07:57:01] "POST /offline-events/sync/ HTTP/1.1" 200 2502
[30/Sep/2026 07:57:01] "GET /api/achievements/current/ HTTP/1.1" 200 33
[30/Sep/2026 07:57:03] "GET /realtime/state/?after=1690&include_events=1&role_app_code=excavator_operator HTTP/1.1" 200 603
[30/Sep/2026 07:57:05] "GET /realtime/state/?after=1690&include_events=1&role_app_code=excavator_operator HTTP/1.1" 200 603
[30/Sep/2026 07:57:05] "POST /offline-events/sync/ HTTP/1.1" 200 634
[30/Sep/2026 07:57:07] "GET /realtime/state/?after=1690&include_events=1&role_app_code=excavator_operator HTTP/1.1" 200 603
[30/Sep/2026 07:57:09] "GET /realtime/state/?after=1690&include_events=1&role_app_code=excavator_operator HTTP/1.1" 200 603
[30/Sep/2026 07:57:11] "GET /realtime/state/?after=1690&include_events=1&role_app_code=excavator_operator HTTP/1.1" 200 603
[30/Sep/2026 07:57:13] "POST /offline-events/sync/ HTTP/1.1" 200 634
[30/Sep/2026 07:57:13] "GET /realtime/state/?after=1690&include_events=1&role_app_code=excavator_operator HTTP/1.1" 200 603
[30/Sep/2026 07:57:15] "GET /realtime/state/?after=1690&include_events=1&role_app_code=excavator_operator HTTP/1.1" 200 603
[30/Sep/2026 07:57:17] "GET /realtime/state/?after=1690&include_events=1&role_app_code=excavator_operator HTTP/1.1" 200 603
[30/Sep/2026 07:57:19] "GET /realtime/state/?after=1690&include_events=1&role_app_code=excavator_operator HTTP/1.1" 200 603
[30/Sep/2026 07:57:19] "POST /session-heartbeat/ HTTP/1.1" 204 0
[30/Sep/2026 07:57:19] "GET /realtime/state/?after=1690&include_events=1&role_app_code=excavator_operator HTTP/1.1" 200 603
[30/Sep/2026 07:57:21] "POST /offline-events/sync/ HTTP/1.1" 200 634
[30/Sep/2026 07:57:21] "GET /realtime/state/?after=1690&include_events=1&role_app_code=excavator_operator HTTP/1.1" 200 603
[30/Sep/2026 07:57:23] "GET /realtime/state/?after=1690&include_events=1&role_app_code=excavator_operator HTTP/1.1" 200 603
[30/Sep/2026 07:57:25] "GET /realtime/state/?after=1690&include_events=1&role_app_code=excavator_operator HTTP/1.1" 200 603
[30/Sep/2026 07:57:27] "GET /realtime/state/?after=1690&include_events=1&role_app_code=excavator_operator HTTP/1.1" 200 603
[30/Sep/2026 07:57:29] "POST /offline-events/sync/ HTTP/1.1" 200 634
[30/Sep/2026 07:57:29] "GET /realtime/state/?after=1690&include_events=1&role_app_code=excavator_operator HTTP/1.1" 200 603
[30/Sep/2026 07:57:31] "GET /realtime/state/?after=1690&include_events=1&role_app_code=excavator_operator HTTP/1.1" 200 603
[30/Sep/2026 07:57:33] "GET /realtime/state/?after=1690&include_events=1&role_app_code=excavator_operator HTTP/1.1" 200 603
[30/Sep/2026 07:57:35] "GET /realtime/state/?after=1690&include_events=1&role_app_code=excavator_operator HTTP/1.1" 200 603
[30/Sep/2026 07:57:37] "POST /offline-events/sync/ HTTP/1.1" 200 634
[30/Sep/2026 07:57:37] "GET /realtime/state/?after=1690&include_events=1&role_app_code=excavator_operator HTTP/1.1" 200 603
[30/Sep/2026 07:57:39] "GET /realtime/state/?after=1690&include_events=1&role_app_code=excavator_operator HTTP/1.1" 200 603
[30/Sep/2026 07:57:41] "GET /realtime/state/?after=1690&include_events=1&role_app_code=excavator_operator HTTP/1.1" 200 603
[30/Sep/2026 07:57:43] "GET /realtime/state/?after=1690&include_events=1&role_app_code=excavator_operator HTTP/1.1" 200 603
[30/Sep/2026 07:57:45] "POST /offline-events/sync/ HTTP/1.1" 200 634
[30/Sep/2026 07:57:45] "GET /realtime/state/?after=1690&include_events=1&role_app_code=excavator_operator HTTP/1.1" 200 603
[30/Sep/2026 07:57:47] "GET /realtime/state/?after=1690&include_events=1&role_app_code=excavator_operator HTTP/1.1" 200 603
[30/Sep/2026 07:57:49] "POST /session-heartbeat/ HTTP/1.1" 204 0
[30/Sep/2026 07:57:49] "GET /realtime/state/?after=1690&include_events=1&role_app_code=excavator_operator HTTP/1.1" 200 603
[30/Sep/2026 07:57:51] "GET /realtime/state/?after=1690&include_events=1&role_app_code=excavator_operator HTTP/1.1" 200 603
[30/Sep/2026 07:57:53] "POST /offline-events/sync/ HTTP/1.1" 200 634
[30/Sep/2026 07:57:53] "GET /realtime/state/?after=1690&include_events=1&role_app_code=excavator_operator HTTP/1.1" 200 603
[30/Sep/2026 07:57:55] "GET /realtime/state/?after=1690&include_events=1&role_app_code=excavator_operator HTTP/1.1" 200 603
[30/Sep/2026 07:57:57] "GET /realtime/state/?after=1690&include_events=1&role_app_code=excavator_operator HTTP/1.1" 200 603
[30/Sep/2026 07:57:59] "GET /realtime/state/?after=1690&include_events=1&role_app_code=excavator_operator HTTP/1.1" 200 603
[30/Sep/2026 07:58:01] "POST /offline-events/sync/ HTTP/1.1" 200 634
[30/Sep/2026 07:58:01] "GET /realtime/state/?after=1690&include_events=1&role_app_code=excavator_operator HTTP/1.1" 200 603
[30/Sep/2026 07:58:03] "GET /realtime/state/?after=1690&include_events=1&role_app_code=excavator_operator HTTP/1.1" 200 603
[30/Sep/2026 07:58:05] "GET /realtime/state/?after=1690&include_events=1&role_app_code=excavator_operator HTTP/1.1" 200 603
[30/Sep/2026 07:58:07] "GET /realtime/state/?after=1690&include_events=1&role_app_code=excavator_operator HTTP/1.1" 200 603
[30/Sep/2026 07:58:09] "POST /offline-events/sync/ HTTP/1.1" 200 634
[30/Sep/2026 07:58:09] "GET /realtime/state/?after=1690&include_events=1&role_app_code=excavator_operator HTTP/1.1" 200 603
[30/Sep/2026 07:58:11] "GET /realtime/state/?after=1690&include_events=1&role_app_code=excavator_operator HTTP/1.1" 200 603
[30/Sep/2026 07:58:13] "GET /realtime/state/?after=1690&include_events=1&role_app_code=excavator_operator HTTP/1.1" 200 603
[30/Sep/2026 07:58:15] "GET /realtime/state/?after=1690&include_events=1&role_app_code=excavator_operator HTTP/1.1" 200 603
[30/Sep/2026 07:58:17] "POST /offline-events/sync/ HTTP/1.1" 200 634
[30/Sep/2026 07:58:17] "GET /realtime/state/?after=1690&include_events=1&role_app_code=excavator_operator HTTP/1.1" 200 603
[30/Sep/2026 07:58:19] "POST /session-heartbeat/ HTTP/1.1" 204 0
[30/Sep/2026 07:58:19] "GET /realtime/state/?after=1690&include_events=1&role_app_code=excavator_operator HTTP/1.1" 200 603
[30/Sep/2026 07:58:20] "POST /offline-events/sync/ HTTP/1.1" 200 877
[30/Sep/2026 07:58:20] "GET /realtime/state/?after=1693&include_events=1&role_app_code=excavator_operator HTTP/1.1" 200 604
[30/Sep/2026 07:58:23] "GET /realtime/state/?after=1693&include_events=1&role_app_code=excavator_operator HTTP/1.1" 200 604
[30/Sep/2026 07:58:25] "GET /realtime/state/?after=1693&include_events=1&role_app_code=excavator_operator HTTP/1.1" 200 604
[30/Sep/2026 07:58:25] "POST /offline-events/sync/ HTTP/1.1" 200 634
[30/Sep/2026 07:58:27] "GET /realtime/state/?after=1693&include_events=1&role_app_code=excavator_operator HTTP/1.1" 200 604
[30/Sep/2026 07:58:29] "GET /realtime/state/?after=1693&include_events=1&role_app_code=excavator_operator HTTP/1.1" 200 604
[30/Sep/2026 07:58:31] "GET /realtime/state/?after=1693&include_events=1&role_app_code=excavator_operator HTTP/1.1" 200 604
[30/Sep/2026 07:58:33] "GET /realtime/state/?after=1693&include_events=1&role_app_code=excavator_operator HTTP/1.1" 200 604
[30/Sep/2026 07:58:33] "POST /offline-events/sync/ HTTP/1.1" 200 634
[30/Sep/2026 07:58:35] "GET /realtime/state/?after=1693&include_events=1&role_app_code=excavator_operator HTTP/1.1" 200 604
[30/Sep/2026 07:58:37] "GET /realtime/state/?after=1693&include_events=1&role_app_code=excavator_operator HTTP/1.1" 200 604
[30/Sep/2026 07:58:39] "GET /realtime/state/?after=1693&include_events=1&role_app_code=excavator_operator HTTP/1.1" 200 604
[30/Sep/2026 07:58:41] "GET /realtime/state/?after=1693&include_events=1&role_app_code=excavator_operator HTTP/1.1" 200 604
[30/Sep/2026 07:58:41] "POST /offline-events/sync/ HTTP/1.1" 200 634
[30/Sep/2026 07:58:43] "GET /realtime/state/?after=1693&include_events=1&role_app_code=excavator_operator HTTP/1.1" 200 604
[30/Sep/2026 07:58:45] "GET /realtime/state/?after=1693&include_events=1&role_app_code=excavator_operator HTTP/1.1" 200 604
[30/Sep/2026 07:58:47] "GET /realtime/state/?after=1693&include_events=1&role_app_code=excavator_operator HTTP/1.1" 200 604
[30/Sep/2026 07:58:49] "GET /realtime/state/?after=1693&include_events=1&role_app_code=excavator_operator HTTP/1.1" 200 604
[30/Sep/2026 07:58:49] "POST /session-heartbeat/ HTTP/1.1" 204 0
[30/Sep/2026 07:58:49] "POST /offline-events/sync/ HTTP/1.1" 200 634
[30/Sep/2026 07:58:49] "GET /realtime/state/?after=1693&include_events=1&role_app_code=excavator_operator HTTP/1.1" 200 604
[30/Sep/2026 07:58:51] "GET /realtime/state/?after=1693&include_events=1&role_app_code=excavator_operator HTTP/1.1" 200 604
[30/Sep/2026 07:58:53] "GET /realtime/state/?after=1693&include_events=1&role_app_code=excavator_operator HTTP/1.1" 200 604
[30/Sep/2026 07:58:55] "GET /realtime/state/?after=1693&include_events=1&role_app_code=excavator_operator HTTP/1.1" 200 604
[30/Sep/2026 07:58:57] "POST /offline-events/sync/ HTTP/1.1" 200 634
[30/Sep/2026 07:58:57] "GET /realtime/state/?after=1693&include_events=1&role_app_code=excavator_operator HTTP/1.1" 200 604
[30/Sep/2026 07:58:59] "GET /realtime/state/?after=1693&include_events=1&role_app_code=excavator_operator HTTP/1.1" 200 604
[30/Sep/2026 07:59:01] "GET /realtime/state/?after=1693&include_events=1&role_app_code=excavator_operator HTTP/1.1" 200 604
[30/Sep/2026 07:59:03] "GET /realtime/state/?after=1693&include_events=1&role_app_code=excavator_operator HTTP/1.1" 200 604
[30/Sep/2026 07:59:04] "GET /realtime/state/?after=1693&include_events=1&role_app_code=excavator_operator HTTP/1.1" 200 604
[30/Sep/2026 07:59:05] "POST /offline-events/sync/ HTTP/1.1" 200 1066
[30/Sep/2026 07:59:06] "GET /realtime/state/?after=1693&include_events=1&role_app_code=excavator_operator HTTP/1.1" 200 604
[30/Sep/2026 07:59:11] "GET /static/js/role-readonly.js?v=role-readonly-v6 HTTP/1.1" 200 20170
[30/Sep/2026 07:59:11] "GET /static/css/native-app-update-v1.css?v=1 HTTP/1.1" 200 2103
[30/Sep/2026 07:59:11] "GET /static/css/mobile-shift-unified-v1.css?v=excavator-mobile-shell-v263 HTTP/1.1" 200 29655
[30/Sep/2026 07:59:11] "GET /static/img/equipment/truck-blue.png HTTP/1.1" 200 48406
[30/Sep/2026 07:59:11] "GET /static/css/excavator-work-v55.css?v=excavator-mobile-shell-v263 HTTP/1.1" 200 117524
[30/Sep/2026 07:59:11] "GET /static/css/excavator-work-v55-final.css?v=excavator-mobile-shell-v263 HTTP/1.1" 200 97191
[30/Sep/2026 07:59:11] "GET /static/css/mobile-face-unified-v1.css?v=excavator-mobile-shell-v263 HTTP/1.1" 200 7892
[30/Sep/2026 07:59:11] "GET /static/css/mobile-downtime-unified-v1.css?v=excavator-mobile-shell-v263 HTTP/1.1" 200 12046
[30/Sep/2026 07:59:11] "GET /static/css/excavator-hourly-report-v1.css?v=excavator-mobile-shell-v263 HTTP/1.1" 200 9941
[30/Sep/2026 07:59:11] "GET /static/css/excavator-manual-loading-v1.css?v=4 HTTP/1.1" 200 4973
[30/Sep/2026 07:59:11] "GET /static/css/excavator-offline-v1.css?v=1 HTTP/1.1" 200 2337
[30/Sep/2026 07:59:11] "GET /static/css/excavator-free-bucket-v1.css?v=excavator-mobile-shell-v263 HTTP/1.1" 200 14996
[30/Sep/2026 07:59:11] "GET /static/js/excavator-dashboard-drag-v1.js?v=excavator-mobile-shell-v263 HTTP/1.1" 200 25110
[30/Sep/2026 07:59:11] "GET /static/css/excavator-work-v55-shift.css?v=excavator-mobile-shell-v263 HTTP/1.1" 200 182518
[30/Sep/2026 07:59:11] "GET /static/js/excavator-dump-return-swipe-v1.js?v=excavator-mobile-shell-v263 HTTP/1.1" 200 15961
[30/Sep/2026 07:59:11] "GET /static/img/equipment/excavator-yellow.png HTTP/1.1" 200 68719
[30/Sep/2026 07:59:11] "GET /static/js/mobile-shift-unified-v1.js?v=excavator-mobile-shell-v263 HTTP/1.1" 200 12331
[30/Sep/2026 07:59:11] "GET /static/js/excavator-native-push-v1.js?v=excavator-mobile-shell-v263 HTTP/1.1" 200 4268
[30/Sep/2026 07:59:11] "GET /static/js/excavator-haptics-v1.js?v=excavator-mobile-shell-v263 HTTP/1.1" 200 1437
[30/Sep/2026 07:59:11] "GET /static/js/realtime-client.js?v=ready-core-traffic-v184 HTTP/1.1" 200 57670
[30/Sep/2026 07:59:11] "GET /static/js/mobile-operational-sounds-v1.js?v=excavator-mobile-shell-v263 HTTP/1.1" 200 24223
[30/Sep/2026 07:59:11] "GET /static/js/excavator-hourly-report-v1.js?v=excavator-mobile-shell-v263 HTTP/1.1" 200 18362
[30/Sep/2026 07:59:11] "GET /static/js/equipment-label-fit-v1.js?v=excavator-mobile-shell-v263 HTTP/1.1" 200 14575
[30/Sep/2026 07:59:11] "GET /static/js/excavator-truck-number-fit-v1.js?v=excavator-mobile-shell-v263 HTTP/1.1" 200 5269
[30/Sep/2026 07:59:11] "GET /static/js/excavator-free-bucket-v1.js?v=excavator-mobile-shell-v263 HTTP/1.1" 200 45435
[30/Sep/2026 07:59:11] "GET /static/js/excavator-local-shift-v1.js?v=excavator-mobile-shell-v263 HTTP/1.1" 200 33514
[30/Sep/2026 07:59:11] "GET /static/js/excavator-field-outbox-v1.js?v=excavator-mobile-shell-v263 HTTP/1.1" 200 39073
[30/Sep/2026 07:59:11] "GET /static/css/app.css?v=ready-core-traffic-v184 HTTP/1.1" 200 930552
[30/Sep/2026 07:59:11] "GET /excavator.webmanifest HTTP/1.1" 200 1541
[30/Sep/2026 07:59:11] "GET /static/img/pwa/excavator-180.png HTTP/1.1" 200 5421
[30/Sep/2026 07:59:11] "GET /static/img/equipment/truck-green.png HTTP/1.1" 200 73402
[30/Sep/2026 07:59:11,533] - Broken pipe from ('127.0.0.1', 52537)
[30/Sep/2026 07:59:11] "POST /session-heartbeat/ HTTP/1.1" 204 0
[30/Sep/2026 07:59:11] "GET /realtime/state/?after=1663&include_events=1&role_app_code=excavator_operator HTTP/1.1" 200 10373
[30/Sep/2026 07:59:12] "GET /api/achievements/current/ HTTP/1.1" 200 33
[30/Sep/2026 07:59:13] "GET /excavator-sw.js HTTP/1.1" 200 23634
[30/Sep/2026 07:59:13] "GET /realtime/state/?after=1693&include_events=1&role_app_code=excavator_operator HTTP/1.1" 200 604
[30/Sep/2026 07:59:13] "POST /offline-events/sync/ HTTP/1.1" 200 1066
[30/Sep/2026 07:59:15] "GET /realtime/state/?after=1693&include_events=1&role_app_code=excavator_operator HTTP/1.1" 200 604
[30/Sep/2026 07:59:17] "GET /realtime/state/?after=1693&include_events=1&role_app_code=excavator_operator HTTP/1.1" 200 604
[30/Sep/2026 07:59:19] "GET /realtime/state/?after=1693&include_events=1&role_app_code=excavator_operator HTTP/1.1" 200 604
[30/Sep/2026 07:59:21] "GET /realtime/state/?after=1693&include_events=1&role_app_code=excavator_operator HTTP/1.1" 200 604
[30/Sep/2026 07:59:21] "POST /offline-events/sync/ HTTP/1.1" 200 1066
[30/Sep/2026 07:59:23] "GET /realtime/state/?after=1693&include_events=1&role_app_code=excavator_operator HTTP/1.1" 200 604
[30/Sep/2026 07:59:25] "GET /realtime/state/?after=1693&include_events=1&role_app_code=excavator_operator HTTP/1.1" 200 604
[30/Sep/2026 07:59:27] "GET /realtime/state/?after=1693&include_events=1&role_app_code=excavator_operator HTTP/1.1" 200 604
[30/Sep/2026 07:59:29] "POST /offline-events/sync/ HTTP/1.1" 200 1066
[30/Sep/2026 07:59:29] "GET /realtime/state/?after=1693&include_events=1&role_app_code=excavator_operator HTTP/1.1" 200 604
[30/Sep/2026 07:59:31] "GET /realtime/state/?after=1693&include_events=1&role_app_code=excavator_operator HTTP/1.1" 200 604
[30/Sep/2026 07:59:33] "GET /realtime/state/?after=1693&include_events=1&role_app_code=excavator_operator HTTP/1.1" 200 604
[30/Sep/2026 07:59:35] "GET /realtime/state/?after=1693&include_events=1&role_app_code=excavator_operator HTTP/1.1" 200 604
[30/Sep/2026 07:59:37] "POST /offline-events/sync/ HTTP/1.1" 200 1066
[30/Sep/2026 07:59:37] "GET /realtime/state/?after=1693&include_events=1&role_app_code=excavator_operator HTTP/1.1" 200 604
[30/Sep/2026 07:59:39] "GET /realtime/state/?after=1693&include_events=1&role_app_code=excavator_operator HTTP/1.1" 200 604
[30/Sep/2026 07:59:40] "GET /static/audio/excavator/excavator_truck_assigned.wav HTTP/1.1" 200 79424
[30/Sep/2026 07:59:40] "GET /static/audio/excavator/excavator_action_ok.wav HTTP/1.1" 200 26504
[30/Sep/2026 07:59:40] "GET /static/audio/excavator/excavator_action_error.wav HTTP/1.1" 200 72368
[30/Sep/2026 07:59:40] "GET /static/audio/excavator/excavator_connection_restored.wav HTTP/1.1" 200 42380
[30/Sep/2026 07:59:40] "GET /static/audio/excavator/excavator_action_success_notice.wav HTTP/1.1" 200 207348
[30/Sep/2026 07:59:40] "GET /static/audio/excavator/excavator_assignment_removed_notice.wav HTTP/1.1" 200 236454
[30/Sep/2026 07:59:40] "GET /static/audio/excavator/excavator_action_failed_notice.wav HTTP/1.1" 200 370518
[30/Sep/2026 07:59:40] "GET /static/audio/excavator/excavator_connection_lost.wav HTTP/1.1" 200 121760
[30/Sep/2026 07:59:40] "GET /static/audio/excavator/excavator_shift_start.wav HTTP/1.1" 200 115244
[30/Sep/2026 07:59:40] "GET /static/audio/excavator/excavator_shift_end.wav HTTP/1.1" 200 148844
[30/Sep/2026 07:59:40] "GET /static/audio/excavator/excavator_assignment_notice.wav HTTP/1.1" 200 278702
[30/Sep/2026 07:59:40] "GET /static/audio/excavator/excavator_connection_lost_notice.wav HTTP/1.1" 200 370518
[30/Sep/2026 07:59:40] "GET /static/audio/excavator/excavator_shift_notice.wav HTTP/1.1" 200 411090
[30/Sep/2026 07:59:40] "GET /static/audio/excavator/excavator_connection_restored_notice.wav HTTP/1.1" 200 373164
[30/Sep/2026 07:59:40] "GET /excavator/work/hourly-report/ HTTP/1.1" 409 241
[30/Sep/2026 07:59:41] "GET /realtime/state/?after=1693&include_events=1&role_app_code=excavator_operator HTTP/1.1" 200 604
[30/Sep/2026 07:59:41] "POST /session-heartbeat/ HTTP/1.1" 204 0
[30/Sep/2026 07:59:41] "GET /realtime/state/?after=1693&include_events=1&role_app_code=excavator_operator HTTP/1.1" 200 604
[30/Sep/2026 07:59:43] "GET /realtime/state/?after=1693&include_events=1&role_app_code=excavator_operator HTTP/1.1" 200 604
[30/Sep/2026 07:59:45] "GET /realtime/state/?after=1693&include_events=1&role_app_code=excavator_operator HTTP/1.1" 200 604
[30/Sep/2026 07:59:45] "POST /offline-events/sync/ HTTP/1.1" 200 1066
[30/Sep/2026 07:59:47] "GET /realtime/state/?after=1693&include_events=1&role_app_code=excavator_operator HTTP/1.1" 200 604
[30/Sep/2026 07:59:49] "GET /realtime/state/?after=1693&include_events=1&role_app_code=excavator_operator HTTP/1.1" 200 604
[30/Sep/2026 07:59:51] "GET /realtime/state/?after=1693&include_events=1&role_app_code=excavator_operator HTTP/1.1" 200 604
[30/Sep/2026 07:59:53] "GET /realtime/state/?after=1693&include_events=1&role_app_code=excavator_operator HTTP/1.1" 200 604
[30/Sep/2026 07:59:54] "POST /offline-events/sync/ HTTP/1.1" 200 1066
[30/Sep/2026 07:59:55] "GET /realtime/state/?after=1693&include_events=1&role_app_code=excavator_operator HTTP/1.1" 200 604
[30/Sep/2026 07:59:57] "GET /realtime/state/?after=1693&include_events=1&role_app_code=excavator_operator HTTP/1.1" 200 604
[30/Sep/2026 07:59:59] "GET /realtime/state/?after=1693&include_events=1&role_app_code=excavator_operator HTTP/1.1" 200 604
[30/Sep/2026 08:00:01] "GET /realtime/state/?after=1693&include_events=1&role_app_code=excavator_operator HTTP/1.1" 200 604
[30/Sep/2026 08:00:02] "POST /offline-events/sync/ HTTP/1.1" 200 1066
[30/Sep/2026 08:00:03] "GET /realtime/state/?after=1693&include_events=1&role_app_code=excavator_operator HTTP/1.1" 200 604
[30/Sep/2026 08:00:05] "GET /realtime/state/?after=1693&include_events=1&role_app_code=excavator_operator HTTP/1.1" 200 604
[30/Sep/2026 08:00:07] "GET /realtime/state/?after=1693&include_events=1&role_app_code=excavator_operator HTTP/1.1" 200 604
[30/Sep/2026 08:00:09] "GET /realtime/state/?after=1693&include_events=1&role_app_code=excavator_operator HTTP/1.1" 200 604
[30/Sep/2026 08:00:10] "POST /offline-events/sync/ HTTP/1.1" 200 1066
[30/Sep/2026 08:00:11] "POST /session-heartbeat/ HTTP/1.1" 204 0
[30/Sep/2026 08:00:11] "GET /realtime/state/?after=1693&include_events=1&role_app_code=excavator_operator HTTP/1.1" 200 604
[30/Sep/2026 08:00:12] "GET /static/css/mobile-shift-unified-v1.css?v=excavator-mobile-shell-v263 HTTP/1.1" 200 29655
[30/Sep/2026 08:00:12] "GET /static/css/excavator-work-v55.css?v=excavator-mobile-shell-v263 HTTP/1.1" 200 117524
[30/Sep/2026 08:00:12] "GET /static/css/excavator-work-v55-final.css?v=excavator-mobile-shell-v263 HTTP/1.1" 200 97191
[30/Sep/2026 08:00:12] "GET /static/css/mobile-face-unified-v1.css?v=excavator-mobile-shell-v263 HTTP/1.1" 200 7892
[30/Sep/2026 08:00:12] "GET /static/css/mobile-downtime-unified-v1.css?v=excavator-mobile-shell-v263 HTTP/1.1" 200 12046
[30/Sep/2026 08:00:12] "GET /static/css/excavator-hourly-report-v1.css?v=excavator-mobile-shell-v263 HTTP/1.1" 200 9941
[30/Sep/2026 08:00:12] "GET /static/css/excavator-work-v55-shift.css?v=excavator-mobile-shell-v263 HTTP/1.1" 200 182518
[30/Sep/2026 08:00:12] "GET /static/css/excavator-offline-v1.css?v=1 HTTP/1.1" 200 2337
[30/Sep/2026 08:00:12] "GET /static/css/excavator-manual-loading-v1.css?v=4 HTTP/1.1" 200 4973
[30/Sep/2026 08:00:12] "GET /static/css/excavator-free-bucket-v1.css?v=excavator-mobile-shell-v263 HTTP/1.1" 200 14996
[30/Sep/2026 08:00:12] "GET /static/js/excavator-dashboard-drag-v1.js?v=excavator-mobile-shell-v263 HTTP/1.1" 200 25110
[30/Sep/2026 08:00:12] "GET /static/js/excavator-dump-return-swipe-v1.js?v=excavator-mobile-shell-v263 HTTP/1.1" 200 15961
[30/Sep/2026 08:00:12] "GET /excavator.webmanifest HTTP/1.1" 200 1541
[30/Sep/2026 08:00:12] "GET /static/img/equipment/excavator-yellow.png HTTP/1.1" 200 68719
[30/Sep/2026 08:00:12] "GET /static/js/mobile-shift-unified-v1.js?v=excavator-mobile-shell-v263 HTTP/1.1" 200 12331
[30/Sep/2026 08:00:12] "GET /static/js/realtime-client.js?v=ready-core-traffic-v184 HTTP/1.1" 200 57670
[30/Sep/2026 08:00:12] "GET /static/js/mobile-operational-sounds-v1.js?v=excavator-mobile-shell-v263 HTTP/1.1" 200 24223
[30/Sep/2026 08:00:12] "POST /session-heartbeat/ HTTP/1.1" 204 0
[30/Sep/2026 08:00:12] "GET /static/js/excavator-haptics-v1.js?v=excavator-mobile-shell-v263 HTTP/1.1" 200 1437
[30/Sep/2026 08:00:12] "GET /static/img/pwa/excavator-180.png HTTP/1.1" 200 5421
[30/Sep/2026 08:00:12] "GET /static/js/excavator-hourly-report-v1.js?v=excavator-mobile-shell-v263 HTTP/1.1" 200 18362
[30/Sep/2026 08:00:12] "GET /static/js/excavator-native-push-v1.js?v=excavator-mobile-shell-v263 HTTP/1.1" 200 4268
[30/Sep/2026 08:00:12] "GET /static/js/excavator-field-outbox-v1.js?v=excavator-mobile-shell-v263 HTTP/1.1" 200 39073
[30/Sep/2026 08:00:12] "GET /static/js/excavator-local-shift-v1.js?v=excavator-mobile-shell-v263 HTTP/1.1" 200 33514
[30/Sep/2026 08:00:12] "GET /static/js/equipment-label-fit-v1.js?v=excavator-mobile-shell-v263 HTTP/1.1" 200 14575
[30/Sep/2026 08:00:12] "GET /static/js/excavator-free-bucket-v1.js?v=excavator-mobile-shell-v263 HTTP/1.1" 200 45435
[30/Sep/2026 08:00:12] "GET /static/js/excavator-truck-number-fit-v1.js?v=excavator-mobile-shell-v263 HTTP/1.1" 200 5269
[30/Sep/2026 08:00:12] "GET /realtime/state/?after=1663&include_events=1&role_app_code=excavator_operator HTTP/1.1" 200 10373
[30/Sep/2026 08:00:12] "GET /static/css/app.css?v=ready-core-traffic-v184 HTTP/1.1" 200 930552
[30/Sep/2026 08:00:12] "GET /excavator/work/ HTTP/1.1" 200 442483
[30/Sep/2026 08:00:12] "GET /excavator/work/?_operational_fragment=excavator&_operational_version=1693 HTTP/1.1" 200 75414
[30/Sep/2026 08:00:12] "POST /client-error/ HTTP/1.1" 200 12
[30/Sep/2026 08:00:13] "GET /api/achievements/current/ HTTP/1.1" 200 33
[30/Sep/2026 08:00:13] "GET /excavator-sw.js HTTP/1.1" 200 23634
[30/Sep/2026 08:00:14] "GET /realtime/state/?after=1693&include_events=1&role_app_code=excavator_operator HTTP/1.1" 200 604
[30/Sep/2026 08:00:16] "GET /realtime/state/?after=1693&include_events=1&role_app_code=excavator_operator HTTP/1.1" 200 604
[30/Sep/2026 08:00:18] "GET /realtime/state/?after=1693&include_events=1&role_app_code=excavator_operator HTTP/1.1" 200 604
[30/Sep/2026 08:00:20] "GET /realtime/state/?after=1693&include_events=1&role_app_code=excavator_operator HTTP/1.1" 200 604
Performing system checks...

System check identified no issues (0 silenced).
September 30, 2026 - 08:03:25
Django version 6.0.6, using settings 'config.settings'
Starting development server at http://127.0.0.1:8042/
Quit the server with CTRL-BREAK.

WARNING: This is a development server. Do not use it in a production setting. Use a production WSGI or ASGI server instead.
For more information on production servers see: https://docs.djangoproject.com/en/6.0/howto/deployment/
[30/Sep/2026 08:03:27] "HEAD / HTTP/1.1" 200 0
[30/Sep/2026 08:03:27] "GET /api/achievements/current/ HTTP/1.1" 200 33
[30/Sep/2026 08:03:27] "GET / HTTP/1.1" 200 165289
[30/Sep/2026 08:03:27] "GET /static/css/app.css?v=ready-core-traffic-v184 HTTP/1.1" 304 0
[30/Sep/2026 08:03:27] "GET /static/css/max-support-link-v1.css?v=6 HTTP/1.1" 304 0
[30/Sep/2026 08:03:27] "GET /static/js/role-readonly.js?v=role-readonly-v6 HTTP/1.1" 304 0
[30/Sep/2026 08:03:27] "GET /static/vendor/bulma/button-1.0.4.min.css HTTP/1.1" 304 0
[30/Sep/2026 08:03:27] "GET /static/css/entry-action-button-v2.css HTTP/1.1" 304 0
[30/Sep/2026 08:03:27] "GET /static/css/login-v2.css?v=5 HTTP/1.1" 304 0
[30/Sep/2026 08:03:27] "GET /static/img/start/login-hero-tall-v2.webp HTTP/1.1" 304 0
[30/Sep/2026 08:03:27] "GET /static/js/realtime-client.js?v=ready-core-traffic-v184 HTTP/1.1" 304 0
[30/Sep/2026 08:03:27] "GET /static/js/client-error-report.js?v=ready-core-traffic-v184 HTTP/1.1" 304 0
[30/Sep/2026 08:03:27] "GET /static/js/connection-indicators-v1.js?v=ready-core-traffic-v184 HTTP/1.1" 304 0
[30/Sep/2026 08:03:27] "GET /static/img/start/start-hero-v1.webp HTTP/1.1" 304 0
[30/Sep/2026 08:03:27] "GET /static/favicon.ico HTTP/1.1" 304 0
[30/Sep/2026 08:03:29] "GET /realtime/state/?after=1693&include_events=1&role_app_code=excavator_operator HTTP/1.1" 200 604
[30/Sep/2026 08:03:29] "POST /client-error/ HTTP/1.1" 200 12
[30/Sep/2026 08:03:31] "GET /realtime/state/?after=1693&include_events=1&role_app_code=excavator_operator HTTP/1.1" 200 604
[30/Sep/2026 08:03:33] "POST /offline-events/sync/ HTTP/1.1" 200 4904
[30/Sep/2026 08:03:33] "GET /realtime/state/?after=1697&include_events=1&role_app_code=excavator_operator HTTP/1.1" 200 12152
[30/Sep/2026 08:03:33] "GET /realtime/state/?after=1730&include_events=1&role_app_code=excavator_operator HTTP/1.1" 200 604
[30/Sep/2026 08:03:34] "GET /excavator/work/?_operational_fragment=excavator&_operational_version=1730 HTTP/1.1" 200 74434
[30/Sep/2026 08:03:34] "GET /static/img/equipment/truck-green.png HTTP/1.1" 200 73402
[30/Sep/2026 08:03:34] "POST /client-error/ HTTP/1.1" 200 12
[30/Sep/2026 08:03:34] "POST /client-error/ HTTP/1.1" 200 12
[30/Sep/2026 08:03:34] "POST /session-heartbeat/ HTTP/1.1" 204 0
[30/Sep/2026 08:03:35] "GET /realtime/state/?after=1730&include_events=1&role_app_code=excavator_operator HTTP/1.1" 200 604
[30/Sep/2026 08:03:37] "GET /realtime/state/?after=1730&include_events=1&role_app_code=excavator_operator HTTP/1.1" 200 604
[30/Sep/2026 08:03:39] "GET /realtime/state/?after=1730&include_events=1&role_app_code=excavator_operator HTTP/1.1" 200 604
[30/Sep/2026 08:03:41] "GET /realtime/state/?after=1730&include_events=1&role_app_code=excavator_operator HTTP/1.1" 200 604
[30/Sep/2026 08:03:43] "GET /realtime/state/?after=1730&include_events=1&role_app_code=excavator_operator HTTP/1.1" 200 604
[30/Sep/2026 08:03:45] "GET /realtime/state/?after=1730&include_events=1&role_app_code=excavator_operator HTTP/1.1" 200 604
[30/Sep/2026 08:03:47] "GET /realtime/state/?after=1730&include_events=1&role_app_code=excavator_operator HTTP/1.1" 200 604
[30/Sep/2026 08:03:49] "GET /realtime/state/?after=1730&include_events=1&role_app_code=excavator_operator HTTP/1.1" 200 604
[30/Sep/2026 08:03:51] "GET /realtime/state/?after=1730&include_events=1&role_app_code=excavator_operator HTTP/1.1" 200 604
[30/Sep/2026 08:03:53] "GET /realtime/state/?after=1730&include_events=1&role_app_code=excavator_operator HTTP/1.1" 200 604
[30/Sep/2026 08:03:54] "GET /excavator/work/?_operational_fragment=excavator&_operational_version=1730 HTTP/1.1" 200 74434
[30/Sep/2026 08:03:55] "GET /realtime/state/?after=1730&include_events=1&role_app_code=excavator_operator HTTP/1.1" 200 604
[30/Sep/2026 08:03:57] "GET /realtime/state/?after=1730&include_events=1&role_app_code=excavator_operator HTTP/1.1" 200 604
[30/Sep/2026 08:03:59] "GET /realtime/state/?after=1730&include_events=1&role_app_code=excavator_operator HTTP/1.1" 200 604
[30/Sep/2026 08:04:01] "GET /realtime/state/?after=1730&include_events=1&role_app_code=excavator_operator HTTP/1.1" 200 604
[30/Sep/2026 08:04:03] "GET /realtime/state/?after=1730&include_events=1&role_app_code=excavator_operator HTTP/1.1" 200 604
[30/Sep/2026 08:04:04] "POST /session-heartbeat/ HTTP/1.1" 204 0
[30/Sep/2026 08:04:05] "GET /realtime/state/?after=1730&include_events=1&role_app_code=excavator_operator HTTP/1.1" 200 604
[30/Sep/2026 08:04:07] "GET /realtime/state/?after=1730&include_events=1&role_app_code=excavator_operator HTTP/1.1" 200 604
[30/Sep/2026 08:04:09] "GET /realtime/state/?after=1730&include_events=1&role_app_code=excavator_operator HTTP/1.1" 200 604
[30/Sep/2026 08:04:11] "GET /realtime/state/?after=1730&include_events=1&role_app_code=excavator_operator HTTP/1.1" 200 604
[30/Sep/2026 08:04:13] "GET /realtime/state/?after=1730&include_events=1&role_app_code=excavator_operator HTTP/1.1" 200 604
[30/Sep/2026 08:04:16] "GET /realtime/state/?after=1730&include_events=1&role_app_code=excavator_operator HTTP/1.1" 200 604
[30/Sep/2026 08:04:16] "GET /excavator/work/?_operational_fragment=excavator&_operational_version=1730 HTTP/1.1" 200 74434
[30/Sep/2026 08:04:18] "GET /realtime/state/?after=1730&include_events=1&role_app_code=excavator_operator HTTP/1.1" 200 604
[30/Sep/2026 08:04:20] "GET /realtime/state/?after=1730&include_events=1&role_app_code=excavator_operator HTTP/1.1" 200 604
[30/Sep/2026 08:04:22] "GET /realtime/state/?after=1730&include_events=1&role_app_code=excavator_operator HTTP/1.1" 200 604
[30/Sep/2026 08:04:24] "GET /realtime/state/?after=1730&include_events=1&role_app_code=excavator_operator HTTP/1.1" 200 604
[30/Sep/2026 08:04:26] "GET /realtime/state/?after=1730&include_events=1&role_app_code=excavator_operator HTTP/1.1" 200 604
[30/Sep/2026 08:04:28] "GET /realtime/state/?after=1730&include_events=1&role_app_code=excavator_operator HTTP/1.1" 200 604
[30/Sep/2026 08:04:30] "GET /realtime/state/?after=1730&include_events=1&role_app_code=excavator_operator HTTP/1.1" 200 604
[30/Sep/2026 08:04:32] "GET /realtime/state/?after=1730&include_events=1&role_app_code=excavator_operator HTTP/1.1" 200 604
[30/Sep/2026 08:04:33] "GET /realtime/state/?after=1730&include_events=1&role_app_code=excavator_operator HTTP/1.1" 200 604
[30/Sep/2026 08:04:33] "POST /offline-events/sync/ HTTP/1.1" 200 613
[30/Sep/2026 08:04:33] "GET /realtime/state/?after=1732&include_events=1&role_app_code=excavator_operator HTTP/1.1" 200 604
[30/Sep/2026 08:04:33] "GET /excavator/work/?_operational_fragment=excavator&_operational_version=1732 HTTP/1.1" 200 74489
[30/Sep/2026 08:04:34] "POST /session-heartbeat/ HTTP/1.1" 204 0
[30/Sep/2026 08:04:35] "GET /realtime/state/?after=1733&include_events=1&role_app_code=excavator_operator HTTP/1.1" 200 604
[30/Sep/2026 08:04:37] "GET /realtime/state/?after=1733&include_events=1&role_app_code=excavator_operator HTTP/1.1" 200 604
[30/Sep/2026 08:04:37] "GET /excavator/work/hourly-report/ HTTP/1.1" 200 1597
[30/Sep/2026 08:04:39] "GET /realtime/state/?after=1733&include_events=1&role_app_code=excavator_operator HTTP/1.1" 200 604
[30/Sep/2026 08:04:41] "GET /realtime/state/?after=1733&include_events=1&role_app_code=excavator_operator HTTP/1.1" 200 604
[30/Sep/2026 08:04:43] "GET /realtime/state/?after=1733&include_events=1&role_app_code=excavator_operator HTTP/1.1" 200 604
[30/Sep/2026 08:04:45] "GET /realtime/state/?after=1733&include_events=1&role_app_code=excavator_operator HTTP/1.1" 200 604
[30/Sep/2026 08:04:47] "GET /realtime/state/?after=1733&include_events=1&role_app_code=excavator_operator HTTP/1.1" 200 604
[30/Sep/2026 08:04:49] "GET /realtime/state/?after=1733&include_events=1&role_app_code=excavator_operator HTTP/1.1" 200 604
[30/Sep/2026 08:04:51] "GET /realtime/state/?after=1733&include_events=1&role_app_code=excavator_operator HTTP/1.1" 200 604
Performing system checks...

System check identified no issues (0 silenced).
September 30, 2026 - 08:05:28
Django version 6.0.6, using settings 'config.settings'
Starting development server at http://127.0.0.1:8042/
Quit the server with CTRL-BREAK.

WARNING: This is a development server. Do not use it in a production setting. Use a production WSGI or ASGI server instead.
For more information on production servers see: https://docs.djangoproject.com/en/6.0/howto/deployment/
[30/Sep/2026 08:05:28] "GET /api/achievements/current/ HTTP/1.1" 200 33
[30/Sep/2026 08:05:30] "HEAD / HTTP/1.1" 200 0
[30/Sep/2026 08:05:30] "GET / HTTP/1.1" 200 165289
[30/Sep/2026 08:05:30] "GET /static/css/app.css?v=ready-core-traffic-v184 HTTP/1.1" 304 0
[30/Sep/2026 08:05:30] "GET /static/css/max-support-link-v1.css?v=6 HTTP/1.1" 304 0
[30/Sep/2026 08:05:30] "GET /static/js/role-readonly.js?v=role-readonly-v6 HTTP/1.1" 304 0
[30/Sep/2026 08:05:30] "GET /static/vendor/bulma/button-1.0.4.min.css HTTP/1.1" 304 0
[30/Sep/2026 08:05:30] "GET /static/css/entry-action-button-v2.css HTTP/1.1" 304 0
[30/Sep/2026 08:05:30] "GET /static/css/login-v2.css?v=5 HTTP/1.1" 304 0
[30/Sep/2026 08:05:30] "GET /static/img/start/login-hero-tall-v2.webp HTTP/1.1" 304 0
[30/Sep/2026 08:05:30] "GET /static/js/realtime-client.js?v=ready-core-traffic-v184 HTTP/1.1" 304 0
[30/Sep/2026 08:05:30] "GET /static/js/client-error-report.js?v=ready-core-traffic-v184 HTTP/1.1" 304 0
[30/Sep/2026 08:05:30] "GET /static/js/connection-indicators-v1.js?v=ready-core-traffic-v184 HTTP/1.1" 304 0
[30/Sep/2026 08:05:30] "GET /static/img/start/start-hero-v1.webp HTTP/1.1" 304 0
[30/Sep/2026 08:05:30] "GET /static/favicon.ico HTTP/1.1" 304 0
[30/Sep/2026 08:05:31] "POST /offline-events/sync/ HTTP/1.1" 200 573
[30/Sep/2026 08:05:31] "GET /realtime/state/?after=1737&include_events=1&role_app_code=excavator_operator HTTP/1.1" 200 604
[30/Sep/2026 08:05:31] "POST /client-error/ HTTP/1.1" 200 12
[30/Sep/2026 08:05:31] "GET /excavator/work/?_operational_fragment=excavator&_operational_version=1737 HTTP/1.1" 200 74549
[30/Sep/2026 08:05:31] "GET /static/img/equipment/truck-green.png HTTP/1.1" 200 73402
[30/Sep/2026 08:05:31] "POST /client-error/ HTTP/1.1" 200 12
[30/Sep/2026 08:05:31] "POST /client-error/ HTTP/1.1" 200 12
[30/Sep/2026 08:05:33] "GET /realtime/state/?after=1737&include_events=1&role_app_code=excavator_operator HTTP/1.1" 200 604
[30/Sep/2026 08:05:35] "GET /realtime/state/?after=1737&include_events=1&role_app_code=excavator_operator HTTP/1.1" 200 604
[30/Sep/2026 08:05:37] "GET /realtime/state/?after=1737&include_events=1&role_app_code=excavator_operator HTTP/1.1" 200 604
[30/Sep/2026 08:05:39] "GET /realtime/state/?after=1737&include_events=1&role_app_code=excavator_operator HTTP/1.1" 200 604
[30/Sep/2026 08:05:41] "GET /realtime/state/?after=1737&include_events=1&role_app_code=excavator_operator HTTP/1.1" 200 604
[30/Sep/2026 08:05:43] "GET /realtime/state/?after=1737&include_events=1&role_app_code=excavator_operator HTTP/1.1" 200 604
[30/Sep/2026 08:05:45] "GET /realtime/state/?after=1737&include_events=1&role_app_code=excavator_operator HTTP/1.1" 200 604
[30/Sep/2026 08:05:47] "GET /realtime/state/?after=1737&include_events=1&role_app_code=excavator_operator HTTP/1.1" 200 604
[30/Sep/2026 08:05:49] "GET /realtime/state/?after=1737&include_events=1&role_app_code=excavator_operator HTTP/1.1" 200 604
[30/Sep/2026 08:05:51] "GET /realtime/state/?after=1737&include_events=1&role_app_code=excavator_operator HTTP/1.1" 200 604
[30/Sep/2026 08:05:51] "GET /excavator/work/?_operational_fragment=excavator&_operational_version=1737 HTTP/1.1" 200 74549
[30/Sep/2026 08:05:53] "POST /session-heartbeat/ HTTP/1.1" 204 0
[30/Sep/2026 08:05:53] "GET /realtime/state/?after=1737&include_events=1&role_app_code=excavator_operator HTTP/1.1" 200 604
[30/Sep/2026 08:05:55] "GET /realtime/state/?after=1737&include_events=1&role_app_code=excavator_operator HTTP/1.1" 200 604
Performing system checks...

System check identified no issues (0 silenced).
September 30, 2026 - 08:06:21
Django version 6.0.6, using settings 'config.settings'
Starting development server at http://127.0.0.1:8042/
Quit the server with CTRL-BREAK.

WARNING: This is a development server. Do not use it in a production setting. Use a production WSGI or ASGI server instead.
For more information on production servers see: https://docs.djangoproject.com/en/6.0/howto/deployment/
[30/Sep/2026 08:06:23] "POST /session-heartbeat/ HTTP/1.1" 204 0
[30/Sep/2026 08:06:23] "POST /client-error/ HTTP/1.1" 200 12
[30/Sep/2026 08:06:23] "GET /realtime/state/?after=1737&include_events=1&role_app_code=excavator_operator HTTP/1.1" 200 604
[30/Sep/2026 08:06:23] "HEAD / HTTP/1.1" 200 0
[30/Sep/2026 08:06:24] "GET / HTTP/1.1" 200 165289
[30/Sep/2026 08:06:25] "POST /offline-events/sync/ HTTP/1.1" 200 467
[30/Sep/2026 08:06:25] "GET /realtime/state/?after=1738&include_events=1&role_app_code=excavator_operator HTTP/1.1" 200 604
[30/Sep/2026 08:06:25] "GET /excavator/work/?_operational_fragment=excavator&_operational_version=1738 HTTP/1.1" 200 74835
[30/Sep/2026 08:06:25] "POST /client-error/ HTTP/1.1" 200 12
[30/Sep/2026 08:06:27] "GET /realtime/state/?after=1738&include_events=1&role_app_code=excavator_operator HTTP/1.1" 200 604
[30/Sep/2026 08:06:29] "GET /realtime/state/?after=1738&include_events=1&role_app_code=excavator_operator HTTP/1.1" 200 604
[30/Sep/2026 08:06:31] "GET /realtime/state/?after=1738&include_events=1&role_app_code=excavator_operator HTTP/1.1" 200 604
[30/Sep/2026 08:06:33] "GET /realtime/state/?after=1738&include_events=1&role_app_code=excavator_operator HTTP/1.1" 200 604
[30/Sep/2026 08:06:35] "GET /realtime/state/?after=1738&include_events=1&role_app_code=excavator_operator HTTP/1.1" 200 604
[30/Sep/2026 08:06:37] "GET /realtime/state/?after=1738&include_events=1&role_app_code=excavator_operator HTTP/1.1" 200 604
[30/Sep/2026 08:06:39] "GET /realtime/state/?after=1738&include_events=1&role_app_code=excavator_operator HTTP/1.1" 200 604
[30/Sep/2026 08:06:41] "GET /realtime/state/?after=1738&include_events=1&role_app_code=excavator_operator HTTP/1.1" 200 604
[30/Sep/2026 08:06:45] "GET /static/js/role-readonly.js?v=role-readonly-v6 HTTP/1.1" 200 20170
[30/Sep/2026 08:06:45] "GET /static/css/native-app-update-v1.css?v=1 HTTP/1.1" 200 2103
[30/Sep/2026 08:06:45] "GET /static/css/mobile-shift-unified-v1.css?v=excavator-mobile-shell-v263 HTTP/1.1" 200 29655
[30/Sep/2026 08:06:45] "GET /static/img/equipment/truck-blue.png HTTP/1.1" 200 48406
[30/Sep/2026 08:06:45] "GET /static/css/excavator-work-v55-final.css?v=excavator-mobile-shell-v263 HTTP/1.1" 200 97191
[30/Sep/2026 08:06:45] "GET /static/css/mobile-downtime-unified-v1.css?v=excavator-mobile-shell-v263 HTTP/1.1" 200 12046
[30/Sep/2026 08:06:45] "GET /static/css/mobile-face-unified-v1.css?v=excavator-mobile-shell-v263 HTTP/1.1" 200 7892
[30/Sep/2026 08:06:45] "GET /static/css/excavator-manual-loading-v1.css?v=4 HTTP/1.1" 200 4973
[30/Sep/2026 08:06:45] "GET /static/css/excavator-hourly-report-v1.css?v=excavator-mobile-shell-v263 HTTP/1.1" 200 9941
[30/Sep/2026 08:06:45] "GET /static/css/excavator-work-v55.css?v=excavator-mobile-shell-v263 HTTP/1.1" 200 117524
[30/Sep/2026 08:06:45] "GET /static/css/excavator-offline-v1.css?v=1 HTTP/1.1" 200 2337
[30/Sep/2026 08:06:45] "GET /static/css/excavator-free-bucket-v1.css?v=excavator-mobile-shell-v263 HTTP/1.1" 200 14996
[30/Sep/2026 08:06:45] "GET /static/js/excavator-dashboard-drag-v1.js?v=excavator-mobile-shell-v263 HTTP/1.1" 200 25110
[30/Sep/2026 08:06:45] "GET /static/js/excavator-dump-return-swipe-v1.js?v=excavator-mobile-shell-v263 HTTP/1.1" 200 15961
[30/Sep/2026 08:06:45] "GET /static/css/excavator-work-v55-shift.css?v=excavator-mobile-shell-v263 HTTP/1.1" 200 182518
[30/Sep/2026 08:06:45] "GET /excavator.webmanifest HTTP/1.1" 200 1541
[30/Sep/2026 08:06:45] "GET /static/css/app.css?v=ready-core-traffic-v184 HTTP/1.1" 200 930552
[30/Sep/2026 08:06:45] "GET /static/img/equipment/excavator-yellow.png HTTP/1.1" 200 68719
[30/Sep/2026 08:06:45] "GET /static/js/mobile-shift-unified-v1.js?v=excavator-mobile-shell-v263 HTTP/1.1" 200 12331
[30/Sep/2026 08:06:45] "GET /static/js/mobile-operational-sounds-v1.js?v=excavator-mobile-shell-v263 HTTP/1.1" 200 24223
[30/Sep/2026 08:06:45] "GET /static/js/realtime-client.js?v=ready-core-traffic-v184 HTTP/1.1" 200 57670
[30/Sep/2026 08:06:45] "GET /static/js/excavator-haptics-v1.js?v=excavator-mobile-shell-v263 HTTP/1.1" 200 1437
[30/Sep/2026 08:06:45] "GET /static/js/excavator-native-push-v1.js?v=excavator-mobile-shell-v263 HTTP/1.1" 200 4268
[30/Sep/2026 08:06:45] "GET /static/js/excavator-hourly-report-v1.js?v=excavator-mobile-shell-v263 HTTP/1.1" 200 18362
[30/Sep/2026 08:06:45] "GET /static/js/excavator-field-outbox-v1.js?v=excavator-mobile-shell-v263 HTTP/1.1" 200 39073
[30/Sep/2026 08:06:45] "GET /static/js/excavator-truck-number-fit-v1.js?v=excavator-mobile-shell-v263 HTTP/1.1" 200 5269
[30/Sep/2026 08:06:45] "GET /static/js/equipment-label-fit-v1.js?v=excavator-mobile-shell-v263 HTTP/1.1" 200 14575
[30/Sep/2026 08:06:45] "GET /static/js/excavator-free-bucket-v1.js?v=excavator-mobile-shell-v263 HTTP/1.1" 200 45435
[30/Sep/2026 08:06:45] "GET /static/js/excavator-local-shift-v1.js?v=excavator-mobile-shell-v263 HTTP/1.1" 200 33514
[30/Sep/2026 08:06:45] "GET /static/img/pwa/excavator-180.png HTTP/1.1" 200 5421
[30/Sep/2026 08:06:45] "POST /session-heartbeat/ HTTP/1.1" 204 0
[30/Sep/2026 08:06:45] "GET /static/img/equipment/truck-green.png HTTP/1.1" 200 73402
[30/Sep/2026 08:06:45] "GET /realtime/state/?after=1693&include_events=1&role_app_code=excavator_operator HTTP/1.1" 200 16579
[30/Sep/2026 08:06:45,566] - Broken pipe from ('127.0.0.1', 50961)
[30/Sep/2026 08:06:45] "GET /excavator/work/?_operational_fragment=excavator&_operational_version=1738 HTTP/1.1" 200 74835
[30/Sep/2026 08:06:45] "POST /client-error/ HTTP/1.1" 200 12
[30/Sep/2026 08:06:46] "GET /api/achievements/current/ HTTP/1.1" 200 33
[30/Sep/2026 08:06:47] "GET /excavator-sw.js HTTP/1.1" 200 23634
[30/Sep/2026 08:06:47] "GET /realtime/state/?after=1738&include_events=1&role_app_code=excavator_operator HTTP/1.1" 200 604
[30/Sep/2026 08:06:48] "GET /realtime/state/?after=1738&include_events=1&role_app_code=excavator_operator HTTP/1.1" 200 604
[30/Sep/2026 08:06:50] "GET /realtime/state/?after=1738&include_events=1&role_app_code=excavator_operator HTTP/1.1" 200 604
[30/Sep/2026 08:06:53] "GET /realtime/state/?after=1738&include_events=1&role_app_code=excavator_operator HTTP/1.1" 200 604
[30/Sep/2026 08:06:55] "GET /realtime/state/?after=1738&include_events=1&role_app_code=excavator_operator HTTP/1.1" 200 604
[30/Sep/2026 08:06:57] "GET /realtime/state/?after=1738&include_events=1&role_app_code=excavator_operator HTTP/1.1" 200 604
[30/Sep/2026 08:06:59] "GET /realtime/state/?after=1738&include_events=1&role_app_code=excavator_operator HTTP/1.1" 200 604
[30/Sep/2026 08:07:01] "GET /realtime/state/?after=1738&include_events=1&role_app_code=excavator_operator HTTP/1.1" 200 604
[30/Sep/2026 08:07:03] "GET /realtime/state/?after=1738&include_events=1&role_app_code=excavator_operator HTTP/1.1" 200 604
[30/Sep/2026 08:07:05] "GET /realtime/state/?after=1738&include_events=1&role_app_code=excavator_operator HTTP/1.1" 200 604
[30/Sep/2026 08:07:07] "GET /realtime/state/?after=1738&include_events=1&role_app_code=excavator_operator HTTP/1.1" 200 604
[30/Sep/2026 08:07:07] "GET /excavator/work/?_operational_fragment=excavator&_operational_version=1738 HTTP/1.1" 200 74837
[30/Sep/2026 08:07:09] "GET /realtime/state/?after=1738&include_events=1&role_app_code=excavator_operator HTTP/1.1" 200 604
[30/Sep/2026 08:07:11] "GET /realtime/state/?after=1738&include_events=1&role_app_code=excavator_operator HTTP/1.1" 200 604
[30/Sep/2026 08:07:13] "GET /realtime/state/?after=1738&include_events=1&role_app_code=excavator_operator HTTP/1.1" 200 604
[30/Sep/2026 08:07:15] "GET /realtime/state/?after=1738&include_events=1&role_app_code=excavator_operator HTTP/1.1" 200 604
[30/Sep/2026 08:07:15] "POST /session-heartbeat/ HTTP/1.1" 204 0
[30/Sep/2026 08:07:17] "GET /realtime/state/?after=1738&include_events=1&role_app_code=excavator_operator HTTP/1.1" 200 604
[30/Sep/2026 08:07:19] "GET /realtime/state/?after=1738&include_events=1&role_app_code=excavator_operator HTTP/1.1" 200 604
[30/Sep/2026 08:07:21] "GET /realtime/state/?after=1738&include_events=1&role_app_code=excavator_operator HTTP/1.1" 200 604
[30/Sep/2026 08:07:23] "GET /realtime/state/?after=1738&include_events=1&role_app_code=excavator_operator HTTP/1.1" 200 604
[30/Sep/2026 08:07:25] "GET /realtime/state/?after=1738&include_events=1&role_app_code=excavator_operator HTTP/1.1" 200 604
[30/Sep/2026 08:07:27] "GET /realtime/state/?after=1738&include_events=1&role_app_code=excavator_operator HTTP/1.1" 200 604
[30/Sep/2026 08:07:27] "GET /excavator/work/?_operational_fragment=excavator&_operational_version=1738 HTTP/1.1" 200 74837
[30/Sep/2026 08:07:29] "GET /realtime/state/?after=1738&include_events=1&role_app_code=excavator_operator HTTP/1.1" 200 604
[30/Sep/2026 08:07:31] "GET /realtime/state/?after=1738&include_events=1&role_app_code=excavator_operator HTTP/1.1" 200 604
[30/Sep/2026 08:07:33] "GET /realtime/state/?after=1738&include_events=1&role_app_code=excavator_operator HTTP/1.1" 200 604
