Performing system checks...

System check identified no issues (0 silenced).
September 30, 2026 - 08:09:52
Django version 6.0.6, using settings 'config.settings'
Starting development server at http://127.0.0.1:8043/
Quit the server with CTRL-BREAK.

WARNING: This is a development server. Do not use it in a production setting. Use a production WSGI or ASGI server instead.
For more information on production servers see: https://docs.djangoproject.com/en/6.0/howto/deployment/
[30/Sep/2026 08:09:55] "HEAD / HTTP/1.1" 200 0
[30/Sep/2026 08:09:55] "GET / HTTP/1.1" 200 165289
[30/Sep/2026 08:09:55] "GET /realtime/state/?after=1644&include_events=1&role_app_code=excavator_operator HTTP/1.1" 200 603
[30/Sep/2026 08:09:55] "POST /client-error/ HTTP/1.1" 200 12
[30/Sep/2026 08:09:55] "GET /excavator-sw.js HTTP/1.1" 200 23634
[30/Sep/2026 08:09:55] "GET /static/js/connection-indicators-v1.js?v=ready-core-traffic-v184 HTTP/1.1" 200 1633
[30/Sep/2026 08:09:55] "GET /static/js/realtime-client.js?v=ready-core-traffic-v184 HTTP/1.1" 200 57670
[30/Sep/2026 08:09:55] "GET /static/js/client-error-report.js?v=ready-core-traffic-v184 HTTP/1.1" 200 9071
[30/Sep/2026 08:09:55] "GET /static/js/application-session-heartbeat.js?v=ready-core-traffic-v184 HTTP/1.1" 200 11123
[30/Sep/2026 08:09:55] "GET /static/js/native-background-connection-v1.js?v=ready-core-traffic-v184 HTTP/1.1" 200 7352
[30/Sep/2026 08:09:55] "GET /static/css/app.css?v=ready-core-traffic-v184 HTTP/1.1" 200 930552
[30/Sep/2026 08:09:55] "GET /excavator.webmanifest HTTP/1.1" 200 1541
[30/Sep/2026 08:09:55] "GET /static/portal/css/portal-shell-v5.css?v=7 HTTP/1.1" 200 89418
[30/Sep/2026 08:09:56] "GET /static/portal/js/portal-shell-v5.js HTTP/1.1" 200 6248
[30/Sep/2026 08:09:56] "GET /company/privacy/?from=role-login HTTP/1.1" 200 14364
[30/Sep/2026 08:09:56] "GET /static/js/realtime-client.js?v=ready-core-traffic-v184 HTTP/1.1" 200 57670
[30/Sep/2026 08:09:56] "GET /static/css/excavator-manual-loading-v1.css?v=4 HTTP/1.1" 200 4973
[30/Sep/2026 08:09:56] "GET /static/js/role-readonly.js HTTP/1.1" 200 20170
[30/Sep/2026 08:09:56] "GET /static/css/excavator-work-v55-final.css?v=excavator-mobile-shell-v263 HTTP/1.1" 200 97191
[30/Sep/2026 08:09:56] "GET /static/css/excavator-work-v55.css?v=excavator-mobile-shell-v263 HTTP/1.1" 200 117524
[30/Sep/2026 08:09:56] "GET /static/css/mobile-shift-unified-v1.css?v=excavator-mobile-shell-v263 HTTP/1.1" 200 29655
[30/Sep/2026 08:09:56] "GET /static/css/excavator-work-v55-shift.css?v=excavator-mobile-shell-v263 HTTP/1.1" 200 182518
[30/Sep/2026 08:09:56] "GET /static/css/mobile-face-unified-v1.css?v=excavator-mobile-shell-v263 HTTP/1.1" 200 7892
[30/Sep/2026 08:09:56] "GET /static/css/mobile-downtime-unified-v1.css?v=excavator-mobile-shell-v263 HTTP/1.1" 200 12046
[30/Sep/2026 08:09:56] "GET /static/css/excavator-hourly-report-v1.css?v=excavator-mobile-shell-v263 HTTP/1.1" 200 9941
[30/Sep/2026 08:09:56] "GET /static/js/mobile-shift-unified-v1.js?v=excavator-mobile-shell-v263 HTTP/1.1" 200 12331
[30/Sep/2026 08:09:56] "GET /static/css/mobile-role-login-v1.css HTTP/1.1" 200 37466
[30/Sep/2026 08:09:56] "GET /static/css/app.css?v=ready-core-traffic-v184 HTTP/1.1" 200 930552
[30/Sep/2026 08:09:56] "GET /static/js/excavator-haptics-v1.js?v=excavator-mobile-shell-v263 HTTP/1.1" 200 1437
[30/Sep/2026 08:09:56] "GET /static/js/mobile-operational-sounds-v1.js?v=excavator-mobile-shell-v263 HTTP/1.1" 200 24223
[30/Sep/2026 08:09:56] "GET /static/js/excavator-native-push-v1.js?v=excavator-mobile-shell-v263 HTTP/1.1" 200 4268
[30/Sep/2026 08:09:56] "GET /static/js/excavator-hourly-report-v1.js?v=excavator-mobile-shell-v263 HTTP/1.1" 200 18362
[30/Sep/2026 08:09:56] "GET /static/js/excavator-field-outbox-v1.js?v=excavator-mobile-shell-v263 HTTP/1.1" 200 39073
[30/Sep/2026 08:09:56] "GET /static/js/excavator-local-shift-v1.js?v=excavator-mobile-shell-v263 HTTP/1.1" 200 33514
[30/Sep/2026 08:09:56] "GET /static/js/equipment-label-fit-v1.js?v=excavator-mobile-shell-v263 HTTP/1.1" 200 14575
[30/Sep/2026 08:09:56] "GET /static/js/excavator-truck-number-fit-v1.js?v=excavator-mobile-shell-v263 HTTP/1.1" 200 5269
[30/Sep/2026 08:09:56] "GET /static/js/excavator-free-bucket-v1.js?v=excavator-mobile-shell-v263 HTTP/1.1" 200 45435
[30/Sep/2026 08:09:56] "GET /static/js/excavator-dump-return-swipe-v1.js?v=excavator-mobile-shell-v263 HTTP/1.1" 200 15961
[30/Sep/2026 08:09:56] "GET /static/js/excavator-dashboard-drag-v1.js?v=excavator-mobile-shell-v263 HTTP/1.1" 200 25110
[30/Sep/2026 08:09:56] "GET /static/css/excavator-free-bucket-v1.css?v=excavator-mobile-shell-v263 HTTP/1.1" 200 14996
[30/Sep/2026 08:09:56] "GET /static/css/excavator-offline-v1.css?v=1 HTTP/1.1" 200 2337
[30/Sep/2026 08:09:56] "GET /static/css/native-app-update-v1.css HTTP/1.1" 200 2103
[30/Sep/2026 08:09:56] "GET /static/favicon.ico HTTP/1.1" 200 3879
[30/Sep/2026 08:09:56] "GET /static/img/pwa/excavator-180.png HTTP/1.1" 200 5421
[30/Sep/2026 08:09:56] "GET /static/img/pwa/excavator-192.png HTTP/1.1" 200 5573
[30/Sep/2026 08:09:56] "GET /static/img/pwa/excavator-512.png HTTP/1.1" 200 13919
[30/Sep/2026 08:09:56] "GET /static/img/pwa/excavator-maskable-512.png HTTP/1.1" 200 13919
[30/Sep/2026 08:09:56] "GET /static/img/start/start-hero-v1.webp HTTP/1.1" 200 39178
[30/Sep/2026 08:09:56] "GET /static/img/equipment/excavator-gray.png HTTP/1.1" 200 50217
[30/Sep/2026 08:09:56] "GET /excavator/work/?_operational_fragment=excavator&_operational_version=1644 HTTP/1.1" 200 74511
[30/Sep/2026 08:09:56] "GET /static/img/start/start-hero-v1.jpg HTTP/1.1" 200 70789
[30/Sep/2026 08:09:56] "GET /static/img/equipment/excavator-green.png HTTP/1.1" 200 63574
[30/Sep/2026 08:09:56] "GET /static/img/equipment/excavator-yellow.png HTTP/1.1" 200 68719
[30/Sep/2026 08:09:56] "GET /static/img/equipment/truck-gray.png HTTP/1.1" 200 43999
[30/Sep/2026 08:09:56] "GET /static/img/equipment/excavator-red.png HTTP/1.1" 200 78206
[30/Sep/2026 08:09:56] "GET /static/img/equipment/truck-green.png HTTP/1.1" 200 73402
[30/Sep/2026 08:09:56] "GET /static/img/equipment/truck-yellow.png HTTP/1.1" 200 58935
[30/Sep/2026 08:09:56] "GET /static/img/equipment/truck-red.png HTTP/1.1" 200 46288
[30/Sep/2026 08:09:56] "GET /static/audio/excavator/excavator_truck_assigned.wav HTTP/1.1" 200 79424
[30/Sep/2026 08:09:56] "GET /static/audio/excavator/excavator_action_ok.wav HTTP/1.1" 200 26504
[30/Sep/2026 08:09:56] "GET /static/audio/excavator/excavator_action_error.wav HTTP/1.1" 200 72368
[30/Sep/2026 08:09:56] "GET /static/audio/excavator/excavator_connection_lost.wav HTTP/1.1" 200 121760
[30/Sep/2026 08:09:56] "GET /static/audio/excavator/excavator_connection_restored.wav HTTP/1.1" 200 42380
[30/Sep/2026 08:09:56] "GET /static/audio/excavator/excavator_shift_start.wav HTTP/1.1" 200 115244
[30/Sep/2026 08:09:56] "GET /static/audio/excavator/excavator_shift_end.wav HTTP/1.1" 200 148844
[30/Sep/2026 08:09:56] "POST /client-error/ HTTP/1.1" 200 12
[30/Sep/2026 08:09:56] "GET /static/audio/excavator/excavator_action_success_notice.wav HTTP/1.1" 200 207348
[30/Sep/2026 08:09:56] "GET /static/audio/excavator/excavator_assignment_removed_notice.wav HTTP/1.1" 200 236454
[30/Sep/2026 08:09:56] "GET /static/audio/excavator/excavator_assignment_notice.wav HTTP/1.1" 200 278702
[30/Sep/2026 08:09:56] "GET /static/audio/excavator/excavator_action_failed_notice.wav HTTP/1.1" 200 370518
[30/Sep/2026 08:09:56] "GET /static/audio/excavator/excavator_shift_notice.wav HTTP/1.1" 200 411090
[30/Sep/2026 08:09:56] "GET /static/audio/excavator/excavator_connection_lost_notice.wav HTTP/1.1" 200 370518
[30/Sep/2026 08:09:56] "GET /static/audio/excavator/excavator_connection_restored_notice.wav HTTP/1.1" 200 373164
[30/Sep/2026 08:09:56] "GET /excavator/work/ HTTP/1.1" 200 442616
[30/Sep/2026 08:09:56] "GET /static/css/native-app-update-v1.css?v=1 HTTP/1.1" 200 2103
[30/Sep/2026 08:09:56] "GET /static/js/role-readonly.js?v=role-readonly-v6 HTTP/1.1" 200 20170
[30/Sep/2026 08:09:57] "GET /realtime/state/?after=1644&include_events=1&role_app_code=excavator_operator HTTP/1.1" 200 603
[30/Sep/2026 08:09:59] "GET /realtime/state/?after=1644&include_events=1&role_app_code=excavator_operator HTTP/1.1" 200 603
[30/Sep/2026 08:10:01] "POST /offline-events/sync/ HTTP/1.1" 200 414
[30/Sep/2026 08:10:01] "GET /realtime/state/?after=1644&include_events=1&role_app_code=excavator_operator HTTP/1.1" 200 603
[30/Sep/2026 08:10:03] "GET /realtime/state/?after=1644&include_events=1&role_app_code=excavator_operator HTTP/1.1" 200 603
[30/Sep/2026 08:10:05] "GET /realtime/state/?after=1644&include_events=1&role_app_code=excavator_operator HTTP/1.1" 200 603
[30/Sep/2026 08:10:08] "GET /realtime/state/?after=1644&include_events=1&role_app_code=excavator_operator HTTP/1.1" 200 603
[30/Sep/2026 08:10:10] "GET /realtime/state/?after=1644&include_events=1&role_app_code=excavator_operator HTTP/1.1" 200 603
[30/Sep/2026 08:10:12] "GET /realtime/state/?after=1644&include_events=1&role_app_code=excavator_operator HTTP/1.1" 200 603
[30/Sep/2026 08:10:14] "GET /realtime/state/?after=1644&include_events=1&role_app_code=excavator_operator HTTP/1.1" 200 603
[30/Sep/2026 08:10:16] "GET /realtime/state/?after=1644&include_events=1&role_app_code=excavator_operator HTTP/1.1" 200 603
[30/Sep/2026 08:10:16] "POST /session-heartbeat/ HTTP/1.1" 204 0
[30/Sep/2026 08:10:16] "GET /realtime/state/?after=1644&include_events=1&role_app_code=excavator_operator HTTP/1.1" 200 603
[30/Sep/2026 08:10:17] "GET /excavator/work/?_operational_fragment=excavator&_operational_version=1644 HTTP/1.1" 200 74511
[30/Sep/2026 08:10:18] "GET /realtime/state/?after=1644&include_events=1&role_app_code=excavator_operator HTTP/1.1" 200 603
[30/Sep/2026 08:10:20] "GET /realtime/state/?after=1644&include_events=1&role_app_code=excavator_operator HTTP/1.1" 200 603
[30/Sep/2026 08:10:20] "GET /excavator-sw.js HTTP/1.1" 200 23634
[30/Sep/2026 08:10:22] "GET /realtime/state/?after=1644&include_events=1&role_app_code=excavator_operator HTTP/1.1" 200 603
[30/Sep/2026 08:10:24] "GET /realtime/state/?after=1644&include_events=1&role_app_code=excavator_operator HTTP/1.1" 200 603
[30/Sep/2026 08:10:26] "GET /realtime/state/?after=1644&include_events=1&role_app_code=excavator_operator HTTP/1.1" 200 603
[30/Sep/2026 08:10:28] "GET /realtime/state/?after=1644&include_events=1&role_app_code=excavator_operator HTTP/1.1" 200 603
[30/Sep/2026 08:10:30] "GET /realtime/state/?after=1644&include_events=1&role_app_code=excavator_operator HTTP/1.1" 200 603
[30/Sep/2026 08:10:32] "GET /realtime/state/?after=1644&include_events=1&role_app_code=excavator_operator HTTP/1.1" 200 603
[30/Sep/2026 08:10:34] "GET /realtime/state/?after=1644&include_events=1&role_app_code=excavator_operator HTTP/1.1" 200 603
[30/Sep/2026 08:10:36] "GET /realtime/state/?after=1644&include_events=1&role_app_code=excavator_operator HTTP/1.1" 200 603
[30/Sep/2026 08:10:38] "GET /excavator/work/?_operational_fragment=excavator&_operational_version=1644 HTTP/1.1" 200 74514
[30/Sep/2026 08:10:38] "GET /realtime/state/?after=1644&include_events=1&role_app_code=excavator_operator HTTP/1.1" 200 603
[30/Sep/2026 08:10:43] "GET /static/css/native-app-update-v1.css?v=1 HTTP/1.1" 200 2103
[30/Sep/2026 08:10:43] "GET /static/js/role-readonly.js?v=role-readonly-v6 HTTP/1.1" 200 20170
[30/Sep/2026 08:10:43] "GET /static/css/mobile-shift-unified-v1.css?v=excavator-mobile-shell-v263 HTTP/1.1" 200 29655
[30/Sep/2026 08:10:43] "GET /static/css/excavator-work-v55-final.css?v=excavator-mobile-shell-v263 HTTP/1.1" 200 97191
[30/Sep/2026 08:10:43] "GET /static/css/mobile-face-unified-v1.css?v=excavator-mobile-shell-v263 HTTP/1.1" 200 7892
[30/Sep/2026 08:10:43] "GET /static/css/excavator-work-v55.css?v=excavator-mobile-shell-v263 HTTP/1.1" 200 117524
[30/Sep/2026 08:10:43] "GET /static/css/excavator-hourly-report-v1.css?v=excavator-mobile-shell-v263 HTTP/1.1" 200 9941
[30/Sep/2026 08:10:43] "GET /static/css/mobile-downtime-unified-v1.css?v=excavator-mobile-shell-v263 HTTP/1.1" 200 12046
[30/Sep/2026 08:10:43] "GET /static/css/excavator-manual-loading-v1.css?v=4 HTTP/1.1" 200 4973
[30/Sep/2026 08:10:43] "GET /static/css/excavator-work-v55-shift.css?v=excavator-mobile-shell-v263 HTTP/1.1" 200 182518
[30/Sep/2026 08:10:43] "GET /static/css/excavator-offline-v1.css?v=1 HTTP/1.1" 200 2337
[30/Sep/2026 08:10:43] "GET /static/js/excavator-dump-return-swipe-v1.js?v=excavator-mobile-shell-v263 HTTP/1.1" 200 15961
[30/Sep/2026 08:10:43] "GET /static/js/excavator-dashboard-drag-v1.js?v=excavator-mobile-shell-v263 HTTP/1.1" 200 25110
[30/Sep/2026 08:10:43] "GET /static/css/excavator-free-bucket-v1.css?v=excavator-mobile-shell-v263 HTTP/1.1" 200 14996
[30/Sep/2026 08:10:43] "GET /static/img/equipment/excavator-yellow.png HTTP/1.1" 200 68719
[30/Sep/2026 08:10:43] "GET /static/js/mobile-shift-unified-v1.js?v=excavator-mobile-shell-v263 HTTP/1.1" 200 12331
[30/Sep/2026 08:10:43] "GET /static/img/equipment/truck-green.png HTTP/1.1" 200 73402
[30/Sep/2026 08:10:43] "GET /static/js/realtime-client.js?v=ready-core-traffic-v184 HTTP/1.1" 200 57670
[30/Sep/2026 08:10:43] "GET /static/js/mobile-operational-sounds-v1.js?v=excavator-mobile-shell-v263 HTTP/1.1" 200 24223
[30/Sep/2026 08:10:43] "GET /static/js/excavator-haptics-v1.js?v=excavator-mobile-shell-v263 HTTP/1.1" 200 1437
[30/Sep/2026 08:10:43] "GET /excavator.webmanifest HTTP/1.1" 200 1541
[30/Sep/2026 08:10:43] "GET /static/js/excavator-native-push-v1.js?v=excavator-mobile-shell-v263 HTTP/1.1" 200 4268
[30/Sep/2026 08:10:43] "GET /static/js/excavator-hourly-report-v1.js?v=excavator-mobile-shell-v263 HTTP/1.1" 200 18362
[30/Sep/2026 08:10:43] "GET /static/js/excavator-local-shift-v1.js?v=excavator-mobile-shell-v263 HTTP/1.1" 200 33514
[30/Sep/2026 08:10:43] "GET /static/js/excavator-field-outbox-v1.js?v=excavator-mobile-shell-v263 HTTP/1.1" 200 39073
[30/Sep/2026 08:10:43] "GET /static/css/app.css?v=ready-core-traffic-v184 HTTP/1.1" 200 930552
[30/Sep/2026 08:10:43] "GET /static/js/excavator-truck-number-fit-v1.js?v=excavator-mobile-shell-v263 HTTP/1.1" 200 5269
[30/Sep/2026 08:10:43] "GET /static/js/equipment-label-fit-v1.js?v=excavator-mobile-shell-v263 HTTP/1.1" 200 14575
[30/Sep/2026 08:10:43] "GET /static/js/excavator-free-bucket-v1.js?v=excavator-mobile-shell-v263 HTTP/1.1" 200 45435
[30/Sep/2026 08:10:43] "GET /static/img/pwa/excavator-180.png HTTP/1.1" 200 5421
[30/Sep/2026 08:10:43] "POST /session-heartbeat/ HTTP/1.1" 204 0
[30/Sep/2026 08:10:43] "GET /realtime/state/?after=1644&include_events=1&role_app_code=excavator_operator HTTP/1.1" 200 603
[30/Sep/2026 08:10:43] "POST /offline-events/sync/ HTTP/1.1" 200 1194
[30/Sep/2026 08:10:44] "GET /realtime/state/?after=1644&include_events=1&role_app_code=excavator_operator HTTP/1.1" 200 603
[30/Sep/2026 08:10:44] "GET /excavator/work/ HTTP/1.1" 200 442619
[30/Sep/2026 08:10:44] "GET /excavator/work/?_operational_fragment=excavator&_operational_version=1644 HTTP/1.1" 200 74514
[30/Sep/2026 08:10:44] "POST /client-error/ HTTP/1.1" 200 12
[30/Sep/2026 08:10:45] "GET /excavator/work/?_operational_fragment=excavator&_operational_version=1644 HTTP/1.1" 200 74514
[30/Sep/2026 08:10:45] "GET /api/achievements/current/ HTTP/1.1" 200 33
[30/Sep/2026 08:10:45] "GET /excavator-sw.js HTTP/1.1" 200 23634
[30/Sep/2026 08:10:46] "GET /realtime/state/?after=1644&include_events=1&role_app_code=excavator_operator HTTP/1.1" 200 603
[30/Sep/2026 08:10:48] "GET /realtime/state/?after=1644&include_events=1&role_app_code=excavator_operator HTTP/1.1" 200 603
[30/Sep/2026 08:10:50] "GET /realtime/state/?after=1644&include_events=1&role_app_code=excavator_operator HTTP/1.1" 200 603
[30/Sep/2026 08:10:52] "GET /realtime/state/?after=1644&include_events=1&role_app_code=excavator_operator HTTP/1.1" 200 603
[30/Sep/2026 08:10:54] "GET /realtime/state/?after=1644&include_events=1&role_app_code=excavator_operator HTTP/1.1" 200 603
[30/Sep/2026 08:10:56] "GET /realtime/state/?after=1644&include_events=1&role_app_code=excavator_operator HTTP/1.1" 200 603
[30/Sep/2026 08:10:58] "GET /realtime/state/?after=1644&include_events=1&role_app_code=excavator_operator HTTP/1.1" 200 603
[30/Sep/2026 08:11:00] "GET /realtime/state/?after=1644&include_events=1&role_app_code=excavator_operator HTTP/1.1" 200 603
[30/Sep/2026 08:11:02] "GET /realtime/state/?after=1644&include_events=1&role_app_code=excavator_operator HTTP/1.1" 200 603
[30/Sep/2026 08:11:04] "GET /realtime/state/?after=1644&include_events=1&role_app_code=excavator_operator HTTP/1.1" 200 603
[30/Sep/2026 08:11:05] "GET /excavator/work/?_operational_fragment=excavator&_operational_version=1644 HTTP/1.1" 200 74514
[30/Sep/2026 08:11:06] "GET /realtime/state/?after=1644&include_events=1&role_app_code=excavator_operator HTTP/1.1" 200 603
[30/Sep/2026 08:11:08] "GET /realtime/state/?after=1644&include_events=1&role_app_code=excavator_operator HTTP/1.1" 200 603
[30/Sep/2026 08:11:10] "GET /realtime/state/?after=1644&include_events=1&role_app_code=excavator_operator HTTP/1.1" 200 603
[30/Sep/2026 08:11:12] "GET /realtime/state/?after=1644&include_events=1&role_app_code=excavator_operator HTTP/1.1" 200 603
[30/Sep/2026 08:11:13] "POST /session-heartbeat/ HTTP/1.1" 204 0
[30/Sep/2026 08:11:14] "GET /realtime/state/?after=1644&include_events=1&role_app_code=excavator_operator HTTP/1.1" 200 603
[30/Sep/2026 08:11:16] "GET /realtime/state/?after=1644&include_events=1&role_app_code=excavator_operator HTTP/1.1" 200 603
[30/Sep/2026 08:11:18] "GET /realtime/state/?after=1644&include_events=1&role_app_code=excavator_operator HTTP/1.1" 200 603
[30/Sep/2026 08:11:20] "GET /realtime/state/?after=1644&include_events=1&role_app_code=excavator_operator HTTP/1.1" 200 603
[30/Sep/2026 08:11:22] "GET /realtime/state/?after=1644&include_events=1&role_app_code=excavator_operator HTTP/1.1" 200 603
[30/Sep/2026 08:11:24] "GET /realtime/state/?after=1644&include_events=1&role_app_code=excavator_operator HTTP/1.1" 200 603
[30/Sep/2026 08:11:26] "GET /realtime/state/?after=1644&include_events=1&role_app_code=excavator_operator HTTP/1.1" 200 603
[30/Sep/2026 08:11:26] "GET /excavator/work/?_operational_fragment=excavator&_operational_version=1644 HTTP/1.1" 200 74514
[30/Sep/2026 08:11:26] "POST /offline-events/sync/ HTTP/1.1" 200 679
[30/Sep/2026 08:11:27] "POST /offline-events/sync/ HTTP/1.1" 200 642
[30/Sep/2026 08:11:28] "GET /realtime/state/?after=1644&include_events=1&role_app_code=excavator_operator HTTP/1.1" 200 603
[30/Sep/2026 08:11:30] "GET /realtime/state/?after=1644&include_events=1&role_app_code=excavator_operator HTTP/1.1" 200 603
[30/Sep/2026 08:11:32] "GET /realtime/state/?after=1644&include_events=1&role_app_code=excavator_operator HTTP/1.1" 200 603
[30/Sep/2026 08:11:34] "GET /realtime/state/?after=1644&include_events=1&role_app_code=excavator_operator HTTP/1.1" 200 603
[30/Sep/2026 08:11:36] "GET /realtime/state/?after=1644&include_events=1&role_app_code=excavator_operator HTTP/1.1" 200 603
[30/Sep/2026 08:11:38] "GET /realtime/state/?after=1644&include_events=1&role_app_code=excavator_operator HTTP/1.1" 200 603
[30/Sep/2026 08:11:40] "GET /realtime/state/?after=1644&include_events=1&role_app_code=excavator_operator HTTP/1.1" 200 603
Performing system checks...

System check identified no issues (0 silenced).
September 30, 2026 - 08:13:10
Django version 6.0.6, using settings 'config.settings'
Starting development server at http://127.0.0.1:8043/
Quit the server with CTRL-BREAK.

WARNING: This is a development server. Do not use it in a production setting. Use a production WSGI or ASGI server instead.
For more information on production servers see: https://docs.djangoproject.com/en/6.0/howto/deployment/
[30/Sep/2026 08:13:12] "HEAD / HTTP/1.1" 200 0
[30/Sep/2026 08:13:12] "GET / HTTP/1.1" 200 165289
[30/Sep/2026 08:13:15] "POST /offline-events/sync/ HTTP/1.1" 200 1592
[30/Sep/2026 08:13:15] "GET /realtime/state/?after=1650&include_events=1&role_app_code=excavator_operator HTTP/1.1" 200 4799
[30/Sep/2026 08:13:15] "POST /client-error/ HTTP/1.1" 200 12
[30/Sep/2026 08:13:15] "GET /excavator-sw.js HTTP/1.1" 200 23634
[30/Sep/2026 08:13:15] "GET /static/js/connection-indicators-v1.js?v=ready-core-traffic-v184 HTTP/1.1" 200 1633
[30/Sep/2026 08:13:15] "GET /static/js/realtime-client.js?v=ready-core-traffic-v184 HTTP/1.1" 200 57670
[30/Sep/2026 08:13:15] "GET /static/js/client-error-report.js?v=ready-core-traffic-v184 HTTP/1.1" 200 9071
[30/Sep/2026 08:13:15] "GET /static/js/native-background-connection-v1.js?v=ready-core-traffic-v184 HTTP/1.1" 200 7352
[30/Sep/2026 08:13:15] "GET /static/js/application-session-heartbeat.js?v=ready-core-traffic-v184 HTTP/1.1" 200 11123
[30/Sep/2026 08:13:15] "GET /static/css/app.css?v=ready-core-traffic-v184 HTTP/1.1" 200 930552
[30/Sep/2026 08:13:15] "GET /static/portal/css/portal-shell-v5.css?v=7 HTTP/1.1" 200 89418
[30/Sep/2026 08:13:15] "GET /static/portal/js/portal-shell-v5.js HTTP/1.1" 200 6248
[30/Sep/2026 08:13:15] "GET /excavator.webmanifest HTTP/1.1" 200 1541
[30/Sep/2026 08:13:15] "GET /static/js/realtime-client.js?v=ready-core-traffic-v184 HTTP/1.1" 200 57670
[30/Sep/2026 08:13:15] "GET /company/privacy/?from=role-login HTTP/1.1" 200 14364
[30/Sep/2026 08:13:15] "GET /static/js/role-readonly.js HTTP/1.1" 200 20170
[30/Sep/2026 08:13:15] "GET /static/css/excavator-manual-loading-v1.css?v=4 HTTP/1.1" 200 4973
[30/Sep/2026 08:13:15] "GET /static/css/excavator-work-v55.css?v=excavator-mobile-shell-v263 HTTP/1.1" 200 117524
[30/Sep/2026 08:13:15] "GET /static/css/excavator-work-v55-final.css?v=excavator-mobile-shell-v263 HTTP/1.1" 200 97191
[30/Sep/2026 08:13:15] "GET /static/css/mobile-shift-unified-v1.css?v=excavator-mobile-shell-v263 HTTP/1.1" 200 29655
[30/Sep/2026 08:13:15] "GET /static/css/mobile-face-unified-v1.css?v=excavator-mobile-shell-v263 HTTP/1.1" 200 7892
[30/Sep/2026 08:13:15] "GET /static/css/excavator-work-v55-shift.css?v=excavator-mobile-shell-v263 HTTP/1.1" 200 182518
[30/Sep/2026 08:13:15] "GET /static/css/mobile-downtime-unified-v1.css?v=excavator-mobile-shell-v263 HTTP/1.1" 200 12046
[30/Sep/2026 08:13:15] "GET /static/css/excavator-hourly-report-v1.css?v=excavator-mobile-shell-v263 HTTP/1.1" 200 9941
[30/Sep/2026 08:13:15] "GET /static/css/app.css?v=ready-core-traffic-v184 HTTP/1.1" 200 930552
[30/Sep/2026 08:13:15] "GET /static/js/mobile-shift-unified-v1.js?v=excavator-mobile-shell-v263 HTTP/1.1" 200 12331
[30/Sep/2026 08:13:15] "GET /static/css/mobile-role-login-v1.css HTTP/1.1" 200 37466
[30/Sep/2026 08:13:15] "GET /static/js/mobile-operational-sounds-v1.js?v=excavator-mobile-shell-v263 HTTP/1.1" 200 24223
[30/Sep/2026 08:13:15] "GET /static/js/excavator-native-push-v1.js?v=excavator-mobile-shell-v263 HTTP/1.1" 200 4268
[30/Sep/2026 08:13:15] "GET /static/js/excavator-haptics-v1.js?v=excavator-mobile-shell-v263 HTTP/1.1" 200 1437
[30/Sep/2026 08:13:15] "GET /static/js/excavator-hourly-report-v1.js?v=excavator-mobile-shell-v263 HTTP/1.1" 200 18362
[30/Sep/2026 08:13:15] "GET /static/js/excavator-local-shift-v1.js?v=excavator-mobile-shell-v263 HTTP/1.1" 200 33514
[30/Sep/2026 08:13:15] "GET /static/js/excavator-field-outbox-v1.js?v=excavator-mobile-shell-v263 HTTP/1.1" 200 39073
[30/Sep/2026 08:13:15] "GET /static/js/excavator-free-bucket-v1.js?v=excavator-mobile-shell-v263 HTTP/1.1" 200 45435
[30/Sep/2026 08:13:15] "GET /static/js/equipment-label-fit-v1.js?v=excavator-mobile-shell-v263 HTTP/1.1" 200 14575
[30/Sep/2026 08:13:15] "GET /static/js/excavator-truck-number-fit-v1.js?v=excavator-mobile-shell-v263 HTTP/1.1" 200 5269
[30/Sep/2026 08:13:15] "GET /static/js/excavator-dashboard-drag-v1.js?v=excavator-mobile-shell-v263 HTTP/1.1" 200 25110
[30/Sep/2026 08:13:15] "GET /static/css/excavator-free-bucket-v1.css?v=excavator-mobile-shell-v263 HTTP/1.1" 200 14996
[30/Sep/2026 08:13:15] "GET /static/js/excavator-dump-return-swipe-v1.js?v=excavator-mobile-shell-v263 HTTP/1.1" 200 15961
[30/Sep/2026 08:13:15] "GET /static/css/excavator-offline-v1.css?v=1 HTTP/1.1" 200 2337
[30/Sep/2026 08:13:15] "GET /excavator/work/?_operational_fragment=excavator&_operational_version=1660 HTTP/1.1" 200 76918
[30/Sep/2026 08:13:15] "GET /static/css/native-app-update-v1.css HTTP/1.1" 200 2103
[30/Sep/2026 08:13:15] "GET /static/favicon.ico HTTP/1.1" 200 3879
[30/Sep/2026 08:13:15] "GET /static/img/pwa/excavator-180.png HTTP/1.1" 200 5421
[30/Sep/2026 08:13:15] "GET /static/img/pwa/excavator-192.png HTTP/1.1" 200 5573
[30/Sep/2026 08:13:15] "GET /static/img/pwa/excavator-512.png HTTP/1.1" 200 13919
[30/Sep/2026 08:13:15] "GET /static/img/pwa/excavator-maskable-512.png HTTP/1.1" 200 13919
[30/Sep/2026 08:13:15] "GET /static/img/start/start-hero-v1.webp HTTP/1.1" 200 39178
[30/Sep/2026 08:13:15] "GET /static/img/equipment/excavator-gray.png HTTP/1.1" 200 50217
[30/Sep/2026 08:13:15] "GET /static/img/start/start-hero-v1.jpg HTTP/1.1" 200 70789
[30/Sep/2026 08:13:15] "GET /static/img/equipment/excavator-green.png HTTP/1.1" 200 63574
[30/Sep/2026 08:13:15] "GET /static/img/equipment/excavator-yellow.png HTTP/1.1" 200 68719
[30/Sep/2026 08:13:15] "GET /static/img/equipment/excavator-red.png HTTP/1.1" 200 78206
[30/Sep/2026 08:13:15] "GET /static/img/equipment/truck-gray.png HTTP/1.1" 200 43999
[30/Sep/2026 08:13:15] "GET /static/img/equipment/truck-yellow.png HTTP/1.1" 200 58935
[30/Sep/2026 08:13:15] "GET /static/img/equipment/truck-red.png HTTP/1.1" 200 46288
[30/Sep/2026 08:13:15] "GET /static/img/equipment/truck-green.png HTTP/1.1" 200 73402
[30/Sep/2026 08:13:15] "GET /static/audio/excavator/excavator_action_ok.wav HTTP/1.1" 200 26504
[30/Sep/2026 08:13:15] "GET /static/audio/excavator/excavator_action_error.wav HTTP/1.1" 200 72368
[30/Sep/2026 08:13:15] "GET /static/audio/excavator/excavator_truck_assigned.wav HTTP/1.1" 200 79424
[30/Sep/2026 08:13:15] "POST /client-error/ HTTP/1.1" 200 12
[30/Sep/2026 08:13:15] "GET /static/audio/excavator/excavator_connection_restored.wav HTTP/1.1" 200 42380
[30/Sep/2026 08:13:15] "GET /static/audio/excavator/excavator_shift_start.wav HTTP/1.1" 200 115244
[30/Sep/2026 08:13:15] "GET /static/audio/excavator/excavator_connection_lost.wav HTTP/1.1" 200 121760
[30/Sep/2026 08:13:15] "GET /static/audio/excavator/excavator_shift_end.wav HTTP/1.1" 200 148844
[30/Sep/2026 08:13:15] "GET /static/audio/excavator/excavator_action_success_notice.wav HTTP/1.1" 200 207348
[30/Sep/2026 08:13:15] "GET /static/audio/excavator/excavator_assignment_notice.wav HTTP/1.1" 200 278702
[30/Sep/2026 08:13:15] "GET /static/audio/excavator/excavator_assignment_removed_notice.wav HTTP/1.1" 200 236454
[30/Sep/2026 08:13:15] "GET /static/audio/excavator/excavator_shift_notice.wav HTTP/1.1" 200 411090
[30/Sep/2026 08:13:15] "GET /static/audio/excavator/excavator_action_failed_notice.wav HTTP/1.1" 200 370518
[30/Sep/2026 08:13:15] "GET /static/audio/excavator/excavator_connection_lost_notice.wav HTTP/1.1" 200 370518
[30/Sep/2026 08:13:15] "GET /static/audio/excavator/excavator_connection_restored_notice.wav HTTP/1.1" 200 373164
[30/Sep/2026 08:13:16] "GET /excavator/work/ HTTP/1.1" 200 443773
[30/Sep/2026 08:13:16] "GET /static/css/native-app-update-v1.css?v=1 HTTP/1.1" 200 2103
[30/Sep/2026 08:13:16] "GET /static/js/role-readonly.js?v=role-readonly-v6 HTTP/1.1" 200 20170
[30/Sep/2026 08:13:17] "GET /realtime/state/?after=1660&include_events=1&role_app_code=excavator_operator HTTP/1.1" 200 604
[30/Sep/2026 08:13:19] "GET /realtime/state/?after=1660&include_events=1&role_app_code=excavator_operator HTTP/1.1" 200 604
[30/Sep/2026 08:13:21] "GET /realtime/state/?after=1660&include_events=1&role_app_code=excavator_operator HTTP/1.1" 200 604
[30/Sep/2026 08:13:23] "GET /realtime/state/?after=1660&include_events=1&role_app_code=excavator_operator HTTP/1.1" 200 604
[30/Sep/2026 08:13:25] "GET /realtime/state/?after=1660&include_events=1&role_app_code=excavator_operator HTTP/1.1" 200 604
[30/Sep/2026 08:13:27] "GET /realtime/state/?after=1660&include_events=1&role_app_code=excavator_operator HTTP/1.1" 200 604
[30/Sep/2026 08:13:29] "GET /realtime/state/?after=1660&include_events=1&role_app_code=excavator_operator HTTP/1.1" 200 604
[30/Sep/2026 08:13:31] "GET /realtime/state/?after=1660&include_events=1&role_app_code=excavator_operator HTTP/1.1" 200 604
[30/Sep/2026 08:13:33] "GET /realtime/state/?after=1660&include_events=1&role_app_code=excavator_operator HTTP/1.1" 200 604
[30/Sep/2026 08:13:35] "GET /realtime/state/?after=1660&include_events=1&role_app_code=excavator_operator HTTP/1.1" 200 604
[30/Sep/2026 08:13:37] "POST /session-heartbeat/ HTTP/1.1" 204 0
[30/Sep/2026 08:13:37] "GET /realtime/state/?after=1660&include_events=1&role_app_code=excavator_operator HTTP/1.1" 200 604
[30/Sep/2026 08:13:39] "GET /realtime/state/?after=1660&include_events=1&role_app_code=excavator_operator HTTP/1.1" 200 604
[30/Sep/2026 08:13:41] "GET /realtime/state/?after=1660&include_events=1&role_app_code=excavator_operator HTTP/1.1" 200 604
[30/Sep/2026 08:13:43] "GET /realtime/state/?after=1660&include_events=1&role_app_code=excavator_operator HTTP/1.1" 200 604
[30/Sep/2026 08:13:45] "GET /realtime/state/?after=1660&include_events=1&role_app_code=excavator_operator HTTP/1.1" 200 604
[30/Sep/2026 08:13:46] "GET /excavator/work/?_operational_fragment=excavator&_operational_version=1660 HTTP/1.1" 200 76918
[30/Sep/2026 08:13:46] "GET /static/img/equipment/truck-green.png HTTP/1.1" 200 73402
[30/Sep/2026 08:13:46] "GET /static/img/equipment/excavator-yellow.png HTTP/1.1" 200 68719
[30/Sep/2026 08:13:46] "GET /static/css/native-app-update-v1.css?v=1 HTTP/1.1" 200 2103
[30/Sep/2026 08:13:46] "GET /static/js/role-readonly.js?v=role-readonly-v6 HTTP/1.1" 200 20170
[30/Sep/2026 08:13:46] "GET /static/css/mobile-shift-unified-v1.css?v=excavator-mobile-shell-v263 HTTP/1.1" 200 29655
[30/Sep/2026 08:13:46] "GET /static/css/excavator-work-v55-final.css?v=excavator-mobile-shell-v263 HTTP/1.1" 200 97191
[30/Sep/2026 08:13:46] "GET /static/css/mobile-face-unified-v1.css?v=excavator-mobile-shell-v263 HTTP/1.1" 200 7892
[30/Sep/2026 08:13:46] "GET /static/css/mobile-downtime-unified-v1.css?v=excavator-mobile-shell-v263 HTTP/1.1" 200 12046
[30/Sep/2026 08:13:46] "GET /static/css/excavator-hourly-report-v1.css?v=excavator-mobile-shell-v263 HTTP/1.1" 200 9941
[30/Sep/2026 08:13:46] "GET /static/css/excavator-manual-loading-v1.css?v=4 HTTP/1.1" 200 4973
[30/Sep/2026 08:13:46] "GET /static/css/excavator-offline-v1.css?v=1 HTTP/1.1" 200 2337
[30/Sep/2026 08:13:46] "GET /static/css/excavator-free-bucket-v1.css?v=excavator-mobile-shell-v263 HTTP/1.1" 200 14996
[30/Sep/2026 08:13:46] "GET /static/css/excavator-work-v55.css?v=excavator-mobile-shell-v263 HTTP/1.1" 200 117524
[30/Sep/2026 08:13:46] "GET /static/js/excavator-dashboard-drag-v1.js?v=excavator-mobile-shell-v263 HTTP/1.1" 200 25110
[30/Sep/2026 08:13:46] "GET /static/js/excavator-dump-return-swipe-v1.js?v=excavator-mobile-shell-v263 HTTP/1.1" 200 15961
[30/Sep/2026 08:13:46] "GET /static/css/excavator-work-v55-shift.css?v=excavator-mobile-shell-v263 HTTP/1.1" 200 182518
[30/Sep/2026 08:13:46] "GET /static/js/mobile-operational-sounds-v1.js?v=excavator-mobile-shell-v263 HTTP/1.1" 200 24223
[30/Sep/2026 08:13:46] "GET /excavator.webmanifest HTTP/1.1" 200 1541
[30/Sep/2026 08:13:46] "GET /static/js/mobile-shift-unified-v1.js?v=excavator-mobile-shell-v263 HTTP/1.1" 200 12331
[30/Sep/2026 08:13:46] "GET /static/js/realtime-client.js?v=ready-core-traffic-v184 HTTP/1.1" 200 57670
[30/Sep/2026 08:13:46] "GET /static/js/excavator-native-push-v1.js?v=excavator-mobile-shell-v263 HTTP/1.1" 200 4268
[30/Sep/2026 08:13:46] "GET /static/js/excavator-haptics-v1.js?v=excavator-mobile-shell-v263 HTTP/1.1" 200 1437
[30/Sep/2026 08:13:46] "GET /static/js/excavator-field-outbox-v1.js?v=excavator-mobile-shell-v263 HTTP/1.1" 200 39073
[30/Sep/2026 08:13:46] "GET /static/js/excavator-hourly-report-v1.js?v=excavator-mobile-shell-v263 HTTP/1.1" 200 18362
[30/Sep/2026 08:13:46] "GET /static/css/app.css?v=ready-core-traffic-v184 HTTP/1.1" 200 930552
[30/Sep/2026 08:13:46] "POST /session-heartbeat/ HTTP/1.1" 204 0
[30/Sep/2026 08:13:46] "GET /static/js/excavator-truck-number-fit-v1.js?v=excavator-mobile-shell-v263 HTTP/1.1" 200 5269
[30/Sep/2026 08:13:47] "GET /static/js/excavator-free-bucket-v1.js?v=excavator-mobile-shell-v263 HTTP/1.1" 200 45435
[30/Sep/2026 08:13:47] "GET /static/favicon.ico HTTP/1.1" 200 3879
[30/Sep/2026 08:13:47] "GET /static/js/excavator-local-shift-v1.js?v=excavator-mobile-shell-v263 HTTP/1.1" 200 33514
[30/Sep/2026 08:13:47] "GET /static/img/pwa/excavator-180.png HTTP/1.1" 200 5421
[30/Sep/2026 08:13:47] "GET /static/js/equipment-label-fit-v1.js?v=excavator-mobile-shell-v263 HTTP/1.1" 200 14575
[30/Sep/2026 08:13:47] "GET /realtime/state/?after=1660&include_events=1&role_app_code=excavator_operator HTTP/1.1" 200 604
[30/Sep/2026 08:13:47] "GET /excavator/work/ HTTP/1.1" 200 443773
[30/Sep/2026 08:13:47] "GET /excavator/work/?_operational_fragment=excavator&_operational_version=1660 HTTP/1.1" 200 76918
[30/Sep/2026 08:13:47] "POST /client-error/ HTTP/1.1" 200 12
[30/Sep/2026 08:13:48] "GET /api/achievements/current/ HTTP/1.1" 200 33
[30/Sep/2026 08:13:48] "GET /excavator-sw.js HTTP/1.1" 200 23634
[30/Sep/2026 08:13:49] "GET /realtime/state/?after=1660&include_events=1&role_app_code=excavator_operator HTTP/1.1" 200 604
[30/Sep/2026 08:13:51] "GET /realtime/state/?after=1660&include_events=1&role_app_code=excavator_operator HTTP/1.1" 200 604
[30/Sep/2026 08:13:53] "GET /realtime/state/?after=1660&include_events=1&role_app_code=excavator_operator HTTP/1.1" 200 604
[30/Sep/2026 08:13:55] "GET /realtime/state/?after=1660&include_events=1&role_app_code=excavator_operator HTTP/1.1" 200 604
Performing system checks...

System check identified no issues (0 silenced).
September 30, 2026 - 08:14:38
Django version 6.0.6, using settings 'config.settings'
Starting development server at http://127.0.0.1:8043/
Quit the server with CTRL-BREAK.

WARNING: This is a development server. Do not use it in a production setting. Use a production WSGI or ASGI server instead.
For more information on production servers see: https://docs.djangoproject.com/en/6.0/howto/deployment/
[30/Sep/2026 08:14:40] "HEAD / HTTP/1.1" 200 0
[30/Sep/2026 08:14:40] "GET / HTTP/1.1" 200 165289
[30/Sep/2026 08:14:41] "POST /offline-events/sync/ HTTP/1.1" 200 1035
[30/Sep/2026 08:14:41] "GET /realtime/state/?after=1660&include_events=1&role_app_code=excavator_operator HTTP/1.1" 200 982
[30/Sep/2026 08:14:42] "POST /client-error/ HTTP/1.1" 200 12
[30/Sep/2026 08:14:42] "GET /excavator/work/?_operational_fragment=excavator&_operational_version=1661 HTTP/1.1" 200 74447
[30/Sep/2026 08:14:42] "POST /client-error/ HTTP/1.1" 200 12
[30/Sep/2026 08:14:44] "GET /realtime/state/?after=1662&include_events=1&role_app_code=excavator_operator HTTP/1.1" 200 603
[30/Sep/2026 08:14:46] "GET /realtime/state/?after=1662&include_events=1&role_app_code=excavator_operator HTTP/1.1" 200 603
[30/Sep/2026 08:14:47] "POST /session-heartbeat/ HTTP/1.1" 204 0
[30/Sep/2026 08:14:48] "GET /realtime/state/?after=1662&include_events=1&role_app_code=excavator_operator HTTP/1.1" 200 603
[30/Sep/2026 08:14:50] "GET /realtime/state/?after=1662&include_events=1&role_app_code=excavator_operator HTTP/1.1" 200 603
[30/Sep/2026 08:14:52] "GET /realtime/state/?after=1662&include_events=1&role_app_code=excavator_operator HTTP/1.1" 200 603
[30/Sep/2026 08:14:54] "GET /realtime/state/?after=1662&include_events=1&role_app_code=excavator_operator HTTP/1.1" 200 603
[30/Sep/2026 08:14:56] "GET /realtime/state/?after=1662&include_events=1&role_app_code=excavator_operator HTTP/1.1" 200 603
[30/Sep/2026 08:14:58] "GET /realtime/state/?after=1662&include_events=1&role_app_code=excavator_operator HTTP/1.1" 200 603
[30/Sep/2026 08:15:00] "GET /realtime/state/?after=1662&include_events=1&role_app_code=excavator_operator HTTP/1.1" 200 603
[30/Sep/2026 08:15:02] "GET /realtime/state/?after=1662&include_events=1&role_app_code=excavator_operator HTTP/1.1" 200 603
[30/Sep/2026 08:15:02] "GET /excavator/work/?_operational_fragment=excavator&_operational_version=1662 HTTP/1.1" 200 74450
[30/Sep/2026 08:15:04] "GET /realtime/state/?after=1662&include_events=1&role_app_code=excavator_operator HTTP/1.1" 200 603
[30/Sep/2026 08:15:06] "GET /realtime/state/?after=1662&include_events=1&role_app_code=excavator_operator HTTP/1.1" 200 603
[30/Sep/2026 08:15:08] "GET /realtime/state/?after=1662&include_events=1&role_app_code=excavator_operator HTTP/1.1" 200 603
[30/Sep/2026 08:15:10] "GET /realtime/state/?after=1662&include_events=1&role_app_code=excavator_operator HTTP/1.1" 200 603
[30/Sep/2026 08:15:12] "GET /realtime/state/?after=1662&include_events=1&role_app_code=excavator_operator HTTP/1.1" 200 603
[30/Sep/2026 08:15:14] "GET /realtime/state/?after=1662&include_events=1&role_app_code=excavator_operator HTTP/1.1" 200 603
[30/Sep/2026 08:15:16] "GET /realtime/state/?after=1662&include_events=1&role_app_code=excavator_operator HTTP/1.1" 200 603
[30/Sep/2026 08:15:17] "POST /session-heartbeat/ HTTP/1.1" 204 0
[30/Sep/2026 08:15:18] "GET /realtime/state/?after=1662&include_events=1&role_app_code=excavator_operator HTTP/1.1" 200 603
[30/Sep/2026 08:15:20] "GET /realtime/state/?after=1662&include_events=1&role_app_code=excavator_operator HTTP/1.1" 200 603
[30/Sep/2026 08:15:22] "GET /realtime/state/?after=1662&include_events=1&role_app_code=excavator_operator HTTP/1.1" 200 603
[30/Sep/2026 08:15:22] "GET /excavator/work/?_operational_fragment=excavator&_operational_version=1662 HTTP/1.1" 200 74450
[30/Sep/2026 08:15:24] "GET /realtime/state/?after=1662&include_events=1&role_app_code=excavator_operator HTTP/1.1" 200 603
[30/Sep/2026 08:15:26] "GET /realtime/state/?after=1662&include_events=1&role_app_code=excavator_operator HTTP/1.1" 200 603
[30/Sep/2026 08:15:28] "GET /realtime/state/?after=1662&include_events=1&role_app_code=excavator_operator HTTP/1.1" 200 603
[30/Sep/2026 08:15:30] "GET /realtime/state/?after=1662&include_events=1&role_app_code=excavator_operator HTTP/1.1" 200 603
[30/Sep/2026 08:15:32] "GET /realtime/state/?after=1662&include_events=1&role_app_code=excavator_operator HTTP/1.1" 200 603
[30/Sep/2026 08:15:34] "GET /realtime/state/?after=1662&include_events=1&role_app_code=excavator_operator HTTP/1.1" 200 603
[30/Sep/2026 08:15:36] "GET /realtime/state/?after=1662&include_events=1&role_app_code=excavator_operator HTTP/1.1" 200 603
[30/Sep/2026 08:15:38] "GET /realtime/state/?after=1662&include_events=1&role_app_code=excavator_operator HTTP/1.1" 200 603
[30/Sep/2026 08:15:40] "GET /realtime/state/?after=1662&include_events=1&role_app_code=excavator_operator HTTP/1.1" 200 603
[30/Sep/2026 08:15:42] "GET /realtime/state/?after=1662&include_events=1&role_app_code=excavator_operator HTTP/1.1" 200 603
[30/Sep/2026 08:15:42] "GET /excavator/work/?_operational_fragment=excavator&_operational_version=1662 HTTP/1.1" 200 74450
[30/Sep/2026 08:15:44] "GET /realtime/state/?after=1662&include_events=1&role_app_code=excavator_operator HTTP/1.1" 200 603
[30/Sep/2026 08:15:46] "GET /realtime/state/?after=1662&include_events=1&role_app_code=excavator_operator HTTP/1.1" 200 603
[30/Sep/2026 08:15:47] "POST /session-heartbeat/ HTTP/1.1" 204 0
[30/Sep/2026 08:15:48] "GET /realtime/state/?after=1662&include_events=1&role_app_code=excavator_operator HTTP/1.1" 200 603
[30/Sep/2026 08:15:50] "GET /realtime/state/?after=1662&include_events=1&role_app_code=excavator_operator HTTP/1.1" 200 603
[30/Sep/2026 08:15:52] "GET /realtime/state/?after=1662&include_events=1&role_app_code=excavator_operator HTTP/1.1" 200 603
[30/Sep/2026 08:15:54] "GET /realtime/state/?after=1662&include_events=1&role_app_code=excavator_operator HTTP/1.1" 200 603
[30/Sep/2026 08:15:56] "GET /static/css/mobile-shift-unified-v1.css?v=excavator-mobile-shell-v263 HTTP/1.1" 200 29655
[30/Sep/2026 08:15:56] "GET /static/css/mobile-face-unified-v1.css?v=excavator-mobile-shell-v263 HTTP/1.1" 200 7892
[30/Sep/2026 08:15:56] "GET /static/css/excavator-work-v55-final.css?v=excavator-mobile-shell-v263 HTTP/1.1" 200 97191
[30/Sep/2026 08:15:56] "GET /static/css/mobile-downtime-unified-v1.css?v=excavator-mobile-shell-v263 HTTP/1.1" 200 12046
[30/Sep/2026 08:15:56] "GET /static/css/excavator-work-v55.css?v=excavator-mobile-shell-v263 HTTP/1.1" 200 117524
[30/Sep/2026 08:15:56] "GET /static/css/excavator-hourly-report-v1.css?v=excavator-mobile-shell-v263 HTTP/1.1" 200 9941
[30/Sep/2026 08:15:56] "GET /static/css/excavator-manual-loading-v1.css?v=4 HTTP/1.1" 200 4973
[30/Sep/2026 08:15:56] "GET /static/css/excavator-offline-v1.css?v=1 HTTP/1.1" 200 2337
[30/Sep/2026 08:15:56] "GET /static/css/excavator-free-bucket-v1.css?v=excavator-mobile-shell-v263 HTTP/1.1" 200 14996
[30/Sep/2026 08:15:56] "GET /static/css/excavator-work-v55-shift.css?v=excavator-mobile-shell-v263 HTTP/1.1" 200 182518
[30/Sep/2026 08:15:56] "GET /static/js/excavator-dump-return-swipe-v1.js?v=excavator-mobile-shell-v263 HTTP/1.1" 200 15961
[30/Sep/2026 08:15:56] "GET /static/js/excavator-dashboard-drag-v1.js?v=excavator-mobile-shell-v263 HTTP/1.1" 200 25110
[30/Sep/2026 08:15:56] "GET /excavator.webmanifest HTTP/1.1" 200 1541
[30/Sep/2026 08:15:56] "GET /static/js/realtime-client.js?v=ready-core-traffic-v184 HTTP/1.1" 200 57670
[30/Sep/2026 08:15:56] "GET /static/img/equipment/excavator-yellow.png HTTP/1.1" 200 68719
[30/Sep/2026 08:15:56] "GET /static/css/app.css?v=ready-core-traffic-v184 HTTP/1.1" 200 930552
[30/Sep/2026 08:15:56] "POST /session-heartbeat/ HTTP/1.1" 204 0
[30/Sep/2026 08:15:56] "GET /static/js/mobile-shift-unified-v1.js?v=excavator-mobile-shell-v263 HTTP/1.1" 200 12331
[30/Sep/2026 08:15:56] "GET /static/js/mobile-operational-sounds-v1.js?v=excavator-mobile-shell-v263 HTTP/1.1" 200 24223
[30/Sep/2026 08:15:56] "GET /static/img/equipment/truck-green.png HTTP/1.1" 200 73402
[30/Sep/2026 08:15:56] "GET /static/img/pwa/excavator-180.png HTTP/1.1" 200 5421
[30/Sep/2026 08:15:56] "GET /static/js/excavator-haptics-v1.js?v=excavator-mobile-shell-v263 HTTP/1.1" 200 1437
[30/Sep/2026 08:15:56] "GET /static/js/excavator-native-push-v1.js?v=excavator-mobile-shell-v263 HTTP/1.1" 200 4268
[30/Sep/2026 08:15:56] "GET /static/js/excavator-hourly-report-v1.js?v=excavator-mobile-shell-v263 HTTP/1.1" 200 18362
[30/Sep/2026 08:15:56] "GET /static/js/excavator-field-outbox-v1.js?v=excavator-mobile-shell-v263 HTTP/1.1" 200 39073
[30/Sep/2026 08:15:56] "GET /static/js/equipment-label-fit-v1.js?v=excavator-mobile-shell-v263 HTTP/1.1" 200 14575
[30/Sep/2026 08:15:56] "GET /static/js/excavator-local-shift-v1.js?v=excavator-mobile-shell-v263 HTTP/1.1" 200 33514
[30/Sep/2026 08:15:56] "GET /static/js/excavator-free-bucket-v1.js?v=excavator-mobile-shell-v263 HTTP/1.1" 200 45435
[30/Sep/2026 08:15:56] "GET /static/js/excavator-truck-number-fit-v1.js?v=excavator-mobile-shell-v263 HTTP/1.1" 200 5269
[30/Sep/2026 08:15:56] "GET /realtime/state/?after=1660&include_events=1&role_app_code=excavator_operator HTTP/1.1" 200 1544
[30/Sep/2026 08:15:57] "GET /excavator/work/ HTTP/1.1" 200 443758
[30/Sep/2026 08:15:57] "GET /excavator/work/?_operational_fragment=excavator&_operational_version=1662 HTTP/1.1" 200 76841
[30/Sep/2026 08:15:57] "POST /client-error/ HTTP/1.1" 200 12
[30/Sep/2026 08:15:58] "GET /api/achievements/current/ HTTP/1.1" 200 33
[30/Sep/2026 08:15:58] "GET /excavator-sw.js HTTP/1.1" 200 23634
[30/Sep/2026 08:15:58] "GET /realtime/state/?after=1662&include_events=1&role_app_code=excavator_operator HTTP/1.1" 200 604
[30/Sep/2026 08:16:01] "GET /realtime/state/?after=1662&include_events=1&role_app_code=excavator_operator HTTP/1.1" 200 604
[30/Sep/2026 08:16:03] "GET /realtime/state/?after=1662&include_events=1&role_app_code=excavator_operator HTTP/1.1" 200 604
[30/Sep/2026 08:16:05] "GET /realtime/state/?after=1662&include_events=1&role_app_code=excavator_operator HTTP/1.1" 200 604
Performing system checks...

System check identified no issues (0 silenced).
September 30, 2026 - 08:16:37
Django version 6.0.6, using settings 'config.settings'
Starting development server at http://127.0.0.1:8043/
Quit the server with CTRL-BREAK.

WARNING: This is a development server. Do not use it in a production setting. Use a production WSGI or ASGI server instead.
For more information on production servers see: https://docs.djangoproject.com/en/6.0/howto/deployment/
[30/Sep/2026 08:16:39] "HEAD / HTTP/1.1" 200 0
[30/Sep/2026 08:16:39] "GET / HTTP/1.1" 200 165289
[30/Sep/2026 08:16:43] "POST /offline-events/sync/ HTTP/1.1" 200 1730
[30/Sep/2026 08:16:51] "POST /offline-events/sync/ HTTP/1.1" 200 1066
[30/Sep/2026 08:16:56] "POST /session-heartbeat/ HTTP/1.1" 204 0
[30/Sep/2026 08:16:56] "POST /client-error/ HTTP/1.1" 200 12
[30/Sep/2026 08:16:56] "GET /realtime/state/?after=1662&include_events=1&role_app_code=excavator_operator HTTP/1.1" 200 982
[30/Sep/2026 08:16:58] "GET /realtime/state/?after=1663&include_events=1&role_app_code=excavator_operator HTTP/1.1" 200 603
[30/Sep/2026 08:16:59] "POST /offline-events/sync/ HTTP/1.1" 200 1066
[30/Sep/2026 08:17:01] "GET /realtime/state/?after=1663&include_events=1&role_app_code=excavator_operator HTTP/1.1" 200 603
[30/Sep/2026 08:17:03] "GET /realtime/state/?after=1663&include_events=1&role_app_code=excavator_operator HTTP/1.1" 200 603
[30/Sep/2026 08:17:05] "GET /realtime/state/?after=1663&include_events=1&role_app_code=excavator_operator HTTP/1.1" 200 603
[30/Sep/2026 08:17:07] "GET /realtime/state/?after=1663&include_events=1&role_app_code=excavator_operator HTTP/1.1" 200 603
[30/Sep/2026 08:17:07] "POST /offline-events/sync/ HTTP/1.1" 200 1066
[30/Sep/2026 08:17:09] "GET /realtime/state/?after=1663&include_events=1&role_app_code=excavator_operator HTTP/1.1" 200 603
[30/Sep/2026 08:17:11] "GET /realtime/state/?after=1663&include_events=1&role_app_code=excavator_operator HTTP/1.1" 200 603
[30/Sep/2026 08:17:13] "GET /realtime/state/?after=1663&include_events=1&role_app_code=excavator_operator HTTP/1.1" 200 603
[30/Sep/2026 08:17:15] "GET /realtime/state/?after=1663&include_events=1&role_app_code=excavator_operator HTTP/1.1" 200 603
[30/Sep/2026 08:17:15] "POST /offline-events/sync/ HTTP/1.1" 200 1066
[30/Sep/2026 08:17:17] "GET /realtime/state/?after=1663&include_events=1&role_app_code=excavator_operator HTTP/1.1" 200 603
[30/Sep/2026 08:17:19] "GET /realtime/state/?after=1663&include_events=1&role_app_code=excavator_operator HTTP/1.1" 200 603
[30/Sep/2026 08:17:21] "GET /realtime/state/?after=1663&include_events=1&role_app_code=excavator_operator HTTP/1.1" 200 603
[30/Sep/2026 08:17:23] "GET /realtime/state/?after=1663&include_events=1&role_app_code=excavator_operator HTTP/1.1" 200 603
[30/Sep/2026 08:17:23] "POST /offline-events/sync/ HTTP/1.1" 200 1066
[30/Sep/2026 08:17:25] "GET /realtime/state/?after=1663&include_events=1&role_app_code=excavator_operator HTTP/1.1" 200 603
[30/Sep/2026 08:17:26] "POST /session-heartbeat/ HTTP/1.1" 204 0
[30/Sep/2026 08:17:26] "GET /realtime/state/?after=1663&include_events=1&role_app_code=excavator_operator HTTP/1.1" 200 603
[30/Sep/2026 08:17:28] "GET /realtime/state/?after=1663&include_events=1&role_app_code=excavator_operator HTTP/1.1" 200 603
[30/Sep/2026 08:17:30] "GET /realtime/state/?after=1663&include_events=1&role_app_code=excavator_operator HTTP/1.1" 200 603
[30/Sep/2026 08:17:31] "POST /offline-events/sync/ HTTP/1.1" 200 1066
[30/Sep/2026 08:17:32] "GET /realtime/state/?after=1663&include_events=1&role_app_code=excavator_operator HTTP/1.1" 200 603
[30/Sep/2026 08:17:34] "GET /realtime/state/?after=1663&include_events=1&role_app_code=excavator_operator HTTP/1.1" 200 603
[30/Sep/2026 08:17:37] "GET /realtime/state/?after=1663&include_events=1&role_app_code=excavator_operator HTTP/1.1" 200 603
