Performing system checks...

System check identified no issues (0 silenced).
September 30, 2026 - 08:07:36
Django version 6.0.6, using settings 'config.settings'
Starting development server at http://127.0.0.1:8043/
Quit the server with CTRL-BREAK.

WARNING: This is a development server. Do not use it in a production setting. Use a production WSGI or ASGI server instead.
For more information on production servers see: https://docs.djangoproject.com/en/6.0/howto/deployment/
[30/Sep/2026 08:07:38] "HEAD / HTTP/1.1" 200 0
[30/Sep/2026 08:07:38] "GET / HTTP/1.1" 200 165289
[30/Sep/2026 08:07:38] "GET /static/css/app.css?v=ready-core-traffic-v184 HTTP/1.1" 304 0
[30/Sep/2026 08:07:38] "GET /static/css/max-support-link-v1.css?v=6 HTTP/1.1" 304 0
[30/Sep/2026 08:07:38] "GET /static/js/role-readonly.js?v=role-readonly-v6 HTTP/1.1" 304 0
[30/Sep/2026 08:07:38] "GET /static/vendor/bulma/button-1.0.4.min.css HTTP/1.1" 304 0
[30/Sep/2026 08:07:38] "GET /static/css/entry-action-button-v2.css HTTP/1.1" 304 0
[30/Sep/2026 08:07:38] "GET /static/css/login-v2.css?v=5 HTTP/1.1" 304 0
[30/Sep/2026 08:07:38] "GET /static/img/start/login-hero-tall-v2.webp HTTP/1.1" 304 0
[30/Sep/2026 08:07:38] "GET /static/js/realtime-client.js?v=ready-core-traffic-v184 HTTP/1.1" 304 0
[30/Sep/2026 08:07:38] "GET /static/js/client-error-report.js?v=ready-core-traffic-v184 HTTP/1.1" 304 0
[30/Sep/2026 08:07:38] "GET /static/js/connection-indicators-v1.js?v=ready-core-traffic-v184 HTTP/1.1" 304 0
[30/Sep/2026 08:07:38] "GET /static/img/start/start-hero-v1.webp HTTP/1.1" 200 39178
[30/Sep/2026 08:07:38] "GET /favicon.ico HTTP/1.1" 301 0
[30/Sep/2026 08:07:38] "GET /static/favicon.ico HTTP/1.1" 200 3879
[30/Sep/2026 08:07:46] "GET /excavator/work/ HTTP/1.1" 200 415303
[30/Sep/2026 08:07:46] "GET /static/js/role-readonly.js?v=role-readonly-v6 HTTP/1.1" 200 20170
[30/Sep/2026 08:07:46] "GET /static/css/mobile-shift-unified-v1.css?v=excavator-mobile-shell-v262 HTTP/1.1" 200 29655
[30/Sep/2026 08:07:46] "GET /static/css/mobile-downtime-unified-v1.css?v=excavator-mobile-shell-v262 HTTP/1.1" 200 12046
[30/Sep/2026 08:07:46] "GET /static/css/mobile-face-unified-v1.css?v=excavator-mobile-shell-v262 HTTP/1.1" 200 7892
[30/Sep/2026 08:07:46] "GET /static/css/excavator-hourly-report-v1.css?v=excavator-mobile-shell-v262 HTTP/1.1" 200 9941
[30/Sep/2026 08:07:46] "GET /static/css/excavator-work-v55.css?v=excavator-mobile-shell-v262 HTTP/1.1" 200 117524
[30/Sep/2026 08:07:46] "GET /static/css/excavator-manual-loading-v1.css?v=4 HTTP/1.1" 200 4973
[30/Sep/2026 08:07:46] "GET /static/css/excavator-work-v55-final.css?v=excavator-mobile-shell-v262 HTTP/1.1" 200 97191
[30/Sep/2026 08:07:46] "GET /static/css/excavator-offline-v1.css?v=1 HTTP/1.1" 200 2337
[30/Sep/2026 08:07:46] "GET /static/js/excavator-dashboard-drag-v1.js?v=excavator-mobile-shell-v262 HTTP/1.1" 200 25110
[30/Sep/2026 08:07:46] "GET /static/css/app.css?v=ready-core-traffic-v184 HTTP/1.1" 200 930552
[30/Sep/2026 08:07:46] "GET /static/css/native-app-update-v1.css?v=1 HTTP/1.1" 200 2103
[30/Sep/2026 08:07:46] "GET /static/css/excavator-free-bucket-v1.css?v=excavator-mobile-shell-v262 HTTP/1.1" 200 14996
[30/Sep/2026 08:07:46] "GET /static/js/excavator-dump-return-swipe-v1.js?v=excavator-mobile-shell-v262 HTTP/1.1" 200 15961
[30/Sep/2026 08:07:46] "GET /static/img/equipment/truck-gray.png HTTP/1.1" 200 43999
[30/Sep/2026 08:07:46] "GET /static/css/excavator-work-v55-shift.css?v=excavator-mobile-shell-v262 HTTP/1.1" 200 182518
[30/Sep/2026 08:07:46] "GET /static/img/equipment/excavator-yellow.png HTTP/1.1" 200 68719
[30/Sep/2026 08:07:46] "GET /static/js/application-session-heartbeat.js?v=ready-core-traffic-v184 HTTP/1.1" 200 11123
[30/Sep/2026 08:07:46] "GET /static/js/realtime-client.js?v=ready-core-traffic-v184 HTTP/1.1" 200 57670
[30/Sep/2026 08:07:46] "GET /static/js/connection-indicators-v1.js?v=ready-core-traffic-v184 HTTP/1.1" 200 1633
[30/Sep/2026 08:07:46] "GET /static/js/excavator-native-push-v1.js?v=excavator-mobile-shell-v262 HTTP/1.1" 200 4268
[30/Sep/2026 08:07:46] "GET /static/js/excavator-haptics-v1.js?v=excavator-mobile-shell-v262 HTTP/1.1" 200 1437
[30/Sep/2026 08:07:46] "GET /static/js/mobile-shift-unified-v1.js?v=excavator-mobile-shell-v262 HTTP/1.1" 200 12331
[30/Sep/2026 08:07:46] "GET /static/js/client-error-report.js?v=ready-core-traffic-v184 HTTP/1.1" 200 9071
[30/Sep/2026 08:07:46] "GET /static/js/mobile-operational-sounds-v1.js?v=excavator-mobile-shell-v262 HTTP/1.1" 200 24223
[30/Sep/2026 08:07:46] "GET /static/js/excavator-truck-number-fit-v1.js?v=excavator-mobile-shell-v262 HTTP/1.1" 200 5269
[30/Sep/2026 08:07:46] "GET /static/js/excavator-hourly-report-v1.js?v=excavator-mobile-shell-v262 HTTP/1.1" 200 17503
[30/Sep/2026 08:07:46] "GET /static/js/equipment-label-fit-v1.js?v=excavator-mobile-shell-v262 HTTP/1.1" 200 14575
[30/Sep/2026 08:07:46] "GET /static/js/excavator-field-outbox-v1.js?v=excavator-mobile-shell-v262 HTTP/1.1" 200 35534
[30/Sep/2026 08:07:46] "GET /static/js/excavator-free-bucket-v1.js?v=excavator-mobile-shell-v262 HTTP/1.1" 200 45435
[30/Sep/2026 08:07:46] "GET /excavator.webmanifest HTTP/1.1" 200 1541
[30/Sep/2026 08:07:46] "GET /static/favicon.ico HTTP/1.1" 200 3879
[30/Sep/2026 08:07:46] "GET /static/img/pwa/excavator-180.png HTTP/1.1" 200 5421
[30/Sep/2026 08:07:46] "POST /session-heartbeat/ HTTP/1.1" 204 0
[30/Sep/2026 08:07:46] "GET /excavator-sw.js HTTP/1.1" 200 19049
[30/Sep/2026 08:07:46] "GET /static/js/connection-indicators-v1.js?v=ready-core-traffic-v184 HTTP/1.1" 200 1633
[30/Sep/2026 08:07:46] "GET /static/js/realtime-client.js?v=ready-core-traffic-v184 HTTP/1.1" 200 57670
[30/Sep/2026 08:07:46] "GET /static/js/client-error-report.js?v=ready-core-traffic-v184 HTTP/1.1" 200 9071
[30/Sep/2026 08:07:46] "GET /static/js/application-session-heartbeat.js?v=ready-core-traffic-v184 HTTP/1.1" 200 11123
[30/Sep/2026 08:07:46] "GET /static/js/native-background-connection-v1.js?v=ready-core-traffic-v184 HTTP/1.1" 200 7352
[30/Sep/2026 08:07:46] "GET /realtime/state/?after=1632&include_events=1&role_app_code=excavator_operator HTTP/1.1" 200 604
[30/Sep/2026 08:07:46] "GET /excavator.webmanifest HTTP/1.1" 200 1541
[30/Sep/2026 08:07:46] "GET /static/css/app.css?v=ready-core-traffic-v184 HTTP/1.1" 200 930552
[30/Sep/2026 08:07:46] "GET /static/portal/css/portal-shell-v5.css?v=7 HTTP/1.1" 200 89418
[30/Sep/2026 08:07:46] "GET /static/portal/js/portal-shell-v5.js HTTP/1.1" 200 6248
[30/Sep/2026 08:07:46] "GET /static/js/role-readonly.js HTTP/1.1" 200 20170
[30/Sep/2026 08:07:46] "GET /static/js/realtime-client.js?v=ready-core-traffic-v184 HTTP/1.1" 200 57670
[30/Sep/2026 08:07:46] "GET /static/css/excavator-manual-loading-v1.css?v=4 HTTP/1.1" 200 4973
[30/Sep/2026 08:07:46] "GET /company/privacy/?from=role-login HTTP/1.1" 200 14364
[30/Sep/2026 08:07:46] "GET /static/css/excavator-work-v55.css?v=excavator-mobile-shell-v262 HTTP/1.1" 200 117524
[30/Sep/2026 08:07:46] "GET /static/css/excavator-work-v55-final.css?v=excavator-mobile-shell-v262 HTTP/1.1" 200 97191
[30/Sep/2026 08:07:46] "GET /static/css/mobile-shift-unified-v1.css?v=excavator-mobile-shell-v262 HTTP/1.1" 200 29655
[30/Sep/2026 08:07:46] "GET /static/css/excavator-work-v55-shift.css?v=excavator-mobile-shell-v262 HTTP/1.1" 200 182518
[30/Sep/2026 08:07:46] "GET /static/css/mobile-face-unified-v1.css?v=excavator-mobile-shell-v262 HTTP/1.1" 200 7892
[30/Sep/2026 08:07:46] "GET /static/css/mobile-downtime-unified-v1.css?v=excavator-mobile-shell-v262 HTTP/1.1" 200 12046
[30/Sep/2026 08:07:46] "GET /static/css/excavator-hourly-report-v1.css?v=excavator-mobile-shell-v262 HTTP/1.1" 200 9941
[30/Sep/2026 08:07:46] "GET /static/js/mobile-shift-unified-v1.js?v=excavator-mobile-shell-v262 HTTP/1.1" 200 12331
[30/Sep/2026 08:07:46] "GET /static/css/mobile-role-login-v1.css HTTP/1.1" 200 37466
[30/Sep/2026 08:07:46] "GET /static/js/mobile-operational-sounds-v1.js?v=excavator-mobile-shell-v262 HTTP/1.1" 200 24223
[30/Sep/2026 08:07:46] "GET /static/js/excavator-haptics-v1.js?v=excavator-mobile-shell-v262 HTTP/1.1" 200 1437
[30/Sep/2026 08:07:46] "GET /static/js/excavator-native-push-v1.js?v=excavator-mobile-shell-v262 HTTP/1.1" 200 4268
[30/Sep/2026 08:07:46] "GET /static/css/app.css?v=ready-core-traffic-v184 HTTP/1.1" 200 930552
[30/Sep/2026 08:07:46] "GET /static/js/excavator-hourly-report-v1.js?v=excavator-mobile-shell-v262 HTTP/1.1" 200 17503
[30/Sep/2026 08:07:46] "GET /static/js/excavator-field-outbox-v1.js?v=excavator-mobile-shell-v262 HTTP/1.1" 200 35534
[30/Sep/2026 08:07:46] "GET /excavator/work/?_operational_fragment=excavator&_operational_version=1632 HTTP/1.1" 200 60916
[30/Sep/2026 08:07:46] "GET /static/js/excavator-truck-number-fit-v1.js?v=excavator-mobile-shell-v262 HTTP/1.1" 200 5269
[30/Sep/2026 08:07:46] "GET /static/js/equipment-label-fit-v1.js?v=excavator-mobile-shell-v262 HTTP/1.1" 200 14575
[30/Sep/2026 08:07:46] "GET /static/js/excavator-free-bucket-v1.js?v=excavator-mobile-shell-v262 HTTP/1.1" 200 45435
[30/Sep/2026 08:07:46] "GET /static/js/excavator-dump-return-swipe-v1.js?v=excavator-mobile-shell-v262 HTTP/1.1" 200 15961
[30/Sep/2026 08:07:46] "GET /static/js/excavator-dashboard-drag-v1.js?v=excavator-mobile-shell-v262 HTTP/1.1" 200 25110
[30/Sep/2026 08:07:46] "GET /static/css/excavator-free-bucket-v1.css?v=excavator-mobile-shell-v262 HTTP/1.1" 200 14996
[30/Sep/2026 08:07:46] "GET /static/favicon.ico HTTP/1.1" 200 3879
[30/Sep/2026 08:07:46] "GET /static/css/native-app-update-v1.css HTTP/1.1" 200 2103
[30/Sep/2026 08:07:46] "GET /static/css/excavator-offline-v1.css?v=1 HTTP/1.1" 200 2337
[30/Sep/2026 08:07:46] "GET /static/img/pwa/excavator-180.png HTTP/1.1" 200 5421
[30/Sep/2026 08:07:46] "GET /static/img/pwa/excavator-192.png HTTP/1.1" 200 5573
[30/Sep/2026 08:07:46] "GET /static/img/pwa/excavator-512.png HTTP/1.1" 200 13919
[30/Sep/2026 08:07:46] "GET /static/img/pwa/excavator-maskable-512.png HTTP/1.1" 200 13919
[30/Sep/2026 08:07:46] "GET /static/img/start/start-hero-v1.webp HTTP/1.1" 200 39178
[30/Sep/2026 08:07:46] "GET /static/img/equipment/excavator-gray.png HTTP/1.1" 200 50217
[30/Sep/2026 08:07:46] "GET /static/img/start/start-hero-v1.jpg HTTP/1.1" 200 70789
[30/Sep/2026 08:07:46] "GET /static/img/equipment/excavator-yellow.png HTTP/1.1" 200 68719
[30/Sep/2026 08:07:46] "GET /static/img/equipment/excavator-green.png HTTP/1.1" 200 63574
[30/Sep/2026 08:07:46] "GET /static/img/equipment/excavator-red.png HTTP/1.1" 200 78206
[30/Sep/2026 08:07:46] "GET /static/img/equipment/truck-gray.png HTTP/1.1" 200 43999
[30/Sep/2026 08:07:46] "GET /static/img/equipment/truck-yellow.png HTTP/1.1" 200 58935
[30/Sep/2026 08:07:46] "GET /static/img/equipment/truck-green.png HTTP/1.1" 200 73402
[30/Sep/2026 08:07:46] "POST /client-error/ HTTP/1.1" 200 12
[30/Sep/2026 08:07:46] "GET /static/img/equipment/truck-red.png HTTP/1.1" 200 46288
[30/Sep/2026 08:07:46] "GET /static/audio/excavator/excavator_action_ok.wav HTTP/1.1" 200 26504
[30/Sep/2026 08:07:46] "GET /static/audio/excavator/excavator_truck_assigned.wav HTTP/1.1" 200 79424
[30/Sep/2026 08:07:46] "GET /static/audio/excavator/excavator_action_error.wav HTTP/1.1" 200 72368
[30/Sep/2026 08:07:46] "GET /static/audio/excavator/excavator_connection_restored.wav HTTP/1.1" 200 42380
[30/Sep/2026 08:07:46] "GET /static/audio/excavator/excavator_connection_lost.wav HTTP/1.1" 200 121760
[30/Sep/2026 08:07:46] "GET /static/audio/excavator/excavator_shift_start.wav HTTP/1.1" 200 115244
[30/Sep/2026 08:07:46] "GET /static/audio/excavator/excavator_shift_end.wav HTTP/1.1" 200 148844
[30/Sep/2026 08:07:46] "GET /static/audio/excavator/excavator_action_success_notice.wav HTTP/1.1" 200 207348
[30/Sep/2026 08:07:46] "GET /static/audio/excavator/excavator_assignment_notice.wav HTTP/1.1" 200 278702
[30/Sep/2026 08:07:46] "GET /static/audio/excavator/excavator_assignment_removed_notice.wav HTTP/1.1" 200 236454
[30/Sep/2026 08:07:46] "GET /static/audio/excavator/excavator_action_failed_notice.wav HTTP/1.1" 200 370518
[30/Sep/2026 08:07:46] "GET /static/audio/excavator/excavator_shift_notice.wav HTTP/1.1" 200 411090
[30/Sep/2026 08:07:46] "GET /static/audio/excavator/excavator_connection_lost_notice.wav HTTP/1.1" 200 370518
[30/Sep/2026 08:07:46] "GET /static/audio/excavator/excavator_connection_restored_notice.wav HTTP/1.1" 200 373164
[30/Sep/2026 08:07:46] "GET /excavator/work/ HTTP/1.1" 200 415303
[30/Sep/2026 08:07:46] "GET /static/css/native-app-update-v1.css?v=1 HTTP/1.1" 200 2103
[30/Sep/2026 08:07:46] "GET /static/js/role-readonly.js?v=role-readonly-v6 HTTP/1.1" 200 20170
[30/Sep/2026 08:07:47] "GET /api/achievements/current/ HTTP/1.1" 200 33
[30/Sep/2026 08:07:48] "GET /realtime/state/?after=1632&include_events=1&role_app_code=excavator_operator HTTP/1.1" 200 604
[30/Sep/2026 08:07:50] "GET /realtime/state/?after=1632&include_events=1&role_app_code=excavator_operator HTTP/1.1" 200 604
[30/Sep/2026 08:07:52] "GET /realtime/state/?after=1632&include_events=1&role_app_code=excavator_operator HTTP/1.1" 200 604
[30/Sep/2026 08:07:54] "GET /realtime/state/?after=1632&include_events=1&role_app_code=excavator_operator HTTP/1.1" 200 604
[30/Sep/2026 08:07:54] "GET /realtime/state/?after=1632&include_events=1&role_app_code=excavator_operator HTTP/1.1" 200 604
[30/Sep/2026 08:07:55] "POST /excavator/shift/ HTTP/1.1" 200 256
[30/Sep/2026 08:07:55] "GET /realtime/state/?after=1632&include_events=1&role_app_code=excavator_operator HTTP/1.1" 200 1445
[30/Sep/2026 08:07:55] "GET /excavator/work/?_operational_fragment=excavator&_operational_version=1632 HTTP/1.1" 200 72268
[30/Sep/2026 08:07:55] "GET /static/img/equipment/excavator-yellow.png HTTP/1.1" 200 68719
[30/Sep/2026 08:07:55] "GET /static/img/equipment/truck-blue.png HTTP/1.1" 200 48406
[30/Sep/2026 08:07:55] "GET /static/audio/excavator/excavator_action_ok.wav HTTP/1.1" 200 26504
[30/Sep/2026 08:07:55] "GET /static/audio/excavator/excavator_connection_restored.wav HTTP/1.1" 200 42380
[30/Sep/2026 08:07:55] "GET /static/audio/excavator/excavator_truck_assigned.wav HTTP/1.1" 200 79424
[30/Sep/2026 08:07:55] "GET /static/audio/excavator/excavator_action_error.wav HTTP/1.1" 200 72368
[30/Sep/2026 08:07:55] "GET /static/audio/excavator/excavator_connection_lost.wav HTTP/1.1" 200 121760
[30/Sep/2026 08:07:55] "GET /static/audio/excavator/excavator_shift_start.wav HTTP/1.1" 200 115244
[30/Sep/2026 08:07:55] "GET /static/audio/excavator/excavator_shift_end.wav HTTP/1.1" 200 148844
[30/Sep/2026 08:07:55] "GET /static/audio/excavator/excavator_action_success_notice.wav HTTP/1.1" 200 207348
[30/Sep/2026 08:07:55] "GET /static/audio/excavator/excavator_assignment_removed_notice.wav HTTP/1.1" 200 236454
[30/Sep/2026 08:07:55] "GET /static/audio/excavator/excavator_assignment_notice.wav HTTP/1.1" 200 278702
[30/Sep/2026 08:07:55] "GET /static/audio/excavator/excavator_shift_notice.wav HTTP/1.1" 200 411090
[30/Sep/2026 08:07:55] "GET /static/audio/excavator/excavator_connection_lost_notice.wav HTTP/1.1" 200 370518
[30/Sep/2026 08:07:55] "GET /static/audio/excavator/excavator_action_failed_notice.wav HTTP/1.1" 200 370518
[30/Sep/2026 08:07:55] "GET /static/audio/excavator/excavator_connection_restored_notice.wav HTTP/1.1" 200 373164
[30/Sep/2026 08:07:55] "GET /static/favicon.ico HTTP/1.1" 200 3879
[30/Sep/2026 08:07:57] "GET /realtime/state/?after=1635&include_events=1&role_app_code=excavator_operator HTTP/1.1" 200 603
[30/Sep/2026 08:07:59] "GET /realtime/state/?after=1635&include_events=1&role_app_code=excavator_operator HTTP/1.1" 200 603
[30/Sep/2026 08:08:01] "GET /realtime/state/?after=1635&include_events=1&role_app_code=excavator_operator HTTP/1.1" 200 603
[30/Sep/2026 08:08:03] "GET /realtime/state/?after=1635&include_events=1&role_app_code=excavator_operator HTTP/1.1" 200 603
Performing system checks...

System check identified no issues (0 silenced).
September 30, 2026 - 08:08:48
Django version 6.0.6, using settings 'config.settings'
Starting development server at http://127.0.0.1:8043/
Quit the server with CTRL-BREAK.

WARNING: This is a development server. Do not use it in a production setting. Use a production WSGI or ASGI server instead.
For more information on production servers see: https://docs.djangoproject.com/en/6.0/howto/deployment/
[30/Sep/2026 08:08:50] "HEAD / HTTP/1.1" 200 0
[30/Sep/2026 08:08:50] "GET / HTTP/1.1" 200 165289
offline_sync: accepted despite discrepancy (Переключение причины простоя/downtime_switch_before_start) employee=3 role=8 — Работник переключает причину простоя на 2026-09-29 22:08:16.846000+00:00, раньше начала текущего простоя #32 (2026-09-29 22:08:53.244183+00:00). Принято по фактическому времени начала текущего простоя.
offline_sync: accepted despite discrepancy (Переключение причины простоя/downtime_switch_before_start) employee=3 role=8 — Работник переключает причину простоя на 2026-09-29 22:08:27.711000+00:00, раньше начала текущего простоя #33 (2026-09-29 22:08:53.244183+00:00). Принято по фактическому времени начала текущего простоя.
[30/Sep/2026 08:08:53] "POST /offline-events/sync/ HTTP/1.1" 200 2017
[30/Sep/2026 08:08:53] "GET /realtime/state/?after=1638&include_events=1&role_app_code=excavator_operator HTTP/1.1" 200 3280
[30/Sep/2026 08:08:53] "POST /client-error/ HTTP/1.1" 200 12
[30/Sep/2026 08:08:53] "GET /excavator/work/?_operational_fragment=excavator&_operational_version=1644 HTTP/1.1" 200 73773
[30/Sep/2026 08:08:53] "POST /client-error/ HTTP/1.1" 200 12
[30/Sep/2026 08:08:55] "GET /realtime/state/?after=1644&include_events=1&role_app_code=excavator_operator HTTP/1.1" 200 603
[30/Sep/2026 08:08:57] "GET /realtime/state/?after=1644&include_events=1&role_app_code=excavator_operator HTTP/1.1" 200 603
[30/Sep/2026 08:08:59] "GET /realtime/state/?after=1644&include_events=1&role_app_code=excavator_operator HTTP/1.1" 200 603
[30/Sep/2026 08:09:01] "GET /realtime/state/?after=1644&include_events=1&role_app_code=excavator_operator HTTP/1.1" 200 603
[30/Sep/2026 08:09:03] "GET /realtime/state/?after=1644&include_events=1&role_app_code=excavator_operator HTTP/1.1" 200 603
[30/Sep/2026 08:09:05] "GET /realtime/state/?after=1644&include_events=1&role_app_code=excavator_operator HTTP/1.1" 200 603
[30/Sep/2026 08:09:07] "GET /realtime/state/?after=1644&include_events=1&role_app_code=excavator_operator HTTP/1.1" 200 603
[30/Sep/2026 08:09:09] "GET /realtime/state/?after=1644&include_events=1&role_app_code=excavator_operator HTTP/1.1" 200 603
[30/Sep/2026 08:09:11] "GET /realtime/state/?after=1644&include_events=1&role_app_code=excavator_operator HTTP/1.1" 200 603
[30/Sep/2026 08:09:13] "GET /realtime/state/?after=1644&include_events=1&role_app_code=excavator_operator HTTP/1.1" 200 603
[30/Sep/2026 08:09:13] "GET /excavator/work/?_operational_fragment=excavator&_operational_version=1644 HTTP/1.1" 200 73776
[30/Sep/2026 08:09:15] "GET /realtime/state/?after=1644&include_events=1&role_app_code=excavator_operator HTTP/1.1" 200 603
[30/Sep/2026 08:09:16] "POST /session-heartbeat/ HTTP/1.1" 204 0
[30/Sep/2026 08:09:17] "GET /realtime/state/?after=1644&include_events=1&role_app_code=excavator_operator HTTP/1.1" 200 603
[30/Sep/2026 08:09:19] "GET /realtime/state/?after=1644&include_events=1&role_app_code=excavator_operator HTTP/1.1" 200 603
[30/Sep/2026 08:09:21] "GET /realtime/state/?after=1644&include_events=1&role_app_code=excavator_operator HTTP/1.1" 200 603
[30/Sep/2026 08:09:23] "GET /realtime/state/?after=1644&include_events=1&role_app_code=excavator_operator HTTP/1.1" 200 603
[30/Sep/2026 08:09:25] "GET /realtime/state/?after=1644&include_events=1&role_app_code=excavator_operator HTTP/1.1" 200 603
[30/Sep/2026 08:09:27] "GET /realtime/state/?after=1644&include_events=1&role_app_code=excavator_operator HTTP/1.1" 200 603
[30/Sep/2026 08:09:29] "GET /realtime/state/?after=1644&include_events=1&role_app_code=excavator_operator HTTP/1.1" 200 603
[30/Sep/2026 08:09:31] "GET /realtime/state/?after=1644&include_events=1&role_app_code=excavator_operator HTTP/1.1" 200 603
[30/Sep/2026 08:09:33] "GET /realtime/state/?after=1644&include_events=1&role_app_code=excavator_operator HTTP/1.1" 200 603
[30/Sep/2026 08:09:33] "GET /excavator/work/?_operational_fragment=excavator&_operational_version=1644 HTTP/1.1" 200 73776
[30/Sep/2026 08:09:35] "GET /realtime/state/?after=1644&include_events=1&role_app_code=excavator_operator HTTP/1.1" 200 603
[30/Sep/2026 08:09:37] "GET /realtime/state/?after=1644&include_events=1&role_app_code=excavator_operator HTTP/1.1" 200 603
[30/Sep/2026 08:09:38] "POST /offline-events/sync/ HTTP/1.1" 200 414
[30/Sep/2026 08:09:39] "GET /realtime/state/?after=1644&include_events=1&role_app_code=excavator_operator HTTP/1.1" 200 603
[30/Sep/2026 08:09:41] "GET /realtime/state/?after=1644&include_events=1&role_app_code=excavator_operator HTTP/1.1" 200 603
Performing system checks...

System check identified no issues (0 silenced).
September 30, 2026 - 08:11:55
Django version 6.0.6, using settings 'config.settings'
Starting development server at http://127.0.0.1:8043/
Quit the server with CTRL-BREAK.

WARNING: This is a development server. Do not use it in a production setting. Use a production WSGI or ASGI server instead.
For more information on production servers see: https://docs.djangoproject.com/en/6.0/howto/deployment/
[30/Sep/2026 08:11:57] "HEAD / HTTP/1.1" 200 0
[30/Sep/2026 08:11:57] "GET / HTTP/1.1" 200 165289
[30/Sep/2026 08:12:07] "GET /excavator/work/ HTTP/1.1" 200 415303
[30/Sep/2026 08:12:07] "GET /static/css/app.css?v=ready-core-traffic-v184 HTTP/1.1" 304 0
[30/Sep/2026 08:12:07] "GET /static/js/role-readonly.js?v=role-readonly-v6 HTTP/1.1" 304 0
[30/Sep/2026 08:12:07] "GET /static/css/native-app-update-v1.css?v=1 HTTP/1.1" 304 0
[30/Sep/2026 08:12:07] "GET /static/css/excavator-manual-loading-v1.css?v=4 HTTP/1.1" 304 0
[30/Sep/2026 08:12:07] "GET /static/css/excavator-offline-v1.css?v=1 HTTP/1.1" 304 0
[30/Sep/2026 08:12:07] "GET /static/img/equipment/excavator-yellow.png HTTP/1.1" 304 0
[30/Sep/2026 08:12:07] "GET /static/img/equipment/truck-gray.png HTTP/1.1" 304 0
[30/Sep/2026 08:12:07] "GET /static/js/realtime-client.js?v=ready-core-traffic-v184 HTTP/1.1" 304 0
[30/Sep/2026 08:12:07] "GET /static/js/application-session-heartbeat.js?v=ready-core-traffic-v184 HTTP/1.1" 304 0
[30/Sep/2026 08:12:07] "GET /static/js/client-error-report.js?v=ready-core-traffic-v184 HTTP/1.1" 304 0
[30/Sep/2026 08:12:07] "GET /static/js/connection-indicators-v1.js?v=ready-core-traffic-v184 HTTP/1.1" 304 0
[30/Sep/2026 08:12:07] "GET /excavator.webmanifest HTTP/1.1" 200 1541
[30/Sep/2026 08:12:07] "GET /static/img/pwa/excavator-180.png HTTP/1.1" 304 0
[30/Sep/2026 08:12:07] "POST /session-heartbeat/ HTTP/1.1" 204 0
[30/Sep/2026 08:12:07] "GET /excavator-sw.js HTTP/1.1" 200 19049
[30/Sep/2026 08:12:07] "GET /static/js/connection-indicators-v1.js?v=ready-core-traffic-v184 HTTP/1.1" 200 1633
[30/Sep/2026 08:12:07] "GET /static/js/realtime-client.js?v=ready-core-traffic-v184 HTTP/1.1" 200 57670
[30/Sep/2026 08:12:07] "GET /static/js/client-error-report.js?v=ready-core-traffic-v184 HTTP/1.1" 200 9071
[30/Sep/2026 08:12:07] "GET /static/js/application-session-heartbeat.js?v=ready-core-traffic-v184 HTTP/1.1" 200 11123
[30/Sep/2026 08:12:07] "GET /static/js/native-background-connection-v1.js?v=ready-core-traffic-v184 HTTP/1.1" 200 7352
[30/Sep/2026 08:12:07] "GET /realtime/state/?after=1644&include_events=1&role_app_code=excavator_operator HTTP/1.1" 200 604
[30/Sep/2026 08:12:07] "GET /static/css/app.css?v=ready-core-traffic-v184 HTTP/1.1" 200 930552
[30/Sep/2026 08:12:07] "GET /excavator.webmanifest HTTP/1.1" 200 1541
[30/Sep/2026 08:12:07] "GET /static/portal/css/portal-shell-v5.css?v=7 HTTP/1.1" 200 89418
[30/Sep/2026 08:12:07] "GET /static/portal/js/portal-shell-v5.js HTTP/1.1" 200 6248
[30/Sep/2026 08:12:07] "GET /static/js/realtime-client.js?v=ready-core-traffic-v184 HTTP/1.1" 200 57670
[30/Sep/2026 08:12:07] "GET /static/js/role-readonly.js HTTP/1.1" 200 20170
[30/Sep/2026 08:12:07] "GET /company/privacy/?from=role-login HTTP/1.1" 200 14364
[30/Sep/2026 08:12:07] "GET /static/css/excavator-manual-loading-v1.css?v=4 HTTP/1.1" 200 4973
[30/Sep/2026 08:12:07] "GET /static/css/excavator-work-v55-final.css?v=excavator-mobile-shell-v262 HTTP/1.1" 200 97191
[30/Sep/2026 08:12:07] "GET /static/css/excavator-work-v55.css?v=excavator-mobile-shell-v262 HTTP/1.1" 200 117524
[30/Sep/2026 08:12:07] "GET /static/css/mobile-shift-unified-v1.css?v=excavator-mobile-shell-v262 HTTP/1.1" 200 29655
[30/Sep/2026 08:12:07] "GET /static/css/mobile-face-unified-v1.css?v=excavator-mobile-shell-v262 HTTP/1.1" 200 7892
[30/Sep/2026 08:12:07] "GET /static/css/excavator-work-v55-shift.css?v=excavator-mobile-shell-v262 HTTP/1.1" 200 182518
[30/Sep/2026 08:12:07] "GET /static/css/mobile-downtime-unified-v1.css?v=excavator-mobile-shell-v262 HTTP/1.1" 200 12046
[30/Sep/2026 08:12:07] "GET /static/css/excavator-hourly-report-v1.css?v=excavator-mobile-shell-v262 HTTP/1.1" 200 9941
[30/Sep/2026 08:12:07] "GET /static/css/mobile-role-login-v1.css HTTP/1.1" 200 37466
[30/Sep/2026 08:12:07] "GET /static/js/mobile-shift-unified-v1.js?v=excavator-mobile-shell-v262 HTTP/1.1" 200 12331
[30/Sep/2026 08:12:07] "GET /static/js/excavator-haptics-v1.js?v=excavator-mobile-shell-v262 HTTP/1.1" 200 1437
[30/Sep/2026 08:12:07] "GET /static/js/mobile-operational-sounds-v1.js?v=excavator-mobile-shell-v262 HTTP/1.1" 200 24223
[30/Sep/2026 08:12:07] "GET /static/css/app.css?v=ready-core-traffic-v184 HTTP/1.1" 200 930552
[30/Sep/2026 08:12:07] "GET /static/js/excavator-native-push-v1.js?v=excavator-mobile-shell-v262 HTTP/1.1" 200 4268
[30/Sep/2026 08:12:07] "GET /static/js/excavator-hourly-report-v1.js?v=excavator-mobile-shell-v262 HTTP/1.1" 200 17503
[30/Sep/2026 08:12:07] "GET /static/js/excavator-field-outbox-v1.js?v=excavator-mobile-shell-v262 HTTP/1.1" 200 35534
[30/Sep/2026 08:12:07] "GET /static/js/equipment-label-fit-v1.js?v=excavator-mobile-shell-v262 HTTP/1.1" 200 14575
[30/Sep/2026 08:12:07] "GET /static/js/excavator-truck-number-fit-v1.js?v=excavator-mobile-shell-v262 HTTP/1.1" 200 5269
[30/Sep/2026 08:12:07] "GET /static/js/excavator-free-bucket-v1.js?v=excavator-mobile-shell-v262 HTTP/1.1" 200 45435
[30/Sep/2026 08:12:07] "GET /excavator/work/?_operational_fragment=excavator&_operational_version=1644 HTTP/1.1" 200 60916
[30/Sep/2026 08:12:07] "GET /static/js/excavator-dashboard-drag-v1.js?v=excavator-mobile-shell-v262 HTTP/1.1" 200 25110
[30/Sep/2026 08:12:07] "GET /static/js/excavator-dump-return-swipe-v1.js?v=excavator-mobile-shell-v262 HTTP/1.1" 200 15961
[30/Sep/2026 08:12:07] "GET /static/css/excavator-free-bucket-v1.css?v=excavator-mobile-shell-v262 HTTP/1.1" 200 14996
[30/Sep/2026 08:12:07] "GET /static/css/excavator-offline-v1.css?v=1 HTTP/1.1" 200 2337
[30/Sep/2026 08:12:07] "GET /static/favicon.ico HTTP/1.1" 200 3879
[30/Sep/2026 08:12:07] "GET /static/css/native-app-update-v1.css HTTP/1.1" 200 2103
[30/Sep/2026 08:12:07] "GET /static/img/pwa/excavator-180.png HTTP/1.1" 200 5421
[30/Sep/2026 08:12:07] "GET /static/img/pwa/excavator-192.png HTTP/1.1" 200 5573
[30/Sep/2026 08:12:07] "GET /static/img/pwa/excavator-512.png HTTP/1.1" 200 13919
[30/Sep/2026 08:12:07] "GET /static/img/pwa/excavator-maskable-512.png HTTP/1.1" 200 13919
[30/Sep/2026 08:12:07] "GET /static/img/start/start-hero-v1.webp HTTP/1.1" 200 39178
[30/Sep/2026 08:12:07] "GET /static/img/start/start-hero-v1.jpg HTTP/1.1" 200 70789
[30/Sep/2026 08:12:07] "GET /static/img/equipment/excavator-gray.png HTTP/1.1" 200 50217
[30/Sep/2026 08:12:07] "GET /static/img/equipment/excavator-green.png HTTP/1.1" 200 63574
[30/Sep/2026 08:12:07] "GET /static/img/equipment/excavator-yellow.png HTTP/1.1" 200 68719
[30/Sep/2026 08:12:07] "GET /static/img/equipment/truck-gray.png HTTP/1.1" 200 43999
[30/Sep/2026 08:12:07] "GET /static/img/equipment/excavator-red.png HTTP/1.1" 200 78206
[30/Sep/2026 08:12:07] "GET /static/img/equipment/truck-green.png HTTP/1.1" 200 73402
[30/Sep/2026 08:12:07] "POST /client-error/ HTTP/1.1" 200 12
[30/Sep/2026 08:12:07] "GET /static/img/equipment/truck-red.png HTTP/1.1" 200 46288
[30/Sep/2026 08:12:07] "GET /static/img/equipment/truck-yellow.png HTTP/1.1" 200 58935
[30/Sep/2026 08:12:07] "GET /static/audio/excavator/excavator_truck_assigned.wav HTTP/1.1" 200 79424
[30/Sep/2026 08:12:07] "GET /static/audio/excavator/excavator_action_ok.wav HTTP/1.1" 200 26504
[30/Sep/2026 08:12:07] "GET /static/audio/excavator/excavator_action_error.wav HTTP/1.1" 200 72368
[30/Sep/2026 08:12:07] "GET /static/audio/excavator/excavator_connection_restored.wav HTTP/1.1" 200 42380
[30/Sep/2026 08:12:07] "GET /static/audio/excavator/excavator_connection_lost.wav HTTP/1.1" 200 121760
[30/Sep/2026 08:12:07] "GET /static/audio/excavator/excavator_shift_start.wav HTTP/1.1" 200 115244
[30/Sep/2026 08:12:07] "GET /static/audio/excavator/excavator_shift_end.wav HTTP/1.1" 200 148844
[30/Sep/2026 08:12:07] "GET /static/audio/excavator/excavator_assignment_notice.wav HTTP/1.1" 200 278702
[30/Sep/2026 08:12:07] "GET /static/audio/excavator/excavator_action_success_notice.wav HTTP/1.1" 200 207348
[30/Sep/2026 08:12:07] "GET /static/audio/excavator/excavator_assignment_removed_notice.wav HTTP/1.1" 200 236454
[30/Sep/2026 08:12:07] "GET /static/audio/excavator/excavator_shift_notice.wav HTTP/1.1" 200 411090
[30/Sep/2026 08:12:07] "GET /static/audio/excavator/excavator_action_failed_notice.wav HTTP/1.1" 200 370518
[30/Sep/2026 08:12:07] "GET /static/audio/excavator/excavator_connection_lost_notice.wav HTTP/1.1" 200 370518
[30/Sep/2026 08:12:07] "GET /static/audio/excavator/excavator_connection_restored_notice.wav HTTP/1.1" 200 373164
[30/Sep/2026 08:12:07] "GET /excavator/work/ HTTP/1.1" 200 415303
[30/Sep/2026 08:12:07] "GET /static/css/native-app-update-v1.css?v=1 HTTP/1.1" 200 2103
[30/Sep/2026 08:12:07] "GET /static/js/role-readonly.js?v=role-readonly-v6 HTTP/1.1" 200 20170
[30/Sep/2026 08:12:08] "GET /api/achievements/current/ HTTP/1.1" 200 33
[30/Sep/2026 08:12:09] "GET /realtime/state/?after=1644&include_events=1&role_app_code=excavator_operator HTTP/1.1" 200 604
[30/Sep/2026 08:12:11] "GET /realtime/state/?after=1644&include_events=1&role_app_code=excavator_operator HTTP/1.1" 200 604
[30/Sep/2026 08:12:13] "GET /realtime/state/?after=1644&include_events=1&role_app_code=excavator_operator HTTP/1.1" 200 604
[30/Sep/2026 08:12:15] "GET /realtime/state/?after=1644&include_events=1&role_app_code=excavator_operator HTTP/1.1" 200 604
[30/Sep/2026 08:12:15] "GET /realtime/state/?after=1644&include_events=1&role_app_code=excavator_operator HTTP/1.1" 200 604
[30/Sep/2026 08:12:16] "POST /excavator/shift/ HTTP/1.1" 200 256
[30/Sep/2026 08:12:16] "GET /realtime/state/?after=1644&include_events=1&role_app_code=excavator_operator HTTP/1.1" 200 1445
[30/Sep/2026 08:12:16] "GET /excavator/work/?_operational_fragment=excavator&_operational_version=1644 HTTP/1.1" 200 72268
[30/Sep/2026 08:12:16] "GET /static/img/equipment/truck-blue.png HTTP/1.1" 200 48406
[30/Sep/2026 08:12:16] "GET /static/img/equipment/excavator-yellow.png HTTP/1.1" 200 68719
[30/Sep/2026 08:12:16] "GET /static/audio/excavator/excavator_action_ok.wav HTTP/1.1" 200 26504
[30/Sep/2026 08:12:16] "GET /static/audio/excavator/excavator_action_error.wav HTTP/1.1" 200 72368
[30/Sep/2026 08:12:16] "GET /static/audio/excavator/excavator_truck_assigned.wav HTTP/1.1" 200 79424
[30/Sep/2026 08:12:16] "GET /static/audio/excavator/excavator_connection_lost.wav HTTP/1.1" 200 121760
[30/Sep/2026 08:12:16] "GET /static/audio/excavator/excavator_connection_restored.wav HTTP/1.1" 200 42380
[30/Sep/2026 08:12:16] "GET /static/audio/excavator/excavator_shift_end.wav HTTP/1.1" 200 148844
[30/Sep/2026 08:12:16] "GET /static/audio/excavator/excavator_action_success_notice.wav HTTP/1.1" 200 207348
[30/Sep/2026 08:12:16] "GET /static/audio/excavator/excavator_assignment_notice.wav HTTP/1.1" 200 278702
[30/Sep/2026 08:12:16] "GET /static/audio/excavator/excavator_shift_start.wav HTTP/1.1" 200 115244
[30/Sep/2026 08:12:16] "GET /static/audio/excavator/excavator_assignment_removed_notice.wav HTTP/1.1" 200 236454
[30/Sep/2026 08:12:16] "GET /static/audio/excavator/excavator_action_failed_notice.wav HTTP/1.1" 200 370518
[30/Sep/2026 08:12:16] "GET /static/audio/excavator/excavator_shift_notice.wav HTTP/1.1" 200 411090
[30/Sep/2026 08:12:16] "GET /static/audio/excavator/excavator_connection_lost_notice.wav HTTP/1.1" 200 370518
[30/Sep/2026 08:12:16] "GET /static/audio/excavator/excavator_connection_restored_notice.wav HTTP/1.1" 200 373164
[30/Sep/2026 08:12:17] "GET /static/favicon.ico HTTP/1.1" 200 3879
[30/Sep/2026 08:12:18] "GET /realtime/state/?after=1647&include_events=1&role_app_code=excavator_operator HTTP/1.1" 200 603
[30/Sep/2026 08:12:20] "GET /realtime/state/?after=1647&include_events=1&role_app_code=excavator_operator HTTP/1.1" 200 603
[30/Sep/2026 08:12:22] "GET /realtime/state/?after=1647&include_events=1&role_app_code=excavator_operator HTTP/1.1" 200 603
[30/Sep/2026 08:12:24] "GET /realtime/state/?after=1647&include_events=1&role_app_code=excavator_operator HTTP/1.1" 200 603
