✔ existing plan ring is the only accessible hourly-report entry (3.1989ms)
✔ report remains outside replaceable shell without blocking operational refresh (1.0948ms)
✔ server schema renders current then previous as independent three-column blocks (0.3879ms)
✔ report lifecycle is coalesced, stale guarded and closes only once (0.4504ms)
✔ offline cache is merged with the durable local ledger before rendering (0.2574ms)
✔ layout matches mobile block structure without horizontal overflow (0.3443ms)
✔ OFF-01: open and first load are durable before any server response (108.5263ms)
✔ OFF-02/OFF-03: a failed or lost transport write is recovered with the exact envelope (1.2145ms)
✔ OFF-02/OFF-09: restart keeps the local shift usable while delivery storage is still unavailable (0.434ms)
✔ OFF-04/OFF-05: 35 loads, cancellation, hour boundary and more than 200 receipts do not truncate facts (350.4778ms)
ℹ 235 durable loads plus cancellation: 350.2 ms in Node memory adapter
✔ OFF-04/OFF-07: a controlled full shift across midnight retains separate hourly and shift totals (1.0649ms)
✔ OFF-06: a free-bucket load remains a fact independently of card TTL (0.4588ms)
✔ OFF-07: a pending close does not mix two consecutive local shifts (0.6953ms)
✔ OFF-08: receipt mapping does not remove facts and covering server projection does not double count (0.7729ms)
✔ OFF-09: IndexedDB failure falls back, both storages unavailable reject without false success (0.8508ms)
✔ OFF-09: successful IndexedDB writes are mirrored for a later fallback-only restart (0.842ms)
✔ OFF-10: another identity cannot open the stored ledger (0.1961ms)
✔ OFF-08: a stale server shift cannot replace a newer unmapped local shift (0.2359ms)
✔ passive pickup needs hold, glows and vibrates without opening a modal (4.3564ms)
✔ release without sending restores passive icon without changing permissions (0.8813ms)
✔ early release, movement and pointer cancellation cannot dispatch (2.3153ms)
✔ active icons respond immediately with no hold requirement (0.7648ms)
✔ pickup tone is local, rising and lasts about 170 ms without using the voice player (0.4476ms)
✔ held passive icon uses the existing dispatch once when dropped on destination (0.8731ms)
✔ comet follows one continuous bounded path, fades and releases its RAF and DOM (5.5793ms)
✔ larger visual preview preserves the nominal drop hitbox (1.0678ms)
✔ slow movement emits the tail outside the card instead of hiding it underneath (1.4776ms)
✔ reduced motion keeps static feedback without a comet or pending animation (1.0353ms)
✔ drag copy sheds blocking and transfer decoration while the real truck retains its state and plan (1.0874ms)
✔ transfer countdown uses server time and never grants rights at local zero (0.2729ms)
✔ fragment refresh rejects older versions and late earlier requests (0.1685ms)
✔ mutation queues a higher-version fragment behind an invalidated in-flight request (8.6777ms)
✔ truck loaded outbox event carries exact assignment state and immutable context (0.5215ms)
✔ next local opening depends on a durable close even when the transport queue missed it (0.4759ms)
✔ successful outgoing load removes only the source card and keeps exact trip badge (0.1743ms)
✔ manual dump preview expiry is trip-specific and independent from transfer countdown (0.1756ms)
✔ offline review records do not block authoritative refresh forever (0.3111ms)
✔ downtime end keeps the active server id and depends on a local start (0.5933ms)
✔ confirmed server trip cancellation also uses the durable outbox (0.2929ms)
✔ confirmed load keeps the server trip id for the next offline load (0.1555ms)
✔ offline restart restores a valid tab from URL or access-scoped storage (0.16ms)
✔ fragment replacement rebinds outbox dispatch to the new shell without duplicate lifecycle listeners (1.2713ms)
✔ expired-session update migrates v233 shell with exact safe assets and preserves queue (12.7965ms)
✔ fresh authenticated rendered shell precaches every exact dependency for offline reopen (9.9975ms)
✔ missing fresh dependency rejects install before old cache deletion or activation (4.9182ms)
✔ OFF-02: cached shell wins over HTTP 503 and a hung navigation fetch (2.1509ms)
✔ production Driver unload recovery keeps one action id across hold, one-tap, lost response, reload, BFCache and realtime shell replacement (19.8894ms)
✔ production Excavator load survives a lost response and a restarted durable outbox retries the identical event (11.9365ms)
✔ production Excavator late deduplicated completed load reconciles from server and never revives the optimistic trip (4.8022ms)
ℹ tests 49
ℹ suites 0
ℹ pass 49
ℹ fail 0
ℹ cancelled 0
ℹ skipped 0
ℹ todo 0
ℹ duration_ms 566.2867
