test_apk_contract_requires_exact_role_version_url_and_sha (__main__.ReleaseProtocolTests.test_apk_contract_requires_exact_role_version_url_and_sha) ... ok
test_builder_loads_only_apk_named_by_generated_manifest (__main__.ReleaseProtocolTests.test_builder_loads_only_apk_named_by_generated_manifest) ... ok
test_client_error_hash_uses_the_raw_message_before_sanitizing (__main__.ReleaseProtocolTests.test_client_error_hash_uses_the_raw_message_before_sanitizing) ... ok
test_data_mode_is_limited_to_data_update_directory (__main__.ReleaseProtocolTests.test_data_mode_is_limited_to_data_update_directory) ... ok
test_diagnostic_execution_has_process_timeout_and_returns_only_validated_json (__main__.ReleaseProtocolTests.test_diagnostic_execution_has_process_timeout_and_returns_only_validated_json) ... ok
test_diagnostic_metadata_is_strictly_allowlisted_and_bounded (__main__.ReleaseProtocolTests.test_diagnostic_metadata_is_strictly_allowlisted_and_bounded) ... ok
test_diagnostic_package_has_no_payload_or_executable_operation (__main__.ReleaseProtocolTests.test_diagnostic_package_has_no_payload_or_executable_operation) ... ok
test_diagnostic_report_requires_read_only_proof_and_sanitized_fields (__main__.ReleaseProtocolTests.test_diagnostic_report_requires_read_only_proof_and_sanitized_fields) ... ok
test_dispatcher_board_include_is_packaged_once (__main__.ReleaseProtocolTests.test_dispatcher_board_include_is_packaged_once) ... ok
test_dispatcher_canvas_assets_are_packaged_once (__main__.ReleaseProtocolTests.test_dispatcher_canvas_assets_are_packaged_once) ... ok
test_dispatcher_downtime_projection_is_packaged_once (__main__.ReleaseProtocolTests.test_dispatcher_downtime_projection_is_packaged_once) ... ok
test_dispatcher_equipment_detail_include_is_packaged_once (__main__.ReleaseProtocolTests.test_dispatcher_equipment_detail_include_is_packaged_once) ... ok
test_dispatcher_push_include_is_packaged_once (__main__.ReleaseProtocolTests.test_dispatcher_push_include_is_packaged_once) ... ok
test_dispatcher_service_lists_include_is_packaged_once (__main__.ReleaseProtocolTests.test_dispatcher_service_lists_include_is_packaged_once) ... ok
test_dispatcher_shell_and_runtime_assets_are_consistent (__main__.ReleaseProtocolTests.test_dispatcher_shell_and_runtime_assets_are_consistent) ... ok
test_dispatcher_url_routing_is_packaged_once (__main__.ReleaseProtocolTests.test_dispatcher_url_routing_is_packaged_once) ... ok
test_fcm_environment_update_preserves_unrelated_values_and_is_idempotent (__main__.ReleaseProtocolTests.test_fcm_environment_update_preserves_unrelated_values_and_is_idempotent) ... ok
test_fcm_mode_accepts_only_a_complete_matching_service_account (__main__.ReleaseProtocolTests.test_fcm_mode_accepts_only_a_complete_matching_service_account) ... ok
test_fcm_workflow_uses_a_secret_tempfile_and_exact_confirmations (__main__.ReleaseProtocolTests.test_fcm_workflow_uses_a_secret_tempfile_and_exact_confirmations) ... ok
test_fixed_diagnostic_helper_enforces_postgresql_read_only_and_timeouts (__main__.ReleaseProtocolTests.test_fixed_diagnostic_helper_enforces_postgresql_read_only_and_timeouts) ... ok
test_infra_capacity_cpu_totals_do_not_double_count_guest_time (__main__.ReleaseProtocolTests.test_infra_capacity_cpu_totals_do_not_double_count_guest_time) ... ok
test_infra_capacity_disk_space_accepts_reserved_blocks_but_rejects_impossible_values (__main__.ReleaseProtocolTests.test_infra_capacity_disk_space_accepts_reserved_blocks_but_rejects_impossible_values) ... ok
test_infra_capacity_execution_passes_no_user_parameters_to_fixed_helper (__main__.ReleaseProtocolTests.test_infra_capacity_execution_passes_no_user_parameters_to_fixed_helper) ... ok
test_infra_capacity_helper_uses_only_fixed_local_probes (__main__.ReleaseProtocolTests.test_infra_capacity_helper_uses_only_fixed_local_probes) ... ok
test_infra_capacity_metadata_has_no_free_form_parameters (__main__.ReleaseProtocolTests.test_infra_capacity_metadata_has_no_free_form_parameters) ... ok
test_infra_capacity_package_contains_only_the_fixed_manifest (__main__.ReleaseProtocolTests.test_infra_capacity_package_contains_only_the_fixed_manifest) ... ok
test_infra_capacity_postgresql_producer_predicates_preserve_unknown_backend_rows (__main__.ReleaseProtocolTests.test_infra_capacity_postgresql_producer_predicates_preserve_unknown_backend_rows) ... ok
test_infra_capacity_postgresql_visibility_and_reserve_semantics_are_explicit (__main__.ReleaseProtocolTests.test_infra_capacity_postgresql_visibility_and_reserve_semantics_are_explicit) ... ok
test_infra_capacity_rejects_nonfinite_numbers_and_python_equality_type_aliases (__main__.ReleaseProtocolTests.test_infra_capacity_rejects_nonfinite_numbers_and_python_equality_type_aliases) ... ok
test_infra_capacity_report_is_exact_bounded_and_contains_no_sensitive_details (__main__.ReleaseProtocolTests.test_infra_capacity_report_is_exact_bounded_and_contains_no_sensitive_details) ... ok
test_plain_deploy_rejects_migration_but_migration_mode_accepts_it (__main__.ReleaseProtocolTests.test_plain_deploy_rejects_migration_but_migration_mode_accepts_it) ... ok
test_production_manifest_paths_are_unique_and_exist (__main__.ReleaseProtocolTests.test_production_manifest_paths_are_unique_and_exist) ... ok
test_receiver_encrypts_report_before_returning_it_to_actions (__main__.ReleaseProtocolTests.test_receiver_encrypts_report_before_returning_it_to_actions) ... ok
test_receiver_mode_accepts_only_the_receiver_payload (__main__.ReleaseProtocolTests.test_receiver_mode_accepts_only_the_receiver_payload) ... ok
test_release_scope_classifier_keeps_only_server_payload (__main__.ReleaseProtocolTests.test_release_scope_classifier_keeps_only_server_payload) ... ok
test_sensitive_modes_require_control_branch_and_actions_are_sha_pinned (__main__.ReleaseProtocolTests.test_sensitive_modes_require_control_branch_and_actions_are_sha_pinned) ... ok
test_workflow_keeps_diagnostic_parameters_and_plaintext_out_of_logs_and_artifacts (__main__.ReleaseProtocolTests.test_workflow_keeps_diagnostic_parameters_and_plaintext_out_of_logs_and_artifacts) ... ok

----------------------------------------------------------------------
Ran 37 tests in 0.105s

OK
