P28_I1_DOCS_SHA=1226645bfb9d177e822b1de7526ea93a54a8da36
P28_I1_RELEASE_SHA=f2248cb79c737e98b580e784abea394335a2700b
P28_I1_SOURCE_CLEAN=package-only
test_all_24_delivery_permutations_converge (test_route_core.ApprovedDirectionTests.test_all_24_delivery_permutations_converge) ... ok
test_causal_operator_delivered_before_driver_waits_then_wins (test_route_core.ApprovedDirectionTests.test_causal_operator_delivered_before_driver_waits_then_wins) ... ok
test_clock_skew_does_not_override_causal_operator (test_route_core.ApprovedDirectionTests.test_clock_skew_does_not_override_causal_operator) ... ok
test_independent_driver_and_operator_choose_driver_in_both_orders (test_route_core.ApprovedDirectionTests.test_independent_driver_and_operator_choose_driver_in_both_orders) ... ok
test_operator_sees_operator_but_not_independent_driver_driver_still_wins (test_route_core.ApprovedDirectionTests.test_operator_sees_operator_but_not_independent_driver_driver_still_wins) ... ok
test_operator_then_causal_driver_selects_driver_without_changing_original (test_route_core.ApprovedDirectionTests.test_operator_then_causal_driver_selects_driver_without_changing_original) ... ok
test_two_causal_chains_with_operator_maxima_are_unresolved (test_route_core.ApprovedDirectionTests.test_two_causal_chains_with_operator_maxima_are_unresolved) ... ok
test_bad_fingerprint_is_preserved_but_not_selected (test_route_core.IdentityAndIntegrityTests.test_bad_fingerprint_is_preserved_but_not_selected) ... ok
test_cross_trip_ancestor_is_ignored_without_mutating_neighbor (test_route_core.IdentityAndIntegrityTests.test_cross_trip_ancestor_is_ignored_without_mutating_neighbor) ... ok
test_cycle_has_no_winner (test_route_core.IdentityAndIntegrityTests.test_cycle_has_no_winner) ... ok
test_duplicate_lost_receipt_and_restart_keep_one_record_and_same_result (test_route_core.IdentityAndIntegrityTests.test_duplicate_lost_receipt_and_restart_keep_one_record_and_same_result) ... ok
test_incomplete_legacy_history_does_not_prove_independence (test_route_core.IdentityAndIntegrityTests.test_incomplete_legacy_history_does_not_prove_independence) ... ok
test_missing_ancestor_is_not_assumed_independent (test_route_core.IdentityAndIntegrityTests.test_missing_ancestor_is_not_assumed_independent) ... ok
test_same_id_different_payload_preserves_original_and_diagnoses (test_route_core.IdentityAndIntegrityTests.test_same_id_different_payload_preserves_original_and_diagnoses) ... ok
test_cancel_unload_and_supersede_keep_history_but_suppress_operation_and_notification (test_route_core.LifecycleProtectionTests.test_cancel_unload_and_supersede_keep_history_but_suppress_operation_and_notification) ... ok
test_legacy_actual_without_origin_creates_no_driver_event_or_notification (test_route_core.LifecycleProtectionTests.test_legacy_actual_without_origin_creates_no_driver_event_or_notification) ... ok
test_technical_uncontrolled_does_not_invent_unload (test_route_core.LifecycleProtectionTests.test_technical_uncontrolled_does_not_invent_unload) ... ok
test_unknown_replacement_history_is_conservative (test_route_core.LifecycleProtectionTests.test_unknown_replacement_history_is_conservative) ... ok
test_notification_key_is_selected_event_identity_not_snapshot_version (test_route_core.OpenPolicyAndAuthorshipTests.test_notification_key_is_selected_event_identity_not_snapshot_version) ... ok
test_replacement_operator_authorship_does_not_replace_loading_author (test_route_core.OpenPolicyAndAuthorshipTests.test_replacement_operator_authorship_does_not_replace_loading_author) ... ok
test_two_independent_drivers_are_policy_unresolved (test_route_core.OpenPolicyAndAuthorshipTests.test_two_independent_drivers_are_policy_unresolved) ... ok
test_two_independent_operators_are_policy_unresolved (test_route_core.OpenPolicyAndAuthorshipTests.test_two_independent_operators_are_policy_unresolved) ... ok

----------------------------------------------------------------------
Ran 22 tests in 0.005s

OK
P28_I1_TESTS_RUN=22
P28_I1_FAILURES=0
P28_I1_ERRORS=0
P28_I1_EXIT_CODE=0
