2026-09-27T18:39:52.7228193Z Current runner version: '2.337.0'
2026-09-27T18:39:52.7248737Z ##[group]Runner Image Provisioner
2026-09-27T18:39:52.7249351Z Hosted Compute Agent
2026-09-27T18:39:52.7249700Z Version: 20260828.587
2026-09-27T18:39:52.7250152Z Commit: abac92662cab4cc7352de4f9f9d2e2419aad9c29
2026-09-27T18:39:52.7250655Z Build Date: 2026-08-28T16:44:25Z
2026-09-27T18:39:52.7251131Z Worker ID: {c106b7d7-0f53-423b-bb8a-126767f8909b}
2026-09-27T18:39:52.7251561Z Azure Region: westus2
2026-09-27T18:39:52.7251909Z ##[endgroup]
2026-09-27T18:39:52.7252833Z ##[group]Operating System
2026-09-27T18:39:52.7253231Z Ubuntu
2026-09-27T18:39:52.7253594Z 24.04.5
2026-09-27T18:39:52.7253925Z LTS
2026-09-27T18:39:52.7254254Z ##[endgroup]
2026-09-27T18:39:52.7254781Z ##[group]Runner Image
2026-09-27T18:39:52.7255206Z Image: ubuntu-24.04
2026-09-27T18:39:52.7255586Z Version: 20260920.314.1
2026-09-27T18:39:52.7256441Z Included Software: https://github.com/actions/runner-images/blob/ubuntu24/20260920.314/images/ubuntu/Ubuntu2404-Readme.md
2026-09-27T18:39:52.7257456Z Image Release: https://github.com/actions/runner-images/releases/tag/ubuntu24%2F20260920.314
2026-09-27T18:39:52.7258043Z ##[endgroup]
2026-09-27T18:39:52.7258753Z ##[group]GITHUB_TOKEN Permissions
2026-09-27T18:39:52.7260115Z Contents: read
2026-09-27T18:39:52.7260505Z Metadata: read
2026-09-27T18:39:52.7260894Z ##[endgroup]
2026-09-27T18:39:52.7262398Z Secret source: Actions
2026-09-27T18:39:52.7263042Z Cache mode: write
2026-09-27T18:39:52.7263505Z Prepare workflow directory
2026-09-27T18:39:52.7540462Z Prepare all required actions
2026-09-27T18:39:52.7587049Z Complete job name: Required quality gate
2026-09-27T18:39:52.8135706Z ##[group]Run printf 'test-plan=%s\ncontracts=%s\nsqlite=%s\npostgresql=%s\n' \
2026-09-27T18:39:52.8136586Z [36;1mprintf 'test-plan=%s\ncontracts=%s\nsqlite=%s\npostgresql=%s\n' \[0m
2026-09-27T18:39:52.8137203Z [36;1m  "$PLAN_RESULT" "$CONTRACTS_RESULT" "$SQLITE_RESULT" "$POSTGRESQL_RESULT"[0m
2026-09-27T18:39:52.8137759Z [36;1mtest "$PLAN_RESULT" = success[0m
2026-09-27T18:39:52.8138411Z [36;1mtest "$CONTRACTS_RESULT" = success[0m
2026-09-27T18:39:52.8138870Z [36;1mtest "$SQLITE_RESULT" = success[0m
2026-09-27T18:39:52.8139358Z [36;1mtest "$POSTGRESQL_RESULT" = success[0m
2026-09-27T18:39:53.2919151Z shell: /usr/bin/bash -e {0}
2026-09-27T18:39:53.2919781Z env:
2026-09-27T18:39:53.2920106Z   DJANGO_SECRET_KEY: ci-secret-key
2026-09-27T18:39:53.2920456Z   DJANGO_DEBUG: True
2026-09-27T18:39:53.2920807Z   DJANGO_ALLOWED_HOSTS: localhost,127.0.0.1,.localhost
2026-09-27T18:39:53.2921214Z   PLAN_RESULT: success
2026-09-27T18:39:53.2921526Z   CONTRACTS_RESULT: success
2026-09-27T18:39:53.2921921Z   SQLITE_RESULT: success
2026-09-27T18:39:53.2922230Z   POSTGRESQL_RESULT: success
2026-09-27T18:39:53.2922565Z ##[endgroup]
2026-09-27T18:39:53.3105571Z test-plan=success
2026-09-27T18:39:53.3105993Z contracts=success
2026-09-27T18:39:53.3106283Z sqlite=success
2026-09-27T18:39:53.3106579Z postgresql=success
2026-09-27T18:39:53.3213020Z Cleaning up orphan processes
