2026-09-27T18:23:53.2565149Z Current runner version: '2.337.0'
2026-09-27T18:23:53.2588994Z ##[group]Runner Image Provisioner
2026-09-27T18:23:53.2590230Z Hosted Compute Agent
2026-09-27T18:23:53.2590872Z Version: 20260828.587
2026-09-27T18:23:53.2591576Z Commit: abac92662cab4cc7352de4f9f9d2e2419aad9c29
2026-09-27T18:23:53.2592293Z Build Date: 2026-08-28T16:44:25Z
2026-09-27T18:23:53.2592950Z Worker ID: {67005b94-ac9c-43c3-a158-91ccd7a25c0f}
2026-09-27T18:23:53.2593727Z Azure Region: westcentralus
2026-09-27T18:23:53.2594365Z ##[endgroup]
2026-09-27T18:23:53.2595666Z ##[group]Operating System
2026-09-27T18:23:53.2596276Z Ubuntu
2026-09-27T18:23:53.2596778Z 24.04.5
2026-09-27T18:23:53.2597361Z LTS
2026-09-27T18:23:53.2597985Z ##[endgroup]
2026-09-27T18:23:53.2598567Z ##[group]Runner Image
2026-09-27T18:23:53.2599177Z Image: ubuntu-24.04
2026-09-27T18:23:53.2599746Z Version: 20260920.314.1
2026-09-27T18:23:53.2601156Z Included Software: https://github.com/actions/runner-images/blob/ubuntu24/20260920.314/images/ubuntu/Ubuntu2404-Readme.md
2026-09-27T18:23:53.2602643Z Image Release: https://github.com/actions/runner-images/releases/tag/ubuntu24%2F20260920.314
2026-09-27T18:23:53.2603594Z ##[endgroup]
2026-09-27T18:23:53.2604733Z ##[group]GITHUB_TOKEN Permissions
2026-09-27T18:23:53.2606693Z Contents: read
2026-09-27T18:23:53.2607352Z Metadata: read
2026-09-27T18:23:53.2607985Z ##[endgroup]
2026-09-27T18:23:53.2610534Z Secret source: Actions
2026-09-27T18:23:53.2611493Z Cache mode: write
2026-09-27T18:23:53.2612187Z Prepare workflow directory
2026-09-27T18:23:53.3081535Z Prepare all required actions
2026-09-27T18:23:53.3129161Z Getting action download info
2026-09-27T18:23:53.5910437Z Download action repository 'actions/checkout@3d3c42e5aac5ba805825da76410c181273ba90b1' (SHA:3d3c42e5aac5ba805825da76410c181273ba90b1)
2026-09-27T18:23:53.6841428Z Download action repository 'actions/setup-python@5fda3b95a4ea91299a34e894583c3862153e4b97' (SHA:5fda3b95a4ea91299a34e894583c3862153e4b97)
2026-09-27T18:23:53.8850656Z Complete job name: PostgreSQL / dispatcher-assign-atomicity
2026-09-27T18:23:53.9298827Z ##[group]Checking docker version
2026-09-27T18:23:53.9311921Z ##[command]/usr/bin/docker version --format '{{.Server.APIVersion}}'
2026-09-27T18:23:54.0443872Z '1.48'
2026-09-27T18:23:54.0451974Z Docker daemon API version: '1.48'
2026-09-27T18:23:54.0452961Z ##[command]/usr/bin/docker version --format '{{.Client.APIVersion}}'
2026-09-27T18:23:54.0622822Z '1.48'
2026-09-27T18:23:54.0631286Z Docker client API version: '1.48'
2026-09-27T18:23:54.0636133Z ##[endgroup]
2026-09-27T18:23:54.0638568Z ##[group]Clean up resources from previous jobs
2026-09-27T18:23:54.0643758Z ##[command]/usr/bin/docker ps --all --quiet --no-trunc --filter "label=115f02"
2026-09-27T18:23:54.0798829Z ##[command]/usr/bin/docker network prune --force --filter "label=115f02"
2026-09-27T18:23:54.0930268Z ##[endgroup]
2026-09-27T18:23:54.0930930Z ##[group]Create local container network
2026-09-27T18:23:54.0941628Z ##[command]/usr/bin/docker network create --label 115f02 github_network_2b0a00a9336e4d76a654b3e82b90d879
2026-09-27T18:23:54.1621477Z f63d9475b6a8175aa9d37b84d4d5037fd4905f7bf53c45c3da443c98b0f512aa
2026-09-27T18:23:54.1636123Z ##[endgroup]
2026-09-27T18:23:54.1663135Z ##[group]Starting postgres service container
2026-09-27T18:23:54.1684796Z ##[command]/usr/bin/docker pull postgres:16
2026-09-27T18:23:54.8785271Z 16: Pulling from library/postgres
2026-09-27T18:23:55.0761552Z 6b37362b3da7: Pulling fs layer
2026-09-27T18:23:55.0763549Z b1fdda8975a0: Pulling fs layer
2026-09-27T18:23:55.0765194Z 106e7e3cf19a: Pulling fs layer
2026-09-27T18:23:55.0766946Z ba0e979d0818: Pulling fs layer
2026-09-27T18:23:55.0768238Z ad29720ebbb9: Pulling fs layer
2026-09-27T18:23:55.0769376Z 3a749597affc: Pulling fs layer
2026-09-27T18:23:55.0770735Z 483fb6941c15: Pulling fs layer
2026-09-27T18:23:55.0771923Z 359ae0fc975d: Pulling fs layer
2026-09-27T18:23:55.0773049Z 56d4d190ef07: Pulling fs layer
2026-09-27T18:23:55.0774242Z 74156cf9f063: Pulling fs layer
2026-09-27T18:23:55.0775367Z f7c7d4dd80ba: Pulling fs layer
2026-09-27T18:23:55.0776866Z 749acf6dc637: Pulling fs layer
2026-09-27T18:23:55.0778115Z 483fb6941c15: Waiting
2026-09-27T18:23:55.0779188Z 4d848243a73e: Pulling fs layer
2026-09-27T18:23:55.0780621Z 6ad4758748c1: Pulling fs layer
2026-09-27T18:23:55.0781763Z 359ae0fc975d: Waiting
2026-09-27T18:23:55.0782783Z 56d4d190ef07: Waiting
2026-09-27T18:23:55.0783835Z 74156cf9f063: Waiting
2026-09-27T18:23:55.0784909Z f7c7d4dd80ba: Waiting
2026-09-27T18:23:55.0785982Z 749acf6dc637: Waiting
2026-09-27T18:23:55.0787010Z 4d848243a73e: Waiting
2026-09-27T18:23:55.0788276Z 6ad4758748c1: Waiting
2026-09-27T18:23:55.0789610Z ad29720ebbb9: Waiting
2026-09-27T18:23:55.0791165Z ba0e979d0818: Waiting
2026-09-27T18:23:55.0792530Z 3a749597affc: Waiting
2026-09-27T18:23:55.2868298Z b1fdda8975a0: Verifying Checksum
2026-09-27T18:23:55.2869361Z b1fdda8975a0: Download complete
2026-09-27T18:23:55.4766154Z 106e7e3cf19a: Verifying Checksum
2026-09-27T18:23:55.4767243Z 106e7e3cf19a: Download complete
2026-09-27T18:23:55.5665002Z 6b37362b3da7: Verifying Checksum
2026-09-27T18:23:55.5665892Z 6b37362b3da7: Download complete
2026-09-27T18:23:55.6185429Z ba0e979d0818: Verifying Checksum
2026-09-27T18:23:55.6186061Z ba0e979d0818: Download complete
2026-09-27T18:23:55.8164603Z 483fb6941c15: Verifying Checksum
2026-09-27T18:23:55.8165551Z 483fb6941c15: Download complete
2026-09-27T18:23:55.8643879Z ad29720ebbb9: Verifying Checksum
2026-09-27T18:23:55.8644609Z ad29720ebbb9: Download complete
2026-09-27T18:23:55.8810421Z 3a749597affc: Verifying Checksum
2026-09-27T18:23:55.8811608Z 3a749597affc: Download complete
2026-09-27T18:23:56.0232955Z 359ae0fc975d: Verifying Checksum
2026-09-27T18:23:56.0234079Z 359ae0fc975d: Download complete
2026-09-27T18:23:56.0747073Z 74156cf9f063: Verifying Checksum
2026-09-27T18:23:56.0747910Z 74156cf9f063: Download complete
2026-09-27T18:23:56.2355549Z f7c7d4dd80ba: Verifying Checksum
2026-09-27T18:23:56.2362068Z f7c7d4dd80ba: Download complete
2026-09-27T18:23:56.2628873Z 749acf6dc637: Verifying Checksum
2026-09-27T18:23:56.2631067Z 749acf6dc637: Download complete
2026-09-27T18:23:56.4311001Z 4d848243a73e: Verifying Checksum
2026-09-27T18:23:56.4311648Z 4d848243a73e: Download complete
2026-09-27T18:23:56.4644533Z 6ad4758748c1: Download complete
2026-09-27T18:23:56.4689433Z 6b37362b3da7: Pull complete
2026-09-27T18:23:56.5233747Z 56d4d190ef07: Verifying Checksum
2026-09-27T18:23:56.5234467Z 56d4d190ef07: Download complete
2026-09-27T18:24:04.3057596Z b1fdda8975a0: Pull complete
2026-09-27T18:24:04.6043756Z 106e7e3cf19a: Pull complete
2026-09-27T18:24:04.6755017Z ba0e979d0818: Pull complete
2026-09-27T18:24:05.1145236Z ad29720ebbb9: Pull complete
2026-09-27T18:24:05.2117127Z 3a749597affc: Pull complete
2026-09-27T18:24:05.2213708Z 483fb6941c15: Pull complete
2026-09-27T18:24:05.2398825Z 359ae0fc975d: Pull complete
2026-09-27T18:24:09.6585872Z 56d4d190ef07: Pull complete
2026-09-27T18:24:09.6793551Z 74156cf9f063: Pull complete
2026-09-27T18:24:09.6885186Z f7c7d4dd80ba: Pull complete
2026-09-27T18:24:09.7012281Z 749acf6dc637: Pull complete
2026-09-27T18:24:09.7099209Z 4d848243a73e: Pull complete
2026-09-27T18:24:09.7196984Z 6ad4758748c1: Pull complete
2026-09-27T18:24:09.7243017Z Digest: sha256:1a6ab3f5345eb6dbe04a1349529caabdb0ab09293a09590fad07b2246bfa4b54
2026-09-27T18:24:09.7259523Z Status: Downloaded newer image for postgres:16
2026-09-27T18:24:09.7272265Z docker.io/library/postgres:16
2026-09-27T18:24:09.7327506Z ##[command]/usr/bin/docker create --name 646c9dc61cf2435487b64eb2f3279d34_postgres16_6cf1c3 --label 115f02 --network github_network_2b0a00a9336e4d76a654b3e82b90d879 --network-alias postgres -p 5432:5432 --health-cmd "pg_isready -U postgres -d accounting_mvp_ci" --health-interval 10s --health-timeout 5s --health-retries 5 -e "POSTGRES_DB=accounting_mvp_ci" -e "POSTGRES_USER=postgres" -e "POSTGRES_PASSWORD=postgres" -e GITHUB_ACTIONS=true -e CI=true postgres:16
2026-09-27T18:24:09.7571653Z 36f3c11b3a6f15b59d798ad006b13c1225b56e328ad82684fe9074504cb24a6d
2026-09-27T18:24:09.7590334Z ##[command]/usr/bin/docker start 36f3c11b3a6f15b59d798ad006b13c1225b56e328ad82684fe9074504cb24a6d
2026-09-27T18:24:09.9592513Z 36f3c11b3a6f15b59d798ad006b13c1225b56e328ad82684fe9074504cb24a6d
2026-09-27T18:24:09.9607559Z ##[command]/usr/bin/docker ps --all --filter id=36f3c11b3a6f15b59d798ad006b13c1225b56e328ad82684fe9074504cb24a6d --filter status=running --no-trunc --format "{{.ID}} {{.Status}}"
2026-09-27T18:24:09.9745039Z 36f3c11b3a6f15b59d798ad006b13c1225b56e328ad82684fe9074504cb24a6d Up Less than a second (health: starting)
2026-09-27T18:24:09.9763051Z ##[command]/usr/bin/docker port 36f3c11b3a6f15b59d798ad006b13c1225b56e328ad82684fe9074504cb24a6d
2026-09-27T18:24:09.9891443Z 5432/tcp -> 0.0.0.0:5432
2026-09-27T18:24:09.9892442Z 5432/tcp -> [::]:5432
2026-09-27T18:24:09.9940625Z ##[endgroup]
2026-09-27T18:24:09.9949410Z ##[group]Waiting for all services to be ready
2026-09-27T18:24:09.9963686Z ##[command]/usr/bin/docker inspect --format="{{if .Config.Healthcheck}}{{print .State.Health.Status}}{{end}}" 36f3c11b3a6f15b59d798ad006b13c1225b56e328ad82684fe9074504cb24a6d
2026-09-27T18:24:10.0100735Z starting
2026-09-27T18:24:10.0120271Z postgres service is starting, waiting 2 seconds before checking again.
2026-09-27T18:24:12.0132901Z ##[command]/usr/bin/docker inspect --format="{{if .Config.Healthcheck}}{{print .State.Health.Status}}{{end}}" 36f3c11b3a6f15b59d798ad006b13c1225b56e328ad82684fe9074504cb24a6d
2026-09-27T18:24:12.0273587Z starting
2026-09-27T18:24:12.0284452Z postgres service is starting, waiting 3 seconds before checking again.
2026-09-27T18:24:15.6594082Z ##[command]/usr/bin/docker inspect --format="{{if .Config.Healthcheck}}{{print .State.Health.Status}}{{end}}" 36f3c11b3a6f15b59d798ad006b13c1225b56e328ad82684fe9074504cb24a6d
2026-09-27T18:24:15.6730936Z starting
2026-09-27T18:24:15.6739674Z postgres service is starting, waiting 6 seconds before checking again.
2026-09-27T18:24:22.4777354Z ##[command]/usr/bin/docker inspect --format="{{if .Config.Healthcheck}}{{print .State.Health.Status}}{{end}}" 36f3c11b3a6f15b59d798ad006b13c1225b56e328ad82684fe9074504cb24a6d
2026-09-27T18:24:22.4918334Z healthy
2026-09-27T18:24:22.4932925Z postgres service is healthy.
2026-09-27T18:24:22.4933753Z ##[endgroup]
2026-09-27T18:24:22.5223395Z ##[group]Run actions/checkout@3d3c42e5aac5ba805825da76410c181273ba90b1
2026-09-27T18:24:22.5224051Z with:
2026-09-27T18:24:22.5224369Z   persist-credentials: false
2026-09-27T18:24:22.5224708Z   repository: swwbazz-ux/1
2026-09-27T18:24:22.5227396Z   token: ***
2026-09-27T18:24:22.5227696Z   ssh-strict: true
2026-09-27T18:24:22.5228018Z   ssh-user: git
2026-09-27T18:24:22.5228309Z   clean: true
2026-09-27T18:24:22.5228608Z   sparse-checkout-cone-mode: true
2026-09-27T18:24:22.5229006Z   fetch-depth: 1
2026-09-27T18:24:22.5229300Z   fetch-tags: false
2026-09-27T18:24:22.5229620Z   show-progress: true
2026-09-27T18:24:22.5230106Z   lfs: false
2026-09-27T18:24:22.5230393Z   submodules: false
2026-09-27T18:24:22.5230768Z   set-safe-directory: true
2026-09-27T18:24:22.5231111Z   allow-unsafe-pr-checkout: false
2026-09-27T18:24:22.5231649Z env:
2026-09-27T18:24:22.5231960Z   DJANGO_SECRET_KEY: ci-secret-key
2026-09-27T18:24:22.5232303Z   DJANGO_DEBUG: True
2026-09-27T18:24:22.5232799Z   DJANGO_ALLOWED_HOSTS: localhost,127.0.0.1,.localhost
2026-09-27T18:24:22.5233198Z   DJANGO_DB_ENGINE: postgres
2026-09-27T18:24:22.5233549Z   POSTGRES_DB: accounting_mvp_ci
2026-09-27T18:24:22.5233875Z   POSTGRES_USER: postgres
2026-09-27T18:24:22.5234180Z   POSTGRES_PASSWORD: postgres
2026-09-27T18:24:22.5234561Z   POSTGRES_HOST: 127.0.0.1
2026-09-27T18:24:22.5234877Z   POSTGRES_PORT: 5432
2026-09-27T18:24:22.5235231Z   POSTGRES_CONN_MAX_AGE: 0
2026-09-27T18:24:22.5235535Z ##[endgroup]
2026-09-27T18:24:22.6225866Z Syncing repository: swwbazz-ux/1
2026-09-27T18:24:22.6228545Z ##[group]Getting Git version info
2026-09-27T18:24:22.6229289Z Working directory is '/home/runner/work/1/1'
2026-09-27T18:24:22.6230560Z [command]/usr/bin/git version
2026-09-27T18:24:22.6294832Z git version 2.55.0
2026-09-27T18:24:22.6312348Z ##[endgroup]
2026-09-27T18:24:22.6323669Z Temporarily overriding HOME='/home/runner/work/_temp/40afa37b-dc2a-48a6-8e4f-4ac2db7dcf04' before making global git config changes
2026-09-27T18:24:22.6325112Z Adding repository directory to the temporary git global config as a safe directory
2026-09-27T18:24:22.6329266Z [command]/usr/bin/git config --global --add safe.directory /home/runner/work/1/1
2026-09-27T18:24:22.6402240Z Deleting the contents of '/home/runner/work/1/1'
2026-09-27T18:24:22.6403765Z ##[group]Determining repository object format
2026-09-27T18:24:22.6404329Z ##[endgroup]
2026-09-27T18:24:22.6405062Z ##[group]Initializing the repository
2026-09-27T18:24:22.6405657Z [command]/usr/bin/git init /home/runner/work/1/1
2026-09-27T18:24:22.6501067Z hint: Using 'master' as the name for the initial branch. This default branch name
2026-09-27T18:24:22.6502129Z hint: will change to "main" in Git 3.0. To configure the initial branch name
2026-09-27T18:24:22.6503276Z hint: to use in all of your new repositories, which will suppress this warning,
2026-09-27T18:24:22.6504123Z hint: call:
2026-09-27T18:24:22.6504757Z hint:
2026-09-27T18:24:22.6505315Z hint: 	git config --global init.defaultBranch <name>
2026-09-27T18:24:22.6505900Z hint:
2026-09-27T18:24:22.6506560Z hint: Names commonly chosen instead of 'master' are 'main', 'trunk' and
2026-09-27T18:24:22.6507478Z hint: 'development'. The just-created branch can be renamed via this command:
2026-09-27T18:24:22.6508136Z hint:
2026-09-27T18:24:22.6508524Z hint: 	git branch -m <name>
2026-09-27T18:24:22.6509091Z hint:
2026-09-27T18:24:22.6509548Z hint: Disable this message with "git config set advice.defaultBranchName false"
2026-09-27T18:24:22.6510300Z Initialized empty Git repository in /home/runner/work/1/1/.git/
2026-09-27T18:24:22.6514485Z [command]/usr/bin/git remote add origin https://github.com/swwbazz-ux/1
2026-09-27T18:24:22.6560435Z ##[endgroup]
2026-09-27T18:24:22.6561144Z ##[group]Disabling automatic garbage collection
2026-09-27T18:24:22.6564889Z [command]/usr/bin/git config --local gc.auto 0
2026-09-27T18:24:22.6596007Z ##[endgroup]
2026-09-27T18:24:22.6596870Z ##[group]Setting up auth
2026-09-27T18:24:22.6597677Z Removing SSH command configuration
2026-09-27T18:24:22.6603773Z [command]/usr/bin/git config --local --name-only --get-regexp core\.sshCommand
2026-09-27T18:24:22.6634148Z [command]/usr/bin/git submodule foreach --recursive sh -c "git config --local --name-only --get-regexp 'core\.sshCommand' && git config --local --unset-all 'core.sshCommand' || :"
2026-09-27T18:24:22.6942447Z Removing HTTP extra header
2026-09-27T18:24:22.6949394Z [command]/usr/bin/git config --local --name-only --get-regexp http\.https\:\/\/github\.com\/\.extraheader
2026-09-27T18:24:22.6981211Z [command]/usr/bin/git submodule foreach --recursive sh -c "git config --local --name-only --get-regexp 'http\.https\:\/\/github\.com\/\.extraheader' && git config --local --unset-all 'http.https://github.com/.extraheader' || :"
2026-09-27T18:24:22.7198500Z Removing includeIf entries pointing to credentials config files
2026-09-27T18:24:22.7202441Z [command]/usr/bin/git config --local --name-only --get-regexp ^includeIf\.gitdir:
2026-09-27T18:24:22.7233265Z [command]/usr/bin/git submodule foreach --recursive git config --local --show-origin --name-only --get-regexp remote.origin.url
2026-09-27T18:24:22.7422344Z [command]/usr/bin/git config --file /home/runner/work/_temp/git-credentials-c3c321ec-add5-4a18-95c2-4f4952acaed6.config http.https://github.com/.extraheader AUTHORIZATION: basic ***
2026-09-27T18:24:22.7457117Z [command]/usr/bin/git config --local includeIf.gitdir:/home/runner/work/1/1/.git.path /home/runner/work/_temp/git-credentials-c3c321ec-add5-4a18-95c2-4f4952acaed6.config
2026-09-27T18:24:22.7488915Z [command]/usr/bin/git config --local includeIf.gitdir:/home/runner/work/1/1/.git/worktrees/*.path /home/runner/work/_temp/git-credentials-c3c321ec-add5-4a18-95c2-4f4952acaed6.config
2026-09-27T18:24:22.7523010Z [command]/usr/bin/git config --local includeIf.gitdir:/github/workspace/.git.path /github/runner_temp/git-credentials-c3c321ec-add5-4a18-95c2-4f4952acaed6.config
2026-09-27T18:24:22.7554366Z [command]/usr/bin/git config --local includeIf.gitdir:/github/workspace/.git/worktrees/*.path /github/runner_temp/git-credentials-c3c321ec-add5-4a18-95c2-4f4952acaed6.config
2026-09-27T18:24:22.7581758Z ##[endgroup]
2026-09-27T18:24:22.7582548Z ##[group]Fetching the repository
2026-09-27T18:24:22.7588724Z [command]/usr/bin/git -c protocol.version=2 fetch --no-tags --prune --no-recurse-submodules --depth=1 origin +60e0d2900cf4dd15d6a4d0ef856fe8f68ac2d2a1:refs/remotes/pull/120/merge
2026-09-27T18:24:24.8484341Z From https://github.com/swwbazz-ux/1
2026-09-27T18:24:24.8485536Z  * [new ref]         60e0d2900cf4dd15d6a4d0ef856fe8f68ac2d2a1 -> pull/120/merge
2026-09-27T18:24:24.8490191Z ##[endgroup]
2026-09-27T18:24:24.8491024Z ##[group]Determining the checkout info
2026-09-27T18:24:24.8491705Z ##[endgroup]
2026-09-27T18:24:24.8495627Z [command]/usr/bin/git sparse-checkout disable
2026-09-27T18:24:24.8551591Z [command]/usr/bin/git config --local --unset-all extensions.worktreeConfig
2026-09-27T18:24:24.8583227Z ##[group]Checking out the ref
2026-09-27T18:24:24.8588758Z [command]/usr/bin/git checkout --progress --force refs/remotes/pull/120/merge
2026-09-27T18:24:25.3471158Z Note: switching to 'refs/remotes/pull/120/merge'.
2026-09-27T18:24:25.3472246Z 
2026-09-27T18:24:25.3473468Z You are in 'detached HEAD' state. You can look around, make experimental
2026-09-27T18:24:25.3474085Z changes and commit them, and you can discard any commits you make in this
2026-09-27T18:24:25.3474787Z state without impacting any branches by switching back to a branch.
2026-09-27T18:24:25.3475072Z 
2026-09-27T18:24:25.3475375Z If you want to create a new branch to retain commits you create, you may
2026-09-27T18:24:25.3475869Z do so (now or later) by using -c with the switch command. Example:
2026-09-27T18:24:25.3476203Z 
2026-09-27T18:24:25.3476351Z   git switch -c <new-branch-name>
2026-09-27T18:24:25.3476581Z 
2026-09-27T18:24:25.3476713Z Or undo this operation with:
2026-09-27T18:24:25.3476948Z 
2026-09-27T18:24:25.3477087Z   git switch -
2026-09-27T18:24:25.3477294Z 
2026-09-27T18:24:25.3477795Z Turn off this advice by setting config variable advice.detachedHead to false
2026-09-27T18:24:25.3478101Z 
2026-09-27T18:24:25.3478468Z HEAD is now at 60e0d29 Merge a1fff67010007089899fe0e35b5e23cd43b0d151 into 0fe60543de59bf7cbeca4868fc17e8e00689d2ba
2026-09-27T18:24:25.3490742Z ##[endgroup]
2026-09-27T18:24:25.3533931Z [command]/usr/bin/git log -1 --format=%H
2026-09-27T18:24:25.3558505Z 60e0d2900cf4dd15d6a4d0ef856fe8f68ac2d2a1
2026-09-27T18:24:25.3566291Z ##[group]Removing auth
2026-09-27T18:24:25.3566825Z Removing SSH command configuration
2026-09-27T18:24:25.3570278Z [command]/usr/bin/git config --local --name-only --get-regexp core\.sshCommand
2026-09-27T18:24:25.3598805Z [command]/usr/bin/git submodule foreach --recursive sh -c "git config --local --name-only --get-regexp 'core\.sshCommand' && git config --local --unset-all 'core.sshCommand' || :"
2026-09-27T18:24:25.3786445Z Removing HTTP extra header
2026-09-27T18:24:25.3790432Z [command]/usr/bin/git config --local --name-only --get-regexp http\.https\:\/\/github\.com\/\.extraheader
2026-09-27T18:24:25.3821146Z [command]/usr/bin/git submodule foreach --recursive sh -c "git config --local --name-only --get-regexp 'http\.https\:\/\/github\.com\/\.extraheader' && git config --local --unset-all 'http.https://github.com/.extraheader' || :"
2026-09-27T18:24:25.4009508Z Removing includeIf entries pointing to credentials config files
2026-09-27T18:24:25.4012879Z [command]/usr/bin/git config --local --name-only --get-regexp ^includeIf\.gitdir:
2026-09-27T18:24:25.4036710Z includeif.gitdir:/home/runner/work/1/1/.git.path
2026-09-27T18:24:25.4037284Z includeif.gitdir:/home/runner/work/1/1/.git/worktrees/*.path
2026-09-27T18:24:25.4038027Z includeif.gitdir:/github/workspace/.git.path
2026-09-27T18:24:25.4038535Z includeif.gitdir:/github/workspace/.git/worktrees/*.path
2026-09-27T18:24:25.4043675Z [command]/usr/bin/git config --local --get-all includeif.gitdir:/home/runner/work/1/1/.git.path
2026-09-27T18:24:25.4064577Z /home/runner/work/_temp/git-credentials-c3c321ec-add5-4a18-95c2-4f4952acaed6.config
2026-09-27T18:24:25.4073674Z [command]/usr/bin/git config --local --unset includeif.gitdir:/home/runner/work/1/1/.git.path \/home\/runner\/work\/_temp\/git\-credentials\-c3c321ec\-add5\-4a18\-95c2\-4f4952acaed6\.config
2026-09-27T18:24:25.4112027Z [command]/usr/bin/git config --local --get-all includeif.gitdir:/home/runner/work/1/1/.git/worktrees/*.path
2026-09-27T18:24:25.4132011Z /home/runner/work/_temp/git-credentials-c3c321ec-add5-4a18-95c2-4f4952acaed6.config
2026-09-27T18:24:25.4137866Z [command]/usr/bin/git config --local --unset includeif.gitdir:/home/runner/work/1/1/.git/worktrees/*.path \/home\/runner\/work\/_temp\/git\-credentials\-c3c321ec\-add5\-4a18\-95c2\-4f4952acaed6\.config
2026-09-27T18:24:25.4171751Z [command]/usr/bin/git config --local --get-all includeif.gitdir:/github/workspace/.git.path
2026-09-27T18:24:25.4192648Z /github/runner_temp/git-credentials-c3c321ec-add5-4a18-95c2-4f4952acaed6.config
2026-09-27T18:24:25.4199424Z [command]/usr/bin/git config --local --unset includeif.gitdir:/github/workspace/.git.path \/github\/runner_temp\/git\-credentials\-c3c321ec\-add5\-4a18\-95c2\-4f4952acaed6\.config
2026-09-27T18:24:25.4230503Z [command]/usr/bin/git config --local --get-all includeif.gitdir:/github/workspace/.git/worktrees/*.path
2026-09-27T18:24:25.4250844Z /github/runner_temp/git-credentials-c3c321ec-add5-4a18-95c2-4f4952acaed6.config
2026-09-27T18:24:25.4266666Z [command]/usr/bin/git config --local --unset includeif.gitdir:/github/workspace/.git/worktrees/*.path \/github\/runner_temp\/git\-credentials\-c3c321ec\-add5\-4a18\-95c2\-4f4952acaed6\.config
2026-09-27T18:24:25.4348350Z [command]/usr/bin/git submodule foreach --recursive git config --local --show-origin --name-only --get-regexp remote.origin.url
2026-09-27T18:24:25.4534053Z Removing credentials config '/home/runner/work/_temp/git-credentials-c3c321ec-add5-4a18-95c2-4f4952acaed6.config'
2026-09-27T18:24:25.4545446Z ##[endgroup]
2026-09-27T18:24:25.4776381Z ##[group]Run actions/setup-python@5fda3b95a4ea91299a34e894583c3862153e4b97
2026-09-27T18:24:25.4776874Z with:
2026-09-27T18:24:25.4777217Z   python-version: 3.12
2026-09-27T18:24:25.4777530Z   cache: pip
2026-09-27T18:24:25.4777974Z   cache-dependency-path: СИСТЕМА_MVP/backend/requirements.txt
2026-09-27T18:24:25.4778461Z   check-latest: false
2026-09-27T18:24:25.4781105Z   token: ***
2026-09-27T18:24:25.4781416Z   update-environment: true
2026-09-27T18:24:25.4781801Z   allow-prereleases: false
2026-09-27T18:24:25.4782159Z   freethreaded: false
2026-09-27T18:24:25.4782466Z env:
2026-09-27T18:24:25.4782779Z   DJANGO_SECRET_KEY: ci-secret-key
2026-09-27T18:24:25.4783122Z   DJANGO_DEBUG: True
2026-09-27T18:24:25.4783457Z   DJANGO_ALLOWED_HOSTS: localhost,127.0.0.1,.localhost
2026-09-27T18:24:25.4784254Z   DJANGO_DB_ENGINE: postgres
2026-09-27T18:24:25.4784599Z   POSTGRES_DB: accounting_mvp_ci
2026-09-27T18:24:25.4784968Z   POSTGRES_USER: postgres
2026-09-27T18:24:25.4785417Z   POSTGRES_PASSWORD: postgres
2026-09-27T18:24:25.4785744Z   POSTGRES_HOST: 127.0.0.1
2026-09-27T18:24:25.4786132Z   POSTGRES_PORT: 5432
2026-09-27T18:24:25.4786426Z   POSTGRES_CONN_MAX_AGE: 0
2026-09-27T18:24:25.4786764Z ##[endgroup]
2026-09-27T18:24:25.5895520Z ##[group]Installed versions
2026-09-27T18:24:25.5991076Z Successfully set up CPython (3.12.14)
2026-09-27T18:24:25.5991879Z ##[endgroup]
2026-09-27T18:24:25.6264455Z [command]/opt/hostedtoolcache/Python/3.12.14/x64/bin/pip cache dir
2026-09-27T18:24:25.8890310Z /home/runner/.cache/pip
2026-09-27T18:24:26.0896514Z Cache hit for: setup-python-Linux-x64-24.04-Ubuntu-python-3.12.14-pip-25815d4bca4e96336d991d9e1b7cb884ef49e3ba1b43dec0e034ce931299dbdd
2026-09-27T18:24:27.3139511Z Received 50331648 of 110492032 (45.6%), 47.9 MBs/sec
2026-09-27T18:24:27.6305726Z Received 110492032 of 110492032 (100.0%), 79.9 MBs/sec
2026-09-27T18:24:27.6307244Z Cache Size: ~105 MB (110492032 B)
2026-09-27T18:24:27.6341470Z [command]/usr/bin/tar -xf /home/runner/work/_temp/b093728c-3fd1-4b4b-9025-e708e782bb52/cache.tzst -P -C /home/runner/work/1/1 --use-compress-program unzstd
2026-09-27T18:24:27.7575925Z Cache restored successfully
2026-09-27T18:24:27.7622362Z Cache restored from key: setup-python-Linux-x64-24.04-Ubuntu-python-3.12.14-pip-25815d4bca4e96336d991d9e1b7cb884ef49e3ba1b43dec0e034ce931299dbdd
2026-09-27T18:24:27.7769045Z ##[group]Run python -m pip install -r requirements.txt
2026-09-27T18:24:27.7769667Z [36;1mpython -m pip install -r requirements.txt[0m
2026-09-27T18:24:27.7943278Z shell: /usr/bin/bash -e {0}
2026-09-27T18:24:27.7943696Z env:
2026-09-27T18:24:27.7944097Z   DJANGO_SECRET_KEY: ci-secret-key
2026-09-27T18:24:27.7944454Z   DJANGO_DEBUG: True
2026-09-27T18:24:27.7944875Z   DJANGO_ALLOWED_HOSTS: localhost,127.0.0.1,.localhost
2026-09-27T18:24:27.7945308Z   DJANGO_DB_ENGINE: postgres
2026-09-27T18:24:27.7945722Z   POSTGRES_DB: accounting_mvp_ci
2026-09-27T18:24:27.7946206Z   POSTGRES_USER: postgres
2026-09-27T18:24:27.7946582Z   POSTGRES_PASSWORD: postgres
2026-09-27T18:24:27.7946971Z   POSTGRES_HOST: 127.0.0.1
2026-09-27T18:24:27.7947296Z   POSTGRES_PORT: 5432
2026-09-27T18:24:27.7947607Z   POSTGRES_CONN_MAX_AGE: 0
2026-09-27T18:24:27.7948151Z   pythonLocation: /opt/hostedtoolcache/Python/3.12.14/x64
2026-09-27T18:24:27.7948795Z   PKG_CONFIG_PATH: /opt/hostedtoolcache/Python/3.12.14/x64/lib/pkgconfig
2026-09-27T18:24:27.7949314Z   Python_ROOT_DIR: /opt/hostedtoolcache/Python/3.12.14/x64
2026-09-27T18:24:27.7949758Z   Python2_ROOT_DIR: /opt/hostedtoolcache/Python/3.12.14/x64
2026-09-27T18:24:27.7950646Z   Python3_ROOT_DIR: /opt/hostedtoolcache/Python/3.12.14/x64
2026-09-27T18:24:27.7951144Z   LD_LIBRARY_PATH: /opt/hostedtoolcache/Python/3.12.14/x64/lib
2026-09-27T18:24:27.7951589Z ##[endgroup]
2026-09-27T18:24:28.5450596Z Collecting asgiref==3.11.1 (from -r requirements.txt (line 1))
2026-09-27T18:24:28.5463290Z   Using cached asgiref-3.11.1-py3-none-any.whl.metadata (9.3 kB)
2026-09-27T18:24:28.5963790Z Collecting Django==6.0.8 (from -r requirements.txt (line 2))
2026-09-27T18:24:28.5974544Z   Using cached django-6.0.8-py3-none-any.whl.metadata (3.9 kB)
2026-09-27T18:24:28.6227533Z Collecting et_xmlfile==2.0.0 (from -r requirements.txt (line 3))
2026-09-27T18:24:28.6238274Z   Using cached et_xmlfile-2.0.0-py3-none-any.whl.metadata (2.7 kB)
2026-09-27T18:24:28.6526656Z Collecting gunicorn==23.0.0 (from -r requirements.txt (line 4))
2026-09-27T18:24:28.6537695Z   Using cached gunicorn-23.0.0-py3-none-any.whl.metadata (4.4 kB)
2026-09-27T18:24:28.6820624Z Collecting openpyxl==3.1.5 (from -r requirements.txt (line 5))
2026-09-27T18:24:28.6835318Z   Using cached openpyxl-3.1.5-py2.py3-none-any.whl.metadata (2.5 kB)
2026-09-27T18:24:28.8005103Z Collecting pandas==3.0.1 (from -r requirements.txt (line 6))
2026-09-27T18:24:28.8017460Z   Using cached pandas-3.0.1-cp312-cp312-manylinux_2_24_x86_64.manylinux_2_28_x86_64.whl.metadata (79 kB)
2026-09-27T18:24:28.9618511Z Collecting pillow==12.3.0 (from -r requirements.txt (line 7))
2026-09-27T18:24:28.9631550Z   Using cached pillow-12.3.0-cp312-cp312-manylinux_2_27_x86_64.manylinux_2_28_x86_64.whl.metadata (9.1 kB)
2026-09-27T18:24:28.9917640Z Collecting psycopg==3.3.4 (from -r requirements.txt (line 8))
2026-09-27T18:24:28.9929360Z   Using cached psycopg-3.3.4-py3-none-any.whl.metadata (4.3 kB)
2026-09-27T18:24:29.1361671Z Collecting psycopg-binary==3.3.4 (from -r requirements.txt (line 9))
2026-09-27T18:24:29.1373492Z   Using cached psycopg_binary-3.3.4-cp312-cp312-manylinux2014_x86_64.manylinux_2_17_x86_64.whl.metadata (2.7 kB)
2026-09-27T18:24:29.1635590Z Collecting pdfplumber==0.11.9 (from -r requirements.txt (line 10))
2026-09-27T18:24:29.1646994Z   Using cached pdfplumber-0.11.9-py3-none-any.whl.metadata (43 kB)
2026-09-27T18:24:29.1984372Z Collecting pypdf==6.16.1 (from -r requirements.txt (line 11))
2026-09-27T18:24:29.1996025Z   Using cached pypdf-6.16.1-py3-none-any.whl.metadata (7.5 kB)
2026-09-27T18:24:29.2357006Z Collecting PyJWT==2.13.0 (from -r requirements.txt (line 12))
2026-09-27T18:24:29.2368807Z   Using cached pyjwt-2.13.0-py3-none-any.whl.metadata (3.4 kB)
2026-09-27T18:24:29.2819635Z Collecting python-docx==1.2.0 (from -r requirements.txt (line 13))
2026-09-27T18:24:29.2830994Z   Using cached python_docx-1.2.0-py3-none-any.whl.metadata (2.0 kB)
2026-09-27T18:24:29.3101040Z Collecting python-dotenv==1.2.2 (from -r requirements.txt (line 14))
2026-09-27T18:24:29.3112640Z   Using cached python_dotenv-1.2.2-py3-none-any.whl.metadata (27 kB)
2026-09-27T18:24:29.3371554Z Collecting python-pptx==1.0.2 (from -r requirements.txt (line 15))
2026-09-27T18:24:29.3383208Z   Using cached python_pptx-1.0.2-py3-none-any.whl.metadata (2.5 kB)
2026-09-27T18:24:29.4328694Z Collecting reportlab==4.4.9 (from -r requirements.txt (line 16))
2026-09-27T18:24:29.4339757Z   Using cached reportlab-4.4.9-py3-none-any.whl.metadata (1.7 kB)
2026-09-27T18:24:29.4668390Z Collecting redis==5.3.1 (from -r requirements.txt (line 17))
2026-09-27T18:24:29.4680133Z   Using cached redis-5.3.1-py3-none-any.whl.metadata (9.2 kB)
2026-09-27T18:24:29.4934621Z Collecting sqlparse==0.6.0 (from -r requirements.txt (line 18))
2026-09-27T18:24:29.4946120Z   Using cached sqlparse-0.6.0-py3-none-any.whl.metadata (6.0 kB)
2026-09-27T18:24:29.5322831Z Collecting typing_extensions==4.15.0 (from -r requirements.txt (line 19))
2026-09-27T18:24:29.5335191Z   Using cached typing_extensions-4.15.0-py3-none-any.whl.metadata (3.3 kB)
2026-09-27T18:24:29.5594423Z Collecting tzdata==2026.2 (from -r requirements.txt (line 20))
2026-09-27T18:24:29.5605903Z   Using cached tzdata-2026.2-py2.py3-none-any.whl.metadata (1.4 kB)
2026-09-27T18:24:29.5911734Z Collecting packaging (from gunicorn==23.0.0->-r requirements.txt (line 4))
2026-09-27T18:24:29.5923046Z   Using cached packaging-26.3-py3-none-any.whl.metadata (3.5 kB)
2026-09-27T18:24:29.7776851Z Collecting numpy>=1.26.0 (from pandas==3.0.1->-r requirements.txt (line 6))
2026-09-27T18:24:29.7792098Z   Using cached numpy-2.5.3-cp312-cp312-manylinux_2_27_x86_64.manylinux_2_28_x86_64.whl.metadata (6.6 kB)
2026-09-27T18:24:29.8048339Z Collecting python-dateutil>=2.8.2 (from pandas==3.0.1->-r requirements.txt (line 6))
2026-09-27T18:24:29.8059015Z   Using cached python_dateutil-2.9.0.post0-py2.py3-none-any.whl.metadata (8.4 kB)
2026-09-27T18:24:29.8339420Z Collecting pdfminer.six==20251230 (from pdfplumber==0.11.9->-r requirements.txt (line 10))
2026-09-27T18:24:29.8350113Z   Using cached pdfminer_six-20251230-py3-none-any.whl.metadata (4.3 kB)
2026-09-27T18:24:29.9175309Z Collecting pypdfium2>=4.18.0 (from pdfplumber==0.11.9->-r requirements.txt (line 10))
2026-09-27T18:24:29.9186821Z   Using cached pypdfium2-5.13.0-py3-none-manylinux_2_17_x86_64.manylinux2014_x86_64.whl.metadata (66 kB)
2026-09-27T18:24:30.1284019Z Collecting lxml>=3.1.0 (from python-docx==1.2.0->-r requirements.txt (line 13))
2026-09-27T18:24:30.1299982Z   Using cached lxml-6.1.3-cp312-cp312-manylinux_2_26_x86_64.manylinux_2_28_x86_64.whl.metadata (3.3 kB)
2026-09-27T18:24:30.1686491Z Collecting XlsxWriter>=0.5.7 (from python-pptx==1.0.2->-r requirements.txt (line 15))
2026-09-27T18:24:30.1698303Z   Using cached xlsxwriter-3.2.9-py3-none-any.whl.metadata (2.7 kB)
2026-09-27T18:24:30.2753437Z Collecting charset-normalizer (from reportlab==4.4.9->-r requirements.txt (line 16))
2026-09-27T18:24:30.2766915Z   Using cached charset_normalizer-3.5.1-cp312-cp312-manylinux2014_x86_64.manylinux_2_17_x86_64.manylinux_2_28_x86_64.whl.metadata (45 kB)
2026-09-27T18:24:30.4581565Z Collecting cryptography>=36.0.0 (from pdfminer.six==20251230->pdfplumber==0.11.9->-r requirements.txt (line 10))
2026-09-27T18:24:30.4593568Z   Using cached cryptography-50.0.1-cp311-abi3-manylinux_2_34_x86_64.whl.metadata (4.3 kB)
2026-09-27T18:24:30.5534610Z Collecting cffi>=2.0.0 (from cryptography>=36.0.0->pdfminer.six==20251230->pdfplumber==0.11.9->-r requirements.txt (line 10))
2026-09-27T18:24:30.5547756Z   Using cached cffi-2.1.1-cp312-cp312-manylinux2014_x86_64.manylinux_2_17_x86_64.whl.metadata (2.5 kB)
2026-09-27T18:24:30.5795341Z Collecting pycparser (from cffi>=2.0.0->cryptography>=36.0.0->pdfminer.six==20251230->pdfplumber==0.11.9->-r requirements.txt (line 10))
2026-09-27T18:24:30.5806822Z   Using cached pycparser-3.0-py3-none-any.whl.metadata (8.2 kB)
2026-09-27T18:24:30.6075919Z Collecting six>=1.5 (from python-dateutil>=2.8.2->pandas==3.0.1->-r requirements.txt (line 6))
2026-09-27T18:24:30.6087683Z   Using cached six-1.17.0-py2.py3-none-any.whl.metadata (1.7 kB)
2026-09-27T18:24:30.6123721Z Using cached asgiref-3.11.1-py3-none-any.whl (24 kB)
2026-09-27T18:24:30.6134290Z Using cached django-6.0.8-py3-none-any.whl (8.4 MB)
2026-09-27T18:24:30.6175218Z Using cached et_xmlfile-2.0.0-py3-none-any.whl (18 kB)
2026-09-27T18:24:30.6185816Z Using cached gunicorn-23.0.0-py3-none-any.whl (85 kB)
2026-09-27T18:24:30.6196452Z Using cached openpyxl-3.1.5-py2.py3-none-any.whl (250 kB)
2026-09-27T18:24:30.6208503Z Using cached pandas-3.0.1-cp312-cp312-manylinux_2_24_x86_64.manylinux_2_28_x86_64.whl (10.9 MB)
2026-09-27T18:24:30.6258500Z Using cached pillow-12.3.0-cp312-cp312-manylinux_2_27_x86_64.manylinux_2_28_x86_64.whl (6.9 MB)
2026-09-27T18:24:30.6294353Z Using cached psycopg-3.3.4-py3-none-any.whl (213 kB)
2026-09-27T18:24:30.6306178Z Using cached psycopg_binary-3.3.4-cp312-cp312-manylinux2014_x86_64.manylinux_2_17_x86_64.whl (5.2 MB)
2026-09-27T18:24:30.6335579Z Using cached pdfplumber-0.11.9-py3-none-any.whl (60 kB)
2026-09-27T18:24:30.6346289Z Using cached pypdf-6.16.1-py3-none-any.whl (382 kB)
2026-09-27T18:24:30.6358890Z Using cached pyjwt-2.13.0-py3-none-any.whl (31 kB)
2026-09-27T18:24:30.6369283Z Using cached python_docx-1.2.0-py3-none-any.whl (252 kB)
2026-09-27T18:24:30.6381048Z Using cached python_dotenv-1.2.2-py3-none-any.whl (22 kB)
2026-09-27T18:24:30.6391493Z Using cached python_pptx-1.0.2-py3-none-any.whl (472 kB)
2026-09-27T18:24:30.6404583Z Using cached reportlab-4.4.9-py3-none-any.whl (2.0 MB)
2026-09-27T18:24:30.6422962Z Using cached redis-5.3.1-py3-none-any.whl (272 kB)
2026-09-27T18:24:30.6435178Z Using cached sqlparse-0.6.0-py3-none-any.whl (50 kB)
2026-09-27T18:24:30.6445827Z Using cached typing_extensions-4.15.0-py3-none-any.whl (44 kB)
2026-09-27T18:24:30.6456486Z Using cached tzdata-2026.2-py2.py3-none-any.whl (349 kB)
2026-09-27T18:24:30.6468381Z Using cached pdfminer_six-20251230-py3-none-any.whl (6.6 MB)
2026-09-27T18:24:30.6503409Z Using cached charset_normalizer-3.5.1-cp312-cp312-manylinux2014_x86_64.manylinux_2_17_x86_64.manylinux_2_28_x86_64.whl (248 kB)
2026-09-27T18:24:30.6515022Z Using cached cryptography-50.0.1-cp311-abi3-manylinux_2_34_x86_64.whl (4.7 MB)
2026-09-27T18:24:30.6543611Z Using cached cffi-2.1.1-cp312-cp312-manylinux2014_x86_64.manylinux_2_17_x86_64.whl (221 kB)
2026-09-27T18:24:30.6554905Z Using cached lxml-6.1.3-cp312-cp312-manylinux_2_26_x86_64.manylinux_2_28_x86_64.whl (5.2 MB)
2026-09-27T18:24:30.6585037Z Using cached numpy-2.5.3-cp312-cp312-manylinux_2_27_x86_64.manylinux_2_28_x86_64.whl (16.7 MB)
2026-09-27T18:24:30.6656121Z Using cached pypdfium2-5.13.0-py3-none-manylinux_2_17_x86_64.manylinux2014_x86_64.whl (3.7 MB)
2026-09-27T18:24:30.6680309Z Using cached python_dateutil-2.9.0.post0-py2.py3-none-any.whl (229 kB)
2026-09-27T18:24:30.6691975Z Using cached six-1.17.0-py2.py3-none-any.whl (11 kB)
2026-09-27T18:24:30.6702292Z Using cached xlsxwriter-3.2.9-py3-none-any.whl (175 kB)
2026-09-27T18:24:30.6713247Z Using cached packaging-26.3-py3-none-any.whl (129 kB)
2026-09-27T18:24:30.6724147Z Using cached pycparser-3.0-py3-none-any.whl (48 kB)
2026-09-27T18:24:30.9586727Z Installing collected packages: XlsxWriter, tzdata, typing_extensions, sqlparse, six, python-dotenv, pypdfium2, pypdf, PyJWT, pycparser, psycopg-binary, pillow, packaging, numpy, lxml, et_xmlfile, charset-normalizer, asgiref, reportlab, redis, python-pptx, python-docx, python-dateutil, psycopg, openpyxl, gunicorn, Django, cffi, pandas, cryptography, pdfminer.six, pdfplumber
2026-09-27T18:24:41.5208373Z 
2026-09-27T18:24:41.5238178Z Successfully installed Django-6.0.8 PyJWT-2.13.0 XlsxWriter-3.2.9 asgiref-3.11.1 cffi-2.1.1 charset-normalizer-3.5.1 cryptography-50.0.1 et_xmlfile-2.0.0 gunicorn-23.0.0 lxml-6.1.3 numpy-2.5.3 openpyxl-3.1.5 packaging-26.3 pandas-3.0.1 pdfminer.six-20251230 pdfplumber-0.11.9 pillow-12.3.0 psycopg-3.3.4 psycopg-binary-3.3.4 pycparser-3.0 pypdf-6.16.1 pypdfium2-5.13.0 python-dateutil-2.9.0.post0 python-docx-1.2.0 python-dotenv-1.2.2 python-pptx-1.0.2 redis-5.3.1 reportlab-4.4.9 six-1.17.0 sqlparse-0.6.0 typing_extensions-4.15.0 tzdata-2026.2
2026-09-27T18:24:41.6366297Z ##[group]Run mkdir -p media/employee_photos
2026-09-27T18:24:41.6366731Z [36;1mmkdir -p media/employee_photos[0m
2026-09-27T18:24:41.6411616Z shell: /usr/bin/bash -e {0}
2026-09-27T18:24:41.6412076Z env:
2026-09-27T18:24:41.6412383Z   DJANGO_SECRET_KEY: ci-secret-key
2026-09-27T18:24:41.6412855Z   DJANGO_DEBUG: True
2026-09-27T18:24:41.6413221Z   DJANGO_ALLOWED_HOSTS: localhost,127.0.0.1,.localhost
2026-09-27T18:24:41.6413613Z   DJANGO_DB_ENGINE: postgres
2026-09-27T18:24:41.6413987Z   POSTGRES_DB: accounting_mvp_ci
2026-09-27T18:24:41.6414414Z   POSTGRES_USER: postgres
2026-09-27T18:24:41.6414755Z   POSTGRES_PASSWORD: postgres
2026-09-27T18:24:41.6415078Z   POSTGRES_HOST: 127.0.0.1
2026-09-27T18:24:41.6415381Z   POSTGRES_PORT: 5432
2026-09-27T18:24:41.6415758Z   POSTGRES_CONN_MAX_AGE: 0
2026-09-27T18:24:41.6416162Z   pythonLocation: /opt/hostedtoolcache/Python/3.12.14/x64
2026-09-27T18:24:41.6416681Z   PKG_CONFIG_PATH: /opt/hostedtoolcache/Python/3.12.14/x64/lib/pkgconfig
2026-09-27T18:24:41.6417275Z   Python_ROOT_DIR: /opt/hostedtoolcache/Python/3.12.14/x64
2026-09-27T18:24:41.6418180Z   Python2_ROOT_DIR: /opt/hostedtoolcache/Python/3.12.14/x64
2026-09-27T18:24:41.6418666Z   Python3_ROOT_DIR: /opt/hostedtoolcache/Python/3.12.14/x64
2026-09-27T18:24:41.6419128Z   LD_LIBRARY_PATH: /opt/hostedtoolcache/Python/3.12.14/x64/lib
2026-09-27T18:24:41.6419541Z ##[endgroup]
2026-09-27T18:24:41.6536151Z ##[group]Run read -r -a labels <<< "$DJANGO_TEST_LABELS"
2026-09-27T18:24:41.6536682Z [36;1mread -r -a labels <<< "$DJANGO_TEST_LABELS"[0m
2026-09-27T18:24:41.6537095Z [36;1mpython manage.py test "${labels[@]}"[0m
2026-09-27T18:24:41.6575868Z shell: /usr/bin/bash --noprofile --norc -e -o pipefail {0}
2026-09-27T18:24:41.6576841Z env:
2026-09-27T18:24:41.6577157Z   DJANGO_SECRET_KEY: ci-secret-key
2026-09-27T18:24:41.6577548Z   DJANGO_DEBUG: True
2026-09-27T18:24:41.6577916Z   DJANGO_ALLOWED_HOSTS: localhost,127.0.0.1,.localhost
2026-09-27T18:24:41.6578355Z   DJANGO_DB_ENGINE: postgres
2026-09-27T18:24:41.6578733Z   POSTGRES_DB: accounting_mvp_ci
2026-09-27T18:24:41.6579071Z   POSTGRES_USER: postgres
2026-09-27T18:24:41.6579436Z   POSTGRES_PASSWORD: postgres
2026-09-27T18:24:41.6579928Z   POSTGRES_HOST: 127.0.0.1
2026-09-27T18:24:41.6580262Z   POSTGRES_PORT: 5432
2026-09-27T18:24:41.6580604Z   POSTGRES_CONN_MAX_AGE: 0
2026-09-27T18:24:41.6581117Z   pythonLocation: /opt/hostedtoolcache/Python/3.12.14/x64
2026-09-27T18:24:41.6581640Z   PKG_CONFIG_PATH: /opt/hostedtoolcache/Python/3.12.14/x64/lib/pkgconfig
2026-09-27T18:24:41.6582170Z   Python_ROOT_DIR: /opt/hostedtoolcache/Python/3.12.14/x64
2026-09-27T18:24:41.6582653Z   Python2_ROOT_DIR: /opt/hostedtoolcache/Python/3.12.14/x64
2026-09-27T18:24:41.6583109Z   Python3_ROOT_DIR: /opt/hostedtoolcache/Python/3.12.14/x64
2026-09-27T18:24:41.6583572Z   LD_LIBRARY_PATH: /opt/hostedtoolcache/Python/3.12.14/x64/lib
2026-09-27T18:24:41.6584526Z   DJANGO_TEST_LABELS: trips.test_dispatcher_topology_commands.DispatcherAssignTruckAtomicityTests trips.test_dispatcher_topology_commands.DispatcherAssignTruckPostgreSQLConcurrencyTests
2026-09-27T18:24:41.6585339Z ##[endgroup]
2026-09-27T18:24:42.9650661Z Creating test database for alias 'default'...
2026-09-27T18:25:15.6990546Z ....
2026-09-27T18:25:15.6991794Z ----------------------------------------------------------------------
2026-09-27T18:25:15.6992555Z Ran 4 tests in 1.588s
2026-09-27T18:25:15.6992831Z 
2026-09-27T18:25:15.6993155Z OK
2026-09-27T18:25:15.6993721Z Destroying test database for alias 'default'...
2026-09-27T18:25:15.8747644Z Found 4 test(s).
2026-09-27T18:25:15.8748497Z System check identified no issues (0 silenced).
2026-09-27T18:25:16.1168115Z Post job cleanup.
2026-09-27T18:25:16.2281797Z Cache hit occurred on the primary key setup-python-Linux-x64-24.04-Ubuntu-python-3.12.14-pip-25815d4bca4e96336d991d9e1b7cb884ef49e3ba1b43dec0e034ce931299dbdd, not saving cache.
2026-09-27T18:25:16.2411367Z Post job cleanup.
2026-09-27T18:25:16.3268402Z [command]/usr/bin/git version
2026-09-27T18:25:16.3312271Z git version 2.55.0
2026-09-27T18:25:16.3344877Z Temporarily overriding HOME='/home/runner/work/_temp/d26df47b-0dec-416c-8d62-30443dab5bb6' before making global git config changes
2026-09-27T18:25:16.3346267Z Adding repository directory to the temporary git global config as a safe directory
2026-09-27T18:25:16.3347525Z [command]/usr/bin/git config --global --add safe.directory /home/runner/work/1/1
2026-09-27T18:25:16.3379591Z Removing SSH command configuration
2026-09-27T18:25:16.3385402Z [command]/usr/bin/git config --local --name-only --get-regexp core\.sshCommand
2026-09-27T18:25:16.3417651Z [command]/usr/bin/git submodule foreach --recursive sh -c "git config --local --name-only --get-regexp 'core\.sshCommand' && git config --local --unset-all 'core.sshCommand' || :"
2026-09-27T18:25:16.3636268Z Removing HTTP extra header
2026-09-27T18:25:16.3642211Z [command]/usr/bin/git config --local --name-only --get-regexp http\.https\:\/\/github\.com\/\.extraheader
2026-09-27T18:25:16.3673016Z [command]/usr/bin/git submodule foreach --recursive sh -c "git config --local --name-only --get-regexp 'http\.https\:\/\/github\.com\/\.extraheader' && git config --local --unset-all 'http.https://github.com/.extraheader' || :"
2026-09-27T18:25:16.3904287Z Removing includeIf entries pointing to credentials config files
2026-09-27T18:25:16.3913600Z [command]/usr/bin/git config --local --name-only --get-regexp ^includeIf\.gitdir:
2026-09-27T18:25:16.3944745Z [command]/usr/bin/git submodule foreach --recursive git config --local --show-origin --name-only --get-regexp remote.origin.url
2026-09-27T18:25:16.4262610Z Print service container logs: 646c9dc61cf2435487b64eb2f3279d34_postgres16_6cf1c3
2026-09-27T18:25:16.4268585Z ##[command]/usr/bin/docker logs --details 36f3c11b3a6f15b59d798ad006b13c1225b56e328ad82684fe9074504cb24a6d
2026-09-27T18:25:16.4408520Z  The files belonging to this database system will be owned by user "postgres".
2026-09-27T18:25:16.4410484Z  This user must also own the server process.
2026-09-27T18:25:16.4411012Z  
2026-09-27T18:25:16.4411419Z  The database cluster will be initialized with locale "en_US.utf8".
2026-09-27T18:25:16.4412174Z  The default database encoding has accordingly been set to "UTF8".
2026-09-27T18:25:16.4412665Z  The default text search configuration will be set to "english".
2026-09-27T18:25:16.4413067Z  
2026-09-27T18:25:16.4413370Z  Data page checksums are disabled.
2026-09-27T18:25:16.4413712Z  
2026-09-27T18:25:16.4414132Z  fixing permissions on existing directory /var/lib/postgresql/data ... ok
2026-09-27T18:25:16.4414696Z  creating subdirectories ... ok
2026-09-27T18:25:16.4415132Z  selecting dynamic shared memory implementation ... posix
2026-09-27T18:25:16.4415556Z  selecting default max_connections ... 100
2026-09-27T18:25:16.4415944Z  selecting default shared_buffers ... 128MB
2026-09-27T18:25:16.4416341Z  selecting default time zone ... Etc/UTC
2026-09-27T18:25:16.4416709Z  creating configuration files ... ok
2026-09-27T18:25:16.4417058Z  running bootstrap script ... ok
2026-09-27T18:25:16.4417493Z  performing post-bootstrap initialization ... ok
2026-09-27T18:25:16.4417865Z  syncing data to disk ... ok
2026-09-27T18:25:16.4418174Z  
2026-09-27T18:25:16.4418466Z  
2026-09-27T18:25:16.4418766Z  Success. You can now start the database server using:
2026-09-27T18:25:16.4419182Z  
2026-09-27T18:25:16.4419506Z      pg_ctl -D /var/lib/postgresql/data -l logfile start
2026-09-27T18:25:16.4420080Z  
2026-09-27T18:25:16.4420778Z  waiting for server to start....2026-09-27 18:24:10.818 UTC [48] LOG:  starting PostgreSQL 16.15 (Debian 16.15-1.pgdg13+2) on x86_64-pc-linux-gnu, compiled by gcc (Debian 14.2.0-19) 14.2.0, 64-bit
2026-09-27T18:25:16.4421855Z  2026-09-27 18:24:10.818 UTC [48] LOG:  listening on Unix socket "/var/run/postgresql/.s.PGSQL.5432"
2026-09-27T18:25:16.4422550Z  2026-09-27 18:24:10.821 UTC [51] LOG:  database system was shut down at 2026-09-27 18:24:10 UTC
2026-09-27T18:25:16.4423098Z  2026-09-27 18:24:10.824 UTC [48] LOG:  database system is ready to accept connections
2026-09-27T18:25:16.4423574Z   done
2026-09-27T18:25:16.4423846Z  server started
2026-09-27T18:25:16.4424157Z  CREATE DATABASE
2026-09-27T18:25:16.4424441Z  
2026-09-27T18:25:16.4424708Z  
2026-09-27T18:25:16.4425134Z  /usr/local/bin/docker-entrypoint.sh: ignoring /docker-entrypoint-initdb.d/*
2026-09-27T18:25:16.4425579Z  
2026-09-27T18:25:16.4426067Z  waiting for server to shut down...2026-09-27 18:24:10.999 UTC [48] LOG:  received fast shutdown request
2026-09-27T18:25:16.4426629Z  .2026-09-27 18:24:10.999 UTC [48] LOG:  aborting any active transactions
2026-09-27T18:25:16.4427220Z  2026-09-27 18:24:11.003 UTC [48] LOG:  background worker "logical replication launcher" (PID 54) exited with exit code 1
2026-09-27T18:25:16.4427849Z  2026-09-27 18:24:11.003 UTC [49] LOG:  shutting down
2026-09-27T18:25:16.4428315Z  2026-09-27 18:24:11.003 UTC [49] LOG:  checkpoint starting: shutdown immediate
2026-09-27T18:25:16.4429371Z  2026-09-27 18:24:11.117 UTC [49] LOG:  checkpoint complete: wrote 926 buffers (5.7%); 0 WAL file(s) added, 0 removed, 0 recycled; write=0.064 s, sync=0.050 s, total=0.115 s; sync files=301, longest=0.045 s, average=0.001 s; distance=4273 kB, estimate=4273 kB; lsn=0/191F0F8, redo lsn=0/191F0F8
2026-09-27T18:25:16.4431059Z  2026-09-27 18:24:11.122 UTC [48] LOG:  database system is shut down
2026-09-27T18:25:16.4431692Z   done
2026-09-27T18:25:16.4432091Z  server stopped
2026-09-27T18:25:16.4432495Z  
2026-09-27T18:25:16.4432997Z  PostgreSQL init process complete; ready for start up.
2026-09-27T18:25:16.4433520Z  
2026-09-27T18:25:16.4435394Z  initdb: warning: enabling "trust" authentication for local connections
2026-09-27T18:25:16.4438937Z  initdb: hint: You can change this by editing pg_hba.conf or using the option -A, or --auth-local and --auth-host, the next time you run initdb.
2026-09-27T18:25:16.4440466Z  2026-09-27 18:24:11.234 UTC [1] LOG:  starting PostgreSQL 16.15 (Debian 16.15-1.pgdg13+2) on x86_64-pc-linux-gnu, compiled by gcc (Debian 14.2.0-19) 14.2.0, 64-bit
2026-09-27T18:25:16.4441211Z  2026-09-27 18:24:11.234 UTC [1] LOG:  listening on IPv4 address "0.0.0.0", port 5432
2026-09-27T18:25:16.4441916Z  2026-09-27 18:24:11.234 UTC [1] LOG:  listening on IPv6 address "::", port 5432
2026-09-27T18:25:16.4442526Z  2026-09-27 18:24:11.235 UTC [1] LOG:  listening on Unix socket "/var/run/postgresql/.s.PGSQL.5432"
2026-09-27T18:25:16.4443160Z  2026-09-27 18:24:11.238 UTC [64] LOG:  database system was shut down at 2026-09-27 18:24:11 UTC
2026-09-27T18:25:16.4443763Z  2026-09-27 18:24:11.242 UTC [1] LOG:  database system is ready to accept connections
2026-09-27T18:25:16.4444329Z  2026-09-27 18:25:15.707 UTC [62] LOG:  checkpoint starting: immediate force wait
2026-09-27T18:25:16.4445426Z  2026-09-27 18:25:15.714 UTC [62] LOG:  checkpoint complete: wrote 47 buffers (0.3%); 0 WAL file(s) added, 0 removed, 1 recycled; write=0.002 s, sync=0.003 s, total=0.007 s; sync files=15, longest=0.001 s, average=0.001 s; distance=12519 kB, estimate=12519 kB; lsn=0/2559070, redo lsn=0/2559038
2026-09-27T18:25:16.4451511Z Stop and remove container: 646c9dc61cf2435487b64eb2f3279d34_postgres16_6cf1c3
2026-09-27T18:25:16.4455750Z ##[command]/usr/bin/docker rm --force 36f3c11b3a6f15b59d798ad006b13c1225b56e328ad82684fe9074504cb24a6d
2026-09-27T18:25:16.6288674Z 36f3c11b3a6f15b59d798ad006b13c1225b56e328ad82684fe9074504cb24a6d
2026-09-27T18:25:16.6312623Z Remove container network: github_network_2b0a00a9336e4d76a654b3e82b90d879
2026-09-27T18:25:16.6316935Z ##[command]/usr/bin/docker network rm github_network_2b0a00a9336e4d76a654b3e82b90d879
2026-09-27T18:25:16.7406811Z github_network_2b0a00a9336e4d76a654b3e82b90d879
2026-09-27T18:25:16.7492006Z Cleaning up orphan processes
