2026-09-27T18:17:08.2068553Z Current runner version: '2.337.0'
2026-09-27T18:17:08.2094554Z ##[group]Runner Image Provisioner
2026-09-27T18:17:08.2095433Z Hosted Compute Agent
2026-09-27T18:17:08.2096081Z Version: 20260828.587
2026-09-27T18:17:08.2096888Z Commit: abac92662cab4cc7352de4f9f9d2e2419aad9c29
2026-09-27T18:17:08.2097677Z Build Date: 2026-08-28T16:44:25Z
2026-09-27T18:17:08.2098437Z Worker ID: {544d2555-6fb8-4d87-bbf8-24de828b4083}
2026-09-27T18:17:08.2099304Z Azure Region: eastus
2026-09-27T18:17:08.2099926Z ##[endgroup]
2026-09-27T18:17:08.2101877Z ##[group]Operating System
2026-09-27T18:17:08.2102553Z Ubuntu
2026-09-27T18:17:08.2103141Z 24.04.5
2026-09-27T18:17:08.2104049Z LTS
2026-09-27T18:17:08.2104667Z ##[endgroup]
2026-09-27T18:17:08.2105360Z ##[group]Runner Image
2026-09-27T18:17:08.2105978Z Image: ubuntu-24.04
2026-09-27T18:17:08.2106624Z Version: 20260920.314.1
2026-09-27T18:17:08.2107877Z Included Software: https://github.com/actions/runner-images/blob/ubuntu24/20260920.314/images/ubuntu/Ubuntu2404-Readme.md
2026-09-27T18:17:08.2109525Z Image Release: https://github.com/actions/runner-images/releases/tag/ubuntu24%2F20260920.314
2026-09-27T18:17:08.2110495Z ##[endgroup]
2026-09-27T18:17:08.2111737Z ##[group]GITHUB_TOKEN Permissions
2026-09-27T18:17:08.2114142Z Contents: read
2026-09-27T18:17:08.2114925Z Metadata: read
2026-09-27T18:17:08.2115555Z ##[endgroup]
2026-09-27T18:17:08.2117770Z Secret source: Actions
2026-09-27T18:17:08.2118844Z Cache mode: write
2026-09-27T18:17:08.2119877Z Prepare workflow directory
2026-09-27T18:17:08.2580785Z Prepare all required actions
2026-09-27T18:17:08.2630020Z Getting action download info
2026-09-27T18:17:08.4713441Z Download action repository 'actions/checkout@3d3c42e5aac5ba805825da76410c181273ba90b1' (SHA:3d3c42e5aac5ba805825da76410c181273ba90b1)
2026-09-27T18:17:08.5895905Z Download action repository 'actions/setup-python@5fda3b95a4ea91299a34e894583c3862153e4b97' (SHA:5fda3b95a4ea91299a34e894583c3862153e4b97)
2026-09-27T18:17:08.7818842Z Complete job name: PostgreSQL / dispatcher-assign-atomicity
2026-09-27T18:17:08.8445828Z ##[group]Checking docker version
2026-09-27T18:17:08.8459617Z ##[command]/usr/bin/docker version --format '{{.Server.APIVersion}}'
2026-09-27T18:17:08.9404823Z '1.48'
2026-09-27T18:17:08.9417195Z Docker daemon API version: '1.48'
2026-09-27T18:17:08.9418026Z ##[command]/usr/bin/docker version --format '{{.Client.APIVersion}}'
2026-09-27T18:17:08.9579529Z '1.48'
2026-09-27T18:17:08.9592872Z Docker client API version: '1.48'
2026-09-27T18:17:08.9598469Z ##[endgroup]
2026-09-27T18:17:08.9602053Z ##[group]Clean up resources from previous jobs
2026-09-27T18:17:08.9607788Z ##[command]/usr/bin/docker ps --all --quiet --no-trunc --filter "label=50056c"
2026-09-27T18:17:08.9757613Z ##[command]/usr/bin/docker network prune --force --filter "label=50056c"
2026-09-27T18:17:08.9892297Z ##[endgroup]
2026-09-27T18:17:08.9892842Z ##[group]Create local container network
2026-09-27T18:17:08.9903362Z ##[command]/usr/bin/docker network create --label 50056c github_network_21c29729a2cb42e1b83e0d26b31b523c
2026-09-27T18:17:09.0416506Z 8b26efc17958f15ec965ebc61b9545c0949cea482f36cd67c6703ee1b783be23
2026-09-27T18:17:09.0432844Z ##[endgroup]
2026-09-27T18:17:09.0457966Z ##[group]Starting postgres service container
2026-09-27T18:17:09.0480292Z ##[command]/usr/bin/docker pull postgres:16
2026-09-27T18:17:09.2965887Z 16: Pulling from library/postgres
2026-09-27T18:17:09.3747978Z 6b37362b3da7: Pulling fs layer
2026-09-27T18:17:09.3749173Z b1fdda8975a0: Pulling fs layer
2026-09-27T18:17:09.3750113Z 106e7e3cf19a: Pulling fs layer
2026-09-27T18:17:09.3751001Z ba0e979d0818: Pulling fs layer
2026-09-27T18:17:09.3751860Z ad29720ebbb9: Pulling fs layer
2026-09-27T18:17:09.3752715Z 3a749597affc: Pulling fs layer
2026-09-27T18:17:09.3753855Z 483fb6941c15: Pulling fs layer
2026-09-27T18:17:09.3754531Z 359ae0fc975d: Pulling fs layer
2026-09-27T18:17:09.3755328Z 56d4d190ef07: Pulling fs layer
2026-09-27T18:17:09.3756081Z 74156cf9f063: Pulling fs layer
2026-09-27T18:17:09.3757142Z f7c7d4dd80ba: Pulling fs layer
2026-09-27T18:17:09.3758110Z 749acf6dc637: Pulling fs layer
2026-09-27T18:17:09.3759051Z 4d848243a73e: Pulling fs layer
2026-09-27T18:17:09.3759717Z 6ad4758748c1: Pulling fs layer
2026-09-27T18:17:09.3760271Z 56d4d190ef07: Waiting
2026-09-27T18:17:09.3760824Z 74156cf9f063: Waiting
2026-09-27T18:17:09.3761323Z f7c7d4dd80ba: Waiting
2026-09-27T18:17:09.3761927Z 749acf6dc637: Waiting
2026-09-27T18:17:09.3762427Z 4d848243a73e: Waiting
2026-09-27T18:17:09.3762917Z ba0e979d0818: Waiting
2026-09-27T18:17:09.3763409Z ad29720ebbb9: Waiting
2026-09-27T18:17:09.3764173Z 6ad4758748c1: Waiting
2026-09-27T18:17:09.3764677Z 3a749597affc: Waiting
2026-09-27T18:17:09.3765171Z 483fb6941c15: Waiting
2026-09-27T18:17:09.3765667Z 359ae0fc975d: Waiting
2026-09-27T18:17:09.4749446Z b1fdda8975a0: Verifying Checksum
2026-09-27T18:17:09.4750451Z b1fdda8975a0: Download complete
2026-09-27T18:17:09.5075966Z 106e7e3cf19a: Verifying Checksum
2026-09-27T18:17:09.5077480Z 106e7e3cf19a: Download complete
2026-09-27T18:17:09.5186322Z ba0e979d0818: Verifying Checksum
2026-09-27T18:17:09.5187385Z ba0e979d0818: Download complete
2026-09-27T18:17:09.5640406Z 3a749597affc: Verifying Checksum
2026-09-27T18:17:09.5645145Z 3a749597affc: Download complete
2026-09-27T18:17:09.5761464Z ad29720ebbb9: Verifying Checksum
2026-09-27T18:17:09.5763012Z ad29720ebbb9: Download complete
2026-09-27T18:17:09.5950398Z 483fb6941c15: Download complete
2026-09-27T18:17:09.6016343Z 6b37362b3da7: Verifying Checksum
2026-09-27T18:17:09.6017373Z 6b37362b3da7: Download complete
2026-09-27T18:17:09.6046985Z 359ae0fc975d: Verifying Checksum
2026-09-27T18:17:09.6047741Z 359ae0fc975d: Download complete
2026-09-27T18:17:09.6376132Z 74156cf9f063: Verifying Checksum
2026-09-27T18:17:09.6378155Z 74156cf9f063: Download complete
2026-09-27T18:17:09.6385050Z f7c7d4dd80ba: Verifying Checksum
2026-09-27T18:17:09.6404842Z f7c7d4dd80ba: Download complete
2026-09-27T18:17:09.6664727Z 4d848243a73e: Verifying Checksum
2026-09-27T18:17:09.6667310Z 4d848243a73e: Download complete
2026-09-27T18:17:09.6672843Z 749acf6dc637: Verifying Checksum
2026-09-27T18:17:09.6676133Z 749acf6dc637: Download complete
2026-09-27T18:17:09.6945902Z 6ad4758748c1: Verifying Checksum
2026-09-27T18:17:10.0799499Z 56d4d190ef07: Verifying Checksum
2026-09-27T18:17:10.0800136Z 56d4d190ef07: Download complete
2026-09-27T18:17:10.7597365Z 6b37362b3da7: Pull complete
2026-09-27T18:17:13.0538565Z b1fdda8975a0: Pull complete
2026-09-27T18:17:13.2433972Z 106e7e3cf19a: Pull complete
2026-09-27T18:17:13.2840541Z ba0e979d0818: Pull complete
2026-09-27T18:17:13.5882240Z ad29720ebbb9: Pull complete
2026-09-27T18:17:13.6742856Z 3a749597affc: Pull complete
2026-09-27T18:17:13.6844921Z 483fb6941c15: Pull complete
2026-09-27T18:17:13.6966794Z 359ae0fc975d: Pull complete
2026-09-27T18:17:16.7483423Z 56d4d190ef07: Pull complete
2026-09-27T18:17:16.7612071Z 74156cf9f063: Pull complete
2026-09-27T18:17:16.7707395Z f7c7d4dd80ba: Pull complete
2026-09-27T18:17:16.7808038Z 749acf6dc637: Pull complete
2026-09-27T18:17:16.7892172Z 4d848243a73e: Pull complete
2026-09-27T18:17:16.8025001Z 6ad4758748c1: Pull complete
2026-09-27T18:17:16.8064442Z Digest: sha256:1a6ab3f5345eb6dbe04a1349529caabdb0ab09293a09590fad07b2246bfa4b54
2026-09-27T18:17:16.8075601Z Status: Downloaded newer image for postgres:16
2026-09-27T18:17:16.8084873Z docker.io/library/postgres:16
2026-09-27T18:17:16.8164585Z ##[command]/usr/bin/docker create --name 7efd4a48e9f6400cb249bd29b63d9375_postgres16_70738e --label 50056c --network github_network_21c29729a2cb42e1b83e0d26b31b523c --network-alias postgres -p 5432:5432 --health-cmd "pg_isready -U postgres -d accounting_mvp_ci" --health-interval 10s --health-timeout 5s --health-retries 5 -e "POSTGRES_DB=accounting_mvp_ci" -e "POSTGRES_USER=postgres" -e "POSTGRES_PASSWORD=postgres" -e GITHUB_ACTIONS=true -e CI=true postgres:16
2026-09-27T18:17:16.8427542Z 055b2cd134aba74abdd552bf7edb6e62806e7f08c1b8b6460c678ffe8e372c98
2026-09-27T18:17:16.8452121Z ##[command]/usr/bin/docker start 055b2cd134aba74abdd552bf7edb6e62806e7f08c1b8b6460c678ffe8e372c98
2026-09-27T18:17:17.0790827Z 055b2cd134aba74abdd552bf7edb6e62806e7f08c1b8b6460c678ffe8e372c98
2026-09-27T18:17:17.0824205Z ##[command]/usr/bin/docker ps --all --filter id=055b2cd134aba74abdd552bf7edb6e62806e7f08c1b8b6460c678ffe8e372c98 --filter status=running --no-trunc --format "{{.ID}} {{.Status}}"
2026-09-27T18:17:17.0974349Z 055b2cd134aba74abdd552bf7edb6e62806e7f08c1b8b6460c678ffe8e372c98 Up Less than a second (health: starting)
2026-09-27T18:17:17.1001401Z ##[command]/usr/bin/docker port 055b2cd134aba74abdd552bf7edb6e62806e7f08c1b8b6460c678ffe8e372c98
2026-09-27T18:17:17.1149077Z 5432/tcp -> 0.0.0.0:5432
2026-09-27T18:17:17.1150381Z 5432/tcp -> [::]:5432
2026-09-27T18:17:17.1200627Z ##[endgroup]
2026-09-27T18:17:17.1209960Z ##[group]Waiting for all services to be ready
2026-09-27T18:17:17.1224261Z ##[command]/usr/bin/docker inspect --format="{{if .Config.Healthcheck}}{{print .State.Health.Status}}{{end}}" 055b2cd134aba74abdd552bf7edb6e62806e7f08c1b8b6460c678ffe8e372c98
2026-09-27T18:17:17.1394189Z starting
2026-09-27T18:17:17.1420200Z postgres service is starting, waiting 2 seconds before checking again.
2026-09-27T18:17:19.1417420Z ##[command]/usr/bin/docker inspect --format="{{if .Config.Healthcheck}}{{print .State.Health.Status}}{{end}}" 055b2cd134aba74abdd552bf7edb6e62806e7f08c1b8b6460c678ffe8e372c98
2026-09-27T18:17:19.1547090Z starting
2026-09-27T18:17:19.1560133Z postgres service is starting, waiting 4 seconds before checking again.
2026-09-27T18:17:23.2397317Z ##[command]/usr/bin/docker inspect --format="{{if .Config.Healthcheck}}{{print .State.Health.Status}}{{end}}" 055b2cd134aba74abdd552bf7edb6e62806e7f08c1b8b6460c678ffe8e372c98
2026-09-27T18:17:23.2524827Z starting
2026-09-27T18:17:23.2537769Z postgres service is starting, waiting 9 seconds before checking again.
2026-09-27T18:17:32.2952841Z ##[command]/usr/bin/docker inspect --format="{{if .Config.Healthcheck}}{{print .State.Health.Status}}{{end}}" 055b2cd134aba74abdd552bf7edb6e62806e7f08c1b8b6460c678ffe8e372c98
2026-09-27T18:17:32.3083324Z healthy
2026-09-27T18:17:32.3100627Z postgres service is healthy.
2026-09-27T18:17:32.3101341Z ##[endgroup]
2026-09-27T18:17:32.3476752Z ##[group]Run actions/checkout@3d3c42e5aac5ba805825da76410c181273ba90b1
2026-09-27T18:17:32.3477455Z with:
2026-09-27T18:17:32.3477680Z   persist-credentials: false
2026-09-27T18:17:32.3477948Z   repository: swwbazz-ux/1
2026-09-27T18:17:32.3480801Z   token: ***
2026-09-27T18:17:32.3481020Z   ssh-strict: true
2026-09-27T18:17:32.3481230Z   ssh-user: git
2026-09-27T18:17:32.3481431Z   clean: true
2026-09-27T18:17:32.3481671Z   sparse-checkout-cone-mode: true
2026-09-27T18:17:32.3481958Z   fetch-depth: 1
2026-09-27T18:17:32.3482157Z   fetch-tags: false
2026-09-27T18:17:32.3482371Z   show-progress: true
2026-09-27T18:17:32.3482589Z   lfs: false
2026-09-27T18:17:32.3482785Z   submodules: false
2026-09-27T18:17:32.3483006Z   set-safe-directory: true
2026-09-27T18:17:32.3483260Z   allow-unsafe-pr-checkout: false
2026-09-27T18:17:32.3483940Z env:
2026-09-27T18:17:32.3484161Z   DJANGO_SECRET_KEY: ci-secret-key
2026-09-27T18:17:32.3484498Z   DJANGO_DEBUG: True
2026-09-27T18:17:32.3484798Z   DJANGO_ALLOWED_HOSTS: localhost,127.0.0.1,.localhost
2026-09-27T18:17:32.3485121Z   DJANGO_DB_ENGINE: postgres
2026-09-27T18:17:32.3485370Z   POSTGRES_DB: accounting_mvp_ci
2026-09-27T18:17:32.3485630Z   POSTGRES_USER: postgres
2026-09-27T18:17:32.3485866Z   POSTGRES_PASSWORD: postgres
2026-09-27T18:17:32.3486104Z   POSTGRES_HOST: 127.0.0.1
2026-09-27T18:17:32.3486325Z   POSTGRES_PORT: 5432
2026-09-27T18:17:32.3486537Z   POSTGRES_CONN_MAX_AGE: 0
2026-09-27T18:17:32.3486761Z ##[endgroup]
2026-09-27T18:17:32.4534879Z Syncing repository: swwbazz-ux/1
2026-09-27T18:17:32.4536901Z ##[group]Getting Git version info
2026-09-27T18:17:32.4537667Z Working directory is '/home/runner/work/1/1'
2026-09-27T18:17:32.4538543Z [command]/usr/bin/git version
2026-09-27T18:17:32.4595670Z git version 2.55.0
2026-09-27T18:17:32.4617130Z ##[endgroup]
2026-09-27T18:17:32.4628653Z Temporarily overriding HOME='/home/runner/work/_temp/af06c020-bec0-4645-983f-b82601c13a2a' before making global git config changes
2026-09-27T18:17:32.4630413Z Adding repository directory to the temporary git global config as a safe directory
2026-09-27T18:17:32.4635988Z [command]/usr/bin/git config --global --add safe.directory /home/runner/work/1/1
2026-09-27T18:17:32.4691726Z Deleting the contents of '/home/runner/work/1/1'
2026-09-27T18:17:32.4695746Z ##[group]Determining repository object format
2026-09-27T18:17:32.4697352Z ##[endgroup]
2026-09-27T18:17:32.4698175Z ##[group]Initializing the repository
2026-09-27T18:17:32.4702024Z [command]/usr/bin/git init /home/runner/work/1/1
2026-09-27T18:17:32.4846258Z hint: Using 'master' as the name for the initial branch. This default branch name
2026-09-27T18:17:32.4852660Z hint: will change to "main" in Git 3.0. To configure the initial branch name
2026-09-27T18:17:32.4853941Z hint: to use in all of your new repositories, which will suppress this warning,
2026-09-27T18:17:32.4854689Z hint: call:
2026-09-27T18:17:32.4855138Z hint:
2026-09-27T18:17:32.4855596Z hint: 	git config --global init.defaultBranch <name>
2026-09-27T18:17:32.4856144Z hint:
2026-09-27T18:17:32.4856628Z hint: Names commonly chosen instead of 'master' are 'main', 'trunk' and
2026-09-27T18:17:32.4857473Z hint: 'development'. The just-created branch can be renamed via this command:
2026-09-27T18:17:32.4858119Z hint:
2026-09-27T18:17:32.4858428Z hint: 	git branch -m <name>
2026-09-27T18:17:32.4858795Z hint:
2026-09-27T18:17:32.4859326Z hint: Disable this message with "git config set advice.defaultBranchName false"
2026-09-27T18:17:32.4860311Z Initialized empty Git repository in /home/runner/work/1/1/.git/
2026-09-27T18:17:32.4862148Z [command]/usr/bin/git remote add origin https://github.com/swwbazz-ux/1
2026-09-27T18:17:32.4915717Z ##[endgroup]
2026-09-27T18:17:32.4916356Z ##[group]Disabling automatic garbage collection
2026-09-27T18:17:32.4919239Z [command]/usr/bin/git config --local gc.auto 0
2026-09-27T18:17:32.4953855Z ##[endgroup]
2026-09-27T18:17:32.4954774Z ##[group]Setting up auth
2026-09-27T18:17:32.4955598Z Removing SSH command configuration
2026-09-27T18:17:32.4960981Z [command]/usr/bin/git config --local --name-only --get-regexp core\.sshCommand
2026-09-27T18:17:32.5008288Z [command]/usr/bin/git submodule foreach --recursive sh -c "git config --local --name-only --get-regexp 'core\.sshCommand' && git config --local --unset-all 'core.sshCommand' || :"
2026-09-27T18:17:32.5410608Z Removing HTTP extra header
2026-09-27T18:17:32.5418377Z [command]/usr/bin/git config --local --name-only --get-regexp http\.https\:\/\/github\.com\/\.extraheader
2026-09-27T18:17:32.5455001Z [command]/usr/bin/git submodule foreach --recursive sh -c "git config --local --name-only --get-regexp 'http\.https\:\/\/github\.com\/\.extraheader' && git config --local --unset-all 'http.https://github.com/.extraheader' || :"
2026-09-27T18:17:32.5722138Z Removing includeIf entries pointing to credentials config files
2026-09-27T18:17:32.5729006Z [command]/usr/bin/git config --local --name-only --get-regexp ^includeIf\.gitdir:
2026-09-27T18:17:32.5772267Z [command]/usr/bin/git submodule foreach --recursive git config --local --show-origin --name-only --get-regexp remote.origin.url
2026-09-27T18:17:32.6005650Z [command]/usr/bin/git config --file /home/runner/work/_temp/git-credentials-aba74ec7-eecb-42c2-907b-454a76c2e53f.config http.https://github.com/.extraheader AUTHORIZATION: basic ***
2026-09-27T18:17:32.6048183Z [command]/usr/bin/git config --local includeIf.gitdir:/home/runner/work/1/1/.git.path /home/runner/work/_temp/git-credentials-aba74ec7-eecb-42c2-907b-454a76c2e53f.config
2026-09-27T18:17:32.6084982Z [command]/usr/bin/git config --local includeIf.gitdir:/home/runner/work/1/1/.git/worktrees/*.path /home/runner/work/_temp/git-credentials-aba74ec7-eecb-42c2-907b-454a76c2e53f.config
2026-09-27T18:17:32.6126056Z [command]/usr/bin/git config --local includeIf.gitdir:/github/workspace/.git.path /github/runner_temp/git-credentials-aba74ec7-eecb-42c2-907b-454a76c2e53f.config
2026-09-27T18:17:32.6162438Z [command]/usr/bin/git config --local includeIf.gitdir:/github/workspace/.git/worktrees/*.path /github/runner_temp/git-credentials-aba74ec7-eecb-42c2-907b-454a76c2e53f.config
2026-09-27T18:17:32.6195040Z ##[endgroup]
2026-09-27T18:17:32.6195459Z ##[group]Fetching the repository
2026-09-27T18:17:32.6202280Z [command]/usr/bin/git -c protocol.version=2 fetch --no-tags --prune --no-recurse-submodules --depth=1 origin +6e3aad666eece33064b7305997ac30ba882591ed:refs/remotes/pull/120/merge
2026-09-27T18:17:33.7786202Z From https://github.com/swwbazz-ux/1
2026-09-27T18:17:33.7786833Z  * [new ref]         6e3aad666eece33064b7305997ac30ba882591ed -> pull/120/merge
2026-09-27T18:17:33.7792074Z ##[endgroup]
2026-09-27T18:17:33.7792777Z ##[group]Determining the checkout info
2026-09-27T18:17:33.7793895Z ##[endgroup]
2026-09-27T18:17:33.7799941Z [command]/usr/bin/git sparse-checkout disable
2026-09-27T18:17:33.7860225Z [command]/usr/bin/git config --local --unset-all extensions.worktreeConfig
2026-09-27T18:17:33.7895521Z ##[group]Checking out the ref
2026-09-27T18:17:33.7914751Z [command]/usr/bin/git checkout --progress --force refs/remotes/pull/120/merge
2026-09-27T18:17:34.2044228Z Note: switching to 'refs/remotes/pull/120/merge'.
2026-09-27T18:17:34.2044707Z 
2026-09-27T18:17:34.2044946Z You are in 'detached HEAD' state. You can look around, make experimental
2026-09-27T18:17:34.2045477Z changes and commit them, and you can discard any commits you make in this
2026-09-27T18:17:34.2045961Z state without impacting any branches by switching back to a branch.
2026-09-27T18:17:34.2046251Z 
2026-09-27T18:17:34.2046454Z If you want to create a new branch to retain commits you create, you may
2026-09-27T18:17:34.2046900Z do so (now or later) by using -c with the switch command. Example:
2026-09-27T18:17:34.2047162Z 
2026-09-27T18:17:34.2047271Z   git switch -c <new-branch-name>
2026-09-27T18:17:34.2047446Z 
2026-09-27T18:17:34.2047552Z Or undo this operation with:
2026-09-27T18:17:34.2047708Z 
2026-09-27T18:17:34.2047822Z   git switch -
2026-09-27T18:17:34.2047952Z 
2026-09-27T18:17:34.2048406Z Turn off this advice by setting config variable advice.detachedHead to false
2026-09-27T18:17:34.2048725Z 
2026-09-27T18:17:34.2049076Z HEAD is now at 6e3aad6 Merge 8d495445e3516e642fc759e8d61dfa1464b80d6d into 0fe60543de59bf7cbeca4868fc17e8e00689d2ba
2026-09-27T18:17:34.2076283Z ##[endgroup]
2026-09-27T18:17:34.2127650Z [command]/usr/bin/git log -1 --format=%H
2026-09-27T18:17:34.2157323Z 6e3aad666eece33064b7305997ac30ba882591ed
2026-09-27T18:17:34.2167471Z ##[group]Removing auth
2026-09-27T18:17:34.2167926Z Removing SSH command configuration
2026-09-27T18:17:34.2172405Z [command]/usr/bin/git config --local --name-only --get-regexp core\.sshCommand
2026-09-27T18:17:34.2210352Z [command]/usr/bin/git submodule foreach --recursive sh -c "git config --local --name-only --get-regexp 'core\.sshCommand' && git config --local --unset-all 'core.sshCommand' || :"
2026-09-27T18:17:34.2440099Z Removing HTTP extra header
2026-09-27T18:17:34.2445691Z [command]/usr/bin/git config --local --name-only --get-regexp http\.https\:\/\/github\.com\/\.extraheader
2026-09-27T18:17:34.2487060Z [command]/usr/bin/git submodule foreach --recursive sh -c "git config --local --name-only --get-regexp 'http\.https\:\/\/github\.com\/\.extraheader' && git config --local --unset-all 'http.https://github.com/.extraheader' || :"
2026-09-27T18:17:34.2722457Z Removing includeIf entries pointing to credentials config files
2026-09-27T18:17:34.2726643Z [command]/usr/bin/git config --local --name-only --get-regexp ^includeIf\.gitdir:
2026-09-27T18:17:34.2760379Z includeif.gitdir:/home/runner/work/1/1/.git.path
2026-09-27T18:17:34.2761091Z includeif.gitdir:/home/runner/work/1/1/.git/worktrees/*.path
2026-09-27T18:17:34.2761819Z includeif.gitdir:/github/workspace/.git.path
2026-09-27T18:17:34.2762671Z includeif.gitdir:/github/workspace/.git/worktrees/*.path
2026-09-27T18:17:34.2771803Z [command]/usr/bin/git config --local --get-all includeif.gitdir:/home/runner/work/1/1/.git.path
2026-09-27T18:17:34.2804421Z /home/runner/work/_temp/git-credentials-aba74ec7-eecb-42c2-907b-454a76c2e53f.config
2026-09-27T18:17:34.2816292Z [command]/usr/bin/git config --local --unset includeif.gitdir:/home/runner/work/1/1/.git.path \/home\/runner\/work\/_temp\/git\-credentials\-aba74ec7\-eecb\-42c2\-907b\-454a76c2e53f\.config
2026-09-27T18:17:34.2857627Z [command]/usr/bin/git config --local --get-all includeif.gitdir:/home/runner/work/1/1/.git/worktrees/*.path
2026-09-27T18:17:34.2894873Z /home/runner/work/_temp/git-credentials-aba74ec7-eecb-42c2-907b-454a76c2e53f.config
2026-09-27T18:17:34.2904355Z [command]/usr/bin/git config --local --unset includeif.gitdir:/home/runner/work/1/1/.git/worktrees/*.path \/home\/runner\/work\/_temp\/git\-credentials\-aba74ec7\-eecb\-42c2\-907b\-454a76c2e53f\.config
2026-09-27T18:17:34.2946744Z [command]/usr/bin/git config --local --get-all includeif.gitdir:/github/workspace/.git.path
2026-09-27T18:17:34.2974744Z /github/runner_temp/git-credentials-aba74ec7-eecb-42c2-907b-454a76c2e53f.config
2026-09-27T18:17:34.2984923Z [command]/usr/bin/git config --local --unset includeif.gitdir:/github/workspace/.git.path \/github\/runner_temp\/git\-credentials\-aba74ec7\-eecb\-42c2\-907b\-454a76c2e53f\.config
2026-09-27T18:17:34.3022846Z [command]/usr/bin/git config --local --get-all includeif.gitdir:/github/workspace/.git/worktrees/*.path
2026-09-27T18:17:34.3051547Z /github/runner_temp/git-credentials-aba74ec7-eecb-42c2-907b-454a76c2e53f.config
2026-09-27T18:17:34.3095912Z [command]/usr/bin/git config --local --unset includeif.gitdir:/github/workspace/.git/worktrees/*.path \/github\/runner_temp\/git\-credentials\-aba74ec7\-eecb\-42c2\-907b\-454a76c2e53f\.config
2026-09-27T18:17:34.3138521Z [command]/usr/bin/git submodule foreach --recursive git config --local --show-origin --name-only --get-regexp remote.origin.url
2026-09-27T18:17:34.3368328Z Removing credentials config '/home/runner/work/_temp/git-credentials-aba74ec7-eecb-42c2-907b-454a76c2e53f.config'
2026-09-27T18:17:34.3379542Z ##[endgroup]
2026-09-27T18:17:34.3625971Z ##[group]Run actions/setup-python@5fda3b95a4ea91299a34e894583c3862153e4b97
2026-09-27T18:17:34.3626392Z with:
2026-09-27T18:17:34.3626594Z   python-version: 3.12
2026-09-27T18:17:34.3626815Z   cache: pip
2026-09-27T18:17:34.3627125Z   cache-dependency-path: СИСТЕМА_MVP/backend/requirements.txt
2026-09-27T18:17:34.3627478Z   check-latest: false
2026-09-27T18:17:34.3630233Z   token: ***
2026-09-27T18:17:34.3630453Z   update-environment: true
2026-09-27T18:17:34.3630702Z   allow-prereleases: false
2026-09-27T18:17:34.3630932Z   freethreaded: false
2026-09-27T18:17:34.3631143Z env:
2026-09-27T18:17:34.3631336Z   DJANGO_SECRET_KEY: ci-secret-key
2026-09-27T18:17:34.3631581Z   DJANGO_DEBUG: True
2026-09-27T18:17:34.3631835Z   DJANGO_ALLOWED_HOSTS: localhost,127.0.0.1,.localhost
2026-09-27T18:17:34.3632148Z   DJANGO_DB_ENGINE: postgres
2026-09-27T18:17:34.3632390Z   POSTGRES_DB: accounting_mvp_ci
2026-09-27T18:17:34.3632634Z   POSTGRES_USER: postgres
2026-09-27T18:17:34.3632914Z   POSTGRES_PASSWORD: postgres
2026-09-27T18:17:34.3633150Z   POSTGRES_HOST: 127.0.0.1
2026-09-27T18:17:34.3633372Z   POSTGRES_PORT: 5432
2026-09-27T18:17:34.3633849Z   POSTGRES_CONN_MAX_AGE: 0
2026-09-27T18:17:34.3634089Z ##[endgroup]
2026-09-27T18:17:34.4826530Z ##[group]Installed versions
2026-09-27T18:17:34.4925176Z Successfully set up CPython (3.12.14)
2026-09-27T18:17:34.4926075Z ##[endgroup]
2026-09-27T18:17:34.5321980Z [command]/opt/hostedtoolcache/Python/3.12.14/x64/bin/pip cache dir
2026-09-27T18:17:34.8827239Z /home/runner/.cache/pip
2026-09-27T18:17:34.9756698Z Cache hit for: setup-python-Linux-x64-24.04-Ubuntu-python-3.12.14-pip-25815d4bca4e96336d991d9e1b7cb884ef49e3ba1b43dec0e034ce931299dbdd
2026-09-27T18:17:35.5637354Z Received 110492032 of 110492032 (100.0%), 197.7 MBs/sec
2026-09-27T18:17:35.5638214Z Cache Size: ~105 MB (110492032 B)
2026-09-27T18:17:35.5694434Z [command]/usr/bin/tar -xf /home/runner/work/_temp/75950b4f-3da1-4f7b-b1bf-7574a7bb9946/cache.tzst -P -C /home/runner/work/1/1 --use-compress-program unzstd
2026-09-27T18:17:35.7585172Z Cache restored successfully
2026-09-27T18:17:35.7637187Z Cache restored from key: setup-python-Linux-x64-24.04-Ubuntu-python-3.12.14-pip-25815d4bca4e96336d991d9e1b7cb884ef49e3ba1b43dec0e034ce931299dbdd
2026-09-27T18:17:35.7821999Z ##[group]Run python -m pip install -r requirements.txt
2026-09-27T18:17:35.7822497Z [36;1mpython -m pip install -r requirements.txt[0m
2026-09-27T18:17:35.8109252Z shell: /usr/bin/bash -e {0}
2026-09-27T18:17:35.8109594Z env:
2026-09-27T18:17:35.8109853Z   DJANGO_SECRET_KEY: ci-secret-key
2026-09-27T18:17:35.8110173Z   DJANGO_DEBUG: True
2026-09-27T18:17:35.8110491Z   DJANGO_ALLOWED_HOSTS: localhost,127.0.0.1,.localhost
2026-09-27T18:17:35.8110882Z   DJANGO_DB_ENGINE: postgres
2026-09-27T18:17:35.8111188Z   POSTGRES_DB: accounting_mvp_ci
2026-09-27T18:17:35.8111486Z   POSTGRES_USER: postgres
2026-09-27T18:17:35.8111771Z   POSTGRES_PASSWORD: postgres
2026-09-27T18:17:35.8112060Z   POSTGRES_HOST: 127.0.0.1
2026-09-27T18:17:35.8112358Z   POSTGRES_PORT: 5432
2026-09-27T18:17:35.8112617Z   POSTGRES_CONN_MAX_AGE: 0
2026-09-27T18:17:35.8112968Z   pythonLocation: /opt/hostedtoolcache/Python/3.12.14/x64
2026-09-27T18:17:35.8113823Z   PKG_CONFIG_PATH: /opt/hostedtoolcache/Python/3.12.14/x64/lib/pkgconfig
2026-09-27T18:17:35.8114389Z   Python_ROOT_DIR: /opt/hostedtoolcache/Python/3.12.14/x64
2026-09-27T18:17:35.8114857Z   Python2_ROOT_DIR: /opt/hostedtoolcache/Python/3.12.14/x64
2026-09-27T18:17:35.8115332Z   Python3_ROOT_DIR: /opt/hostedtoolcache/Python/3.12.14/x64
2026-09-27T18:17:35.8115807Z   LD_LIBRARY_PATH: /opt/hostedtoolcache/Python/3.12.14/x64/lib
2026-09-27T18:17:35.8116222Z ##[endgroup]
2026-09-27T18:17:36.5462130Z Collecting asgiref==3.11.1 (from -r requirements.txt (line 1))
2026-09-27T18:17:36.5481315Z   Using cached asgiref-3.11.1-py3-none-any.whl.metadata (9.3 kB)
2026-09-27T18:17:36.5921961Z Collecting Django==6.0.8 (from -r requirements.txt (line 2))
2026-09-27T18:17:36.5936422Z   Using cached django-6.0.8-py3-none-any.whl.metadata (3.9 kB)
2026-09-27T18:17:36.6027208Z Collecting et_xmlfile==2.0.0 (from -r requirements.txt (line 3))
2026-09-27T18:17:36.6039784Z   Using cached et_xmlfile-2.0.0-py3-none-any.whl.metadata (2.7 kB)
2026-09-27T18:17:36.6171847Z Collecting gunicorn==23.0.0 (from -r requirements.txt (line 4))
2026-09-27T18:17:36.6185195Z   Using cached gunicorn-23.0.0-py3-none-any.whl.metadata (4.4 kB)
2026-09-27T18:17:36.6329562Z Collecting openpyxl==3.1.5 (from -r requirements.txt (line 5))
2026-09-27T18:17:36.6342062Z   Using cached openpyxl-3.1.5-py2.py3-none-any.whl.metadata (2.5 kB)
2026-09-27T18:17:36.7546846Z Collecting pandas==3.0.1 (from -r requirements.txt (line 6))
2026-09-27T18:17:36.7561602Z   Using cached pandas-3.0.1-cp312-cp312-manylinux_2_24_x86_64.manylinux_2_28_x86_64.whl.metadata (79 kB)
2026-09-27T18:17:36.9347214Z Collecting pillow==12.3.0 (from -r requirements.txt (line 7))
2026-09-27T18:17:36.9362448Z   Using cached pillow-12.3.0-cp312-cp312-manylinux_2_27_x86_64.manylinux_2_28_x86_64.whl.metadata (9.1 kB)
2026-09-27T18:17:36.9525093Z Collecting psycopg==3.3.4 (from -r requirements.txt (line 8))
2026-09-27T18:17:36.9538739Z   Using cached psycopg-3.3.4-py3-none-any.whl.metadata (4.3 kB)
2026-09-27T18:17:37.0962869Z Collecting psycopg-binary==3.3.4 (from -r requirements.txt (line 9))
2026-09-27T18:17:37.0977921Z   Using cached psycopg_binary-3.3.4-cp312-cp312-manylinux2014_x86_64.manylinux_2_17_x86_64.whl.metadata (2.7 kB)
2026-09-27T18:17:37.1100240Z Collecting pdfplumber==0.11.9 (from -r requirements.txt (line 10))
2026-09-27T18:17:37.1113070Z   Using cached pdfplumber-0.11.9-py3-none-any.whl.metadata (43 kB)
2026-09-27T18:17:37.1311985Z Collecting pypdf==6.16.1 (from -r requirements.txt (line 11))
2026-09-27T18:17:37.1324654Z   Using cached pypdf-6.16.1-py3-none-any.whl.metadata (7.5 kB)
2026-09-27T18:17:37.1534052Z Collecting PyJWT==2.13.0 (from -r requirements.txt (line 12))
2026-09-27T18:17:37.1552687Z   Using cached pyjwt-2.13.0-py3-none-any.whl.metadata (3.4 kB)
2026-09-27T18:17:37.1667229Z Collecting python-docx==1.2.0 (from -r requirements.txt (line 13))
2026-09-27T18:17:37.1679729Z   Using cached python_docx-1.2.0-py3-none-any.whl.metadata (2.0 kB)
2026-09-27T18:17:37.1821727Z Collecting python-dotenv==1.2.2 (from -r requirements.txt (line 14))
2026-09-27T18:17:37.1840129Z   Using cached python_dotenv-1.2.2-py3-none-any.whl.metadata (27 kB)
2026-09-27T18:17:37.1991675Z Collecting python-pptx==1.0.2 (from -r requirements.txt (line 15))
2026-09-27T18:17:37.2011468Z   Using cached python_pptx-1.0.2-py3-none-any.whl.metadata (2.5 kB)
2026-09-27T18:17:37.3011283Z Collecting reportlab==4.4.9 (from -r requirements.txt (line 16))
2026-09-27T18:17:37.3027450Z   Using cached reportlab-4.4.9-py3-none-any.whl.metadata (1.7 kB)
2026-09-27T18:17:37.3269657Z Collecting redis==5.3.1 (from -r requirements.txt (line 17))
2026-09-27T18:17:37.3289042Z   Using cached redis-5.3.1-py3-none-any.whl.metadata (9.2 kB)
2026-09-27T18:17:37.3421149Z Collecting sqlparse==0.6.0 (from -r requirements.txt (line 18))
2026-09-27T18:17:37.3434500Z   Using cached sqlparse-0.6.0-py3-none-any.whl.metadata (6.0 kB)
2026-09-27T18:17:37.3638965Z Collecting typing_extensions==4.15.0 (from -r requirements.txt (line 19))
2026-09-27T18:17:37.3656650Z   Using cached typing_extensions-4.15.0-py3-none-any.whl.metadata (3.3 kB)
2026-09-27T18:17:37.3789482Z Collecting tzdata==2026.2 (from -r requirements.txt (line 20))
2026-09-27T18:17:37.3802519Z   Using cached tzdata-2026.2-py2.py3-none-any.whl.metadata (1.4 kB)
2026-09-27T18:17:37.3977700Z Collecting packaging (from gunicorn==23.0.0->-r requirements.txt (line 4))
2026-09-27T18:17:37.3990495Z   Using cached packaging-26.3-py3-none-any.whl.metadata (3.5 kB)
2026-09-27T18:17:37.6181744Z Collecting numpy>=1.26.0 (from pandas==3.0.1->-r requirements.txt (line 6))
2026-09-27T18:17:37.6197756Z   Using cached numpy-2.5.3-cp312-cp312-manylinux_2_27_x86_64.manylinux_2_28_x86_64.whl.metadata (6.6 kB)
2026-09-27T18:17:37.6314282Z Collecting python-dateutil>=2.8.2 (from pandas==3.0.1->-r requirements.txt (line 6))
2026-09-27T18:17:37.6327509Z   Using cached python_dateutil-2.9.0.post0-py2.py3-none-any.whl.metadata (8.4 kB)
2026-09-27T18:17:37.6481095Z Collecting pdfminer.six==20251230 (from pdfplumber==0.11.9->-r requirements.txt (line 10))
2026-09-27T18:17:37.6493860Z   Using cached pdfminer_six-20251230-py3-none-any.whl.metadata (4.3 kB)
2026-09-27T18:17:37.7281796Z Collecting pypdfium2>=4.18.0 (from pdfplumber==0.11.9->-r requirements.txt (line 10))
2026-09-27T18:17:37.7297128Z   Using cached pypdfium2-5.13.0-py3-none-manylinux_2_17_x86_64.manylinux2014_x86_64.whl.metadata (66 kB)
2026-09-27T18:17:37.9591825Z Collecting lxml>=3.1.0 (from python-docx==1.2.0->-r requirements.txt (line 13))
2026-09-27T18:17:37.9634701Z   Using cached lxml-6.1.3-cp312-cp312-manylinux_2_26_x86_64.manylinux_2_28_x86_64.whl.metadata (3.3 kB)
2026-09-27T18:17:37.9896181Z Collecting XlsxWriter>=0.5.7 (from python-pptx==1.0.2->-r requirements.txt (line 15))
2026-09-27T18:17:37.9909450Z   Using cached xlsxwriter-3.2.9-py3-none-any.whl.metadata (2.7 kB)
2026-09-27T18:17:38.1040225Z Collecting charset-normalizer (from reportlab==4.4.9->-r requirements.txt (line 16))
2026-09-27T18:17:38.1056109Z   Using cached charset_normalizer-3.5.1-cp312-cp312-manylinux2014_x86_64.manylinux_2_17_x86_64.manylinux_2_28_x86_64.whl.metadata (45 kB)
2026-09-27T18:17:38.3137196Z Collecting cryptography>=36.0.0 (from pdfminer.six==20251230->pdfplumber==0.11.9->-r requirements.txt (line 10))
2026-09-27T18:17:38.3152398Z   Using cached cryptography-50.0.1-cp311-abi3-manylinux_2_34_x86_64.whl.metadata (4.3 kB)
2026-09-27T18:17:38.4215755Z Collecting cffi>=2.0.0 (from cryptography>=36.0.0->pdfminer.six==20251230->pdfplumber==0.11.9->-r requirements.txt (line 10))
2026-09-27T18:17:38.4231455Z   Using cached cffi-2.1.1-cp312-cp312-manylinux2014_x86_64.manylinux_2_17_x86_64.whl.metadata (2.5 kB)
2026-09-27T18:17:38.4339012Z Collecting pycparser (from cffi>=2.0.0->cryptography>=36.0.0->pdfminer.six==20251230->pdfplumber==0.11.9->-r requirements.txt (line 10))
2026-09-27T18:17:38.4351808Z   Using cached pycparser-3.0-py3-none-any.whl.metadata (8.2 kB)
2026-09-27T18:17:38.4507297Z Collecting six>=1.5 (from python-dateutil>=2.8.2->pandas==3.0.1->-r requirements.txt (line 6))
2026-09-27T18:17:38.4520343Z   Using cached six-1.17.0-py2.py3-none-any.whl.metadata (1.7 kB)
2026-09-27T18:17:38.4562802Z Using cached asgiref-3.11.1-py3-none-any.whl (24 kB)
2026-09-27T18:17:38.4575549Z Using cached django-6.0.8-py3-none-any.whl (8.4 MB)
2026-09-27T18:17:38.4620938Z Using cached et_xmlfile-2.0.0-py3-none-any.whl (18 kB)
2026-09-27T18:17:38.4633261Z Using cached gunicorn-23.0.0-py3-none-any.whl (85 kB)
2026-09-27T18:17:38.4647074Z Using cached openpyxl-3.1.5-py2.py3-none-any.whl (250 kB)
2026-09-27T18:17:38.4660212Z Using cached pandas-3.0.1-cp312-cp312-manylinux_2_24_x86_64.manylinux_2_28_x86_64.whl (10.9 MB)
2026-09-27T18:17:38.4712392Z Using cached pillow-12.3.0-cp312-cp312-manylinux_2_27_x86_64.manylinux_2_28_x86_64.whl (6.9 MB)
2026-09-27T18:17:38.4748860Z Using cached psycopg-3.3.4-py3-none-any.whl (213 kB)
2026-09-27T18:17:38.4761680Z Using cached psycopg_binary-3.3.4-cp312-cp312-manylinux2014_x86_64.manylinux_2_17_x86_64.whl (5.2 MB)
2026-09-27T18:17:38.4791187Z Using cached pdfplumber-0.11.9-py3-none-any.whl (60 kB)
2026-09-27T18:17:38.4803029Z Using cached pypdf-6.16.1-py3-none-any.whl (382 kB)
2026-09-27T18:17:38.4816347Z Using cached pyjwt-2.13.0-py3-none-any.whl (31 kB)
2026-09-27T18:17:38.4828328Z Using cached python_docx-1.2.0-py3-none-any.whl (252 kB)
2026-09-27T18:17:38.4840674Z Using cached python_dotenv-1.2.2-py3-none-any.whl (22 kB)
2026-09-27T18:17:38.4852399Z Using cached python_pptx-1.0.2-py3-none-any.whl (472 kB)
2026-09-27T18:17:38.4865731Z Using cached reportlab-4.4.9-py3-none-any.whl (2.0 MB)
2026-09-27T18:17:38.4883599Z Using cached redis-5.3.1-py3-none-any.whl (272 kB)
2026-09-27T18:17:38.4895986Z Using cached sqlparse-0.6.0-py3-none-any.whl (50 kB)
2026-09-27T18:17:38.4907639Z Using cached typing_extensions-4.15.0-py3-none-any.whl (44 kB)
2026-09-27T18:17:38.4918919Z Using cached tzdata-2026.2-py2.py3-none-any.whl (349 kB)
2026-09-27T18:17:38.4931249Z Using cached pdfminer_six-20251230-py3-none-any.whl (6.6 MB)
2026-09-27T18:17:38.4966431Z Using cached charset_normalizer-3.5.1-cp312-cp312-manylinux2014_x86_64.manylinux_2_17_x86_64.manylinux_2_28_x86_64.whl (248 kB)
2026-09-27T18:17:38.4978400Z Using cached cryptography-50.0.1-cp311-abi3-manylinux_2_34_x86_64.whl (4.7 MB)
2026-09-27T18:17:38.5007500Z Using cached cffi-2.1.1-cp312-cp312-manylinux2014_x86_64.manylinux_2_17_x86_64.whl (221 kB)
2026-09-27T18:17:38.5019580Z Using cached lxml-6.1.3-cp312-cp312-manylinux_2_26_x86_64.manylinux_2_28_x86_64.whl (5.2 MB)
2026-09-27T18:17:38.5049681Z Using cached numpy-2.5.3-cp312-cp312-manylinux_2_27_x86_64.manylinux_2_28_x86_64.whl (16.7 MB)
2026-09-27T18:17:38.5120587Z Using cached pypdfium2-5.13.0-py3-none-manylinux_2_17_x86_64.manylinux2014_x86_64.whl (3.7 MB)
2026-09-27T18:17:38.5145392Z Using cached python_dateutil-2.9.0.post0-py2.py3-none-any.whl (229 kB)
2026-09-27T18:17:38.5157507Z Using cached six-1.17.0-py2.py3-none-any.whl (11 kB)
2026-09-27T18:17:38.5169213Z Using cached xlsxwriter-3.2.9-py3-none-any.whl (175 kB)
2026-09-27T18:17:38.5181298Z Using cached packaging-26.3-py3-none-any.whl (129 kB)
2026-09-27T18:17:38.5193002Z Using cached pycparser-3.0-py3-none-any.whl (48 kB)
2026-09-27T18:17:38.8316215Z Installing collected packages: XlsxWriter, tzdata, typing_extensions, sqlparse, six, python-dotenv, pypdfium2, pypdf, PyJWT, pycparser, psycopg-binary, pillow, packaging, numpy, lxml, et_xmlfile, charset-normalizer, asgiref, reportlab, redis, python-pptx, python-docx, python-dateutil, psycopg, openpyxl, gunicorn, Django, cffi, pandas, cryptography, pdfminer.six, pdfplumber
2026-09-27T18:17:51.1857574Z 
2026-09-27T18:17:51.1892045Z Successfully installed Django-6.0.8 PyJWT-2.13.0 XlsxWriter-3.2.9 asgiref-3.11.1 cffi-2.1.1 charset-normalizer-3.5.1 cryptography-50.0.1 et_xmlfile-2.0.0 gunicorn-23.0.0 lxml-6.1.3 numpy-2.5.3 openpyxl-3.1.5 packaging-26.3 pandas-3.0.1 pdfminer.six-20251230 pdfplumber-0.11.9 pillow-12.3.0 psycopg-3.3.4 psycopg-binary-3.3.4 pycparser-3.0 pypdf-6.16.1 pypdfium2-5.13.0 python-dateutil-2.9.0.post0 python-docx-1.2.0 python-dotenv-1.2.2 python-pptx-1.0.2 redis-5.3.1 reportlab-4.4.9 six-1.17.0 sqlparse-0.6.0 typing_extensions-4.15.0 tzdata-2026.2
2026-09-27T18:17:51.3073535Z ##[group]Run mkdir -p media/employee_photos
2026-09-27T18:17:51.3074258Z [36;1mmkdir -p media/employee_photos[0m
2026-09-27T18:17:51.3140276Z shell: /usr/bin/bash -e {0}
2026-09-27T18:17:51.3140526Z env:
2026-09-27T18:17:51.3140740Z   DJANGO_SECRET_KEY: ci-secret-key
2026-09-27T18:17:51.3141005Z   DJANGO_DEBUG: True
2026-09-27T18:17:51.3141268Z   DJANGO_ALLOWED_HOSTS: localhost,127.0.0.1,.localhost
2026-09-27T18:17:51.3141591Z   DJANGO_DB_ENGINE: postgres
2026-09-27T18:17:51.3141855Z   POSTGRES_DB: accounting_mvp_ci
2026-09-27T18:17:51.3142106Z   POSTGRES_USER: postgres
2026-09-27T18:17:51.3142342Z   POSTGRES_PASSWORD: postgres
2026-09-27T18:17:51.3142580Z   POSTGRES_HOST: 127.0.0.1
2026-09-27T18:17:51.3142819Z   POSTGRES_PORT: 5432
2026-09-27T18:17:51.3143043Z   POSTGRES_CONN_MAX_AGE: 0
2026-09-27T18:17:51.3143336Z   pythonLocation: /opt/hostedtoolcache/Python/3.12.14/x64
2026-09-27T18:17:51.3143984Z   PKG_CONFIG_PATH: /opt/hostedtoolcache/Python/3.12.14/x64/lib/pkgconfig
2026-09-27T18:17:51.3144469Z   Python_ROOT_DIR: /opt/hostedtoolcache/Python/3.12.14/x64
2026-09-27T18:17:51.3144860Z   Python2_ROOT_DIR: /opt/hostedtoolcache/Python/3.12.14/x64
2026-09-27T18:17:51.3145252Z   Python3_ROOT_DIR: /opt/hostedtoolcache/Python/3.12.14/x64
2026-09-27T18:17:51.3145650Z   LD_LIBRARY_PATH: /opt/hostedtoolcache/Python/3.12.14/x64/lib
2026-09-27T18:17:51.3145983Z ##[endgroup]
2026-09-27T18:17:51.3280250Z ##[group]Run read -r -a labels <<< "$DJANGO_TEST_LABELS"
2026-09-27T18:17:51.3280671Z [36;1mread -r -a labels <<< "$DJANGO_TEST_LABELS"[0m
2026-09-27T18:17:51.3281003Z [36;1mpython manage.py test "${labels[@]}"[0m
2026-09-27T18:17:51.3347170Z shell: /usr/bin/bash --noprofile --norc -e -o pipefail {0}
2026-09-27T18:17:51.3347535Z env:
2026-09-27T18:17:51.3347737Z   DJANGO_SECRET_KEY: ci-secret-key
2026-09-27T18:17:51.3348003Z   DJANGO_DEBUG: True
2026-09-27T18:17:51.3348268Z   DJANGO_ALLOWED_HOSTS: localhost,127.0.0.1,.localhost
2026-09-27T18:17:51.3348584Z   DJANGO_DB_ENGINE: postgres
2026-09-27T18:17:51.3348834Z   POSTGRES_DB: accounting_mvp_ci
2026-09-27T18:17:51.3349089Z   POSTGRES_USER: postgres
2026-09-27T18:17:51.3349323Z   POSTGRES_PASSWORD: postgres
2026-09-27T18:17:51.3349560Z   POSTGRES_HOST: 127.0.0.1
2026-09-27T18:17:51.3349783Z   POSTGRES_PORT: 5432
2026-09-27T18:17:51.3349997Z   POSTGRES_CONN_MAX_AGE: 0
2026-09-27T18:17:51.3350336Z   pythonLocation: /opt/hostedtoolcache/Python/3.12.14/x64
2026-09-27T18:17:51.3350772Z   PKG_CONFIG_PATH: /opt/hostedtoolcache/Python/3.12.14/x64/lib/pkgconfig
2026-09-27T18:17:51.3351200Z   Python_ROOT_DIR: /opt/hostedtoolcache/Python/3.12.14/x64
2026-09-27T18:17:51.3351589Z   Python2_ROOT_DIR: /opt/hostedtoolcache/Python/3.12.14/x64
2026-09-27T18:17:51.3351994Z   Python3_ROOT_DIR: /opt/hostedtoolcache/Python/3.12.14/x64
2026-09-27T18:17:51.3352390Z   LD_LIBRARY_PATH: /opt/hostedtoolcache/Python/3.12.14/x64/lib
2026-09-27T18:17:51.3353306Z   DJANGO_TEST_LABELS: trips.test_dispatcher_topology_commands.DispatcherAssignTruckAtomicityTests trips.test_dispatcher_topology_commands.DispatcherAssignTruckPostgreSQLConcurrencyTests
2026-09-27T18:17:51.3354452Z ##[endgroup]
2026-09-27T18:17:52.4030677Z Creating test database for alias 'default'...
2026-09-27T18:18:26.2218375Z ...E
2026-09-27T18:18:26.2219225Z ======================================================================
2026-09-27T18:18:26.2221856Z ERROR: test_competing_assigns_commit_one_target_without_loser_side_effects (trips.test_dispatcher_topology_commands.DispatcherAssignTruckPostgreSQLConcurrencyTests.test_competing_assigns_commit_one_target_without_loser_side_effects)
2026-09-27T18:18:26.2224477Z ----------------------------------------------------------------------
2026-09-27T18:18:26.2225834Z Traceback (most recent call last):
2026-09-27T18:18:26.2236782Z   File "/opt/hostedtoolcache/Python/3.12.14/x64/lib/python3.12/site-packages/django/db/backends/utils.py", line 105, in _execute
2026-09-27T18:18:26.2237965Z     return self.cursor.execute(sql, params)
2026-09-27T18:18:26.2238678Z            ^^^^^^^^^^^^^^^^^^^^^^^^^^^^^^^^
2026-09-27T18:18:26.2239318Z   File "/opt/hostedtoolcache/Python/3.12.14/x64/lib/python3.12/site-packages/psycopg/cursor.py", line 117, in execute
2026-09-27T18:18:26.2239919Z     raise ex.with_traceback(None)
2026-09-27T18:18:26.2240404Z psycopg.errors.UniqueViolation: duplicate key value violates unique constraint "users_role_pkey"
2026-09-27T18:18:26.2240919Z DETAIL:  Key (id)=(1) already exists.
2026-09-27T18:18:26.2241102Z 
2026-09-27T18:18:26.2241299Z The above exception was the direct cause of the following exception:
2026-09-27T18:18:26.2241723Z 
2026-09-27T18:18:26.2241912Z Traceback (most recent call last):
2026-09-27T18:18:26.2243159Z   File "/home/runner/work/1/1/СИСТЕМА_MVP/backend/trips/test_dispatcher_topology_commands.py", line 431, in setUp
2026-09-27T18:18:26.2244361Z     role = Role.objects.create(code='dispatcher', name='Диспетчер')
2026-09-27T18:18:26.2244760Z            ^^^^^^^^^^^^^^^^^^^^^^^^^^^^^^^^^^^^^^^^^^^^^^^^^^^^^^^^
2026-09-27T18:18:26.2245436Z   File "/opt/hostedtoolcache/Python/3.12.14/x64/lib/python3.12/site-packages/django/db/models/manager.py", line 87, in manager_method
2026-09-27T18:18:26.2246097Z     return getattr(self.get_queryset(), name)(*args, **kwargs)
2026-09-27T18:18:26.2246444Z            ^^^^^^^^^^^^^^^^^^^^^^^^^^^^^^^^^^^^^^^^^^^^^^^^^^^
2026-09-27T18:18:26.2247423Z   File "/opt/hostedtoolcache/Python/3.12.14/x64/lib/python3.12/site-packages/django/db/models/query.py", line 669, in create
2026-09-27T18:18:26.2248098Z     obj.save(force_insert=True, using=self.db)
2026-09-27T18:18:26.2248712Z   File "/opt/hostedtoolcache/Python/3.12.14/x64/lib/python3.12/site-packages/django/db/models/base.py", line 874, in save
2026-09-27T18:18:26.2249287Z     self.save_base(
2026-09-27T18:18:26.2249839Z   File "/opt/hostedtoolcache/Python/3.12.14/x64/lib/python3.12/site-packages/django/db/models/base.py", line 966, in save_base
2026-09-27T18:18:26.2250503Z     updated = self._save_table(
2026-09-27T18:18:26.2250963Z               ^^^^^^^^^^^^^^^^^
2026-09-27T18:18:26.2251884Z   File "/opt/hostedtoolcache/Python/3.12.14/x64/lib/python3.12/site-packages/django/db/models/base.py", line 1169, in _save_table
2026-09-27T18:18:26.2252661Z     results = self._do_insert(
2026-09-27T18:18:26.2253088Z               ^^^^^^^^^^^^^^^^
2026-09-27T18:18:26.2254069Z   File "/opt/hostedtoolcache/Python/3.12.14/x64/lib/python3.12/site-packages/django/db/models/base.py", line 1220, in _do_insert
2026-09-27T18:18:26.2254899Z     return manager._insert(
2026-09-27T18:18:26.2255165Z            ^^^^^^^^^^^^^^^^
2026-09-27T18:18:26.2255772Z   File "/opt/hostedtoolcache/Python/3.12.14/x64/lib/python3.12/site-packages/django/db/models/manager.py", line 87, in manager_method
2026-09-27T18:18:26.2256462Z     return getattr(self.get_queryset(), name)(*args, **kwargs)
2026-09-27T18:18:26.2256812Z            ^^^^^^^^^^^^^^^^^^^^^^^^^^^^^^^^^^^^^^^^^^^^^^^^^^^
2026-09-27T18:18:26.2257472Z   File "/opt/hostedtoolcache/Python/3.12.14/x64/lib/python3.12/site-packages/django/db/models/query.py", line 1918, in _insert
2026-09-27T18:18:26.2258166Z     return query.get_compiler(using=using).execute_sql(returning_fields)
2026-09-27T18:18:26.2258598Z            ^^^^^^^^^^^^^^^^^^^^^^^^^^^^^^^^^^^^^^^^^^^^^^^^^^^^^^^^^^^^^
2026-09-27T18:18:26.2259279Z   File "/opt/hostedtoolcache/Python/3.12.14/x64/lib/python3.12/site-packages/django/db/models/sql/compiler.py", line 1925, in execute_sql
2026-09-27T18:18:26.2259886Z     cursor.execute(sql, params)
2026-09-27T18:18:26.2260436Z   File "/opt/hostedtoolcache/Python/3.12.14/x64/lib/python3.12/site-packages/django/db/backends/utils.py", line 79, in execute
2026-09-27T18:18:26.2260999Z     return self._execute_with_wrappers(
2026-09-27T18:18:26.2261466Z            ^^^^^^^^^^^^^^^^^^^^^^^^^^^^
2026-09-27T18:18:26.2262079Z   File "/opt/hostedtoolcache/Python/3.12.14/x64/lib/python3.12/site-packages/django/db/backends/utils.py", line 92, in _execute_with_wrappers
2026-09-27T18:18:26.2262714Z     return executor(sql, params, many, context)
2026-09-27T18:18:26.2263046Z            ^^^^^^^^^^^^^^^^^^^^^^^^^^^^^^^^^^^^
2026-09-27T18:18:26.2263867Z   File "/opt/hostedtoolcache/Python/3.12.14/x64/lib/python3.12/site-packages/django/db/backends/utils.py", line 100, in _execute
2026-09-27T18:18:26.2264460Z     with self.db.wrap_database_errors:
2026-09-27T18:18:26.2264866Z          ^^^^^^^^^^^^^^^^^^^^^^^^^^^^
2026-09-27T18:18:26.2265833Z   File "/opt/hostedtoolcache/Python/3.12.14/x64/lib/python3.12/site-packages/django/db/utils.py", line 94, in __exit__
2026-09-27T18:18:26.2266685Z     raise dj_exc_value.with_traceback(traceback) from exc_value
2026-09-27T18:18:26.2267360Z   File "/opt/hostedtoolcache/Python/3.12.14/x64/lib/python3.12/site-packages/django/db/backends/utils.py", line 105, in _execute
2026-09-27T18:18:26.2267989Z     return self.cursor.execute(sql, params)
2026-09-27T18:18:26.2268274Z            ^^^^^^^^^^^^^^^^^^^^^^^^^^^^^^^^
2026-09-27T18:18:26.2268834Z   File "/opt/hostedtoolcache/Python/3.12.14/x64/lib/python3.12/site-packages/psycopg/cursor.py", line 117, in execute
2026-09-27T18:18:26.2269396Z     raise ex.with_traceback(None)
2026-09-27T18:18:26.2269878Z django.db.utils.IntegrityError: duplicate key value violates unique constraint "users_role_pkey"
2026-09-27T18:18:26.2270362Z DETAIL:  Key (id)=(1) already exists.
2026-09-27T18:18:26.2270545Z 
2026-09-27T18:18:26.2270891Z ----------------------------------------------------------------------
2026-09-27T18:18:26.2271237Z Ran 4 tests in 1.332s
2026-09-27T18:18:26.2271381Z 
2026-09-27T18:18:26.2271462Z FAILED (errors=1)
2026-09-27T18:18:26.2271702Z Destroying test database for alias 'default'...
2026-09-27T18:18:26.3796705Z Found 4 test(s).
2026-09-27T18:18:26.3797424Z System check identified no issues (0 silenced).
2026-09-27T18:18:26.6874359Z ##[error]Process completed with exit code 1.
2026-09-27T18:18:26.6992474Z Post job cleanup.
2026-09-27T18:18:26.7842476Z [command]/usr/bin/git version
2026-09-27T18:18:26.7900446Z git version 2.55.0
2026-09-27T18:18:26.7940583Z Temporarily overriding HOME='/home/runner/work/_temp/053cdffc-4e09-4684-870e-2617f60a19b4' before making global git config changes
2026-09-27T18:18:26.7941922Z Adding repository directory to the temporary git global config as a safe directory
2026-09-27T18:18:26.7947752Z [command]/usr/bin/git config --global --add safe.directory /home/runner/work/1/1
2026-09-27T18:18:26.7985121Z Removing SSH command configuration
2026-09-27T18:18:26.7992474Z [command]/usr/bin/git config --local --name-only --get-regexp core\.sshCommand
2026-09-27T18:18:26.8032659Z [command]/usr/bin/git submodule foreach --recursive sh -c "git config --local --name-only --get-regexp 'core\.sshCommand' && git config --local --unset-all 'core.sshCommand' || :"
2026-09-27T18:18:26.8306665Z Removing HTTP extra header
2026-09-27T18:18:26.8312712Z [command]/usr/bin/git config --local --name-only --get-regexp http\.https\:\/\/github\.com\/\.extraheader
2026-09-27T18:18:26.8356693Z [command]/usr/bin/git submodule foreach --recursive sh -c "git config --local --name-only --get-regexp 'http\.https\:\/\/github\.com\/\.extraheader' && git config --local --unset-all 'http.https://github.com/.extraheader' || :"
2026-09-27T18:18:26.8609823Z Removing includeIf entries pointing to credentials config files
2026-09-27T18:18:26.8618925Z [command]/usr/bin/git config --local --name-only --get-regexp ^includeIf\.gitdir:
2026-09-27T18:18:26.8658481Z [command]/usr/bin/git submodule foreach --recursive git config --local --show-origin --name-only --get-regexp remote.origin.url
2026-09-27T18:18:26.9039989Z Print service container logs: 7efd4a48e9f6400cb249bd29b63d9375_postgres16_70738e
2026-09-27T18:18:26.9044680Z ##[command]/usr/bin/docker logs --details 055b2cd134aba74abdd552bf7edb6e62806e7f08c1b8b6460c678ffe8e372c98
2026-09-27T18:18:26.9178318Z  initdb: warning: enabling "trust" authentication for local connections
2026-09-27T18:18:26.9179296Z  initdb: hint: You can change this by editing pg_hba.conf or using the option -A, or --auth-local and --auth-host, the next time you run initdb.
2026-09-27T18:18:26.9180070Z  The files belonging to this database system will be owned by user "postgres".
2026-09-27T18:18:26.9181062Z  2026-09-27 18:17:18.032 UTC [1] LOG:  starting PostgreSQL 16.15 (Debian 16.15-1.pgdg13+2) on x86_64-pc-linux-gnu, compiled by gcc (Debian 14.2.0-19) 14.2.0, 64-bit
2026-09-27T18:18:26.9181754Z  This user must also own the server process.
2026-09-27T18:18:26.9182271Z  2026-09-27 18:17:18.033 UTC [1] LOG:  listening on IPv4 address "0.0.0.0", port 5432
2026-09-27T18:18:26.9182795Z  
2026-09-27T18:18:26.9183223Z  2026-09-27 18:17:18.033 UTC [1] LOG:  listening on IPv6 address "::", port 5432
2026-09-27T18:18:26.9184111Z  2026-09-27 18:17:18.033 UTC [1] LOG:  listening on Unix socket "/var/run/postgresql/.s.PGSQL.5432"
2026-09-27T18:18:26.9184878Z  2026-09-27 18:17:18.036 UTC [65] LOG:  database system was shut down at 2026-09-27 18:17:17 UTC
2026-09-27T18:18:26.9185777Z  2026-09-27 18:17:18.040 UTC [1] LOG:  database system is ready to accept connections
2026-09-27T18:18:26.9186667Z  2026-09-27 18:18:25.388 UTC [121] ERROR:  duplicate key value violates unique constraint "users_role_pkey"
2026-09-27T18:18:26.9187502Z  2026-09-27 18:18:25.388 UTC [121] DETAIL:  Key (id)=(1) already exists.
2026-09-27T18:18:26.9188294Z  2026-09-27 18:18:25.388 UTC [121] STATEMENT:  INSERT INTO "users_role" ("code", "name", "description", "is_active") VALUES ('dispatcher', 'Диспетчер', '', true) RETURNING "users_role"."id"
2026-09-27T18:18:26.9189139Z  2026-09-27 18:18:26.232 UTC [63] LOG:  checkpoint starting: immediate force wait
2026-09-27T18:18:26.9190277Z  2026-09-27 18:18:26.236 UTC [63] LOG:  checkpoint complete: wrote 47 buffers (0.3%); 0 WAL file(s) added, 0 removed, 1 recycled; write=0.002 s, sync=0.002 s, total=0.005 s; sync files=15, longest=0.001 s, average=0.001 s; distance=12470 kB, estimate=12470 kB; lsn=0/254CC30, redo lsn=0/254CBF8
2026-09-27T18:18:26.9191403Z  The database cluster will be initialized with locale "en_US.utf8".
2026-09-27T18:18:26.9191994Z  The default database encoding has accordingly been set to "UTF8".
2026-09-27T18:18:26.9192670Z  The default text search configuration will be set to "english".
2026-09-27T18:18:26.9193268Z  
2026-09-27T18:18:26.9193853Z  Data page checksums are disabled.
2026-09-27T18:18:26.9194342Z  
2026-09-27T18:18:26.9194913Z  fixing permissions on existing directory /var/lib/postgresql/data ... ok
2026-09-27T18:18:26.9195435Z  creating subdirectories ... ok
2026-09-27T18:18:26.9195947Z  selecting dynamic shared memory implementation ... posix
2026-09-27T18:18:26.9196436Z  selecting default max_connections ... 100
2026-09-27T18:18:26.9196862Z  selecting default shared_buffers ... 128MB
2026-09-27T18:18:26.9197270Z  selecting default time zone ... Etc/UTC
2026-09-27T18:18:26.9197677Z  creating configuration files ... ok
2026-09-27T18:18:26.9198139Z  running bootstrap script ... ok
2026-09-27T18:18:26.9211162Z  performing post-bootstrap initialization ... ok
2026-09-27T18:18:26.9211758Z  syncing data to disk ... ok
2026-09-27T18:18:26.9212144Z  
2026-09-27T18:18:26.9212447Z  
2026-09-27T18:18:26.9212728Z  Success. You can now start the database server using:
2026-09-27T18:18:26.9213444Z  
2026-09-27T18:18:26.9214127Z      pg_ctl -D /var/lib/postgresql/data -l logfile start
2026-09-27T18:18:26.9214650Z  
2026-09-27T18:18:26.9215782Z  waiting for server to start....2026-09-27 18:17:17.726 UTC [49] LOG:  starting PostgreSQL 16.15 (Debian 16.15-1.pgdg13+2) on x86_64-pc-linux-gnu, compiled by gcc (Debian 14.2.0-19) 14.2.0, 64-bit
2026-09-27T18:18:26.9217661Z  2026-09-27 18:17:17.726 UTC [49] LOG:  listening on Unix socket "/var/run/postgresql/.s.PGSQL.5432"
2026-09-27T18:18:26.9218517Z  2026-09-27 18:17:17.728 UTC [52] LOG:  database system was shut down at 2026-09-27 18:17:17 UTC
2026-09-27T18:18:26.9219269Z  2026-09-27 18:17:17.732 UTC [49] LOG:  database system is ready to accept connections
2026-09-27T18:18:26.9219662Z   done
2026-09-27T18:18:26.9219856Z  server started
2026-09-27T18:18:26.9220056Z  CREATE DATABASE
2026-09-27T18:18:26.9220256Z  
2026-09-27T18:18:26.9220428Z  
2026-09-27T18:18:26.9220754Z  /usr/local/bin/docker-entrypoint.sh: ignoring /docker-entrypoint-initdb.d/*
2026-09-27T18:18:26.9221154Z  
2026-09-27T18:18:26.9221620Z  waiting for server to shut down...2026-09-27 18:17:17.911 UTC [49] LOG:  received fast shutdown request
2026-09-27T18:18:26.9222166Z  .2026-09-27 18:17:17.912 UTC [49] LOG:  aborting any active transactions
2026-09-27T18:18:26.9222766Z  2026-09-27 18:17:17.915 UTC [49] LOG:  background worker "logical replication launcher" (PID 55) exited with exit code 1
2026-09-27T18:18:26.9223321Z  2026-09-27 18:17:17.915 UTC [50] LOG:  shutting down
2026-09-27T18:18:26.9224052Z  2026-09-27 18:17:17.915 UTC [50] LOG:  checkpoint starting: shutdown immediate
2026-09-27T18:18:26.9225169Z  2026-09-27 18:17:17.931 UTC [50] LOG:  checkpoint complete: wrote 926 buffers (5.7%); 0 WAL file(s) added, 0 removed, 0 recycled; write=0.013 s, sync=0.002 s, total=0.016 s; sync files=301, longest=0.001 s, average=0.001 s; distance=4273 kB, estimate=4273 kB; lsn=0/191F0F8, redo lsn=0/191F0F8
2026-09-27T18:18:26.9226244Z  2026-09-27 18:17:17.937 UTC [49] LOG:  database system is shut down
2026-09-27T18:18:26.9226573Z   done
2026-09-27T18:18:26.9226759Z  server stopped
2026-09-27T18:18:26.9226962Z  
2026-09-27T18:18:26.9227209Z  PostgreSQL init process complete; ready for start up.
2026-09-27T18:18:26.9227524Z  
2026-09-27T18:18:26.9232980Z Stop and remove container: 7efd4a48e9f6400cb249bd29b63d9375_postgres16_70738e
2026-09-27T18:18:26.9238488Z ##[command]/usr/bin/docker rm --force 055b2cd134aba74abdd552bf7edb6e62806e7f08c1b8b6460c678ffe8e372c98
2026-09-27T18:18:27.0538337Z 055b2cd134aba74abdd552bf7edb6e62806e7f08c1b8b6460c678ffe8e372c98
2026-09-27T18:18:27.0566619Z Remove container network: github_network_21c29729a2cb42e1b83e0d26b31b523c
2026-09-27T18:18:27.0571181Z ##[command]/usr/bin/docker network rm github_network_21c29729a2cb42e1b83e0d26b31b523c
2026-09-27T18:18:27.1588879Z github_network_21c29729a2cb42e1b83e0d26b31b523c
2026-09-27T18:18:27.1674153Z Cleaning up orphan processes
