✔ initial check is exactly one request and twelve hours add no polling (5.481803ms)
✔ irrelevant realtime and generic fragment contexts issue no achievement GET (2.181314ms)
✔ truncated delta without the matching completion performs one equipment catch-up GET (5.0282ms)
✔ truncated delta is ignored without an active equipment shift (2.649959ms)
✔ Excavator assignment without an open shift does not exact-match a completed trip (1.506689ms)
✔ Excavator assignment without an open shift does not run truncated catch-up (1.402071ms)
✔ truncated burst and delayed initial collapse into one achievement GET (1.352136ms)
✔ truncated catch-up survives the real Driver and Excavator fragment apply (9.501825ms)
✔ relevant event before initial timeout consumes the single initial check (6.348167ms)
✔ Driver real fragment handler forwards context and checks only its completed trip (4.15131ms)
✔ Excavator real fragment handler forwards context and checks only its completed trip (2.508587ms)
✔ Excavator foreground reconciliation replaces a stale shell without delta events (2.249677ms)
✔ relevant event burst is debounced and single-flight (1.571896ms)
✔ failed relevant check uses bounded retry with backoff and no recurring polling (3.411125ms)
✔ only a false-to-true reconnect starts one new bounded achievement recovery cycle (2.403399ms)
✔ visibility and online recovery bursts keep one retry in flight (1.788642ms)
✔ a newer pending achievement event supersedes a failed in-flight event (4.889481ms)
✔ hidden tab performs zero GET and visible recovery performs exactly one catch-up (1.549463ms)
✔ successful retry shows unlock, close persists shown, and the key stays consumed (4.181565ms)
✔ unlocked prize opens modal, close marks shown, and shown prize stays closed (2.334464ms)
✔ terminal-status unlock drops are explained and send no request; active blocked drop submits once (5.955146ms)
✔ native APK heartbeat waits for shared Android identity and reports canonical versions (5.23427ms)
✔ native identity lookup has a bounded web identity fallback (2.88265ms)
✔ installed Android PWA is distinct from an ordinary browser (2.233102ms)
✔ iPhone home-screen PWA is distinct from Safari (2.293883ms)
✔ hidden web page does not claim foreground presence (2.059411ms)
✔ only a fresh authenticated 204 publishes transport success (1.390102ms)
✔ next presence heartbeat reports the previous authenticated round trip (3.868985ms)
✔ canonical empty pending version reports a known empty apply queue (1.361079ms)
✔ heartbeat 200 redirect=false cannot prove authenticated transport (1.238234ms)
✔ heartbeat 204 redirect=true cannot prove authenticated transport (1.260017ms)
✔ heartbeat 401 redirect=false cannot prove authenticated transport (1.052915ms)
✔ heartbeat 403 redirect=false cannot prove authenticated transport (1.00314ms)
✔ heartbeat 503 redirect=false cannot prove authenticated transport (1.152986ms)
✔ one physical wake burst shares one request even after a fast response (1.458916ms)
✔ background cancels one owner neutrally and hidden time starts no requests (3.419598ms)
✔ timeout releases a hung owner once and a late old finally cannot clear the next request (1.484725ms)
✔ late rejection of a planned abort neither reports network error nor takes new ownership (1.27544ms)
✔ network error is diagnostic only and keeps the thirty-second presence interval (1.363402ms)
✔ loading the script twice cannot install a second heartbeat cycle (1.428951ms)
✔ repeated visible focus events cannot accelerate the thirty-second heartbeat (3.594562ms)
✔ clerk shell retires only the exact legacy settlement worker and caches (5.507552ms)
✔ resource failures retain DOM tag and pathname, never URL credentials/query/hash (4.38373ms)
✔ actual resource errors remain visible during background, planned abort marker is not guessed (8.536662ms)
✔ only explicitly planned AbortError is neutral; timeout abort stays diagnosable (4.392783ms)
✔ connection telemetry contains numeric/enum whitelist and excludes attached action/secrets (2.407755ms)
✔ connection diagnostics are bounded and do not exhaust the script-error allowance (2.726815ms)
✔ a heartbeat with unchanged state produces no error report and returned memory is copied (1.828613ms)
✔ exception and fetch-fallback reports redact query, PIN, cookie and bearer value (4.428427ms)
✔ real runtime cause codes retain diagnostic meaning and HTTP status is numeric (1.708432ms)
✔ native app uses actual server body marker even without a clientKind attribute (4.306985ms)
✔ healthy periodic and outbox reconciliation do not consume an incident report budget (7.013229ms)
✔ fragment rejects redirected login JSON and HTML content type before accepting a version (6.123019ms)
✔ fragment requires a finite integer server version and rejects missing or old versions (9.169054ms)
✔ view restoration follows panel keys across reordered fragment DOM (1.938679ms)
✔ both role indicators use the same labels and recovering never says connection lost (1.346918ms)
✔ connection renderer preserves the authentication-ended banner (0.901718ms)
✔ locked deputy drag source stays inactive and artificial drop sends no request (12.083031ms)
✔ saveSlot and postJson both recheck a locked contract (2.738753ms)
✔ unlocked deputy drag-and-drop persists exactly once (9.445314ms)
✔ same release static request is fetched once and then served cache-first (7.368123ms)
✔ deputy static cache keeps the query string and never serves an old cache-buster (7.868236ms)
✔ assign сначала применяет серверный токен и только потом переносит самосвал (2.596649ms)
✔ release и release_complex используют свои локальные операции (1.021878ms)
✔ queued-ответ не применяет токены и не меняет локальный DOM (1.282471ms)
✔ неудачная локальная операция запрашивает fragment и только при его ошибке перезагружает экран (8.484324ms)
✔ структурное действие использует fallback только когда fragment не применён (1.35475ms)
✔ ошибка structural recovery показывается один раз и не оставляет rejected Promise (1.084352ms)
✔ rebind не дублирует обработчик и самосвал назначается одним точным POST (7.17301ms)
✔ самосвал из комплекса возвращается в гараж с текущим токеном (4.09166ms)
✔ экскаватор из гаража активируется структурной командой без offline queue (1.787942ms)
✔ расформирование требует подтверждения и обновляет токены до local fallback (13.615789ms)
✔ снятие всего комплекса требует подтверждения и отправляет release_complex (5.569214ms)
✔ drag-session чистит ghost и подсветку, а закрытая смена не начинает действие (3.687632ms)
✔ сброс после замены fragment не даёт старой плитке выполнить drop (1.940211ms)
✔ ошибка POST останавливает local action и проходит через верный recovery callback (4.934048ms)
✔ сортировка сохраняет плитки и ставит технику перед пустыми ячейками (15.604092ms)
✔ гараж самосвалов считает только свободную технику и создаёт нужные пустые места (10.499077ms)
✔ гараж экскаваторов сортирует свободные плитки и не считает назначенные (7.238087ms)
✔ сетка комплексов ставит риск выше нормы, а пустые карточки — в конец (1.442472ms)
✔ после fragment-замены layout работает с новой доской (1.416462ms)
✔ перемещение самосвала сохраняет его план и токен, меняя только размещение (4.834388ms)
✔ сверка дублей оставляет одну плитку самосвала (0.98989ms)
✔ расформирование очищает только плановую оболочку комплекса, а самосвал сохраняет токен (1.621151ms)
✔ активация из гаража создаёт только ожидающий планless-комплекс (1.892419ms)
✔ доска собирается только с выделенным модулем локальных перестановок (2.242356ms)
✔ desktop canvas fills the viewport with one proportional transform (4.218431ms)
✔ phone landscape uses the control-only 1400x800 shell fit (1.159957ms)
✔ report canvas does not inherit the control phone transform (0.729538ms)
✔ control template delegates desktop and phone fitting to the canvas module (0.389126ms)
✔ canvas stylesheet has no malformed dot-prefixed calc functions (0.302465ms)
✔ dispatcher CSS audit distinguishes exact redundancy from intentional overrides (1.894222ms)
✔ dispatcher CSS audit characterizes the current six-file cascade (76.039368ms)
✔ шапка карточки: иконка, имя, статус, паспорт одной строкой и план смены крупно (1.200627ms)
✔ два столбца: слева люди и действия, справа настройки работы и отчёт смены (0.763599ms)
✔ все прежние якоря карточки сохранены — скрипт наполняет их как раньше (4.534797ms)
✔ смена машиниста: сведения о смене и форма служебного завершения с csrf и показаниями (1.180307ms)
✔ скрипт: смена приходит в карточке, форма получает action, одометр только у самосвала, подтверждение перед отправкой (0.339591ms)
✔ скрипт: паспорт уходит в строку под именем, сведения о смене — в блок машиниста, состав — фишками (0.263827ms)
✔ точка связи машиниста и раскрытие формы описаны в стилях пульта, а не в мобильном контуре (5.554352ms)
✔ сервер отдаёт смену в карточке: id, вид техники, связь, показания на начало и маршрут служебного закрытия (0.462516ms)
✔ detail chart presenter renders metrics, tabs and a bar chart without the main card runtime (2.940848ms)
✔ chart code has one owner and the main detail runtime delegates to it (0.18576ms)
✔ chart module is loaded before detail and packaged exactly once (3.707792ms)
✔ detail runtime owns the HTML escaping helper used by dynamic card markup (0.749418ms)
✔ detail settings presenter renders work fields and destination rows independently (3.949035ms)
✔ settings code has one owner and detail runtime delegates render and reset (1.401249ms)
✔ settings module is loaded before detail and packaged exactly once (2.396388ms)
✔ повторная привязка не дублирует открытие карточки (2.506934ms)
✔ placeholder и вложенный элемент управления не открывают карточку (0.921857ms)
✔ Enter и пробел открывают карточку, а отказ detail-модуля не поглощает событие (12.386533ms)
✔ точка стоит на гараже экскаваторов, гараже самосвалов, самосвалах комплекса и имени комплекса (2.115004ms)
✔ своя палитра и размер точки, не завязанные на мобильный media-запрос (6.554578ms)
✔ точка стоит в правом верхнем углу плитки — бейдж циклов плана сдвинут вниз, чтобы не спорить с ней (1.149891ms)
✔ на имени комплекса точка стоит инлайн, по центру строки (0.449356ms)
✔ заливка плана самосвала — на заднем плане, во весь контур, как у горного мастера, а не тонким кольцом поверх (0.437258ms)
✔ заливка начинается сверху и растёт по часовой — не с левого края (0.228975ms)
✔ на тесной плитке заливка не пропадает при малом проценте — минимум клина и заметное свечение (0.303807ms)
✔ плитка без рейсов не красится: пустая фаза снимает заливку (0.527724ms)
✔ карточка комплекса заливается мягким синим из палитры, плитки остаются зелёными (7.195554ms)
✔ в гараже номер самосвала стоит над картинкой, как в составе комплекса (0.956079ms)
✔ поле поиска есть только на desktop-пульте смены и входит в релиз (1.435782ms)
✔ поиск ловит набор номера без предварительного фокуса (0.382506ms)
✔ поиск загружается до доски и полностью входит в пакет приложения (0.713093ms)
✔ совпадение заметно, а статусная окраска карточки сохраняется (1.984959ms)
✔ повторная привязка поиска не зацикливается на собственном счётчике (2.732384ms)
✔ fragment reconciler восстанавливает прокрутку доски и открытую detail-карточку (2.870982ms)
✔ неполный fragment не считается пригодным для точечной сверки (8.631445ms)
✔ closed to open fragment enables dispatcher drag-and-drop without reload (7.451788ms)
✔ open to closed fragment blocks dispatcher drag-and-drop with fetch count zero (3.984007ms)
✔ fallback расформирования сохраняет новые версии назначений до переноса плиток (15.116758ms)
✔ empty complex fallback clears stale plan markers before the next fragment (3.913492ms)
✔ ошибка структурного переноса не оставляет необработанное отклонение при недоступном refresh (1.801643ms)
✔ assignment conflict refreshes the dispatcher board once after the notice closes (17.177711ms)
✔ assignment conflict waits until other unsafe dispatcher interaction is over (4.032411ms)
✔ unapplied conflict fragment retries once and then uses the existing reload fallback (5.736266ms)
✔ ordinary dispatcher error never schedules assignment reconciliation (1.191995ms)
✔ fragment refresh synchronizes shift runtime before replacement and rebind (0.78381ms)
✔ dispatcher fragment reconciliation is keyed by equipment and complex identity (0.249856ms)
✔ one changed truck replaces only that keyed tile (1.777897ms)
✔ dispatcher downtime timer formats a live server interval (0.950551ms)
✔ dispatcher downtime close is explicit, direct and never queued offline (0.341113ms)
✔ версии назначений нормализуются и массово собираются без потери нуля (6.992617ms)
✔ ответ сервера применяет только свои версии и отличает ноль от отсутствующего поля (1.008138ms)
✔ доска получает только готовый state-adapter и не дублирует его правила (0.282055ms)
✔ inactive truck plan fill uses the neutral desktop presentation (2.100252ms)
✔ чья смена: метка у заголовка, предупреждение и строки «Смена / Длится» в блоке машиниста (1.703044ms)
✔ ручной рейс: свой блок, форма POST с csrf, точка, порода, количество, время и причина (0.529718ms)
✔ скрипт ручного рейса: точки забоя с плечом первыми, порода по умолчанию, подтверждение перед отправкой (0.362065ms)
✔ маршрут ручного рейса объявлен рядом с другими действиями диспетчера (0.155133ms)
✔ подсказка о прокрутке: липкая полоска внизу карточки, скрипт прячет её на конце (0.926555ms)
✔ карточка графика не схлопывается в полоску прогресса (0.673093ms)
✔ клон плитки экскаватора: подпись под картинкой, крестик точки на уровне поля (0.659192ms)
✔ номер самосвала в клоне плитки не уезжает за край: сдвиг в угол без transform (0.489887ms)
✔ mobile Dispatcher keeps a full-width center column when both garages are empty (6.055276ms)
✔ mobile Dispatcher removes the desktop empty-garage offset from complexes (1.23547ms)
✔ mobile Dispatcher expands the unified header instead of clipping navigation (3.906422ms)
✔ irrelevant realtime version is stored without fetching a dispatcher fragment (3.853481ms)
✔ активный drag откладывает fragment и не сбрасывает текущую сессию (1.055579ms)
✔ assignment_changed always refreshes the authoritative dispatcher board (2.831052ms)
✔ truncated realtime history uses full-board fallback and restores runtime hooks (1.025634ms)
✔ late stale fragment cannot overwrite a newer dispatcher board (1.542823ms)
✔ a higher fragment version wins even when its request started earlier (1.00293ms)
✔ obsolete fragment is acknowledged without touching a board that already covers it (0.927837ms)
✔ размер плитки считается от поля, а не от гаражной плитки (2.104067ms)
✔ расчёт не выполняется на неразложенном поле (0.434935ms)
✔ за размером поля следит ResizeObserver (0.337638ms)
✔ раскладка подбирается перебором колонок, а не по лестнице размеров (0.350087ms)
✔ пустое место отдаётся плиткам: двенадцать машин заполняют поле по ширине (0.437809ms)
✔ плитка не становится вертикальной: коридор пропорций соблюдён (0.29253ms)
✔ размер плитки один на всей доске (1.923566ms)
✔ при обычной смене плитки крупные и одинаковые (0.41857ms)
✔ один перегруженный комплекс не мельчит всю доску (0.279851ms)
✔ подпись и картинка видны, пока плитка достаточно высокая (0.988629ms)
✔ номер не лежит поверх картинки (0.42539ms)
✔ полное имя экскаватора в гараже не делит верхнюю строку с планом (0.912344ms)
✔ карточка разделена на столбец информации и поле машин (2.14522ms)
✔ разделители не отрываются в начало строки (0.741066ms)
✔ длинный текст не выдавливает поле машин (0.709038ms)
✔ число колонок общее на доску и не больше нужного самой загруженной карточке (0.729829ms)
✔ сетка машин фиксированной ширины прижата к правому краю, остаток — панели (0.928528ms)
✔ панель показаний: подписи в левом поле, ключевые цифры у нижнего края (2.457439ms)
✔ недостающие по составу машины показаны пустыми ячейками (0.503758ms)
✔ карточка, собранная скриптом в пустой зоне, выглядит как серверная (0.796169ms)
✔ desktop-доска делегирует раскладку отдельному владельцу (0.199901ms)
✔ desktop runtime содержит только контур Диспетчера (3.393178ms)
✔ мобильный контур Горного мастера сохранён в своей ветке шаблона (0.357118ms)
✔ серверная доска живёт в отдельном упакованном include (0.428505ms)
✔ скрытые служебные списки живут в отдельном упакованном include (0.450449ms)
✔ detail-карточка живёт в отдельном упакованном include (0.349366ms)
✔ desktop-приглашение уведомлений живёт в отдельном упакованном include (0.890581ms)
✔ карточка и desktop-доска физически отделены от оркестратора (1.94562ms)
✔ transport загружается перед основным runtime и входит в PWA shell (1.725197ms)
✔ модуль запуска карточки техники упакован ровно один раз (0.601005ms)
✔ модуль общей раскладки доски упакован ровно один раз (0.629428ms)
✔ модуль раскладки самосвалов упакован ровно один раз (0.56455ms)
✔ модуль версий назначений упакован ровно один раз (0.503217ms)
✔ модуль drag-and-drop упакован ровно один раз (0.472972ms)
✔ модуль локальных перестановок упакован ровно один раз и владеет только DOM-операциями (0.580334ms)
✔ политика ответа сервера упакована ровно один раз и отделена от DnD (0.436247ms)
✔ offline queue физически отделена, но сохраняет production-контракт (0.215825ms)
✔ realtime reconciliation is physically separated behind a narrow callback boundary (0.624741ms)
✔ shared shift dialog exposes an idempotent rebind entrypoint (1.066215ms)
✔ dispatcher realtime rebinds the shared shift dialog after DOM reconciliation (0.261464ms)
✔ new operational events sound once per stable event version (4.215516ms)
✔ connection loss and recovery have distinct transition-only cues (1.515481ms)
✔ action errors are audible but an immediate duplicate is suppressed (1.229991ms)
✔ the persistent header toggle mutes and re-enables cues (1.059845ms)
✔ loading the module twice does not duplicate global listeners (1.424254ms)
✔ dispatcher shell wires and precaches the isolated sound module (16.624829ms)
✔ visible Dispatcher window suppresses duplicate Windows banner and marks the item shown (3.808874ms)
✔ closed or hidden Dispatcher window shows one persistent system notification (1.390784ms)
✔ notification click focuses the existing PWA window and navigates to the Dispatcher board (1.079986ms)
✔ сохраняет production-ключ и исходные legacy v1/v2 без опасного автоповтора (4.479204ms)
✔ сетевой сбой ставит JSON-команду в совместимую очередь (3.35437ms)
✔ legacy-запрет автоповтора хранит исходник, возвращает ошибку и не исполняет откатившийся UI позже (1.859139ms)
✔ серверная ошибка не маскируется успехом и сохраняет команду для восстановления (1.385195ms)
✔ flush отправляет старую запись с CSRF и удаляет её только после успеха (7.91107ms)
✔ неактивная роль не отправляет и не изменяет сохранённую очередь (1.043421ms)
✔ диагностика связи остаётся частью transport API (1.085605ms)
✔ первая отправка происходит после надёжной записи; ACK оставляет исходную команду в журнале (1.077302ms)
✔ quota не подтверждает несохранённую команду и не отправляет её в сеть (1.570174ms)
✔ HTTP 409 сохраняет исходник и освобождает отправителя (4.23801ms)
✔ HTTP 503 сохраняет исходник и освобождает отправителя (3.243924ms)
✔ разные команды одного самосвала не объединяются, payload изолирован от дальнейших UI-правок (2.458741ms)
✔ повтор с тем же ID и другим содержимым не переписывает исходник (1.103141ms)
✔ сбой mirror очереди не теряет уже записанный журнал при перезапуске (1.685818ms)
✔ неверный JSON ответа 2xx не удаляет команду (2.635948ms)
✔ deadline тела без AbortController освобождает очередь; поздний ACK не завершает другую попытку (4.569965ms)
✔ команда сохраняет автора; новый пользователь и legacy без автора не присваивают её (3.027067ms)
✔ 409 первой команды не удерживает независимую вторую команду в готовой очереди (3.019486ms)
✔ перезапуск после потери ответа сохраняет ID, время и автора при повторном POST (1.830506ms)
✔ quota записи ACK оставляет сохранённый исходник на повтор (1.825358ms)
✔ повреждённая старая очередь не перезаписывается пустым массивом (1.193136ms)
✔ refresh deadline действует после заголовков до окончания тела (4.050167ms)
✔ доказанный invalid 400 сохраняется как отказ без бесконечного автоповтора (1.947642ms)
✔ quota после сетевого сбоя не снимает запрет автоповтора structural-команды при restart (1.692979ms)
✔ quota служебного счётчика не отменяет уже записанное намерение (1.575161ms)
✔ the assignment has no screen row of its own: no banner, no grid row (1.601742ms)
✔ a tap on «ПРИНЯТЬ» moves the phone to the new excavator at once and queues the acceptance (4.301491ms)
✔ after a restart the queued tap keeps the phone on the new excavator (3.144103ms)
✔ assignment confirmation waits for durable enqueue; repeated tap shares the same event (1.914503ms)
✔ quota leaves assignment and manual-trip context unchanged and permits a later retry (2.661957ms)
✔ a fresh server screen after the answer drops the phone override; a queued tap keeps it (1.94609ms)
✔ at the deadline the phone switches the same way, without an event (4.399744ms)
✔ the deadline no longer reloads the whole screen (0.5848ms)
✔ manual trips and the point drum follow the excavator the driver accepted on the phone (1.644486ms)
✔ after the tap the countdown stops and the note goes out, for a release too (5.19731ms)
✔ self-heal bypass does not swap the screen under a finger holding the dial (4.24469ms)
✔ without a finger on the dial the bypass still pushes a stuck screen through (1.112865ms)
✔ a stale hold mark cannot freeze the screen (0.857671ms)
✔ the three-minute reload waits for the finger to leave the dial (1.27552ms)
✔ self-heal bypass does not swap the screen under a finger on the point drum (2.455647ms)
✔ a point drum without a finger or with a stale gesture does not hold the screen (1.008699ms)
✔ the three-minute reload waits for the finger to leave the point drum (1.003982ms)
✔ self-heal bypass does not swap the screen under a finger on the downtime drum (0.863209ms)
✔ a downtime drum without a finger or with a stale gesture does not hold the screen (0.990722ms)
✔ the three-minute reload waits for the finger to leave the downtime drum (1.111283ms)
✔ both drums report the start of the finger gesture and 0 without one (1.498927ms)
✔ the unload hold marks the finger on start and clears it on reset and on completion (0.318369ms)
✔ a manual load closes the open downtime first, at the very same moment (8.395309ms)
✔ a manual unload closes only the waiting-for-unload downtime, before the completion (1.874302ms)
✔ a load closes any open downtime with the load time; an unload — only waiting for unload (3.107128ms)
✔ after a manual load on the phone «waiting for unload» becomes available, «waiting for loading» does not (2.347304ms)
✔ after a manual unload on the phone the truck is empty although the server screen is old (0.720555ms)
✔ the active-downtime mark is removed from drum cards hidden after the downtime ends (1.242761ms)
✔ per-reason downtime timer survives close and marks every used reason (5.971025ms)
✔ trip and downtime report cards scroll vertically with readable rows (0.623058ms)
✔ Shift, Downtimes and Waybill share the same bottom action rails (1.008088ms)
✔ Shift, Downtimes and Waybill share one visible action-label typography (0.626363ms)
✔ short landscape keeps two-line downtime reasons readable and vertically scrollable (0.8503ms)
✔ all three unloading waits use one semantic workflow and template availability contract (3.853252ms)
✔ downtime review reconciles server truth and terminal events are not projected as active (1.236542ms)
✔ a confirmed downtime receipt overrides only an older cached shell (3.245245ms)
✔ downtime switch freezes the previous reason while the shift total stays continuous (7.424047ms)
✔ repeated refresh of the same active downtime does not reset the running timer (2.423248ms)
✔ the timer's base always counts from started_at, ignoring a zero or stale elapsed_seconds snapshot (3.041889ms)
✔ a local downtime syncing to a server-confirmed numeric id does not reset the timer (3.968795ms)
✔ a device with a skewed clock still recognises the same downtime via the server-id alias (3.906641ms)
✔ a downtime closed on this phone cannot be resurrected by a stale local snapshot (3.286658ms)
✔ a stale fragment that writes is-active directly onto the card gets corrected back, not just ignored (3.204644ms)
✔ a transient blank card from a background reconcile does not reset the timer or drop the border (3.172867ms)
✔ a card that stays blank through the confirmation window is treated as a genuine closure (3.011444ms)
✔ loading the page with a server-confirmed active downtime ticks with no local start event (2.701167ms)
✔ ten fragment resyncs in a minute never roll the timer back (4.983783ms)
✔ closing the downtime stops the display for good and a stale resync cannot revive it (2.883281ms)
✔ a full shell replacement does not freeze the timer on a detached node (2.603319ms)
✔ a full shell replacement does not leave a stale operational-state-refresh-applied listener that can clear a live downtime (4.897343ms)
✔ active downtime reason is a no-op and offline switches keep chronological dependencies (1.674411ms)
✔ waiting_unload enables the yellow mode but keeps hold-to-unload; clearing removes it (2.848038ms)
✔ durable automatic and manual trip completion immediately suppress waiting_unload projection (2.551711ms)
✔ waiting_loading turns the empty Work dial yellow but keeps it inert (0.949419ms)
✔ one-tap pointerup submits once without relying on a synthetic click (2.241655ms)
✔ pointercancel disarms one-tap unload without submitting (1.243702ms)
✔ keyboard click remains a one-tap fallback (1.014848ms)
✔ normal unload still uses the hold guard (1.10284ms)
✔ fragment-style destroy and rebind leaves exactly one gesture listener (1.109601ms)
✔ an armed one-tap gesture blocks operational fragment replacement (1.413939ms)
✔ realtime waiting_loading to loaded-trip transition opens Work from server truth (4.276328ms)
✔ reduced motion keeps both waiting states but disables their pulse (4.318732ms)
✔ Driver JavaScript branches on workflow instead of an exact Russian reason label (1.119475ms)
✔ drum never assigns an undeclared `slot` (1.244944ms)
✔ drum haptics are long enough to be felt (0.853725ms)
✔ drum script parses and installs without touching the DOM (2.978754ms)
✔ drum ring follows the face width it actually has (0.230788ms)
✔ drum corridor stays the width of the outline on any screen (0.270928ms)
✔ drum card label and body get an explicit pixel width, not a percentage (1.82061ms)
✔ drum name size is pure CSS from the label container, not a JS measurement (0.712092ms)
✔ line layout keeps every word whole and picks the split that gives the biggest name (2.9356ms)
✔ active-downtime timer is not tied to the reason-name tier and reads clearly on its own (0.286151ms)
✔ the timer is pinned to the card's bottom edge and the text group is centered above it (0.589617ms)
✔ dump-point tiles in the change-point sheet match the excavator face-settings card look (0.61101ms)
✔ dial label multiline width stays large — the loaded trip's dump point name is read for the whole trip (1.267168ms)
✔ templates mark drum labels for JS fitting instead of classifying by character length (0.321043ms)
✔ downtime link/halo blink color follows the active reason's status, not a hardcoded yellow (2.893145ms)
✔ without an open shift, the top drum keeps its full three-card shape and outline instead of collapsing (0.430539ms)
✔ the keyhole outline still finds the top drum's empty center card (0.798502ms)
✔ downtime drum front card is never highlighted yellow without an open shift (1.148439ms)
✔ labels are laid out only when a card is built, never on spin, resize observers or font loads (1.652097ms)
✔ the point card blinks with the outline from one shared ancestor animation, hard on/off (0.574435ms)
✔ the swipe arrow is a fixed slot outside the card, sized from the real gap to the dial (1.218785ms)
✔ the shared outline is stationary: never recomputed while either drum is being dragged (2.091739ms)
✔ only a server downtime of another shift is dropped; the carryover trip stays (1.382151ms)
✔ the local shift projection and the screen binding both drop a foreign downtime (0.323206ms)
✔ catalog remains complete while per-item availability reports missing settings (3.101169ms)
✔ display snapshot uses canonical server keys and keeps every dump point (0.58502ms)
✔ cached inactive shell keeps a newer durable local selection on restart (0.387664ms)
✔ newer confirmed inactive server snapshot clears saved selection (0.448215ms)
✔ rejected local attempt never outlives a fresh inactive server snapshot, even if it looks newer (0.286672ms)
✔ cached HTML catalog is marked stale while the device is offline (1.113852ms)
✔ primary excavator selection is rejected before enqueue (0.880346ms)
✔ selection becomes optimistic only after durable enqueue resolves (0.955108ms)
✔ active selection A blocks selection B before enqueue and preserves A (0.769228ms)
✔ a server-rejected selected event never leaves the free bucket stuck active (0.707916ms)
✔ a rejected cancel (dependency_rejected on an already-rejected selection) still deactivates locally (5.768244ms)
✔ a stuck review state from storage becomes inactive as soon as project() runs, even with no new events (0.455976ms)
✔ a rejected local selection falls back to the server's live acceptance, not to 'no bucket' (0.345531ms)
✔ the one-load right is consumed by its load and switched off locally by that trip's completion (0.893976ms)
✔ an old rejected selection in the review queue does not switch off the live bucket after its load is confirmed (0.482516ms)
✔ a right the server already marked used switches off on the driver's unload of that trip (0.363307ms)
✔ missing or invalid server catalog keeps last-good snapshot (0.238169ms)
✔ authoritative complete empty catalog clears the last-good snapshot (0.26552ms)
✔ aged online catalog is marked stale (0.184247ms)
✔ unavailable tile keeps its status after an unselected state render (0.121913ms)
✔ browser lifecycle drops the controller for disabled and detached shells (0.379281ms)
✔ template always renders a hidden cancel control for restored offline selection (13.579303ms)
✔ free-bucket projection keeps the dial label short and renders a compact mode chip (8.557444ms)
✔ free-bucket tiles show only the excavator number and status, no place/rock/point text (15.442839ms)
✔ cancel without a server acceptance id (offline) queues a real cancel event and switches the bucket off (7.829187ms)
✔ free-bucket state is saved under the shift now on screen, including a shift opened on the phone (0.338129ms)
✔ a bucket ended on the phone is not revived by an older cached page after a restart (0.574234ms)
✔ after a bucket trip is done (used, inactive) a new free bucket can be chosen without the server (4.492514ms)
✔ the grid stays two columns and the tile never shrinks below a finger (1.070622ms)
✔ the dialog scrolls inside and its top block is sticky (0.41192ms)
✔ the selected tile is scrolled into view when the window opens (0.283928ms)
✔ the primary-assignment tile is disabled and labelled ОСНОВНОЙ, the selected one glows (0.680494ms)
✔ a long contractor number is fitted by width, never broken across lines (0.45843ms)
✔ default level is strong and scales pulses but not gaps (3.57326ms)
✔ weak and normal levels keep their own factors and floors (1.925358ms)
✔ native Driver haptics receive the scaled pattern and real amplitude (1.530795ms)
✔ choosing a level stores it, marks the button and plays a sample (1.131384ms)
✔ dial and drum route their haptics through the shared level (2.690511ms)
✔ a real hold-and-open leaves no busy marks on the opening form, so server refreshes resume (7.445029ms)
✔ open → close → open on one page: a late keyboard input into the hidden opening form never holds the screen (4.102056ms)
✔ a hidden opening form still carrying stale busy marks does not hold the screen (1.723865ms)
✔ decision: the phone's open or closed shift wins until the server has seen it (10.06968ms)
✔ opening a shift without a network switches the screen at once and queues driver.shift.opened (3.843767ms)
✔ closing a phone-only shift shows the next opening at once and the next opening waits for that close (4.833727ms)
✔ closing waits for every unsent event of its own shift (1.199616ms)
✔ a finished local close leaves no pending marks on the close form (1.727491ms)
✔ server confirmation of the opening gives later actions the real shift id (1.058624ms)
✔ closing a shift the server opened earlier references its server id (0.566453ms)
✔ closing a shift with a running downtime queues its end before the close (3.457986ms)
✔ closing a shift ends a running downtime the server already confirmed by its server id (0.702919ms)
✔ production Driver logout hold navigates exactly once and can be repeated (3.823195ms)
✔ production Driver logout hold resets after an early release (0.968138ms)
✔ production Driver logout hold remains available in read-only mode (0.980817ms)
✔ two trips and a downtime recorded offline fill the manifest, survive a restart and do not double when the server returns (8.725006ms)
✔ a row the server rejected stays in the manifest with a mark and is not purged after a day (0.893385ms)
✔ row time is the press time; the server time only when the server proved the phone clock wrong (0.734426ms)
✔ events of another shift never enter this shift's manifest (7.544018ms)
✔ a running downtime counts up to now and the next reason closes the previous one (0.824201ms)
✔ an excavator trip unloaded offline is counted once, before and after the server confirms it (0.822188ms)
✔ a closed shift older than 7 days keeps its source events until snapshot coverage is proven (0.468906ms)
✔ confirmed archive reconstructs a complete manifest after restart without any server snapshot (0.9433ms)
✔ quota never evicts an older unconfirmed shift and the full projection can be rebuilt from the durable journal (0.524911ms)
✔ a corrupted projection is backed up exactly and rebuilt from durable facts without inventing a server snapshot (0.456498ms)
✔ failed corruption backup preserves raw data and events until storage recovers (0.363577ms)
✔ recovery never overwrites an earlier corrupt backup (0.209626ms)
✔ a carryover trip loaded in the previous shift and unloaded in this one keeps its labels (0.514555ms)
✔ a load that left without a point name gets it from the free-bucket catalog (0.394845ms)
✔ shared drag keeps the Excavator seven-pixel pickup threshold (2.024358ms)
✔ Driver reports durable manual-trip states without a false server confirmation (0.406422ms)
✔ manual cancellation copy is explicit and does not claim a second unload (0.372841ms)
✔ manual trip creation completion and cancellation have distinct durable feedback (2.392692ms)
✔ manual taps target entry and swipe thresholds use strong distinct haptics (0.563789ms)
✔ confirmed cancellation outranks older failed loads but never a newer load (0.293211ms)
✔ an active manual trip locks the source until it is completed or cancelled (0.477249ms)
✔ trip timer formats elapsed time and names the selected destination (0.240733ms)
✔ confirmed manual trip takes its current destination from the fresh server fragment (2.65035ms)
✔ an Excavator-owned acknowledgement requests one exact Driver reconciliation (1.188068ms)
✔ manual point action is reserved for the current Driver-manual trip (1.578096ms)
✔ manual reroute directory excludes standard, current and duplicate points (0.430077ms)
✔ Driver runtime reuses the common outbox without an independent transport or journal (1.818939ms)
✔ manual free-bucket button delegates to the canonical Driver control (0.217547ms)
✔ both roles render the same dashboard and card includes (3.062325ms)
✔ manual controls use compact action timer and source rows with one shared gap (1.58796ms)
✔ Driver manual heading keeps name and two rectangular status controls on one row (1.177363ms)
✔ manual mode survives lower tabs and blocks ordinary mode during an active trip (2.669699ms)
✔ cancel and completion are signed with the loaded trip's excavator, not the base context (1.073126ms)
✔ only the active dump point exposes cancel and complete swipe cues (1.552357ms)
✔ карточка источника держит форму 1 к 1,25 построением, а не числами (0.599893ms)
✔ подгонка номера зовётся адресно, а не выборкой по классу (0.966965ms)
✔ сторож: кнопки режима всё ещё носят класс карточки (0.269936ms)
✔ плашка комплекса убрана, а точка связи в углу осталась (1.888543ms)
✔ подпись экскаватора вмещается общим правилом, а не своим (0.353232ms)
✔ без общего модуля подпись всё равно ужимается и не уходит ниже пола (0.183166ms)
✔ manual point counter applies each optimistic load or cancel exactly once (0.336306ms)
✔ Driver binds the common gesture to the real Excavator shell and preserves its active motion (2.487515ms)
✔ Driver dump cards keep a three-column matrix and only show name plus trip count (0.797721ms)
✔ the latest destination is the only highlighted Driver dump card (0.381544ms)
✔ server-assigned dump points never inherit the one-off marker (1.149881ms)
✔ initial binding preserves server counters and the last destination (0.371049ms)
✔ returning from free bucket restores the cached primary counters and last destination (0.370898ms)
✔ the primary context survives a temporary DOM replacement when fragment JSON is absent (0.632022ms)
✔ a server free-bucket fragment keeps the primary assignment as the cancellation fallback (0.45206ms)
✔ an active free-bucket trip stays separate from the primary context of the next loading (0.474575ms)
✔ manual corner toggles manual mode on the dial and preserves bottom navigation (1.267959ms)
✔ dial manual mode drives the same manual-trip queue: send, cancel, complete (3.514101ms)
✔ dump point corner button reroutes a manual trip to a point outside the drum (1.098985ms)
✔ shared controller remains the only live card binder in both roles (2.033281ms)
✔ manual context and confirmed timer survive fragment refresh (2.04611ms)
✔ отклонённая отметка ручного рейса разблокирует экран сама, без касаний (1.582282ms)
✔ отклонённая смена точки разгрузки не проходит молча (1.371955ms)
✔ a saving lock older than 8 s is stale, a fresh one is not (0.999735ms)
✔ complete, cancel and start of a manual trip consult the stale-aware guard (0.895468ms)
✔ the dial gesture always works with the live workspace node of the page (0.200532ms)
driver_offline_outbox: unsent manual load and its cancel removed locally {
  load_event_id: 'driver-manual-load:z',
  cancel_event_id: 'driver-manual-load-cancel:z',
  local_trip_id: 'driver-manual-load:z',
  load_attempts: 1,
  load_last_error: 'free_bucket_acceptance_pending',
  removed_at: '2026-10-04T23:18:03.664Z'
}
driver_offline_outbox: unsent manual load and its cancel removed locally {
  load_event_id: 'driver-manual-load:o',
  cancel_event_id: 'driver-manual-load-cancel:o',
  local_trip_id: 'driver-manual-load:o',
  load_attempts: 0,
  load_last_error: '',
  removed_at: '2026-10-04T23:18:03.669Z'
}
✔ a stuck load+cancel pair does not hide the server's open manual trip (4.00558ms)
✔ a cancel that really targets the server trip still wins (0.700424ms)
✔ a load the server keeps rejecting with retry and its own cancel leave the queue without being sent (7.99071ms)
✔ a load and its cancel created offline on this page are annihilated before any send (4.008755ms)
✔ a load the server may already hold keeps its cancel in the queue (2.96955ms)
✔ a load restored from storage with no attempts is not annihilated by a fresh page (1.120076ms)
✔ native token is registered with the authenticated Driver session (5.469735ms)
✔ same token is idempotent but a new auth generation is re-registered (2.583509ms)
✔ FCM token rotation is registered through one native listener (3.413209ms)
✔ ordinary browser does not call the endpoint (1.043671ms)
✔ source never logs or persists the token (0.503558ms)
✔ manual-load cancellation keeps an exact trip reference and the latest dependency (4.019511ms)
✔ downward swipe completes the exact local or confirmed manual trip through the existing queue (0.405611ms)
✔ manual load uses stable local identity and an immutable Driver snapshot (2.930591ms)
✔ manual load rejects missing or ambiguous authority and a foreign truck (0.586012ms)
✔ point correction can depend on a not-yet-confirmed manual trip (3.996667ms)
✔ manual trip confirmation survives restart with the server mapping (3.057794ms)
✔ terminal downtime events never replace the authoritative active downtime (0.237647ms)
✔ restart recovers only clock conflict and its dependency chain with immutable identity (6.564293ms)
✔ restart resends a manual load refused as free_bucket_not_available and its chain (7.274992ms)
✔ restart resends a free-bucket selection refused as free_bucket_request_stale and its cancel (3.539028ms)
✔ restart resends bucket refusals the v375 server accepts: point outside the snapshot, another excavator (5.011224ms)
✔ restart never retries a real domain conflict (1.125945ms)
✔ confirmed downtime close receipt survives queue removal and restart (2.542187ms)
✔ a projection callback failure does not turn a durable enqueue into a storage error (0.485531ms)
✔ recovered Driver IndexedDB merges fallback facts with its own queue and preserves order (2.996852ms)
✔ Driver fallback ACK archive and metadata survive recovery with an empty delivery queue (2.458401ms)
✔ Driver migration keeps the primary cleared-trip tombstone instead of reviving an older fallback load (6.703202ms)
✔ Driver migration quota leaves raw fallback recoverable and never switches away from primary facts (2.373684ms)
✔ Driver migration never overwrites a different immutable event with the same ID (0.977692ms)
✔ corrupt Driver fallback queue or metadata stays raw while the recovered primary remains usable (1.700049ms)
✔ Driver migration cleanup preserves a new fallback fact appended while IndexedDB was writing (1.471706ms)
✔ Driver legacy identity receipts without pending records keep immutable duplicate protection after migration (2.159121ms)
✔ event is durably written with full driver context before send (1.037361ms)
✔ only exact accepted and deduplicated acknowledgements remove events (1.389031ms)
✔ partial response retains the unacknowledged event with retry metadata (1.334148ms)
✔ conflict auth and invalid records remain for reconciliation and are not retried (2.021684ms)
✔ parallel flush calls share one request and preserve order and dependency (22.156157ms)
✔ a due terminal action pulls its locally pending dependency into the same batch (2.05234ms)
✔ parallel gestures receive a stable monotonic order (0.561165ms)
✔ replacing Driver access does not reuse a device sequence (0.501895ms)
✔ legacy unload queue migrates without changing event identity or fact time (1.08905ms)
✔ same event id cannot be silently reused with different content (0.41835ms)
✔ acknowledged identity tombstone prevents incompatible id reuse (1.105364ms)
✔ retry backoff is bounded to 5-10s while online, not the old 5-minute cap (0.130787ms)
✔ regaining connectivity retries immediately instead of waiting out a stale backoff (2.275055ms)
✔ accepted callback runs only after durable removal and published zero state (0.959264ms)
✔ shell replacement rebinds callbacks on the existing durable runtime (0.802228ms)
✔ more than one batch drains without another lifecycle signal (60.125204ms)
✔ batch envelope keeps the immutable device identity of every event (1.39488ms)
✔ event enqueued during an in-flight send is drained by the same flush (5.257635ms)
✔ backoff and terminal review do not head-of-line block an independent event (2.051539ms)
✔ auth-required events resume only under a fresh authenticated generation (1.583103ms)
✔ immutable event identity includes context references time dependencies and payload (2.301825ms)
✔ downtime start acknowledgement keeps the exact server mapping for close (1.01599ms)
✔ offline downtime start and close share the exact local id before sync (1.307238ms)
✔ accepted downtime start maps a quick close to the exact server id (1.513678ms)
✔ A to B to A point changes always get new ids CAS state and dependencies (0.324969ms)
✔ free bucket selection captures the exact truck excavator and catalog snapshot (0.553293ms)
✔ free bucket cancellation depends only on an unresolved local selection (0.169144ms)
✔ actual IndexedDB repository path survives a new runtime instance (1.085104ms)
✔ a shift opened on the phone without a network is queued and later actions reference it (0.608216ms)
✔ a shift opening must name itself as the local shift and its own truck (0.258088ms)
✔ local guards reject ungranted or incomplete driver actions before storage (0.453162ms)
✔ closing a downtime is always queued, even with no reference to its start yet (0.192029ms)
✔ auth classifier recognizes status redirect to root and login HTML (0.324519ms)
✔ old terminal records leave the delivery indicator but remain in the durable journal (62.428557ms)
✔ accepted source and full ACK survive restart before a manifest callback or server snapshot (3.00892ms)
✔ archive quota failure leaves the exact accepted source queued and suppresses the success callback (1.716103ms)
driver_offline_outbox: unsent manual load and its cancel removed locally {
  load_event_id: 'manual-load-1',
  cancel_event_id: 'cancel-durable-pair',
  local_trip_id: 'manual-load-1',
  load_attempts: 0,
  load_last_error: '',
  removed_at: '2026-10-04T23:18:03.919Z'
}
✔ persistent ACK quota uses the bounded retry timer instead of a hot send loop (2.998685ms)
✔ locally cancelled unsent pair keeps both sources and cannot send its surviving half after restart (2.585152ms)
✔ response headers with a stalled body time out, release flush and ignore a late ACK (17.317491ms)
✔ request timeout without AbortController still allows a new local gesture and a later flush (16.550747ms)
✔ an event sent right away is marked so the server can use its own receipt time (0.971082ms)
✔ every server acceptance bumps the counter the screen refresh checks (matrix C1b) (1.335891ms)
✔ after a network drop the queue leaves strictly by sequence (battle 02.10, seq 232) (3.406638ms)
✔ a server-assigned wait does not hold the rest of the queue (1.551926ms)
✔ restart resends v376 refusals: load during downtime, changed face, cancel of a cancelled bucket, buried next trip (5.443936ms)
✔ HTTP 422 shows the warning and never pretends that the network is lost (5.794283ms)
✔ a genuine fetch failure queues the exact readings for native background delivery (2.009425ms)
✔ HTTP 5xx remains retryable across restart and drains after bounded backoff (3.159867ms)
✔ 401 waits for a new authenticated generation and resumes after login (4.900498ms)
✔ 403 and login redirects are classified as authentication, not validation (3.654161ms)
✔ web retry preserves the original offline shift-close occurred_at (1.302831ms)
✔ confirmation sends the signed token and clears both outboxes (2.559133ms)
✔ editing any reading invalidates the old confirmation and restores the form (1.42776ms)
✔ a warning survives app restart without retrying the rejected request (2.392823ms)
✔ legacy device-clock attention retries the same shift-close action after update (1.133687ms)
✔ hard HTTP validation stays editable and never enters the offline queue (1.063401ms)
✔ Driver never navigates the WebView to a raw HTTP error page (0.426763ms)
✔ native foreground close posts the persisted createdAt as occurred_at (0.203447ms)
✔ current Driver shell precaches the durable runtime and exact authenticated dependencies (2.014573ms)
✔ a legacy loaded shell reloads before adopting a fragment that requires newer assets (3.17457ms)
✔ expired session update migrates a valid shell without touching a nonempty event queue (0.652533ms)
✔ driver shell exposes confirmed identity and shift context; the shift opens through the local shift module (2.861148ms)
✔ manual dotting stays separate from the automatic loaded circle offline (0.491019ms)
✔ dump-point projection helper updates the tile, dial, dataset and sync label (2.812694ms)
✔ sync uses canonical batch endpoint and distinguishes pending review and storage failure (2.289517ms)
✔ a failed background flush never recasts a durable unload as a storage failure (0.492562ms)
✔ unload hold keeps the existing dial and avoids per-frame style writes (2.997623ms)
✔ экран обновляется послойно, а результат сверяется снимком (1.303102ms)
✔ круг устроен одинаково с рейсом и без него (2.722959ms)
✔ timer-only unload hold never starts a requestAnimationFrame loop (1.42176ms)
✔ review-only queue does not block a safe fragment refresh (1.344454ms)
✔ blocking count covers only fresh first-attempt pending events (0.335064ms)
✔ driver opening readings survive blur and realtime fragment event; reset applies deferred version (13.260174ms)
✔ driver opening form errors and pending submit both block fragment replacement (6.781239ms)
✔ a fragment requested before the server accepted queued events is not applied (matrix C1b) (3.708333ms)
✔ the drum takes its points from the active free bucket, else from the primary excavator (1.27554ms)
✔ drum faces are rebuilt only for a different set of points and never while a trip is in the dial (0.31918ms)
✔ a send from the drum carries the point name for the load event and the manifest (0.15313ms)
✔ a manual load merged into the excavator's trip hands the dial to the loaded server trip (4.125442ms)
✔ a manual trip that really ended still leaves an empty dial heading back to the excavator (1.105935ms)
✔ without a loaded server trip the dial goes empty even after an automatic takeover (0.998864ms)
✔ a quick set changed offline is resent as soon as the network is back, and the mark clears on acceptance (5.774244ms)
✔ Driver report uses one two-stage MAX delivery control with the configured group (2.457741ms)
✔ first tap copies the report and second tap opens MAX without copying twice (5.102221ms)
✔ changed report cannot open MAX until the fresh text is copied (1.515031ms)
✔ clipboard failure keeps the control in the safe prepare state (3.220829ms)
✔ copy completion does not re-enable delivery after the screen becomes read-only (1.205034ms)
✔ шаблон подключает части экрана водителя в объявленном порядке (1.842544ms)
✔ части экрана водителя загружаются по очереди без обращений вперёд (12.862805ms)
✔ a screen left behind the server is pushed through after a minute, not before (6.292214ms)
✔ a screen that caught up closes the bypass window and starts counting anew (1.21603ms)
✔ three minutes behind reloads the screen once, then holds off (1.026806ms)
✔ without a live connection nothing is forced and nothing is reloaded (4.637412ms)
✔ a screen that is not behind the server is left alone (0.945223ms)
✔ a hidden screen never accumulates lateness (0.891462ms)
✔ what the driver is typing is never interrupted (0.915168ms)
✔ an open sheet is pushed through but never reloaded from under the finger (0.875027ms)
✔ the last deferral reason stays readable on the page (0.978293ms)
✔ fresh authenticated install caches the exact rendered Driver dependency closure (9.255925ms)
✔ expired-session update migrates real exact Driver shell dependencies and serves each offline (4.477261ms)
✔ missing exact shell dependency fails closure and preserves the previous cache (3.189803ms)
✔ confirmed logout clears authenticated Driver shells but keeps exact assets (2.985324ms)
✔ REFRESH_AUTHENTICATED_SHELL stores the current page so an offline cold start shows it (3.908154ms)
✔ a shell refresh that gets the login page keeps the cached authenticated shell (4.022356ms)
✔ a fragment of a newer shell asks to follow the version instead of reloading at once (1.053807ms)
✔ the page reloads only into a controller that already has the new version, never while hidden, once (0.559702ms)
✔ a newer worker or server reported by base.html starts following that version (0.250618ms)
✔ hold ring fills completely exactly when the unload hold fires (0.991042ms)
✔ a saved unload shows the confirmation layer with voice, for the hold and the manual dial alike (1.409862ms)
✔ the layer never touches the dial: geometry under it is untouched and nothing waits for it (0.695006ms)
✔ the completion buzz is not cancelled by the post-hold reset (0.269096ms)
✔ server confirmation no longer repeats the trip-finished voice (0.203676ms)
✔ the hold reset restores the ready label only when no unload was submitted (0.941287ms)
✔ lost response retains original trip, action and fact time across restart (1.550063ms)
✔ different trip acknowledgement never deletes a pending confirmation (0.22578ms)
✔ new trip and another driver retain independent pending events (0.207352ms)
✔ concurrent retries send an event once (0.224227ms)
✔ explicit server conflict remains available for reconciliation and is not retried (0.270047ms)
✔ failed persistent write does not claim to have queued an event (0.729278ms)
✔ driver and excavator screens both count a visible screen as active (2.522207ms)
✔ driver sets the flag before the realtime client reads it (0.766113ms)
✔ driver template has no multi-line {# #} comments — Django renders those as visible text (0.521045ms)
✔ an outdated shell still applies the fragment and reloads at most once per 30 s (0.468676ms)
✔ synchronous double entry claims the operation once (3.989051ms)
✔ early hook sends the exact event version and the assignment identifier (0.960636ms)
✔ the newest assignment inside one delta wins (0.860496ms)
✔ release_applied is announced and assignment_applied is not (1.865228ms)
✔ an assignment event without an identifier is left to the DOM fallback (0.903911ms)
✔ already_announced finalizes the claim and blocks the DOM fallback (4.242968ms)
✔ a web fallback that actually played finalizes the claim (1.176061ms)
✔ a completely silent failure releases the claim (1.057082ms)
✔ the dump-point cue fallback finalizes the claim (2.903792ms)
✔ the DOM fallback stays silent after the early hook announced the assignment (1.486467ms)
✔ the DOM fallback announces an assignment the early hook could not see (1.095298ms)
✔ the DOM fallback stays silent after the early hook announced the dump point (1.183582ms)
✔ release_pending plays one cue and no voice (0.888187ms)
✔ a repeated DOM refresh does not repeat the release cue (1.272846ms)
✔ release_applied still produces one full announcement after the pending cue (1.822614ms)
✔ the release cue and the release phrase use separate claim keys (0.970611ms)
✔ the release cue never reaches the native announcer (0.324499ms)
✔ a rejected bridge promise releases the assignment claim (1.041368ms)
✔ a synchronously thrown bridge call releases the assignment claim (0.875749ms)
✔ a released claim lets the next path announce the same assignment (1.675463ms)
✔ a rejected dump-point bridge promise releases the trip claim (1.05607ms)
✔ a synchronously thrown dump-point bridge call releases the trip claim (0.898423ms)
✔ the dump-point signal carries the exact event version and trip (0.89016ms)
✔ the Driver assignment form exposes an explicit assignment identifier (0.110306ms)
✔ the DOM fallback never sends a non-positive version (0.67778ms)
✔ the asynchronous dump-point marker is gone (0.262585ms)
✔ the early signal fires while the fragment refresh never resolves (3.990448ms)
✔ the early signal fires while the interface is busy (1.57416ms)
✔ the initial bootstrap never announces stored history (1.24236ms)
✔ a truncated delta is ignored by the early hook (1.266607ms)
✔ an irrelevant response is ignored by the early hook (4.435768ms)
✔ only events newer than the requested cursor are signalled (1.300007ms)
✔ the captured cursor belongs to the request, not to the current state (1.081087ms)
✔ returning from the background uses the exact event version (1.811727ms)
✔ a load of another truck by the same excavator is not announced to this driver (2.15866ms)
✔ this truck's own load is still announced, even when a stranger's load is newer (0.813825ms)
✔ an event without a truck number (fallback from this screen's markup) is announced as before (1.504675ms)
✔ короткая подпись остаётся крупной и не трогается (1.267317ms)
✔ подпись подлиннее ужимается кеглем, но остаётся читаемой (0.236076ms)
✔ длинная подпись переносится по дефису, когда есть вторая строка (0.460323ms)
✔ на тесной карточке переноса нет — подпись сжимается, но не обрезается (0.249265ms)
✔ у скрытой карточки подгонка откладывается, а не пропадает (0.205169ms)
✔ на растущей строке перенос берётся из запаса высоты карточки (0.772283ms)
✔ номер техники не переносится, даже когда высота позволяет (0.243257ms)
✔ когда уступок не осталось, подпись мельчает, но не режется (0.217788ms)
✔ сжатия достаточно — кегль ниже пола не опускается (0.197908ms)
✔ direct dump return requires a confident upward swipe (0.858002ms)
✔ Driver completion requires the same confident gesture downward (0.141363ms)
✔ direct return resolves the explicitly marked newest truck and submits once (1.703344ms)
✔ dump queue keeps an untrusted truck number as text instead of HTML (4.365893ms)
✔ successful swipe restarts and clears the dump-card rebound (0.428645ms)
✔ gesture, fallback queue and realtime safety contracts stay wired (2.084458ms)
✔ Face dump choices distinguish applied, pending-add and pending-remove states (3.6473ms)
✔ A successful save canonicalizes numeric server IDs into the persisted green set (1.536904ms)
✔ A failed post-save fragment refresh keeps Face visible and safely unlocks the confirmed draft (1.16239ms)
✔ Face state classes own the requested green, yellow and neutral visual contracts (0.27898ms)
✔ a whole shift with more than 200 accepted facts survives localStorage restart (402.358981ms)
✔ discarded unsent fact stays in the source journal and is not replayed as a server-confirmed load (2.757682ms)
✔ returning IndexedDB merges fallback facts and confirmations without replacing its existing queue (1.68691ms)
✔ corrupted fallback JSON preserves its raw source and does not block a valid IndexedDB queue (1.989695ms)
✔ legacy cleanup quota cannot switch away from the already working IndexedDB queue (0.812273ms)
✔ empty fallback delivery queue keeps its confirmed sequence high-water after IndexedDB recovery (1.269021ms)
✔ quota while saving ACK retains the event and automatically permits same-session retry after storage recovers (1.409693ms)
✔ stalled response body releases excavator queue and a late result cannot replace the retry (17.205635ms)
✔ excavator deadline works without AbortController and UI callback promises do not block delivery (17.280237ms)
✔ durable event survives a failed send and a new outbox instance (1.37519ms)
✔ a client shell update and offline reopen preserve a nonempty queue (0.303808ms)
✔ missing legacy sequence cannot move a restarted IndexedDB queue backwards (1.599428ms)
✔ same event id is idempotent only for an identical immutable wire event (0.682607ms)
✔ sequential loads retain order and dependency in one batch (0.70407ms)
✔ offline downtime start and close share the exact local reference before sync (0.809589ms)
✔ a quick close after accepted start uses the confirmed server downtime id (0.732232ms)
✔ partial acknowledgement removes only exactly confirmed events (0.749508ms)
✔ accepted load without server trip id remains queued (0.396407ms)
✔ accepted free-bucket load without server trip id remains queued (0.45853ms)
✔ confirmed free-bucket acceptance survives restart with identity and server mapping (0.875949ms)
✔ IndexedDB confirmation writes receipt and removes pending event in one restart-safe state (0.822328ms)
✔ conflict and authorization outcomes remain for review and are not retried (0.487154ms)
✔ a pending event depending on a terminal conflict becomes attention instead of hanging (1.360548ms)
✔ restart retries a legacy device clock conflict and its dependency chain (1.631556ms)
✔ restart retries a legacy post-unload cooldown refusal with the immutable event (0.990371ms)
✔ restart restores the full removed-cooldown chain with immutable envelopes (1.892389ms)
✔ confirmed removed-cooldown root recovers saved children after root left the queue (1.579197ms)
✔ confirmed removed-cooldown child after retry recovers its saved descendant on restart (1.306266ms)
✔ lost root response and restart resend the same removed-cooldown chain (1.548792ms)
✔ restart does not retry an unrelated terminal conflict (0.540684ms)
✔ concurrent flush calls share one network request (5.543867ms)
✔ failed durable write rejects the action before UI success (0.391009ms)
✔ an unsent action can be discarded only while it has no dependants (0.370498ms)
✔ flush drains a queue in bounded batches (1.332316ms)
✔ retry backoff after repeated failures on a live connection never exceeds ten seconds (1.725839ms)
✔ a backoff on an earlier event is not bypassed by later events (0.960807ms)
✔ offline restart retains auth review until a fresh authenticated page resumes it (1.150933ms)
✔ confirmation callback observes the already updated queue count (0.567875ms)
✔ an event that left at once is marked so the server can use its own receipt (0.388315ms)
✔ an event that waited in the queue or survived a reload is not marked live (0.747936ms)
✔ bucket entry stays beside the existing hourly report ring (2.190588ms)
✔ selector modal is external, keypad driven and Android Back aware (0.634265ms)
✔ catalog and accepted cards survive offline shell lifecycle (0.567134ms)
✔ accept cancel and load use the durable field outbox (0.579683ms)
✔ cancel and failed load do not restore an actionable stale card (0.522687ms)
✔ a rejected repeat acceptance is removed instead of becoming a dead card (0.416647ms)
✔ dispatcher removes the used marker at its server deadline without polling (0.688557ms)
✔ one successful free-bucket swipe removes the upper card and keeps a separate five-minute badge (0.373603ms)
✔ all free bucket assets share the current shell marker (0.349146ms)
✔ temporary card adds semantics without replacing production status (0.616288ms)
✔ accept and cancel invalidate an older operational fragment first (0.367834ms)
✔ an upward swipe cancels only an unused free bucket card through the durable outbox (0.490809ms)
✔ predominantly upward swipe cancels exactly once and never creates a load (2.72966ms)
✔ short, sideways and ordinary truck gestures never cancel free bucket acceptance (1.869404ms)
✔ cancel action is persisted before the card disappears and is protected from duplicates (1.163171ms)
✔ existing plan ring is the only accessible hourly-report entry (1.117352ms)
✔ report remains outside replaceable shell without blocking operational refresh (0.339441ms)
✔ server schema renders current then previous as independent three-column blocks (0.162855ms)
✔ report lifecycle is coalesced, stale guarded and closes only once (0.223145ms)
✔ offline cache is explicit and unresolved local loads are not claimed (0.120441ms)
✔ layout matches mobile block structure without horizontal overflow (0.247132ms)
✔ passive pickup needs hold, glows and vibrates without opening a modal (5.047669ms)
✔ release without sending restores passive icon without changing permissions (1.173427ms)
✔ early release, movement and pointer cancellation cannot dispatch (3.197354ms)
✔ active icons respond immediately with no hold requirement (0.858592ms)
✔ pickup tone is local, rising and lasts about 170 ms without using the voice player (0.427894ms)
✔ held passive icon uses the existing dispatch once when dropped on destination (1.046205ms)
✔ comet follows one continuous bounded path, fades and releases its RAF and DOM (7.173409ms)
✔ larger visual preview preserves the nominal drop hitbox (1.073346ms)
✔ slow movement emits the tail outside the card instead of hiding it underneath (1.076191ms)
✔ reduced motion keeps static feedback without a comet or pending animation (0.966856ms)
✔ drag copy sheds blocking and transfer decoration while the real truck retains its state and plan (1.275901ms)
✔ transfer countdown uses server time and never grants rights at local zero (0.391229ms)
✔ fragment refresh rejects older versions and late earlier requests (0.195184ms)
✔ mutation queues a higher-version fragment behind an invalidated in-flight request (8.37635ms)
✔ truck loaded outbox event carries exact assignment state and immutable context (0.540213ms)
✔ successful outgoing load removes only the source card and keeps exact trip badge (0.197518ms)
✔ manual dump preview expiry is trip-specific and independent from transfer countdown (0.176536ms)
✔ offline review records do not block authoritative refresh forever (0.327033ms)
✔ downtime end keeps the active server id and depends on a local start (0.346662ms)
✔ confirmed server trip cancellation also uses the durable outbox (0.159059ms)
✔ confirmed load keeps the server trip id for the next offline load (0.127121ms)
✔ offline restart restores a valid tab from URL or access-scoped storage (0.204608ms)
✔ fragment replacement rebinds outbox dispatch to the new shell without duplicate lifecycle listeners (1.369913ms)
✔ Excavator FCM token is registered once for the authenticated shell (6.830739ms)
✔ Excavator token rotation is registered without duplicate listeners (2.083076ms)
✔ ordinary browser skips native registration and no token is persisted or logged (3.837907ms)
✔ Excavator haptics prefer the native media bridge and preserve gesture timing (1.054297ms)
✔ Excavator shell wires native capabilities and routes existing feedback through them (0.343727ms)
✔ expired-session update migrates v233 shell with exact safe assets and preserves queue (7.12724ms)
﹣ fresh authenticated rendered shell precaches every exact dependency for offline reopen (0.233351ms) # SKIP
✔ missing fresh dependency rejects install before old cache deletion or activation (4.142647ms)
✔ closing accepts anomalous whole readings so the server can request confirmation (7.085217ms)
✔ opening remains strict and malformed close values never reach confirmation (4.615899ms)
✔ the native number input keeps the 100 percent ceiling only while opening (0.34536ms)
✔ confirmation rendering uses text nodes and keeps warnings scrollable (0.889039ms)
✔ warning and confirmed requests keep one shift snapshot and suppress premature success (1.435441ms)
✔ editing readings invalidates a previously issued confirmation (0.460644ms)
✔ номер подгоняется с явным запретом переноса (1.907301ms)
✔ повторный вызов на неизменившемся экране ничего не пересчитывает (0.638131ms)
✔ изменение номера пересчитывает только его (0.612031ms)
✔ сузившаяся карточка пересчитывается заново (0.609938ms)
✔ связка следит за сменой вкладки, а не только за разметкой (0.590109ms)
✔ без общего модуля экран работает как раньше (0.691271ms)
✔ подпись кнопки режима с тем же классом карточки не подгоняется (0.709648ms)
✔ the early hook announces an accepted truck before any DOM refresh (2.528857ms)
✔ the early hook announces a removed truck to the previous excavator (0.649828ms)
✔ pending and unrelated assignment events stay silent (0.590469ms)
✔ several different trucks are delivered to one native batch (1.256342ms)
✔ only the latest operation for one truck is announced (0.695296ms)
✔ the DOM fallback stays silent after the early hook claimed the assignment (0.902939ms)
✔ already_announced finalizes the JS claim and blocks the DOM fallback (6.555309ms)
✔ a rejected bridge releases the operation for the DOM fallback (1.602853ms)
✔ a synchronous bridge throw releases the operation for the next path (0.986966ms)
✔ a removed DOM card shows a notice but never invents a second voice key (1.117142ms)
✔ legacy string snapshots remain readable after the schema upgrade (1.144353ms)
✔ the rendered snapshot exposes the exact HaulAssignment id (0.401104ms)
✔ driver actual screen sender stays bounded through body parsing and receives the outbox abort signal (21.284825ms)
✔ excavator actual screen sender stays bounded through body parsing and receives the outbox abort signal (20.181052ms)
✔ mobile login CSS constrains every grid child and wraps long role headings (1.807711ms)
✔ natural autofocus without viewport shrink keeps the mobile login at x=0 (4.059251ms)
✔ focus and blur of both login fields never horizontally scroll the dialog (1.13577ms)
✔ desktop focus remains stable when the field is already visible (1.197943ms)
✔ shared combined login keeps one geometry and role-specific accent tokens (1.429172ms)
✔ legacy remembered credentials are migrated to phone-only storage (0.911082ms)
✔ malformed remembered credentials are removed instead of retained (2.076256ms)
✔ phone-first login enables Continue after a valid phone without consent (0.701056ms)
✔ consent step requires its standalone checkbox (0.935379ms)
✔ combined login Enter moves phone to PIN and submits without repeated consent (1.000907ms)
✔ refreshMobileBoardFromServer отдаёт промис, а не undefined (4.353384ms)
✔ фоновый таймер не перечитывает доску, пока версия смены не изменилась (0.500694ms)
✔ глобальные слушатели экрана вешаются один раз на страницу (9.859774ms)
✔ прежний неиспользуемый обработчик перетаскивания не уезжает клиенту (0.226782ms)
✔ после отказа сервера доска помечается устаревшей и перечитывается при закрытии окна (1.227297ms)
✔ обновление, запрошенное во время летящего, уходит вторым запросом, а не теряется (1.484565ms)
✔ master fill confirms the home board only after all commands are saved (2.657431ms)
✔ partial quota keeps unsaved fill intent and does not repeat commands already recorded (3.198285ms)
✔ master transfer does not show completion or move the truck before the command is saved (1.147026ms)
✔ перестановка начинается при движении вниз, а не только вбок (3.970538ms)
✔ перестановка начинается по удержанию без движения пальца (342.978433ms)
✔ короткое касание не превращается в перестановку (124.854044ms)
✔ бросок сквозь доску без выдержки над комплексом не назначает самосвал (1.299726ms)
✔ после выдержки над комплексом перестановка выполняется (201.17072ms)
✔ короткий путь до подъехавшего комплекса не мешает перестановке (201.983153ms)
✔ удержание без движения не переставляет самосвал, даже если под пальцем оказался комплекс (542.291116ms)
✔ shared dial component provides three independent accessible slots (1.207899ms)
✔ all three slots stay rendered while unavailable actions are explicitly disabled (0.299501ms)
✔ dial actions are positioned from the dial and clip their real hit areas (0.651501ms)
✔ only the compact dump point action owns the production modal trigger (1.075399ms)
✔ excavator native app receives the exact event name and full sound map (4.156127ms)
✔ driver native app receives the exact event name and full sound map (1.039605ms)
✔ Excavator template enables the bounded connection voice policy (0.29915ms)
✔ Driver template enables the same bounded connection voice policy (0.147713ms)
✔ Excavator connection voice requires sustained loss and sustained recovery (1.619769ms)
✔ Excavator connection transitions use one native signal-and-voice sequence after dwell (1.133647ms)
✔ Excavator recovery dwell resets on recovering, weak, or renewed lost states (1.112515ms)
✔ a routine recovering blip does not postpone the restored announcement (2.195025ms)
✔ first confirmed lost state is announced even without an earlier successful response (1.043301ms)
✔ brief Excavator flaps stay silent and do not arm a restored announcement (1.705398ms)
✔ Excavator loss voice has a persisted five-minute cooldown across reload (2.335036ms)
✔ Excavator assignment batches reach the native bridge with exact operation keys (2.070577ms)
✔ an already announced Excavator batch never falls through to another cue (0.69751ms)
✔ a synchronous batch bridge failure falls back without rejecting (5.859051ms)
✔ native bridge keeps the legacy event contract while web fallback chooses the semantic cue (1.324985ms)
✔ equipment removal fallback uses its distinct removal cue (1.068799ms)
✔ a mixed Excavator batch keeps the generic assignment cue in its fallback (1.886741ms)
✔ a flapping connection restarts the loss dwell instead of accumulating it (0.894277ms)
✔ an outage that never lets up still announces once the dwell passes (0.713574ms)
✔ Driver dial fitting preserves the last visible result while its panel is hidden (10.152977ms)
✔ Driver dial fitting is cached until visible geometry or text changes (2.151599ms)
✔ Driver dial fitting can be forced after web fonts finish loading (2.168104ms)
✔ Driver preserves a forced web-font refit requested while Work is hidden (2.940888ms)
✔ Driver tab settling runs after two frames and replaces stale work (1.45443ms)
✔ Driver density settles from normal through compact to tight (1.048839ms)
✔ Driver tab switch cancels an older density frame (1.110032ms)
✔ Driver applies viewport density and schedules Work dial fit before its first paint (0.592772ms)
✔ Driver full viewport scheduling preempts a pending tab settle (2.907838ms)
✔ Driver ignores disconnected, missing and wrong active panels (3.105605ms)
✔ Excavator defers only the Events status sync and replaces stale work (0.868117ms)
✔ Excavator ignores a shell detached before either settle frame (1.261669ms)
✔ Driver and Excavator both cancel requestAnimationFrame id zero (1.967852ms)
✔ Driver tab source keeps expensive fitting out of the click path (0.902098ms)
✔ Excavator click paints first and defers the Events request (0.338059ms)
✔ Excavator downtime status applies only the latest connected-shell response (1.243291ms)
✔ Excavator fragment refresh preserves the latest current-shell tab (0.95634ms)
✔ Excavator fragment refresh restores native APK update indicator (0.639192ms)
✔ Enter advances between Shift inputs and finishes on the soft-disabled action (3.584547ms)
✔ Android IME actions advance fields without any DOM key event (1.240668ms)
✔ Last Enter does not focus an action while its mutation is pending (0.9432ms)
✔ Shift inputs accept whole numbers only (1.18575ms)
✔ A blocked hold reports once and never completes (0.950911ms)
✔ An allowed Shift hold still completes exactly once (0.817981ms)
✔ Starting a hold releases an active editor before the timer runs (0.815047ms)
✔ driver native bridge follows server-rendered shift state (3.002391ms)
✔ excavator_operator native bridge follows server-rendered shift state (0.819394ms)
✔ native bridge stops immediately on logout and rechecks after resume (1.111864ms)
✔ browser and unrelated native roles never touch the Android plugin (0.162585ms)
✔ driver bridge exposes the durable shift-close outbox without widening other roles (1.854942ms)
✔ driver forwards fresh native evidence once across listener and snapshot (1.065304ms)
✔ excavator_operator forwards fresh native evidence once across listener and snapshot (0.695627ms)
✔ native bridge rejects stale future out-of-order and invalid evidence (0.698121ms)
✔ old APK lastAliveAt remains lifecycle-compatible without invented heartbeat (0.716799ms)
✔ background evidence is applied once from a fresh resume snapshot (0.779253ms)
✔ failure evidence is sanitized and never leaks native error text or queue content (0.663459ms)
✔ production fragment helper sends a versioned JSON-only request (3.361531ms)
✔ production fragment helper rejects contract and screen mismatches (1.838177ms)
✔ production fragment helper times out a hung request and remains reusable (11.410064ms)
✔ production fragment helper parses only the requested root (1.56751ms)
✔ Excavator fragment refresh admits only its scoped pending Shift owner (2.144299ms)
✔ concurrent Excavator refresh triggers share one in-flight request (1.299035ms)
✔ successful Excavator Shift save clears its draft before owned fragment reconciliation (0.91021ms)
✔ Driver maps confirmed actions to the required recorded voice announcements (1.144373ms)
✔ four production refresh handlers use narrow fragments, never a full HTML GET (3.077003ms)
✔ Mining Master delegates state polling exclusively to the shared realtime client (0.773555ms)
✔ real Driver button joins the real guard automatic update single-flight (5.687513ms)
✔ real Driver button retries the real guard after an automatic update error (1.762784ms)
✔ real Driver button reports an unavailable shared updater instead of a false current version (1.33546ms)
✔ base.html publishes PWA contract datasets and executable guard markers (1.285445ms)
✔ role controller listeners only reconcile stale UI while base owns contract reload (2.445592ms)
✔ Driver shift manual update delegates to the shared guarded single-flight path (0.436818ms)
✔ Excavator recovery banner is viewport-bound, safe-area aware and one-row (0.727986ms)
✔ shared contract banner contains long recovery text on narrow role screens (0.293672ms)
✔ quick initial verification keeps the generic banner hidden but locks mutations immediately (4.044439ms)
✔ field-app logout buttons clear the authenticated shell through the shared native-safe path (0.329426ms)
✔ logout clears through an active registration before the first page has a controller (1.516643ms)
✔ native APK uses the role worker for offline shell without entering the browser lock lifecycle (1.735032ms)
✔ native APK retries a failed role worker registration after connectivity returns (1.508946ms)
✔ native APK retries a redundant worker install once and coalesces resume bursts (1.18208ms)
✔ native APK remains usable when the WebView service worker API is unavailable (0.842067ms)
✔ prolonged contract lock exposes a banner and non-secret diagnostics (1.27565ms)
✔ generic banner follows a role update modal opening and closing without duplicates (1.1553ms)
✔ a ready contract clears its completed flight so the same contract can relock and update again (1.59363ms)
✔ hanging registration.update is timed out, retried with bounded backoff, then exposes Retry (7.463948ms)
✔ stable role shells perform no full version_check GET and no automatic update (2.082876ms)
✔ each new role_shell_version causes exactly one controlled update (2.729008ms)
✔ manual update joins an in-flight automatic update for the same target shell (1.424464ms)
✔ controllerchange reads the current controller and ignores a delayed old active response (1.575342ms)
✔ delayed old waiting response after controllerchange cannot roll contract state back (1.794522ms)
✔ controllerchange locks immediately until the new controller version is verified (1.457254ms)
✔ controllerchange with no version response cannot inherit the previous ready state (4.720287ms)
✔ matching waiting responses cannot unlock an unverified replacement controller (1.753339ms)
✔ waiting responses cannot hide a late controller mismatch or create a reload loop (1.842684ms)
✔ mismatching replacement controller triggers at most one safe reload (1.630515ms)
✔ mismatching controller waits for unfinished work and reloads after it becomes safe (1.556203ms)
✔ two Driver fragment rebinds add no SW registration or controllerchange listener (6.24331ms)
✔ Driver can activate a waiting worker that matches newly loaded HTML (2.02572ms)
✔ Driver never offers an older waiting worker over newer loaded HTML (1.344424ms)
✔ Driver ignores a delayed stale waiting worker after promotion and fragment rebind (1.795222ms)
✔ unfinished Driver action never receives SKIP_WAITING or a forced reload (1.679419ms)
✔ controller change waits for an unfinished action and reloads exactly once when safe (1.652148ms)
✔ a broader worker from another role cannot replace the configured scoped worker (2.03283ms)
✔ a legacy settlement worker cannot replace the configured clerk worker (1.299106ms)
✔ transient registration failure recovers automatically without an online event (2.31101ms)
✔ failed controlled update retries with backoff even while offline and does not storm (2.177248ms)
✔ online burst reuses an in-flight service-worker registration (1.376913ms)
✔ PWA recovery controls remain clickable while the contract is locked (1.329592ms)
✔ old cached JavaScript and service worker lock new HTML and request an atomic update (1.505617ms)
✔ a coherent old shell remains usable offline and locks once a newer online contract is known (1.212005ms)
✔ contract recovery never mutates or removes an open trip from the DOM (1.178183ms)
✔ two sequential releases allow at most one reload for each expected contract (2.376438ms)
✔ all role PWA cache prefixes are unique and cleanup stays role-scoped (5.431628ms)
✔ Mining Master manual check stops on a shared-guard error before fallback registration (6.160726ms)
✔ Excavator ignores delayed waiting-worker version after promotion (2.250969ms)
✔ Mining Master ignores delayed waiting-worker version after promotion (1.566638ms)
✔ Excavator never sends SKIP_WAITING after a shown worker becomes active (1.124212ms)
✔ Mining Master never sends SKIP_WAITING after a shown worker becomes active (1.307579ms)
✔ Excavator closes a shown update when another tab activates its worker (1.398896ms)
✔ Mining Master closes a shown update when another tab activates its worker (1.299056ms)
✔ Excavator ignores a late old active-worker sync after the new sync wins (1.21528ms)
✔ Mining Master ignores a late old active-worker sync after the new sync wins (1.828223ms)
✔ QA preview renders all 53 sorted rows and premium five without fetch (22.623902ms)
✔ compact desktop columns follow participant thresholds without padding rows (19.956457ms)
✔ display order keeps 53 unique visible positions and exactly five premium rows across ties (7.048952ms)
✔ one assigned participant without closed shifts stays visible without a place or score (1.969635ms)
✔ a participant without a result does not affect the rated participant place (1.817997ms)
✔ two participants without closed shifts remain listed without visible places (1.608131ms)
✔ a no-result row never receives premium styling from display order (1.695973ms)
✔ three-column desktop layout remains available as a reserve (3.554652ms)
✔ rating row keeps explicit place and one photo-name-truck-movement badge (2.33764ms)
✔ saved replay fetches once and boots paused without live timers (13.037389ms)
✔ saved replay plays forward to day 30 and stops without wrapping (52.973897ms)
✔ saved replay plays backward to day 1 and stops without wrapping (51.673244ms)
✔ replay speed reschedules once while pause and step stay deterministic (18.264559ms)
✔ random replay navigation keeps saved deltas and fixed place slots (16.005778ms)
✔ incomplete saved replay fails closed without static fallback (2.807447ms)
✔ saved replay rejects different places for one equal score (9.203827ms)
✔ saved replay rejects a day marked unavailable (12.411396ms)
✔ keyboard visibility and mobile state pause replay safely (13.123268ms)
✔ fullscreen rejection preserves replay day phase and status (6.51544ms)
✔ formula replay uses its pinned schema and preserves exact nullable KPI rows (17.820391ms)
✔ visual and formula replay validators never autodetect or fall back (7.343085ms)
✔ formula replay rejects fake zero KPI and non-four-decimal rated score (11.262086ms)
✔ formula shift switch aborts stale response and preserves day on pause (40.612199ms)
✔ formula preview cannot force a disabled shift (15.916774ms)
✔ live initial fetch uses private no-store GET and the night query (2.218259ms)
✔ future period stays a manual option and is not added to background refresh (2.588157ms)
✔ 15-second rotation follows only the dispatcher-selected program (4.224341ms)
✔ cached group transition aborts a pending request and ignores its late response (2.270378ms)
✔ the active group is refreshed once after 300 seconds (1.931578ms)
✔ screen movement follows display order while shared server places stay unchanged (1.857697ms)
✔ initial 5xx replaces loading state with a terminal server message (0.838102ms)
✔ network failure preserves the last successful rating snapshot (1.2421ms)
✔ QA live reads state then materialized data and renders held placeholders (1.806169ms)
✔ QA live refreshes the real chain after ten seconds (1.680471ms)
✔ QA live never keeps another group under a 503 response (1.484224ms)
✔ QA live rejects a materialized response with another group identity (1.431576ms)
✔ QA live clears a same-group frame on 409 or 503 and retries later (3.397034ms)
✔ QA live ignores a late materialized response from the previous step (1.704747ms)
✔ only Driver and Excavator opt into full foreground reconciliation (2.705373ms)
✔ first realtime 401 terminates auth once and permanently stops this client (7.610448ms)
✔ HTTP 500 is a connection failure, not authentication termination (6.792587ms)
✔ server restart recovery applies a higher version through custom refresh (2.983321ms)
✔ irrelevant delta advances version without events GET, custom refresh or HTML reload (1.541071ms)
✔ custom refresh false keeps the version pending until a retry applies it (2.212011ms)
✔ hidden tab pauses failed HTML refresh retries until one visible catch-up (3.107419ms)
✔ system admin uses the generic safe reload after server recovery (3.390835ms)
✔ offline state is recoverable and does not terminate authentication (2.415297ms)
✔ the Driver and Excavator use 2s polling while other work and observer screens keep their shared intervals (10.266047ms)
✔ Mining Master runs twelve visible hours with only the shared five-second realtime timer (418.464655ms)
✔ Mining Master loads one JSON fragment for a relevant event and none for an irrelevant event (1.340398ms)
✔ Mining Master coalesces focus, visibility and online catch-up into one state request (0.8302ms)
✔ Driver foreground recovery reconciles the server fragment even at the same version (1.12277ms)
✔ Excavator BFCache recovery reconciles its first known version despite irrelevant delta (0.906995ms)
✔ foreground reconciliation stays pending while a worker edits and applies after focus clears (0.910101ms)
✔ ordinary focused polling does not reload a fresh Driver fragment (0.699192ms)
✔ a touch after a missed Android lifecycle gap forces one server reconciliation (0.841707ms)
✔ a second background cycle cannot be erased by an older in-flight fragment (1.059445ms)
✔ background during a normal version update still runs the required foreground fragment (0.94977ms)
✔ hidden tab performs no initial or timer-driven realtime requests (0.747295ms)
✔ blur pauses polling and focus performs one immediate catch-up request (0.783699ms)
✔ native startup reveal wakes a rendered WebView before DOM focus is reported (0.898954ms)
✔ native Driver reveal reconciles its same-version shell before the first DOM focus (0.885383ms)
✔ force shares a healthy owner; a paused generation cannot clear its replacement (0.849489ms)
✔ active to hidden aborts the current poll and visible resumes exactly once (0.864962ms)
✔ one error is weak with reconnecting copy and no stale/lost class (9.048513ms)
✔ background watchdog never counts silence or corrupts settled state (2.121705ms)
✔ watchdog timeout invalidates one owner and counts exactly once even with late abort catch (2.419233ms)
✔ wake events in separate turns share healthy poll and one reconciliation (2.453444ms)
✔ three real failures reach lost; successful transport stays recovering until DOM applied (1.735553ms)
✔ invalid/missing version response counts failure instead of silently hanging (1.076981ms)
✔ missing role handler retains observed version and cannot mark it applied (0.993125ms)
✔ new irrelevant delta cannot clear an older failed DOM reconciliation (1.340158ms)
✔ fresh native success clears lost once but waits for WebView reconciliation (3.804388ms)
✔ ordinary first failure then success resets errors without a lost event (1.219496ms)
✔ current timeout and late finally cannot touch a newer request owner (1.207449ms)
✔ fifteen active seconds without either successful channel is lost, not invented failures (0.759093ms)
✔ a long visible WebView timer freeze probes before declaring Excavator connection lost (0.829109ms)
✔ fresh successful native channel prevents false lost from a failing WebView channel (2.621126ms)
✔ stale future duplicate and native failure evidence cannot reset a failed WebView (0.820305ms)
✔ offline is weak until silence threshold and online alone is not transport proof (0.855258ms)
✔ pending outbox keeps recovering after fragment; drain requests final truth (1.506047ms)
✔ twenty-second server truth refresh repeats even while global version remains unchanged (2.525913ms)
✔ synchronous DOM throw retains pending version and retries with bounded backoff (1.706209ms)
✔ an older successful fragment cannot erase a newer requested server version (1.348029ms)
✔ failed role refresh gets exponential backoff while a busy input is only deferred (1.463824ms)
✔ planned pause abort produces diagnostic without an unplanned error or lost state (0.913095ms)
✔ HTTP 200 login HTML is invalid transport data and never acknowledges state (0.782909ms)
✔ separated lifecycle signals after a fast HTTP and DOM response still coalesce (1.385877ms)
✔ a later reconcile signal reuses a burst's plain focus response (1.053867ms)
✔ visible-only wake gets a fresh active silence budget after a minute in background (1.051914ms)
✔ native global version prompts a relevance poll instead of an unrelated fragment (1.044012ms)
✔ fresh network fragment clears lost even when the realtime channel failed (1.175369ms)
✔ authenticated WebView heartbeat recovers a PWA without any native bridge (4.565213ms)
✔ heartbeat event accepts only the authenticated endpoint's fresh 204 contract (0.939775ms)
✔ live role switch makes mutations readonly and preserves safe controls (13.724153ms)
✔ ready confirmation is disarmed when the active role changes (2.806105ms)
✔ read-only ordinary logout uses the production link handler and mutation confirms stay blocked (9.408475ms)
✔ driver shift-close and unload holds reset on a mid-hold role switch (12.328221ms)
✔ driver hold final callback rechecks readonly before local state changes (3.950938ms)
✔ production driver shift-close requires its hold marker and blocks readonly role (8.19024ms)
✔ driver: interrupted first fragment retains applied version and next truth restores loaded state (4.578864ms)
✔ driver: concurrent triggers share one fragment owner (2.788048ms)
✔ driver: wrong selector never acknowledges pending version (2.271991ms)
✔ driver: initialization failure after replacement never acknowledges version (1.134589ms)
✔ driver: hidden page, open modal and dirty form defer without GET or replacement (1.37455ms)
✔ driver: background entered during GET defers and leaves version pending (3.063513ms)
✔ driver: tab selected while GET runs and scroll snapshot survive replacement (1.024753ms)
✔ driver: empty event delta still reconciles server truth and acknowledges actual payload version (0.889048ms)
✔ excavator: interrupted first fragment retains applied version and next truth restores loaded state (2.009656ms)
✔ excavator: concurrent triggers share one fragment owner (0.911753ms)
✔ excavator: wrong selector never acknowledges pending version (0.753585ms)
✔ excavator: initialization failure after replacement never acknowledges version (0.8372ms)
✔ excavator: hidden page, open modal and dirty form defer without GET or replacement (0.69726ms)
✔ excavator: background entered during GET defers and leaves version pending (0.679113ms)
✔ excavator: tab selected while GET runs and scroll snapshot survive replacement (0.727746ms)
✔ excavator: empty event delta still reconciles server truth and acknowledges actual payload version (0.726544ms)
✔ driver: stale GET cannot overwrite a shell replaced by successful POST (0.893134ms)
✔ driver: same-owner newer target never claims the earlier fragment reflects that target (1.153156ms)
✔ excavator POST acknowledgement maps server IDs but leaves DOM applied version unchanged (1.54077ms)
✔ driver outbox acknowledgement uses only common reconciliation owner (0.959975ms)
✔ driver downtime acknowledgement records the server id and reconciles without a version (1.2224ms)
✔ driver refresh skips the DOM when the fragment equals the applied snapshot (1.05575ms)
✔ driver refresh skips the DOM for its own confirmed downtime but not for foreign events (1.099465ms)
✔ driver refresh applies for real when a hidden tab was opened after an own downtime (1.176722ms)
✔ driver: outbox count feeds common machine and empty queue never asserts transport success (1.181569ms)
✔ excavator: outbox count feeds common machine and empty queue never asserts transport success (1.199046ms)
✔ excavator direct fragment reports successful transport only after genuine DOM initialization (2.371681ms)
✔ production Driver unload recovery keeps one action id across hold, one-tap, lost response, reload, BFCache and realtime shell replacement (18.406152ms)
✔ production Excavator load survives a lost response and a restarted durable outbox retries the identical event (12.743046ms)
✔ production Excavator late deduplicated completed load reconciles from server and never revives the optimistic trip (4.997314ms)
ℹ tests 1049
ℹ suites 0
ℹ pass 1048
ℹ fail 0
ℹ cancelled 0
ℹ skipped 1
ℹ todo 0
ℹ duration_ms 5511.3261
