[28/Jul/2026 14:27:14] "GET /driver/ HTTP/1.1" 302 0
[28/Jul/2026 14:27:31] "GET /driver/ HTTP/1.1" 200 254865
[28/Jul/2026 14:27:31] "GET /static/js/role-readonly.js?v=role-readonly-v3 HTTP/1.1" 200 14347
[28/Jul/2026 14:27:31,913] - Broken pipe from ('127.0.0.1', 33971)
[28/Jul/2026 14:27:31] "GET /realtime/state/?after=83691&include_events=1 HTTP/1.1" 200 442
[28/Jul/2026 14:27:31] "GET /driver-sw.js HTTP/1.1" 200 4973
[28/Jul/2026 14:27:32] "GET /static/css/app.css?v=ready-core-traffic-v7 HTTP/1.1" 200 837236
[28/Jul/2026 14:27:32] "GET /static/js/realtime-client.js?v=ready-core-traffic-v7 HTTP/1.1" 200 36338
[28/Jul/2026 14:27:32] "GET /driver/ HTTP/1.1" 200 254865
[28/Jul/2026 14:27:32] "GET /driver/shift/ HTTP/1.1" 200 254865
[28/Jul/2026 14:27:32] "GET /driver.webmanifest HTTP/1.1" 200 1355
[28/Jul/2026 14:27:33] "GET /api/achievements/current/ HTTP/1.1" 200 33
[28/Jul/2026 14:27:33] "GET /driver-sw.js HTTP/1.1" 200 4973
[28/Jul/2026 14:27:36] "GET /realtime/state/?after=83691&include_events=1 HTTP/1.1" 200 442
[28/Jul/2026 14:27:41] "GET /realtime/state/?after=83691&include_events=1 HTTP/1.1" 200 442
[28/Jul/2026 14:27:46] "GET /realtime/state/?after=83691&include_events=1 HTTP/1.1" 200 442
[28/Jul/2026 14:27:51] "GET /realtime/state/?after=83691&include_events=1 HTTP/1.1" 200 442
[28/Jul/2026 14:27:55] "GET /excavator/work/ HTTP/1.1" 200 219266
[28/Jul/2026 14:27:55] "GET /static/js/role-readonly.js?v=role-readonly-v3 HTTP/1.1" 200 14347
[28/Jul/2026 14:27:55] "GET /static/css/excavator-work-v55.css?v=excavator-mobile-shell-v125 HTTP/1.1" 200 116570
[28/Jul/2026 14:27:55] "GET /static/css/excavator-work-v55-final.css?v=excavator-mobile-shell-v125 HTTP/1.1" 200 97393
[28/Jul/2026 14:27:55] "GET /static/css/excavator-work-v55-shift.css?v=excavator-mobile-shell-v125 HTTP/1.1" 200 129403
[28/Jul/2026 14:27:55] "GET /static/img/equipment/excavator-yellow.png HTTP/1.1" 200 68719
[28/Jul/2026 14:27:55] "GET /static/img/equipment/truck-gray.png HTTP/1.1" 200 43999
[28/Jul/2026 14:27:56,298] - Broken pipe from ('127.0.0.1', 46112)
[28/Jul/2026 14:27:56] "GET /realtime/state/?after=83691&include_events=1 HTTP/1.1" 200 482
[28/Jul/2026 14:27:56] "GET /excavator-sw.js HTTP/1.1" 200 5808
[28/Jul/2026 14:27:56] "GET /static/js/realtime-client.js?v=ready-core-traffic-v7 HTTP/1.1" 200 36338
[28/Jul/2026 14:27:56] "GET /static/css/app.css?v=ready-core-traffic-v7 HTTP/1.1" 200 837236
[28/Jul/2026 14:27:56] "GET /static/js/role-readonly.js HTTP/1.1" 200 14347
[28/Jul/2026 14:27:56] "GET /static/css/excavator-work-v55.css HTTP/1.1" 200 116570
[28/Jul/2026 14:27:56] "GET /static/css/excavator-work-v55-final.css HTTP/1.1" 200 97393
[28/Jul/2026 14:27:56] "GET /static/css/excavator-work-v55-shift.css HTTP/1.1" 200 129403
[28/Jul/2026 14:27:56] "GET /static/favicon.ico HTTP/1.1" 200 3879
[28/Jul/2026 14:27:56] "GET /static/img/pwa/excavator-180.png HTTP/1.1" 200 5421
[28/Jul/2026 14:27:56] "GET /static/img/pwa/excavator-192.png HTTP/1.1" 200 5573
[28/Jul/2026 14:27:56] "GET /static/img/pwa/excavator-512.png HTTP/1.1" 200 13919
[28/Jul/2026 14:27:56] "GET /excavator.webmanifest HTTP/1.1" 200 1446
[28/Jul/2026 14:27:56] "GET /static/img/pwa/excavator-maskable-512.png HTTP/1.1" 200 13919
[28/Jul/2026 14:27:56] "GET /static/img/equipment/excavator-gray.png HTTP/1.1" 200 50217
[28/Jul/2026 14:27:56] "GET /static/img/equipment/excavator-green.png HTTP/1.1" 200 63574
[28/Jul/2026 14:27:56] "GET /static/img/equipment/excavator-yellow.png HTTP/1.1" 200 68719
[28/Jul/2026 14:27:56] "GET /static/img/equipment/excavator-red.png HTTP/1.1" 200 78206
[28/Jul/2026 14:27:56] "GET /static/img/equipment/truck-gray.png HTTP/1.1" 200 43999
[28/Jul/2026 14:27:56] "GET /static/img/equipment/truck-green.png HTTP/1.1" 200 73402
[28/Jul/2026 14:27:56] "GET /static/img/equipment/truck-yellow.png HTTP/1.1" 200 58935
[28/Jul/2026 14:27:56] "GET /static/img/equipment/truck-red.png HTTP/1.1" 200 46288
[28/Jul/2026 14:27:56] "GET /excavator/work/ HTTP/1.1" 200 219266
[28/Jul/2026 14:27:57] "GET /api/achievements/current/ HTTP/1.1" 200 33
[28/Jul/2026 14:27:57] "GET /excavator-sw.js HTTP/1.1" 200 5808
[28/Jul/2026 14:28:01] "GET /realtime/state/?after=83691&include_events=1 HTTP/1.1" 200 482
[28/Jul/2026 14:28:06] "GET /realtime/state/?after=83691&include_events=1 HTTP/1.1" 200 482
[28/Jul/2026 14:28:11] "GET /realtime/state/?after=83691&include_events=1 HTTP/1.1" 200 482
[28/Jul/2026 14:28:16] "GET /realtime/state/?after=83691&include_events=1 HTTP/1.1" 200 482
[28/Jul/2026 14:28:21] "GET /realtime/state/?after=83691&include_events=1 HTTP/1.1" 200 482
[28/Jul/2026 14:28:26] "GET /realtime/state/?after=83691&include_events=1 HTTP/1.1" 200 482
[28/Jul/2026 14:28:30] "GET /mining-master/assignments/ HTTP/1.1" 200 922551
[28/Jul/2026 14:28:31] "GET /static/js/role-readonly.js?v=role-readonly-v3 HTTP/1.1" 200 14347
[28/Jul/2026 14:28:31] "GET /static/img/equipment/excavator-gray.png HTTP/1.1" 200 50217
[28/Jul/2026 14:28:31] "GET /static/img/equipment/truck-blue.png HTTP/1.1" 200 48406
[28/Jul/2026 14:28:31] "GET /static/img/equipment/excavator-blue.png HTTP/1.1" 200 66936
[28/Jul/2026 14:28:31] "GET /static/img/equipment/truck-gray.png HTTP/1.1" 200 43999
[28/Jul/2026 14:28:31,430] - Broken pipe from ('127.0.0.1', 28908)
[28/Jul/2026 14:28:31] "GET /realtime/state/?after=83691&include_events=1 HTTP/1.1" 200 471
[28/Jul/2026 14:28:31] "GET /mining-master-sw.js HTTP/1.1" 200 6810
[28/Jul/2026 14:28:31] "GET /static/css/app.css?v=ready-core-traffic-v7 HTTP/1.1" 200 837236
[28/Jul/2026 14:28:31] "GET /static/js/realtime-client.js?v=ready-core-traffic-v7 HTTP/1.1" 200 36338
[28/Jul/2026 14:28:31] "GET / HTTP/1.1" 302 0
[28/Jul/2026 14:28:31] "GET /mining-master/assignments/ HTTP/1.1" 200 922551
[28/Jul/2026 14:28:31] "GET /mining-master-manifest.webmanifest HTTP/1.1" 200 1425
[28/Jul/2026 14:28:31] "GET /static/js/role-readonly.js HTTP/1.1" 200 14347
[28/Jul/2026 14:28:31] "GET /static/favicon.ico HTTP/1.1" 200 3879
[28/Jul/2026 14:28:31] "GET /static/img/pwa/mining-master-180.png HTTP/1.1" 200 6060
[28/Jul/2026 14:28:31] "GET /static/img/pwa/mining-master-192.png HTTP/1.1" 200 6234
[28/Jul/2026 14:28:31] "GET /static/img/pwa/mining-master-512.png HTTP/1.1" 200 16577
[28/Jul/2026 14:28:31] "GET /static/img/pwa/mining-master-maskable-512.png HTTP/1.1" 200 16577
[28/Jul/2026 14:28:31] "GET /static/img/equipment/excavator-gray.png HTTP/1.1" 200 50217
[28/Jul/2026 14:28:31] "GET /static/img/equipment/excavator-blue.png HTTP/1.1" 200 66936
[28/Jul/2026 14:28:31] "GET /static/img/equipment/excavator-green.png HTTP/1.1" 200 63574
[28/Jul/2026 14:28:31] "GET /static/img/equipment/excavator-yellow.png HTTP/1.1" 200 68719
[28/Jul/2026 14:28:31] "GET /static/img/equipment/excavator-red.png HTTP/1.1" 200 78206
[28/Jul/2026 14:28:31] "GET /static/img/equipment/truck-gray.png HTTP/1.1" 200 43999
[28/Jul/2026 14:28:31] "GET /static/img/equipment/truck-blue.png HTTP/1.1" 200 48406
[28/Jul/2026 14:28:31] "GET /static/img/equipment/truck-green.png HTTP/1.1" 200 73402
[28/Jul/2026 14:28:31] "GET /static/img/equipment/truck-yellow.png HTTP/1.1" 200 58935
[28/Jul/2026 14:28:31] "GET /static/img/equipment/truck-red.png HTTP/1.1" 200 46288
[28/Jul/2026 14:28:31] "GET /home/ HTTP/1.1" 302 0
[28/Jul/2026 14:28:32] "GET /mining-master/assignments/ HTTP/1.1" 200 922551
[28/Jul/2026 14:28:33] "GET /mining-master-sw.js HTTP/1.1" 200 6810
[28/Jul/2026 14:28:36] "GET /realtime/state/?after=83691&include_events=1 HTTP/1.1" 200 471
[28/Jul/2026 14:28:41] "GET /realtime/state/?after=83691&include_events=1 HTTP/1.1" 200 471
[28/Jul/2026 14:28:46] "GET /realtime/state/?after=83691&include_events=1 HTTP/1.1" 200 471
[28/Jul/2026 14:28:51] "GET /realtime/state/?after=83691&include_events=1 HTTP/1.1" 200 471
[28/Jul/2026 14:28:56] "GET /realtime/state/?after=83691&include_events=1 HTTP/1.1" 200 471
[28/Jul/2026 14:28:59] "GET /static/img/equipment/truck-gray.png HTTP/1.1" 200 43999
[28/Jul/2026 14:28:59] "GET /static/img/equipment/excavator-gray.png HTTP/1.1" 200 50217
[28/Jul/2026 14:28:59] "GET /static/img/equipment/excavator-green.png HTTP/1.1" 200 63574
[28/Jul/2026 14:28:59] "GET /static/img/equipment/truck-green.png HTTP/1.1" 200 73402
[28/Jul/2026 14:29:01] "GET /realtime/state/?after=83691&include_events=1 HTTP/1.1" 200 471
[28/Jul/2026 14:29:06] "GET /realtime/state/?after=83691&include_events=1 HTTP/1.1" 200 471
[28/Jul/2026 14:29:11] "GET /realtime/state/?after=83691&include_events=1 HTTP/1.1" 200 471
[28/Jul/2026 14:29:11] "GET /system-admin/ HTTP/1.1" 200 100380
[28/Jul/2026 14:29:11] "GET /static/js/role-readonly.js?v=role-readonly-v3 HTTP/1.1" 200 14347
[28/Jul/2026 14:29:11] "GET /static/js/role-app-pwa-v1.js HTTP/1.1" 200 776
[28/Jul/2026 14:29:12,058] - Broken pipe from ('127.0.0.1', 2248)
[28/Jul/2026 14:29:12] "GET /realtime/state/?include_events=1 HTTP/1.1" 200 11234
[28/Jul/2026 14:29:12] "GET /system-admin-sw.js HTTP/1.1" 200 3927
[28/Jul/2026 14:29:12] "GET /oup/employees/ HTTP/1.1" 200 606983
[28/Jul/2026 14:29:12] "GET /static/css/oup-workplace-v1.css?v=20260718-4 HTTP/1.1" 200 31352
[28/Jul/2026 14:29:12] "GET /static/css/oup-work-period-v1.css?v=20260718-3 HTTP/1.1" 200 3752
[28/Jul/2026 14:29:12] "GET /static/css/oup-responsive-layout-v2.css?v=20260718-2 HTTP/1.1" 200 1296
[28/Jul/2026 14:29:12] "GET /static/js/role-readonly.js?v=role-readonly-v3 HTTP/1.1" 200 14347
[28/Jul/2026 14:29:12] "GET /static/js/oup-workplace.js?v=20260714-5 HTTP/1.1" 200 5952
[28/Jul/2026 14:29:12] "GET /static/js/oup-work-period-v1.js HTTP/1.1" 200 827
[28/Jul/2026 14:29:12] "GET /static/js/role-app-pwa-v1.js HTTP/1.1" 200 776
[28/Jul/2026 14:29:12] "GET /oup-sw.js HTTP/1.1" 200 3881
[28/Jul/2026 14:29:13] "GET /system-admin-sw.js HTTP/1.1" 200 3927
[28/Jul/2026 14:29:14] "GET /deputy-mining-manager/ HTTP/1.1" 200 554143
[28/Jul/2026 14:29:14] "GET /static/js/role-readonly.js?v=role-readonly-v3 HTTP/1.1" 200 14347
[28/Jul/2026 14:29:14] "GET /static/css/deputy-mining-manager-v3.css?v=20260718-2 HTTP/1.1" 200 39759
[28/Jul/2026 14:29:14] "GET /static/js/deputy-mining-manager-pwa-v1.js HTTP/1.1" 200 2773
[28/Jul/2026 14:29:14] "GET /static/js/deputy-mining-manager-v3.js HTTP/1.1" 200 66053
[28/Jul/2026 14:29:14] "GET /static/img/equipment/truck-green.png HTTP/1.1" 200 73402
[28/Jul/2026 14:29:14] "GET /deputy-mining-manager-sw.js HTTP/1.1" 200 8109
[28/Jul/2026 14:29:14] "GET /oup-sw.js HTTP/1.1" 200 3881
[28/Jul/2026 14:29:15] "GET /dispatcher/control/ HTTP/1.1" 200 867935
[28/Jul/2026 14:29:15] "GET /static/js/role-readonly.js?v=role-readonly-v3 HTTP/1.1" 200 14347
[28/Jul/2026 14:29:15] "GET /static/img/equipment/excavator-gray.png HTTP/1.1" 200 50217
[28/Jul/2026 14:29:15] "GET /static/img/equipment/truck-blue.png HTTP/1.1" 200 48406
[28/Jul/2026 14:29:15] "GET /deputy-mining-manager-sw.js HTTP/1.1" 200 8109
[28/Jul/2026 14:29:15,512] - Broken pipe from ('127.0.0.1', 27759)
[28/Jul/2026 14:29:15] "GET /dispatcher-sw.js HTTP/1.1" 200 5900
[28/Jul/2026 14:29:15] "GET /realtime/state/?after=83691&include_events=1 HTTP/1.1" 200 459
[28/Jul/2026 14:29:16] "GET /mining-master/assignments/ HTTP/1.1" 200 922551
[28/Jul/2026 14:29:16] "GET /static/js/role-readonly.js?v=role-readonly-v3 HTTP/1.1" 200 14347
[28/Jul/2026 14:29:16] "GET /static/img/equipment/truck-blue.png HTTP/1.1" 200 48406
[28/Jul/2026 14:29:16] "GET /static/img/equipment/excavator-blue.png HTTP/1.1" 200 66936
[28/Jul/2026 14:29:16] "GET /deputy-mining-manager-sw.js HTTP/1.1" 200 8109
[28/Jul/2026 14:29:16] "GET /dispatcher-sw.js HTTP/1.1" 200 5900
[28/Jul/2026 14:29:16,294] - Broken pipe from ('127.0.0.1', 28505)
[28/Jul/2026 14:29:16] "GET /realtime/state/?after=83691&include_events=1 HTTP/1.1" 200 471
[28/Jul/2026 14:29:16] "GET /excavator/work/ HTTP/1.1" 200 219266
[28/Jul/2026 14:29:16] "GET /static/js/role-readonly.js?v=role-readonly-v3 HTTP/1.1" 200 14347
[28/Jul/2026 14:29:16] "GET /static/css/excavator-work-v55.css?v=excavator-mobile-shell-v125 HTTP/1.1" 200 116570
[28/Jul/2026 14:29:16] "GET /static/css/excavator-work-v55-final.css?v=excavator-mobile-shell-v125 HTTP/1.1" 200 97393
[28/Jul/2026 14:29:16] "GET /static/img/equipment/excavator-yellow.png HTTP/1.1" 200 68719
[28/Jul/2026 14:29:16] "GET /static/img/equipment/truck-gray.png HTTP/1.1" 200 43999
[28/Jul/2026 14:29:16] "GET /static/css/excavator-work-v55-shift.css?v=excavator-mobile-shell-v125 HTTP/1.1" 200 129403
[28/Jul/2026 14:29:16] "GET /realtime/state/?after=83691&include_events=1 HTTP/1.1" 200 482
[28/Jul/2026 14:29:16,980] - Broken pipe from ('127.0.0.1', 9003)
[28/Jul/2026 14:29:17] "GET /dispatcher-sw.js HTTP/1.1" 200 5900
[28/Jul/2026 14:29:17] "GET /driver/ HTTP/1.1" 200 254865
[28/Jul/2026 14:29:17] "GET /static/js/role-readonly.js?v=role-readonly-v3 HTTP/1.1" 200 14347
[28/Jul/2026 14:29:17,440] - Broken pipe from ('127.0.0.1', 22577)
[28/Jul/2026 14:29:17] "GET /mining-master-sw.js HTTP/1.1" 200 6810
[28/Jul/2026 14:29:17] "GET /realtime/state/?after=83691&include_events=1 HTTP/1.1" 200 442
[28/Jul/2026 14:29:18] "GET /excavator-sw.js HTTP/1.1" 200 5808
[28/Jul/2026 14:29:18] "GET /api/achievements/current/ HTTP/1.1" 200 33
[28/Jul/2026 14:29:18] "GET /reports/management/?date=2026-07-26 HTTP/1.1" 200 94469
[28/Jul/2026 14:29:18] "GET /static/js/role-readonly.js?v=role-readonly-v3 HTTP/1.1" 200 14347
[28/Jul/2026 14:29:19] "GET /static/js/role-app-pwa-v1.js HTTP/1.1" 200 776
[28/Jul/2026 14:29:19,188] - Broken pipe from ('127.0.0.1', 33469)
[28/Jul/2026 14:29:19] "GET /realtime/state/?include_events=1 HTTP/1.1" 200 11071
[28/Jul/2026 14:29:19] "GET /management-sw.js HTTP/1.1" 200 3940
[28/Jul/2026 14:29:19] "GET /driver-sw.js HTTP/1.1" 200 4973
[28/Jul/2026 14:29:21] "GET /management-sw.js HTTP/1.1" 200 3940
[28/Jul/2026 14:29:26] "GET /driver/ HTTP/1.1" 200 254865
[28/Jul/2026 14:29:26] "GET /realtime/state/?after=83691&include_events=1 HTTP/1.1" 200 442
[28/Jul/2026 14:29:26,350] - Broken pipe from ('127.0.0.1', 38919)
[28/Jul/2026 14:29:27] "GET /api/achievements/current/ HTTP/1.1" 200 33
[28/Jul/2026 14:29:28] "GET /driver-sw.js HTTP/1.1" 200 4973
[28/Jul/2026 14:29:31] "GET /realtime/state/?after=83691&include_events=1 HTTP/1.1" 200 442
[28/Jul/2026 14:29:36] "GET /realtime/state/?after=83691&include_events=1 HTTP/1.1" 200 442
[28/Jul/2026 14:29:41] "GET /realtime/state/?after=83691&include_events=1 HTTP/1.1" 200 442
[28/Jul/2026 14:29:46] "GET /realtime/state/?after=83691&include_events=1 HTTP/1.1" 200 442
[28/Jul/2026 14:29:51] "GET /realtime/state/?after=83691&include_events=1 HTTP/1.1" 200 442
[28/Jul/2026 14:29:56] "GET /realtime/state/?after=83691&include_events=1 HTTP/1.1" 200 442
[28/Jul/2026 14:30:01] "GET /realtime/state/?after=83691&include_events=1 HTTP/1.1" 200 442
[28/Jul/2026 14:30:02] "GET /driver/ HTTP/1.1" 200 254865
[28/Jul/2026 14:30:02] "GET /static/js/role-readonly.js?v=role-readonly-v3 HTTP/1.1" 200 14347
[28/Jul/2026 14:30:02] "GET /excavator/work/ HTTP/1.1" 200 219266
[28/Jul/2026 14:30:02] "GET /realtime/state/?after=83691&include_events=1 HTTP/1.1" 200 442
[28/Jul/2026 14:30:02] "GET /realtime/state/?after=83691&include_events=1 HTTP/1.1" 200 442
[28/Jul/2026 14:30:02] "GET /mining-master/assignments/ HTTP/1.1" 200 922551
[28/Jul/2026 14:30:02] "GET /static/js/role-readonly.js?v=role-readonly-v3 HTTP/1.1" 200 14347
[28/Jul/2026 14:30:02] "GET /driver-sw.js HTTP/1.1" 200 4973
[28/Jul/2026 14:30:02] "GET /static/css/excavator-work-v55.css?v=excavator-mobile-shell-v125 HTTP/1.1" 200 116570
[28/Jul/2026 14:30:02] "GET /static/css/excavator-work-v55-final.css?v=excavator-mobile-shell-v125 HTTP/1.1" 200 97393
[28/Jul/2026 14:30:02] "GET /static/img/equipment/excavator-yellow.png HTTP/1.1" 200 68719
[28/Jul/2026 14:30:02] "GET /static/css/excavator-work-v55-shift.css?v=excavator-mobile-shell-v125 HTTP/1.1" 200 129403
[28/Jul/2026 14:30:02] "GET /static/img/equipment/truck-gray.png HTTP/1.1" 200 43999
[28/Jul/2026 14:30:02] "GET /static/css/app.css?v=ready-core-traffic-v7 HTTP/1.1" 200 837236
[28/Jul/2026 14:30:02] "GET /static/js/role-readonly.js?v=role-readonly-v3 HTTP/1.1" 200 14347
[28/Jul/2026 14:30:02] "GET /static/js/realtime-client.js?v=ready-core-traffic-v7 HTTP/1.1" 200 36338
[28/Jul/2026 14:30:02] "GET /static/img/equipment/excavator-gray.png HTTP/1.1" 200 50217
[28/Jul/2026 14:30:02] "GET /static/img/equipment/truck-blue.png HTTP/1.1" 200 48406
[28/Jul/2026 14:30:02] "GET /driver/ HTTP/1.1" 200 254865
[28/Jul/2026 14:30:03] "GET /driver/shift/ HTTP/1.1" 200 254865
[28/Jul/2026 14:30:03] "GET /realtime/state/?after=83691&include_events=1 HTTP/1.1" 200 482
[28/Jul/2026 14:30:03] "GET /static/img/equipment/truck-gray.png HTTP/1.1" 200 43999
[28/Jul/2026 14:30:03] "GET /static/img/equipment/excavator-blue.png HTTP/1.1" 200 66936
[28/Jul/2026 14:30:03] "GET /static/js/role-readonly.js HTTP/1.1" 304 0
[28/Jul/2026 14:30:03] "GET /realtime/state/?after=83691&include_events=1 HTTP/1.1" 200 482
[28/Jul/2026 14:30:03] "GET /driver.webmanifest HTTP/1.1" 200 1355
[28/Jul/2026 14:30:03] "GET /excavator-sw.js HTTP/1.1" 200 5808
[28/Jul/2026 14:30:03] "GET /static/js/realtime-client.js?v=ready-core-traffic-v7 HTTP/1.1" 200 36338
[28/Jul/2026 14:30:03] "GET /static/css/app.css?v=ready-core-traffic-v7 HTTP/1.1" 200 837236
[28/Jul/2026 14:30:03] "GET /static/js/role-readonly.js HTTP/1.1" 200 14347
[28/Jul/2026 14:30:03] "GET /excavator.webmanifest HTTP/1.1" 200 1446
[28/Jul/2026 14:30:03] "GET /realtime/state/?after=83691&include_events=1 HTTP/1.1" 200 471
[28/Jul/2026 14:30:03] "GET /static/css/excavator-work-v55.css HTTP/1.1" 200 116570
[28/Jul/2026 14:30:03] "GET /static/css/excavator-work-v55-final.css HTTP/1.1" 200 97393
[28/Jul/2026 14:30:03] "GET /static/favicon.ico HTTP/1.1" 200 3879
[28/Jul/2026 14:30:03] "GET /static/css/excavator-work-v55-shift.css HTTP/1.1" 200 129403
[28/Jul/2026 14:30:03] "GET /static/img/pwa/excavator-180.png HTTP/1.1" 200 5421
[28/Jul/2026 14:30:03] "GET /static/img/pwa/excavator-192.png HTTP/1.1" 200 5573
[28/Jul/2026 14:30:03] "GET /static/img/pwa/excavator-512.png HTTP/1.1" 200 13919
[28/Jul/2026 14:30:03] "GET /static/img/pwa/excavator-maskable-512.png HTTP/1.1" 200 13919
[28/Jul/2026 14:30:03] "GET /static/img/equipment/excavator-gray.png HTTP/1.1" 200 50217
[28/Jul/2026 14:30:03] "GET /static/img/equipment/excavator-yellow.png HTTP/1.1" 200 68719
[28/Jul/2026 14:30:03] "GET /static/img/equipment/excavator-red.png HTTP/1.1" 200 78206
[28/Jul/2026 14:30:03] "GET /excavator/work/ HTTP/1.1" 200 219266
[28/Jul/2026 14:30:03] "GET /static/img/equipment/truck-gray.png HTTP/1.1" 200 43999
[28/Jul/2026 14:30:03] "GET /static/img/equipment/excavator-green.png HTTP/1.1" 200 63574
[28/Jul/2026 14:30:03] "GET /static/img/equipment/truck-green.png HTTP/1.1" 200 73402
[28/Jul/2026 14:30:03] "GET /static/img/equipment/truck-yellow.png HTTP/1.1" 200 58935
[28/Jul/2026 14:30:03] "GET /static/img/equipment/truck-red.png HTTP/1.1" 200 46288
[28/Jul/2026 14:30:03] "GET /realtime/state/?after=83691&include_events=1 HTTP/1.1" 200 471
[28/Jul/2026 14:30:03] "GET /mining-master-sw.js HTTP/1.1" 200 6810
[28/Jul/2026 14:30:03] "GET /static/css/app.css?v=ready-core-traffic-v7 HTTP/1.1" 200 837236
[28/Jul/2026 14:30:03] "GET /static/js/realtime-client.js?v=ready-core-traffic-v7 HTTP/1.1" 200 36338
[28/Jul/2026 14:30:03] "GET / HTTP/1.1" 302 0
[28/Jul/2026 14:30:04] "GET /mining-master-manifest.webmanifest HTTP/1.1" 200 1425
[28/Jul/2026 14:30:04] "GET /static/js/role-readonly.js HTTP/1.1" 200 14347
[28/Jul/2026 14:30:04] "GET /home/ HTTP/1.1" 302 0
[28/Jul/2026 14:30:04] "GET /static/favicon.ico HTTP/1.1" 200 3879
[28/Jul/2026 14:30:04] "GET /static/img/pwa/mining-master-180.png HTTP/1.1" 200 6060
[28/Jul/2026 14:30:04] "GET /static/img/pwa/mining-master-192.png HTTP/1.1" 200 6234
[28/Jul/2026 14:30:04] "GET /static/img/pwa/mining-master-512.png HTTP/1.1" 200 16577
[28/Jul/2026 14:30:04] "GET /static/img/pwa/mining-master-maskable-512.png HTTP/1.1" 200 16577
[28/Jul/2026 14:30:04] "GET /static/img/equipment/excavator-gray.png HTTP/1.1" 200 50217
[28/Jul/2026 14:30:04] "GET /api/achievements/current/ HTTP/1.1" 200 33
[28/Jul/2026 14:30:04] "GET /static/img/equipment/excavator-blue.png HTTP/1.1" 200 66936
[28/Jul/2026 14:30:04] "GET /mining-master/assignments/ HTTP/1.1" 200 922551
[28/Jul/2026 14:30:04] "GET /static/img/equipment/excavator-green.png HTTP/1.1" 200 63574
[28/Jul/2026 14:30:04] "GET /static/img/equipment/excavator-yellow.png HTTP/1.1" 200 68719
[28/Jul/2026 14:30:04] "GET /driver-sw.js HTTP/1.1" 200 4973
[28/Jul/2026 14:30:04] "GET /static/img/equipment/excavator-red.png HTTP/1.1" 200 78206
[28/Jul/2026 14:30:04] "GET /static/img/equipment/truck-gray.png HTTP/1.1" 200 43999
[28/Jul/2026 14:30:04] "GET /static/img/equipment/truck-blue.png HTTP/1.1" 200 48406
[28/Jul/2026 14:30:04] "GET /static/img/equipment/truck-green.png HTTP/1.1" 200 73402
[28/Jul/2026 14:30:04] "GET /static/img/equipment/truck-yellow.png HTTP/1.1" 200 58935
[28/Jul/2026 14:30:04] "GET /static/img/equipment/truck-red.png HTTP/1.1" 200 46288
[28/Jul/2026 14:30:04] "GET /api/achievements/current/ HTTP/1.1" 200 33
[28/Jul/2026 14:30:04] "GET /mining-master/assignments/ HTTP/1.1" 200 922551
[28/Jul/2026 14:30:04] "GET /excavator-sw.js HTTP/1.1" 200 5808
[28/Jul/2026 14:30:05] "GET /mining-master-sw.js HTTP/1.1" 200 6810
[28/Jul/2026 14:30:07] "GET /realtime/state/?after=83691&include_events=1 HTTP/1.1" 200 442
[28/Jul/2026 14:30:08] "GET /realtime/state/?after=83691&include_events=1 HTTP/1.1" 200 482
[28/Jul/2026 14:30:08] "GET /realtime/state/?after=83691&include_events=1 HTTP/1.1" 200 471
[28/Jul/2026 14:30:13] "GET /realtime/state/?after=83691&include_events=1 HTTP/1.1" 200 442
[28/Jul/2026 14:30:13] "GET /realtime/state/?after=83691&include_events=1 HTTP/1.1" 200 482
[28/Jul/2026 14:30:13] "GET /realtime/state/?after=83691&include_events=1 HTTP/1.1" 200 471
[28/Jul/2026 14:30:17] "GET /realtime/state/?after=83691&include_events=1 HTTP/1.1" 200 442
[28/Jul/2026 14:30:18] "GET /realtime/state/?after=83691&include_events=1 HTTP/1.1" 200 482
[28/Jul/2026 14:30:18] "GET /realtime/state/?after=83691&include_events=1 HTTP/1.1" 200 471
[28/Jul/2026 14:30:22] "GET /realtime/state/?after=83691&include_events=1 HTTP/1.1" 200 442
[28/Jul/2026 14:30:23] "GET /realtime/state/?after=83691&include_events=1 HTTP/1.1" 200 482
[28/Jul/2026 14:30:23] "GET /realtime/state/?after=83691&include_events=1 HTTP/1.1" 200 471
[28/Jul/2026 14:30:27] "GET /realtime/state/?after=83691&include_events=1 HTTP/1.1" 200 442
[28/Jul/2026 14:30:28] "GET /realtime/state/?after=83691&include_events=1 HTTP/1.1" 200 482
[28/Jul/2026 14:30:28] "GET /realtime/state/?after=83691&include_events=1 HTTP/1.1" 200 471
[28/Jul/2026 14:30:32] "GET /realtime/state/?after=83691&include_events=1 HTTP/1.1" 200 442
[28/Jul/2026 14:30:33] "GET /realtime/state/?after=83691&include_events=1 HTTP/1.1" 200 482
[28/Jul/2026 14:30:33] "GET /realtime/state/?after=83691&include_events=1 HTTP/1.1" 200 471
[28/Jul/2026 14:30:37] "GET /realtime/state/?after=83691&include_events=1 HTTP/1.1" 200 442
[28/Jul/2026 14:30:38] "GET /realtime/state/?after=83691&include_events=1 HTTP/1.1" 200 482
[28/Jul/2026 14:30:38] "GET /realtime/state/?after=83691&include_events=1 HTTP/1.1" 200 471
[28/Jul/2026 14:30:42] "GET /realtime/state/?after=83691&include_events=1 HTTP/1.1" 200 442
[28/Jul/2026 14:30:43] "GET /realtime/state/?after=83691&include_events=1 HTTP/1.1" 200 482
[28/Jul/2026 14:30:43] "GET /realtime/state/?after=83691&include_events=1 HTTP/1.1" 200 471
[28/Jul/2026 14:30:47] "GET /realtime/state/?after=83691&include_events=1 HTTP/1.1" 200 442
[28/Jul/2026 14:30:48] "GET /realtime/state/?after=83691&include_events=1 HTTP/1.1" 200 482
[28/Jul/2026 14:30:48] "GET /realtime/state/?after=83691&include_events=1 HTTP/1.1" 200 471
[28/Jul/2026 14:30:52] "GET /realtime/state/?after=83691&include_events=1 HTTP/1.1" 200 442
[28/Jul/2026 14:30:53] "GET /realtime/state/?after=83691&include_events=1 HTTP/1.1" 200 482
[28/Jul/2026 14:30:53] "GET /realtime/state/?after=83691&include_events=1 HTTP/1.1" 200 471
[28/Jul/2026 14:30:57] "GET /realtime/state/?after=83691&include_events=1 HTTP/1.1" 200 442
[28/Jul/2026 14:30:58] "GET /realtime/state/?after=83691&include_events=1 HTTP/1.1" 200 482
[28/Jul/2026 14:30:58] "GET /realtime/state/?after=83691&include_events=1 HTTP/1.1" 200 471
[28/Jul/2026 14:31:02] "GET /realtime/state/?after=83691&include_events=1 HTTP/1.1" 200 442
[28/Jul/2026 14:31:03] "GET /realtime/state/?after=83691&include_events=1 HTTP/1.1" 200 482
[28/Jul/2026 14:31:03] "GET /realtime/state/?after=83691&include_events=1 HTTP/1.1" 200 471
[28/Jul/2026 14:31:07] "GET /realtime/state/?after=83691&include_events=1 HTTP/1.1" 200 442
[28/Jul/2026 14:31:08] "GET /realtime/state/?after=83691&include_events=1 HTTP/1.1" 200 482
[28/Jul/2026 14:31:08] "GET /realtime/state/?after=83691&include_events=1 HTTP/1.1" 200 471
[28/Jul/2026 14:31:12] "GET /realtime/state/?after=83691&include_events=1 HTTP/1.1" 200 442
[28/Jul/2026 14:31:13] "GET /realtime/state/?after=83691&include_events=1 HTTP/1.1" 200 482
[28/Jul/2026 14:31:13] "GET /realtime/state/?after=83691&include_events=1 HTTP/1.1" 200 471
[28/Jul/2026 14:31:17] "GET /realtime/state/?after=83691&include_events=1 HTTP/1.1" 200 442
[28/Jul/2026 14:31:18] "GET /realtime/state/?after=83691&include_events=1 HTTP/1.1" 200 482
[28/Jul/2026 14:31:18] "GET /realtime/state/?after=83691&include_events=1 HTTP/1.1" 200 471
[28/Jul/2026 14:31:22] "GET /realtime/state/?after=83691&include_events=1 HTTP/1.1" 200 442
[28/Jul/2026 14:31:23] "GET /realtime/state/?after=83691&include_events=1 HTTP/1.1" 200 482
[28/Jul/2026 14:31:23] "GET /realtime/state/?after=83691&include_events=1 HTTP/1.1" 200 471
[28/Jul/2026 14:31:27] "GET /realtime/state/?after=83691&include_events=1 HTTP/1.1" 200 442
[28/Jul/2026 14:31:28] "GET /realtime/state/?after=83691&include_events=1 HTTP/1.1" 200 482
[28/Jul/2026 14:31:28] "GET /realtime/state/?after=83691&include_events=1 HTTP/1.1" 200 471
[28/Jul/2026 14:31:32] "GET /realtime/state/?after=83691&include_events=1 HTTP/1.1" 200 442
[28/Jul/2026 14:31:33] "GET /realtime/state/?after=83691&include_events=1 HTTP/1.1" 200 482
[28/Jul/2026 14:31:33] "GET /realtime/state/?after=83691&include_events=1 HTTP/1.1" 200 471
[28/Jul/2026 14:31:37] "GET /realtime/state/?after=83691&include_events=1 HTTP/1.1" 200 442
[28/Jul/2026 14:31:38] "GET /realtime/state/?after=83691&include_events=1 HTTP/1.1" 200 482
[28/Jul/2026 14:31:38] "GET /realtime/state/?after=83691&include_events=1 HTTP/1.1" 200 471
[28/Jul/2026 14:31:48] "GET / HTTP/1.1" 200 70021
[28/Jul/2026 14:31:48] "POST / HTTP/1.1" 302 0
[28/Jul/2026 14:31:48] "GET /system-admin/ HTTP/1.1" 200 100190
[28/Jul/2026 14:31:48] "GET /static/favicon.ico HTTP/1.1" 200 3879
[28/Jul/2026 14:31:48] "GET /static/css/app.css?v=ready-core-traffic-v7 HTTP/1.1" 200 837236
[28/Jul/2026 14:31:48] "GET /static/js/role-readonly.js?v=role-readonly-v3 HTTP/1.1" 200 14347
[28/Jul/2026 14:31:49] "GET /system-admin.webmanifest HTTP/1.1" 200 1349
[28/Jul/2026 14:31:49] "GET /static/img/pwa/admin-180.png HTTP/1.1" 200 7235
[28/Jul/2026 14:31:49] "GET /static/js/role-app-pwa-v1.js HTTP/1.1" 200 776
[28/Jul/2026 14:31:49] "GET /static/js/realtime-client.js?v=ready-core-traffic-v7 HTTP/1.1" 200 36338
[28/Jul/2026 14:31:49] "GET /system-admin-sw.js HTTP/1.1" 200 3927
[28/Jul/2026 14:31:50] "GET /system-admin/ HTTP/1.1" 200 100190
[28/Jul/2026 14:31:50] "GET /static/favicon.ico HTTP/1.1" 200 3879
[28/Jul/2026 14:31:50] "GET /static/css/app.css?v=ready-core-traffic-v7 HTTP/1.1" 200 837236
[28/Jul/2026 14:31:50] "GET /static/js/role-readonly.js?v=role-readonly-v3 HTTP/1.1" 200 14347
[28/Jul/2026 14:31:50] "GET /system-admin.webmanifest HTTP/1.1" 200 1349
[28/Jul/2026 14:31:50] "GET /static/img/pwa/admin-180.png HTTP/1.1" 200 7235
[28/Jul/2026 14:31:50] "GET /static/js/role-app-pwa-v1.js HTTP/1.1" 200 776
[28/Jul/2026 14:31:50] "GET /static/js/realtime-client.js?v=ready-core-traffic-v7 HTTP/1.1" 200 36338
[28/Jul/2026 14:31:50] "GET /system-admin-sw.js HTTP/1.1" 200 3927
[28/Jul/2026 14:31:50] "GET /static/favicon.ico HTTP/1.1" 304 0
[28/Jul/2026 14:31:50] "GET /static/css/app.css?v=ready-core-traffic-v7 HTTP/1.1" 304 0
[28/Jul/2026 14:31:50] "GET /static/js/role-readonly.js?v=role-readonly-v3 HTTP/1.1" 304 0
[28/Jul/2026 14:31:50] "GET /static/img/pwa/admin-180.png HTTP/1.1" 304 0
[28/Jul/2026 14:31:50] "GET /static/js/role-app-pwa-v1.js HTTP/1.1" 304 0
[28/Jul/2026 14:31:50] "GET /static/js/realtime-client.js?v=ready-core-traffic-v7 HTTP/1.1" 304 0
[28/Jul/2026 14:31:50] "GET /realtime/state/?include_events=0 HTTP/1.1" 200 534
[28/Jul/2026 14:31:50] "GET /realtime/state/?after=83693&include_events=0 HTTP/1.1" 200 436
[28/Jul/2026 14:31:50] "GET /realtime/state/?after=83693&include_events=0 HTTP/1.1" 200 436
[28/Jul/2026 14:31:50] "GET /realtime/state/?after=83693&include_events=0 HTTP/1.1" 200 436
[28/Jul/2026 14:31:50] "GET /realtime/state/?after=83693&include_events=0 HTTP/1.1" 200 436
[28/Jul/2026 14:31:51] "GET /realtime/state/?after=83693&include_events=0 HTTP/1.1" 200 436
[28/Jul/2026 14:31:51] "GET /realtime/state/?after=83693&include_events=0 HTTP/1.1" 200 436
[28/Jul/2026 14:31:51] "GET /realtime/state/?after=83693&include_events=0 HTTP/1.1" 200 436
[28/Jul/2026 14:31:51] "GET /realtime/state/?after=83693&include_events=0 HTTP/1.1" 200 436
[28/Jul/2026 14:31:51] "GET /realtime/state/?after=83693&include_events=0 HTTP/1.1" 200 436
[28/Jul/2026 14:31:51] "GET /realtime/state/?after=83693&include_events=0 HTTP/1.1" 200 436
[28/Jul/2026 14:31:51] "GET /realtime/state/?after=83693&include_events=0 HTTP/1.1" 200 436
[28/Jul/2026 14:31:51] "GET / HTTP/1.1" 200 69970
[28/Jul/2026 14:31:51] "POST / HTTP/1.1" 302 0
[28/Jul/2026 14:31:51] "GET /oup/employees/ HTTP/1.1" 200 606793
[28/Jul/2026 14:31:51] "GET /static/favicon.ico HTTP/1.1" 200 3879
[28/Jul/2026 14:31:51] "GET /static/css/app.css?v=ready-core-traffic-v7 HTTP/1.1" 200 837236
[28/Jul/2026 14:31:51] "GET /static/js/role-readonly.js?v=role-readonly-v3 HTTP/1.1" 200 14347
[28/Jul/2026 14:31:51] "GET /oup.webmanifest HTTP/1.1" 200 1312
[28/Jul/2026 14:31:51] "GET /static/img/pwa/oup-180.png HTTP/1.1" 200 5467
[28/Jul/2026 14:31:51] "GET /static/js/role-app-pwa-v1.js HTTP/1.1" 200 776
[28/Jul/2026 14:31:51] "GET /static/css/oup-workplace-v1.css?v=20260718-4 HTTP/1.1" 200 31352
[28/Jul/2026 14:31:51] "GET /static/css/oup-work-period-v1.css?v=20260718-3 HTTP/1.1" 200 3752
[28/Jul/2026 14:31:51] "GET /static/css/oup-responsive-layout-v2.css?v=20260718-2 HTTP/1.1" 200 1296
[28/Jul/2026 14:31:51] "GET /static/js/oup-workplace.js?v=20260714-5 HTTP/1.1" 200 5952
[28/Jul/2026 14:31:51] "GET /static/js/oup-work-period-v1.js HTTP/1.1" 200 827
[28/Jul/2026 14:31:51] "GET /static/js/realtime-client.js?v=ready-core-traffic-v7 HTTP/1.1" 200 36338
[28/Jul/2026 14:31:51] "GET /oup-sw.js HTTP/1.1" 200 3881
[28/Jul/2026 14:31:53] "GET /oup/employees/ HTTP/1.1" 200 606793
[28/Jul/2026 14:31:53] "GET /static/favicon.ico HTTP/1.1" 200 3879
[28/Jul/2026 14:31:53] "GET /static/css/app.css?v=ready-core-traffic-v7 HTTP/1.1" 200 837236
[28/Jul/2026 14:31:53] "GET /static/js/role-readonly.js?v=role-readonly-v3 HTTP/1.1" 200 14347
[28/Jul/2026 14:31:53] "GET /oup.webmanifest HTTP/1.1" 200 1312
[28/Jul/2026 14:31:53] "GET /static/img/pwa/oup-180.png HTTP/1.1" 200 5467
[28/Jul/2026 14:31:53] "GET /static/js/role-app-pwa-v1.js HTTP/1.1" 200 776
[28/Jul/2026 14:31:53] "GET /static/css/oup-workplace-v1.css?v=20260718-4 HTTP/1.1" 200 31352
[28/Jul/2026 14:31:53] "GET /static/css/oup-work-period-v1.css?v=20260718-3 HTTP/1.1" 200 3752
[28/Jul/2026 14:31:53] "GET /static/css/oup-responsive-layout-v2.css?v=20260718-2 HTTP/1.1" 200 1296
[28/Jul/2026 14:31:53] "GET /static/js/oup-workplace.js?v=20260714-5 HTTP/1.1" 200 5952
[28/Jul/2026 14:31:53] "GET /static/js/oup-work-period-v1.js HTTP/1.1" 200 827
[28/Jul/2026 14:31:53] "GET /static/js/realtime-client.js?v=ready-core-traffic-v7 HTTP/1.1" 200 36338
[28/Jul/2026 14:31:53] "GET /oup-sw.js HTTP/1.1" 200 3881
[28/Jul/2026 14:31:53] "GET /static/favicon.ico HTTP/1.1" 304 0
[28/Jul/2026 14:31:53] "GET /static/css/app.css?v=ready-core-traffic-v7 HTTP/1.1" 304 0
[28/Jul/2026 14:31:53] "GET /static/js/role-readonly.js?v=role-readonly-v3 HTTP/1.1" 304 0
[28/Jul/2026 14:31:53] "GET /static/img/pwa/oup-180.png HTTP/1.1" 304 0
[28/Jul/2026 14:31:53] "GET /static/js/role-app-pwa-v1.js HTTP/1.1" 304 0
[28/Jul/2026 14:31:53] "GET /static/css/oup-workplace-v1.css?v=20260718-4 HTTP/1.1" 304 0
[28/Jul/2026 14:31:53] "GET /static/css/oup-work-period-v1.css?v=20260718-3 HTTP/1.1" 304 0
[28/Jul/2026 14:31:53] "GET /static/css/oup-responsive-layout-v2.css?v=20260718-2 HTTP/1.1" 304 0
[28/Jul/2026 14:31:53] "GET /static/js/oup-workplace.js?v=20260714-5 HTTP/1.1" 304 0
[28/Jul/2026 14:31:53] "GET /static/js/oup-work-period-v1.js HTTP/1.1" 304 0
[28/Jul/2026 14:31:53] "GET /static/js/realtime-client.js?v=ready-core-traffic-v7 HTTP/1.1" 304 0
[28/Jul/2026 14:31:53] "GET / HTTP/1.1" 200 70157
[28/Jul/2026 14:31:53] "POST / HTTP/1.1" 302 0
[28/Jul/2026 14:31:54] "GET /deputy-mining-manager/ HTTP/1.1" 200 553953
[28/Jul/2026 14:31:54] "GET /static/favicon.ico HTTP/1.1" 200 3879
[28/Jul/2026 14:31:54] "GET /static/css/app.css?v=ready-core-traffic-v7 HTTP/1.1" 200 837236
[28/Jul/2026 14:31:54] "GET /static/js/role-readonly.js?v=role-readonly-v3 HTTP/1.1" 200 14347
[28/Jul/2026 14:31:54] "GET /deputy-mining-manager.webmanifest HTTP/1.1" 200 1736
[28/Jul/2026 14:31:54] "GET /static/img/pwa/deputy-mining-manager-180.png HTTP/1.1" 200 5834
[28/Jul/2026 14:31:54] "GET /static/css/deputy-mining-manager-v3.css?v=20260718-2 HTTP/1.1" 200 39759
[28/Jul/2026 14:31:54] "GET /static/js/deputy-mining-manager-v3.js HTTP/1.1" 200 66053
[28/Jul/2026 14:31:54] "GET /static/js/deputy-mining-manager-pwa-v1.js HTTP/1.1" 200 2773
[28/Jul/2026 14:31:54] "GET /static/js/realtime-client.js?v=ready-core-traffic-v7 HTTP/1.1" 200 36338
[28/Jul/2026 14:31:54] "GET /deputy-mining-manager-sw.js HTTP/1.1" 200 8109
[28/Jul/2026 14:31:55] "GET /deputy-mining-manager/ HTTP/1.1" 200 553953
[28/Jul/2026 14:31:55] "GET /static/favicon.ico HTTP/1.1" 200 3879
[28/Jul/2026 14:31:55] "GET /static/css/app.css?v=ready-core-traffic-v7 HTTP/1.1" 200 837236
[28/Jul/2026 14:31:55] "GET /static/js/role-readonly.js?v=role-readonly-v3 HTTP/1.1" 200 14347
[28/Jul/2026 14:31:55] "GET /deputy-mining-manager.webmanifest HTTP/1.1" 200 1736
[28/Jul/2026 14:31:55] "GET /static/img/pwa/deputy-mining-manager-180.png HTTP/1.1" 200 5834
[28/Jul/2026 14:31:55] "GET /static/css/deputy-mining-manager-v3.css?v=20260718-2 HTTP/1.1" 200 39759
[28/Jul/2026 14:31:55] "GET /static/js/deputy-mining-manager-v3.js HTTP/1.1" 200 66053
[28/Jul/2026 14:31:55] "GET /static/js/deputy-mining-manager-pwa-v1.js HTTP/1.1" 200 2773
[28/Jul/2026 14:31:55] "GET /static/js/realtime-client.js?v=ready-core-traffic-v7 HTTP/1.1" 200 36338
[28/Jul/2026 14:31:55] "GET /deputy-mining-manager-sw.js HTTP/1.1" 200 8109
[28/Jul/2026 14:31:56] "GET /static/favicon.ico HTTP/1.1" 304 0
[28/Jul/2026 14:31:56] "GET /static/css/app.css?v=ready-core-traffic-v7 HTTP/1.1" 304 0
[28/Jul/2026 14:31:56] "GET /static/js/role-readonly.js?v=role-readonly-v3 HTTP/1.1" 304 0
[28/Jul/2026 14:31:56] "GET /static/img/pwa/deputy-mining-manager-180.png HTTP/1.1" 304 0
[28/Jul/2026 14:31:56] "GET /static/css/deputy-mining-manager-v3.css?v=20260718-2 HTTP/1.1" 304 0
[28/Jul/2026 14:31:56] "GET /static/js/deputy-mining-manager-v3.js HTTP/1.1" 304 0
[28/Jul/2026 14:31:56] "GET /static/js/deputy-mining-manager-pwa-v1.js HTTP/1.1" 304 0
[28/Jul/2026 14:31:56] "GET /static/js/realtime-client.js?v=ready-core-traffic-v7 HTTP/1.1" 304 0
[28/Jul/2026 14:31:56] "GET / HTTP/1.1" 200 70030
[28/Jul/2026 14:31:56] "POST / HTTP/1.1" 302 0
[28/Jul/2026 14:31:56] "GET /dispatcher/control/ HTTP/1.1" 200 867745
[28/Jul/2026 14:31:56] "GET /static/favicon.ico HTTP/1.1" 200 3879
[28/Jul/2026 14:31:56] "GET /static/css/app.css?v=ready-core-traffic-v7 HTTP/1.1" 200 837236
[28/Jul/2026 14:31:56] "GET /static/js/role-readonly.js?v=role-readonly-v3 HTTP/1.1" 200 14347
[28/Jul/2026 14:31:56] "GET /dispatcher.webmanifest HTTP/1.1" 200 1464
[28/Jul/2026 14:31:56] "GET /static/img/pwa/dispatcher-180.png HTTP/1.1" 200 9715
[28/Jul/2026 14:31:56] "GET /static/img/equipment/excavator-gray.png HTTP/1.1" 200 50217
[28/Jul/2026 14:31:56] "GET /static/img/equipment/truck-blue.png HTTP/1.1" 200 48406
[28/Jul/2026 14:31:56] "GET /static/js/realtime-client.js?v=ready-core-traffic-v7 HTTP/1.1" 200 36338
[28/Jul/2026 14:31:56] "GET /dispatcher-sw.js HTTP/1.1" 200 5900
[28/Jul/2026 14:31:57] "GET /dispatcher/control/ HTTP/1.1" 200 867745
[28/Jul/2026 14:31:57] "GET /static/favicon.ico HTTP/1.1" 200 3879
[28/Jul/2026 14:31:57] "GET /static/css/app.css?v=ready-core-traffic-v7 HTTP/1.1" 200 837236
[28/Jul/2026 14:31:57] "GET /static/js/role-readonly.js?v=role-readonly-v3 HTTP/1.1" 200 14347
[28/Jul/2026 14:31:57] "GET /dispatcher.webmanifest HTTP/1.1" 200 1464
[28/Jul/2026 14:31:57] "GET /static/img/pwa/dispatcher-180.png HTTP/1.1" 200 9715
[28/Jul/2026 14:31:57] "GET /static/img/equipment/excavator-gray.png HTTP/1.1" 200 50217
[28/Jul/2026 14:31:58] "GET /static/img/equipment/truck-blue.png HTTP/1.1" 200 48406
[28/Jul/2026 14:31:58] "GET /static/js/realtime-client.js?v=ready-core-traffic-v7 HTTP/1.1" 200 36338
[28/Jul/2026 14:31:58] "GET /dispatcher-sw.js HTTP/1.1" 200 5900
[28/Jul/2026 14:31:58] "GET /static/favicon.ico HTTP/1.1" 304 0
[28/Jul/2026 14:31:58] "GET /static/css/app.css?v=ready-core-traffic-v7 HTTP/1.1" 304 0
[28/Jul/2026 14:31:58] "GET /static/js/role-readonly.js?v=role-readonly-v3 HTTP/1.1" 304 0
[28/Jul/2026 14:31:58] "GET /static/img/pwa/dispatcher-180.png HTTP/1.1" 304 0
[28/Jul/2026 14:31:58] "GET /static/img/equipment/excavator-gray.png HTTP/1.1" 304 0
[28/Jul/2026 14:31:58] "GET /static/img/equipment/truck-blue.png HTTP/1.1" 304 0
[28/Jul/2026 14:31:58] "GET /static/js/realtime-client.js?v=ready-core-traffic-v7 HTTP/1.1" 304 0
[28/Jul/2026 14:31:58] "GET /realtime/state/?include_events=0 HTTP/1.1" 200 555
[28/Jul/2026 14:31:58] "GET /realtime/state/?after=83699&include_events=0 HTTP/1.1" 200 457
[28/Jul/2026 14:31:58] "GET /realtime/state/?after=83699&include_events=0 HTTP/1.1" 200 457
[28/Jul/2026 14:31:58] "GET /realtime/state/?after=83699&include_events=0 HTTP/1.1" 200 457
[28/Jul/2026 14:31:58] "GET /realtime/state/?after=83699&include_events=0 HTTP/1.1" 200 457
[28/Jul/2026 14:31:58] "GET /realtime/state/?after=83699&include_events=0 HTTP/1.1" 200 457
[28/Jul/2026 14:31:58] "GET /realtime/state/?after=83699&include_events=0 HTTP/1.1" 200 457
[28/Jul/2026 14:31:58] "GET /realtime/state/?after=83699&include_events=0 HTTP/1.1" 200 457
[28/Jul/2026 14:31:58] "GET /realtime/state/?after=83699&include_events=0 HTTP/1.1" 200 457
[28/Jul/2026 14:31:58] "GET /realtime/state/?after=83699&include_events=0 HTTP/1.1" 200 457
[28/Jul/2026 14:31:58] "GET /realtime/state/?after=83699&include_events=0 HTTP/1.1" 200 457
[28/Jul/2026 14:31:58] "GET /realtime/state/?after=83699&include_events=0 HTTP/1.1" 200 457
[28/Jul/2026 14:31:58] "GET / HTTP/1.1" 200 70068
[28/Jul/2026 14:31:58] "POST / HTTP/1.1" 302 0
[28/Jul/2026 14:31:59] "GET /mining-master/assignments/ HTTP/1.1" 200 922361
[28/Jul/2026 14:31:59] "GET /static/favicon.ico HTTP/1.1" 200 3879
[28/Jul/2026 14:31:59] "GET /static/css/app.css?v=ready-core-traffic-v7 HTTP/1.1" 200 837236
[28/Jul/2026 14:31:59] "GET /static/js/role-readonly.js?v=role-readonly-v3 HTTP/1.1" 200 14347
[28/Jul/2026 14:31:59] "GET /mining-master-manifest.webmanifest HTTP/1.1" 200 1425
[28/Jul/2026 14:31:59] "GET /static/img/pwa/mining-master-180.png HTTP/1.1" 200 6060
[28/Jul/2026 14:31:59] "GET /static/img/equipment/excavator-gray.png HTTP/1.1" 200 50217
[28/Jul/2026 14:31:59] "GET /static/img/equipment/truck-blue.png HTTP/1.1" 200 48406
[28/Jul/2026 14:31:59] "GET /static/img/equipment/excavator-blue.png HTTP/1.1" 200 66936
[28/Jul/2026 14:31:59] "GET /static/img/equipment/truck-gray.png HTTP/1.1" 200 43999
[28/Jul/2026 14:31:59] "GET /static/js/realtime-client.js?v=ready-core-traffic-v7 HTTP/1.1" 200 36338
[28/Jul/2026 14:31:59] "GET /mining-master-sw.js HTTP/1.1" 200 6810
[28/Jul/2026 14:32:00] "GET /mining-master/assignments/ HTTP/1.1" 200 922361
[28/Jul/2026 14:32:00] "GET /static/favicon.ico HTTP/1.1" 200 3879
[28/Jul/2026 14:32:00] "GET /static/css/app.css?v=ready-core-traffic-v7 HTTP/1.1" 200 837236
[28/Jul/2026 14:32:00] "GET /static/js/role-readonly.js?v=role-readonly-v3 HTTP/1.1" 200 14347
[28/Jul/2026 14:32:00] "GET /mining-master-manifest.webmanifest HTTP/1.1" 200 1425
[28/Jul/2026 14:32:00] "GET /static/img/pwa/mining-master-180.png HTTP/1.1" 200 6060
[28/Jul/2026 14:32:00] "GET /static/img/equipment/excavator-gray.png HTTP/1.1" 200 50217
[28/Jul/2026 14:32:00] "GET /static/img/equipment/truck-blue.png HTTP/1.1" 200 48406
[28/Jul/2026 14:32:00] "GET /static/img/equipment/excavator-blue.png HTTP/1.1" 200 66936
[28/Jul/2026 14:32:00] "GET /static/img/equipment/truck-gray.png HTTP/1.1" 200 43999
[28/Jul/2026 14:32:00] "GET /static/js/realtime-client.js?v=ready-core-traffic-v7 HTTP/1.1" 200 36338
[28/Jul/2026 14:32:00] "GET /mining-master-sw.js HTTP/1.1" 200 6810
[28/Jul/2026 14:32:00] "GET /static/favicon.ico HTTP/1.1" 304 0
[28/Jul/2026 14:32:00] "GET /static/css/app.css?v=ready-core-traffic-v7 HTTP/1.1" 304 0
[28/Jul/2026 14:32:00] "GET /static/js/role-readonly.js?v=role-readonly-v3 HTTP/1.1" 304 0
[28/Jul/2026 14:32:00] "GET /static/img/pwa/mining-master-180.png HTTP/1.1" 304 0
[28/Jul/2026 14:32:01] "GET /static/img/equipment/excavator-gray.png HTTP/1.1" 304 0
[28/Jul/2026 14:32:01] "GET /static/img/equipment/truck-blue.png HTTP/1.1" 304 0
[28/Jul/2026 14:32:01] "GET /static/img/equipment/excavator-blue.png HTTP/1.1" 304 0
[28/Jul/2026 14:32:01] "GET /static/img/equipment/truck-gray.png HTTP/1.1" 304 0
[28/Jul/2026 14:32:01] "GET /static/js/realtime-client.js?v=ready-core-traffic-v7 HTTP/1.1" 304 0
[28/Jul/2026 14:32:01] "GET /realtime/state/?include_events=0 HTTP/1.1" 200 567
[28/Jul/2026 14:32:01] "GET /realtime/state/?after=83701&include_events=0 HTTP/1.1" 200 469
[28/Jul/2026 14:32:01] "GET /realtime/state/?after=83701&include_events=0 HTTP/1.1" 200 469
[28/Jul/2026 14:32:01] "GET /realtime/state/?after=83701&include_events=0 HTTP/1.1" 200 469
[28/Jul/2026 14:32:01] "GET /realtime/state/?after=83701&include_events=0 HTTP/1.1" 200 469
[28/Jul/2026 14:32:01] "GET /realtime/state/?after=83701&include_events=0 HTTP/1.1" 200 469
[28/Jul/2026 14:32:01] "GET /realtime/state/?after=83701&include_events=0 HTTP/1.1" 200 469
[28/Jul/2026 14:32:01] "GET /realtime/state/?after=83701&include_events=0 HTTP/1.1" 200 469
[28/Jul/2026 14:32:01] "GET /realtime/state/?after=83701&include_events=0 HTTP/1.1" 200 469
[28/Jul/2026 14:32:01] "GET /realtime/state/?after=83701&include_events=0 HTTP/1.1" 200 469
[28/Jul/2026 14:32:01] "GET /realtime/state/?after=83701&include_events=0 HTTP/1.1" 200 469
[28/Jul/2026 14:32:01] "GET /realtime/state/?after=83701&include_events=0 HTTP/1.1" 200 469
[28/Jul/2026 14:32:01] "GET / HTTP/1.1" 200 70044
[28/Jul/2026 14:32:01] "POST / HTTP/1.1" 302 0
[28/Jul/2026 14:32:02] "GET /excavator/work/ HTTP/1.1" 200 219076
[28/Jul/2026 14:32:02] "GET /static/favicon.ico HTTP/1.1" 200 3879
[28/Jul/2026 14:32:02] "GET /static/css/app.css?v=ready-core-traffic-v7 HTTP/1.1" 200 837236
[28/Jul/2026 14:32:02] "GET /static/js/role-readonly.js?v=role-readonly-v3 HTTP/1.1" 200 14347
[28/Jul/2026 14:32:02] "GET /excavator.webmanifest HTTP/1.1" 200 1446
[28/Jul/2026 14:32:02] "GET /static/css/excavator-work-v55.css?v=excavator-mobile-shell-v125 HTTP/1.1" 200 116570
[28/Jul/2026 14:32:02] "GET /static/css/excavator-work-v55-final.css?v=excavator-mobile-shell-v125 HTTP/1.1" 200 97393
[28/Jul/2026 14:32:02] "GET /static/css/excavator-work-v55-shift.css?v=excavator-mobile-shell-v125 HTTP/1.1" 200 129403
[28/Jul/2026 14:32:02] "GET /static/img/pwa/excavator-180.png HTTP/1.1" 200 5421
[28/Jul/2026 14:32:02] "GET /static/img/equipment/excavator-yellow.png HTTP/1.1" 200 68719
[28/Jul/2026 14:32:02] "GET /static/img/equipment/truck-gray.png HTTP/1.1" 200 43999
[28/Jul/2026 14:32:02] "GET /static/js/realtime-client.js?v=ready-core-traffic-v7 HTTP/1.1" 200 36338
[28/Jul/2026 14:32:02] "GET /excavator-sw.js HTTP/1.1" 200 5808
[28/Jul/2026 14:32:03] "GET /excavator/work/ HTTP/1.1" 200 219076
[28/Jul/2026 14:32:03] "GET /static/favicon.ico HTTP/1.1" 200 3879
[28/Jul/2026 14:32:03] "GET /static/css/app.css?v=ready-core-traffic-v7 HTTP/1.1" 200 837236
[28/Jul/2026 14:32:03] "GET /static/js/role-readonly.js?v=role-readonly-v3 HTTP/1.1" 200 14347
[28/Jul/2026 14:32:03] "GET /excavator.webmanifest HTTP/1.1" 200 1446
[28/Jul/2026 14:32:03] "GET /static/css/excavator-work-v55.css?v=excavator-mobile-shell-v125 HTTP/1.1" 200 116570
[28/Jul/2026 14:32:03] "GET /static/css/excavator-work-v55-final.css?v=excavator-mobile-shell-v125 HTTP/1.1" 200 97393
[28/Jul/2026 14:32:03] "GET /static/css/excavator-work-v55-shift.css?v=excavator-mobile-shell-v125 HTTP/1.1" 200 129403
[28/Jul/2026 14:32:03] "GET /static/img/pwa/excavator-180.png HTTP/1.1" 200 5421
[28/Jul/2026 14:32:03] "GET /static/img/equipment/excavator-yellow.png HTTP/1.1" 200 68719
[28/Jul/2026 14:32:03] "GET /static/img/equipment/truck-gray.png HTTP/1.1" 200 43999
[28/Jul/2026 14:32:03] "GET /static/js/realtime-client.js?v=ready-core-traffic-v7 HTTP/1.1" 200 36338
[28/Jul/2026 14:32:03] "GET /excavator-sw.js HTTP/1.1" 200 5808
[28/Jul/2026 14:32:03] "GET /static/favicon.ico HTTP/1.1" 304 0
[28/Jul/2026 14:32:03] "GET /static/css/app.css?v=ready-core-traffic-v7 HTTP/1.1" 304 0
[28/Jul/2026 14:32:03] "GET /static/js/role-readonly.js?v=role-readonly-v3 HTTP/1.1" 304 0
[28/Jul/2026 14:32:03] "GET /static/css/excavator-work-v55.css?v=excavator-mobile-shell-v125 HTTP/1.1" 304 0
[28/Jul/2026 14:32:03] "GET /static/css/excavator-work-v55-final.css?v=excavator-mobile-shell-v125 HTTP/1.1" 304 0
[28/Jul/2026 14:32:03] "GET /static/css/excavator-work-v55-shift.css?v=excavator-mobile-shell-v125 HTTP/1.1" 304 0
[28/Jul/2026 14:32:03] "GET /static/img/pwa/excavator-180.png HTTP/1.1" 304 0
[28/Jul/2026 14:32:03] "GET /static/img/equipment/excavator-yellow.png HTTP/1.1" 304 0
[28/Jul/2026 14:32:03] "GET /static/img/equipment/truck-gray.png HTTP/1.1" 304 0
[28/Jul/2026 14:32:03] "GET /static/js/realtime-client.js?v=ready-core-traffic-v7 HTTP/1.1" 304 0
[28/Jul/2026 14:32:03] "GET /realtime/state/?include_events=0 HTTP/1.1" 200 578
[28/Jul/2026 14:32:03] "GET /realtime/state/?after=83703&include_events=0 HTTP/1.1" 200 480
[28/Jul/2026 14:32:03] "GET /realtime/state/?after=83703&include_events=0 HTTP/1.1" 200 480
[28/Jul/2026 14:32:04] "GET /realtime/state/?after=83703&include_events=0 HTTP/1.1" 200 480
[28/Jul/2026 14:32:04] "GET /realtime/state/?after=83703&include_events=0 HTTP/1.1" 200 480
[28/Jul/2026 14:32:04] "GET /realtime/state/?after=83703&include_events=0 HTTP/1.1" 200 480
[28/Jul/2026 14:32:04] "GET /realtime/state/?after=83703&include_events=0 HTTP/1.1" 200 480
[28/Jul/2026 14:32:04] "GET /realtime/state/?after=83703&include_events=0 HTTP/1.1" 200 480
[28/Jul/2026 14:32:04] "GET /realtime/state/?after=83703&include_events=0 HTTP/1.1" 200 480
[28/Jul/2026 14:32:04] "GET /realtime/state/?after=83703&include_events=0 HTTP/1.1" 200 480
[28/Jul/2026 14:32:04] "GET /realtime/state/?after=83703&include_events=0 HTTP/1.1" 200 480
[28/Jul/2026 14:32:04] "GET /realtime/state/?after=83703&include_events=0 HTTP/1.1" 200 480
[28/Jul/2026 14:32:04] "GET / HTTP/1.1" 200 70002
[28/Jul/2026 14:32:04] "POST / HTTP/1.1" 302 0
[28/Jul/2026 14:32:04] "GET /driver/ HTTP/1.1" 200 254533
[28/Jul/2026 14:32:04] "GET /static/favicon.ico HTTP/1.1" 200 3879
[28/Jul/2026 14:32:04] "GET /static/css/app.css?v=ready-core-traffic-v7 HTTP/1.1" 200 837236
[28/Jul/2026 14:32:04] "GET /static/js/role-readonly.js?v=role-readonly-v3 HTTP/1.1" 200 14347
[28/Jul/2026 14:32:04] "GET /driver.webmanifest HTTP/1.1" 200 1355
[28/Jul/2026 14:32:04] "GET /static/img/pwa/driver-180.png HTTP/1.1" 200 5508
[28/Jul/2026 14:32:04] "GET /static/js/realtime-client.js?v=ready-core-traffic-v7 HTTP/1.1" 200 36338
[28/Jul/2026 14:32:04] "GET /driver-sw.js HTTP/1.1" 200 4973
[28/Jul/2026 14:32:06] "GET /driver/ HTTP/1.1" 200 254533
[28/Jul/2026 14:32:06] "GET /static/favicon.ico HTTP/1.1" 200 3879
[28/Jul/2026 14:32:06] "GET /static/css/app.css?v=ready-core-traffic-v7 HTTP/1.1" 200 837236
[28/Jul/2026 14:32:06] "GET /static/js/role-readonly.js?v=role-readonly-v3 HTTP/1.1" 200 14347
[28/Jul/2026 14:32:06] "GET /driver.webmanifest HTTP/1.1" 200 1355
[28/Jul/2026 14:32:06] "GET /static/img/pwa/driver-180.png HTTP/1.1" 200 5508
[28/Jul/2026 14:32:06] "GET /static/js/realtime-client.js?v=ready-core-traffic-v7 HTTP/1.1" 200 36338
[28/Jul/2026 14:32:06] "GET /driver-sw.js HTTP/1.1" 200 4973
[28/Jul/2026 14:32:06] "GET /static/favicon.ico HTTP/1.1" 304 0
[28/Jul/2026 14:32:06] "GET /static/css/app.css?v=ready-core-traffic-v7 HTTP/1.1" 304 0
[28/Jul/2026 14:32:06] "GET /static/js/role-readonly.js?v=role-readonly-v3 HTTP/1.1" 304 0
[28/Jul/2026 14:32:06] "GET /static/img/pwa/driver-180.png HTTP/1.1" 304 0
[28/Jul/2026 14:32:06] "GET /static/js/realtime-client.js?v=ready-core-traffic-v7 HTTP/1.1" 304 0
[28/Jul/2026 14:32:06] "GET /realtime/state/?include_events=0 HTTP/1.1" 200 539
[28/Jul/2026 14:32:06] "GET /realtime/state/?after=83705&include_events=0 HTTP/1.1" 200 441
[28/Jul/2026 14:32:06] "GET /realtime/state/?after=83705&include_events=0 HTTP/1.1" 200 441
[28/Jul/2026 14:32:06] "GET /realtime/state/?after=83705&include_events=0 HTTP/1.1" 200 441
[28/Jul/2026 14:32:06] "GET /realtime/state/?after=83705&include_events=0 HTTP/1.1" 200 441
[28/Jul/2026 14:32:06] "GET /realtime/state/?after=83705&include_events=0 HTTP/1.1" 200 441
[28/Jul/2026 14:32:06] "GET /realtime/state/?after=83705&include_events=0 HTTP/1.1" 200 441
[28/Jul/2026 14:32:06] "GET /realtime/state/?after=83705&include_events=0 HTTP/1.1" 200 441
[28/Jul/2026 14:32:06] "GET /realtime/state/?after=83705&include_events=0 HTTP/1.1" 200 441
[28/Jul/2026 14:32:06] "GET /realtime/state/?after=83705&include_events=0 HTTP/1.1" 200 441
[28/Jul/2026 14:32:06] "GET /realtime/state/?after=83705&include_events=0 HTTP/1.1" 200 441
[28/Jul/2026 14:32:06] "GET /realtime/state/?after=83705&include_events=0 HTTP/1.1" 200 441
[28/Jul/2026 14:32:07] "GET / HTTP/1.1" 200 70017
[28/Jul/2026 14:32:07] "POST / HTTP/1.1" 302 0
[28/Jul/2026 14:32:08] "GET /reports/management/?date=2026-07-26 HTTP/1.1" 200 94279
[28/Jul/2026 14:32:08] "GET /static/favicon.ico HTTP/1.1" 200 3879
[28/Jul/2026 14:32:08] "GET /static/css/app.css?v=ready-core-traffic-v7 HTTP/1.1" 200 837236
[28/Jul/2026 14:32:08] "GET /static/js/role-readonly.js?v=role-readonly-v3 HTTP/1.1" 200 14347
[28/Jul/2026 14:32:08] "GET /management.webmanifest HTTP/1.1" 200 1359
[28/Jul/2026 14:32:08] "GET /static/img/pwa/management-180.png HTTP/1.1" 200 4969
[28/Jul/2026 14:32:08] "GET /static/js/role-app-pwa-v1.js HTTP/1.1" 200 776
[28/Jul/2026 14:32:08] "GET /static/js/realtime-client.js?v=ready-core-traffic-v7 HTTP/1.1" 200 36338
[28/Jul/2026 14:32:08] "GET /management-sw.js HTTP/1.1" 200 3940
[28/Jul/2026 14:32:10] "GET /reports/management/?date=2026-07-26 HTTP/1.1" 200 94279
[28/Jul/2026 14:32:10] "GET /static/favicon.ico HTTP/1.1" 200 3879
[28/Jul/2026 14:32:10] "GET /static/css/app.css?v=ready-core-traffic-v7 HTTP/1.1" 200 837236
[28/Jul/2026 14:32:10] "GET /static/js/role-readonly.js?v=role-readonly-v3 HTTP/1.1" 200 14347
[28/Jul/2026 14:32:10] "GET /management.webmanifest HTTP/1.1" 200 1359
[28/Jul/2026 14:32:10] "GET /static/img/pwa/management-180.png HTTP/1.1" 200 4969
[28/Jul/2026 14:32:10] "GET /static/js/role-app-pwa-v1.js HTTP/1.1" 200 776
[28/Jul/2026 14:32:10] "GET /static/js/realtime-client.js?v=ready-core-traffic-v7 HTTP/1.1" 200 36338
[28/Jul/2026 14:32:10] "GET /management-sw.js HTTP/1.1" 200 3940
[28/Jul/2026 14:32:10] "GET /static/favicon.ico HTTP/1.1" 304 0
[28/Jul/2026 14:32:10] "GET /static/css/app.css?v=ready-core-traffic-v7 HTTP/1.1" 304 0
[28/Jul/2026 14:32:10] "GET /static/js/role-readonly.js?v=role-readonly-v3 HTTP/1.1" 304 0
[28/Jul/2026 14:32:10] "GET /static/img/pwa/management-180.png HTTP/1.1" 304 0
[28/Jul/2026 14:32:11] "GET /static/js/role-app-pwa-v1.js HTTP/1.1" 304 0
[28/Jul/2026 14:32:11] "GET /static/js/realtime-client.js?v=ready-core-traffic-v7 HTTP/1.1" 304 0
[28/Jul/2026 14:32:11] "GET /realtime/state/?include_events=0 HTTP/1.1" 200 537
[28/Jul/2026 14:32:11] "GET /realtime/state/?after=83707&include_events=0 HTTP/1.1" 200 439
[28/Jul/2026 14:32:11] "GET /realtime/state/?after=83707&include_events=0 HTTP/1.1" 200 439
[28/Jul/2026 14:32:11] "GET /realtime/state/?after=83707&include_events=0 HTTP/1.1" 200 439
[28/Jul/2026 14:32:11] "GET /realtime/state/?after=83707&include_events=0 HTTP/1.1" 200 439
[28/Jul/2026 14:32:11] "GET /realtime/state/?after=83707&include_events=0 HTTP/1.1" 200 439
[28/Jul/2026 14:32:11] "GET /realtime/state/?after=83707&include_events=0 HTTP/1.1" 200 439
[28/Jul/2026 14:32:11] "GET /realtime/state/?after=83707&include_events=0 HTTP/1.1" 200 439
[28/Jul/2026 14:32:11] "GET /realtime/state/?after=83707&include_events=0 HTTP/1.1" 200 439
[28/Jul/2026 14:32:11] "GET /realtime/state/?after=83707&include_events=0 HTTP/1.1" 200 439
[28/Jul/2026 14:32:11] "GET /realtime/state/?after=83707&include_events=0 HTTP/1.1" 200 439
[28/Jul/2026 14:32:11] "GET /realtime/state/?after=83707&include_events=0 HTTP/1.1" 200 439
