✔ driver replay predicate satisfies the executable server-client contract (1.330655ms)
✔ manual-load cancellation keeps an exact trip reference and the latest dependency (3.491962ms)
✔ downward swipe completes the exact local or confirmed manual trip through the existing queue (0.309236ms)
✔ manual load uses stable local identity and an immutable Driver snapshot (2.552082ms)
✔ manual load rejects missing or ambiguous authority and a foreign truck (0.582287ms)
✔ point correction can depend on a not-yet-confirmed manual trip (3.041423ms)
✔ manual trip confirmation survives restart with the server mapping (2.099283ms)
✔ manual free-bucket cancellation receipt preserves server restore metadata (0.780136ms)
✔ terminal downtime events never replace the authoritative active downtime (0.386022ms)
✔ restart recovers only clock conflict and its dependency chain with immutable identity (3.107443ms)
✔ restart independently retries every legacy dependency cascade code (5.271484ms)
✔ restart retries a legacy unload_before_load worker-truth event (0.771853ms)
✔ restart retries legacy inactive-equipment conflicts for a factual manual load (2.087225ms)
✔ restart resends a manual load refused as free_bucket_not_available and its chain (2.686673ms)
✔ restart never retries a real domain conflict (0.863972ms)
✔ confirmed downtime close receipt survives queue removal and restart (1.339709ms)
✔ a projection callback failure does not turn a durable enqueue into a storage error (0.416848ms)
✔ event is durably written with full driver context before send (0.654877ms)
✔ only exact accepted and deduplicated acknowledgements remove events (0.673535ms)
✔ partial response retains the unacknowledged event with retry metadata (0.747486ms)
✔ conflict auth and invalid records remain for reconciliation and are not retried (0.958084ms)
✔ parallel flush calls share one request and preserve order and dependency (10.923662ms)
✔ a due terminal action pulls its locally pending dependency into the same batch (1.098345ms)
✔ parallel gestures receive a stable monotonic order (0.359582ms)
✔ replacing Driver access does not reuse a device sequence (0.260242ms)
✔ legacy unload queue migrates without changing event identity or fact time (0.45772ms)
✔ same event id cannot be silently reused with different content (0.325581ms)
✔ acknowledged identity tombstone prevents incompatible id reuse (0.714196ms)
✔ retry backoff is bounded to 5-10s while online, not the old 5-minute cap (0.120712ms)
✔ regaining connectivity retries immediately instead of waiting out a stale backoff (0.771953ms)
✔ accepted callback runs only after durable removal and published zero state (0.634607ms)
✔ shell replacement rebinds callbacks on the existing durable runtime (0.331629ms)
✔ more than one batch drains without another lifecycle signal (32.088988ms)
✔ batch envelope keeps the immutable device identity of every event (0.759114ms)
✔ event enqueued during an in-flight send is drained by the same flush (3.378792ms)
✔ backoff and terminal review do not head-of-line block an independent event (1.244155ms)
✔ auth-required events resume only under a fresh authenticated generation (0.712804ms)
✔ immutable event identity includes context references time dependencies and payload (1.288582ms)
✔ downtime start acknowledgement keeps the exact server mapping for close (0.513594ms)
✔ offline downtime start and close share the exact local id before sync (0.505152ms)
✔ accepted downtime start maps a quick close to the exact server id (0.586925ms)
✔ A to B to A point changes always get new ids CAS state and dependencies (0.188935ms)
✔ free bucket selection captures the exact truck excavator and catalog snapshot (0.401274ms)
✔ free bucket cancellation depends only on an unresolved local selection (0.182214ms)
✔ actual IndexedDB repository path survives a new runtime instance (1.447781ms)
✔ local guards reject ungranted or incomplete driver actions before storage (0.429518ms)
✔ closing a downtime is always queued, even with no reference to its start yet (0.167653ms)
✔ auth classifier recognizes status redirect to root and login HTML (0.373353ms)
✔ terminal review records older than the retention window are purged, fresh ones stay (61.218668ms)
✔ an event sent right away is marked so the server can use its own receipt time (0.870953ms)
✔ excavator replay predicate satisfies the executable server-client contract (1.470666ms)
✔ durable event survives a failed send and a new outbox instance (5.404504ms)
✔ a client shell update and offline reopen preserve a nonempty queue (0.393263ms)
✔ missing legacy sequence cannot move a restarted IndexedDB queue backwards (3.634027ms)
✔ same event id is idempotent only for an identical immutable wire event (1.180259ms)
✔ sequential loads retain order and dependency in one batch (0.628607ms)
✔ offline downtime start and close share the exact local reference before sync (0.798373ms)
✔ a quick close after accepted start uses the confirmed server downtime id (0.697361ms)
✔ partial acknowledgement removes only exactly confirmed events (0.928158ms)
✔ accepted load without server trip id remains queued (1.752221ms)
✔ accepted free-bucket load without server trip id remains queued (0.407514ms)
✔ confirmed free-bucket acceptance survives restart with identity and server mapping (0.912345ms)
✔ IndexedDB confirmation writes receipt and removes pending event in one restart-safe state (0.653965ms)
✔ conflict and authorization outcomes remain for review and are not retried (0.3323ms)
✔ a terminal parent never cascades into independent dependent events (0.783481ms)
✔ restart retries a legacy device clock conflict and its dependency chain (0.810982ms)
✔ restart retries every legacy dependency cascade code independently (0.864883ms)
✔ restart retries a legacy open_trip_changed factual load (1.57909ms)
✔ restart does not retry an unrelated terminal conflict (0.363227ms)
✔ concurrent flush calls share one network request (8.839612ms)
✔ failed durable write rejects the action before UI success (0.307433ms)
✔ an unsent action can be discarded only while it has no dependants (0.376758ms)
✔ flush drains a queue in bounded batches (0.886155ms)
✔ retry backoff after repeated failures on a live connection never exceeds ten seconds (1.293109ms)
✔ a backoff on an earlier event is not bypassed by later events (0.723921ms)
✔ offline restart retains auth review until a fresh authenticated page resumes it (0.675287ms)
✔ confirmation callback observes the already updated queue count (0.388485ms)
✔ an event that left at once is marked so the server can use its own receipt (0.25858ms)
✔ an event that waited in the queue or survived a reload is not marked live (0.554896ms)
ℹ tests 79
ℹ suites 0
ℹ pass 79
ℹ fail 0
ℹ cancelled 0
ℹ skipped 0
ℹ todo 0
ℹ duration_ms 253.235834
