P28_I1_DOCS_SHA=
P28_I1_RELEASE_SHA=
P28_I1_SOURCE_CLEAN=
test_all_24_delivery_permutations_converge (test_route_core.ApprovedDirectionTests.test_all_24_delivery_permutations_converge) ... P28_I1_TRACE {"causal_maxima": ["D2", "O1"], "diagnostics": [], "history": [{"action_at": "", "actor_id": "driver-D1", "actor_role": "driver", "event_id": "D1", "event_type": "route_direction_changed", "fingerprint": "5fe5325e35374ae6232d26610feb85fe86163347b5e6d2c208ab9fc3e6c3f778", "loading_event_id": "load-X", "observed_ancestor_ids": [], "received_at": "", "target_point_id": "P2", "trip_id": "X"}, {"action_at": "", "actor_id": "driver-D2", "actor_role": "driver", "event_id": "D2", "event_type": "route_direction_changed", "fingerprint": "de2f80619e6afb1f77a3e4837449279b819d1a0df7249cc08e6f1699879526b0", "loading_event_id": "load-X", "observed_ancestor_ids": ["O2"], "received_at": "", "target_point_id": "P5", "trip_id": "X"}, {"action_at": "", "actor_id": "excavator_operator-O1", "actor_role": "excavator_operator", "event_id": "O1", "event_type": "route_direction_changed", "fingerprint": "5c6fbc7d10a9d5c737a120531dd95214c5260e9844d6626074bb64d5396c05e1", "loading_event_id": "load-X", "observed_ancestor_ids": ["D1"], "received_at": "", "target_point_id": "P3", "trip_id": "X"}, {"action_at": "", "actor_id": "excavator_operator-O2", "actor_role": "excavator_operator", "event_id": "O2", "event_type": "route_direction_changed", "fingerprint": "e4ac4f7334dbf5572ff578f1dd7ad443c214eebad76ece79d417189244847f56", "loading_event_id": "load-X", "observed_ancestor_ids": [], "received_at": "", "target_point_id": "P4", "trip_id": "X"}], "label": "permutations_24_converged", "lifecycle_evidence_ids": [], "lifecycle_state": "ongoing", "loading_actor_id": "loader-A", "loading_event_id": "load-X", "missing_ancestor_ids": [], "notification_key": "route:X:D2:de2f80619e6afb1f", "operational_allowed": true, "operational_reason": "trip_ongoing", "original_point_id": "P1", "selected_event_id": "D2", "selected_point_id": "P5", "selection_reason": "independent_driver_over_operator_p28_v3a", "status": "resolved", "successor_proven_without_fk": false, "successor_trip_id": null, "trip_id": "X"}
ok
test_causal_operator_delivered_before_driver_waits_then_wins (test_route_core.ApprovedDirectionTests.test_causal_operator_delivered_before_driver_waits_then_wins) ... P28_I1_TRACE {"causal_maxima": ["O"], "diagnostics": [], "history": [{"action_at": "", "actor_id": "driver-D", "actor_role": "driver", "event_id": "D", "event_type": "route_direction_changed", "fingerprint": "f2c355bf8c024fcb231917162357317a858f9c9d4b9eced85c33b6a54aa45833", "loading_event_id": "load-X", "observed_ancestor_ids": [], "received_at": "", "target_point_id": "P2", "trip_id": "X"}, {"action_at": "", "actor_id": "excavator_operator-O", "actor_role": "excavator_operator", "event_id": "O", "event_type": "route_direction_changed", "fingerprint": "c9e1480f8476e6348b968e37061ac625c5aadfee881098df3d77edff427ae37c", "loading_event_id": "load-X", "observed_ancestor_ids": ["D"], "received_at": "", "target_point_id": "P3", "trip_id": "X"}], "label": "causal_operator_after_missing_parent", "lifecycle_evidence_ids": [], "lifecycle_state": "ongoing", "loading_actor_id": "loader-A", "loading_event_id": "load-X", "missing_ancestor_ids": [], "notification_key": "route:X:O:c9e1480f8476e634", "operational_allowed": true, "operational_reason": "trip_ongoing", "original_point_id": "P1", "selected_event_id": "O", "selected_point_id": "P3", "selection_reason": "single_causal_maximum", "status": "resolved", "successor_proven_without_fk": false, "successor_trip_id": null, "trip_id": "X"}
ok
test_clock_skew_does_not_override_causal_operator (test_route_core.ApprovedDirectionTests.test_clock_skew_does_not_override_causal_operator) ... ok
test_independent_driver_and_operator_choose_driver_in_both_orders (test_route_core.ApprovedDirectionTests.test_independent_driver_and_operator_choose_driver_in_both_orders) ... P28_I1_TRACE {"causal_maxima": ["D", "O"], "diagnostics": [], "history": [{"action_at": "", "actor_id": "driver-D", "actor_role": "driver", "event_id": "D", "event_type": "route_direction_changed", "fingerprint": "f2c355bf8c024fcb231917162357317a858f9c9d4b9eced85c33b6a54aa45833", "loading_event_id": "load-X", "observed_ancestor_ids": [], "received_at": "", "target_point_id": "P2", "trip_id": "X"}, {"action_at": "", "actor_id": "excavator_operator-O", "actor_role": "excavator_operator", "event_id": "O", "event_type": "route_direction_changed", "fingerprint": "8b851858d38a48c9a850969a27308d0020c825aad1aca63b48e81cae5df9426f", "loading_event_id": "load-X", "observed_ancestor_ids": [], "received_at": "", "target_point_id": "P3", "trip_id": "X"}], "label": "independent_driver_operator", "lifecycle_evidence_ids": [], "lifecycle_state": "ongoing", "loading_actor_id": "loader-A", "loading_event_id": "load-X", "missing_ancestor_ids": [], "notification_key": "route:X:D:f2c355bf8c024fcb", "operational_allowed": true, "operational_reason": "trip_ongoing", "original_point_id": "P1", "selected_event_id": "D", "selected_point_id": "P2", "selection_reason": "independent_driver_over_operator_p28_v3a", "status": "resolved", "successor_proven_without_fk": false, "successor_trip_id": null, "trip_id": "X"}
ok
test_operator_sees_operator_but_not_independent_driver_driver_still_wins (test_route_core.ApprovedDirectionTests.test_operator_sees_operator_but_not_independent_driver_driver_still_wins) ... ok
test_operator_then_causal_driver_selects_driver_without_changing_original (test_route_core.ApprovedDirectionTests.test_operator_then_causal_driver_selects_driver_without_changing_original) ... ok
test_two_causal_chains_with_operator_maxima_are_unresolved (test_route_core.ApprovedDirectionTests.test_two_causal_chains_with_operator_maxima_are_unresolved) ... ok
test_bad_fingerprint_is_preserved_but_not_selected (test_route_core.IdentityAndIntegrityTests.test_bad_fingerprint_is_preserved_but_not_selected) ... ok
test_cross_trip_ancestor_is_ignored_without_mutating_neighbor (test_route_core.IdentityAndIntegrityTests.test_cross_trip_ancestor_is_ignored_without_mutating_neighbor) ... ok
test_cycle_has_no_winner (test_route_core.IdentityAndIntegrityTests.test_cycle_has_no_winner) ... ok
test_duplicate_lost_receipt_and_restart_keep_one_record_and_same_result (test_route_core.IdentityAndIntegrityTests.test_duplicate_lost_receipt_and_restart_keep_one_record_and_same_result) ... ok
test_incomplete_legacy_history_does_not_prove_independence (test_route_core.IdentityAndIntegrityTests.test_incomplete_legacy_history_does_not_prove_independence) ... ok
test_missing_ancestor_is_not_assumed_independent (test_route_core.IdentityAndIntegrityTests.test_missing_ancestor_is_not_assumed_independent) ... ok
test_same_id_different_payload_preserves_original_and_diagnoses (test_route_core.IdentityAndIntegrityTests.test_same_id_different_payload_preserves_original_and_diagnoses) ... ok
test_cancel_unload_and_supersede_keep_history_but_suppress_operation_and_notification (test_route_core.LifecycleProtectionTests.test_cancel_unload_and_supersede_keep_history_but_suppress_operation_and_notification) ... ok
test_legacy_actual_without_origin_creates_no_driver_event_or_notification (test_route_core.LifecycleProtectionTests.test_legacy_actual_without_origin_creates_no_driver_event_or_notification) ... ok
test_technical_uncontrolled_does_not_invent_unload (test_route_core.LifecycleProtectionTests.test_technical_uncontrolled_does_not_invent_unload) ... ok
test_unknown_replacement_history_is_conservative (test_route_core.LifecycleProtectionTests.test_unknown_replacement_history_is_conservative) ... ok
test_notification_key_is_selected_event_identity_not_snapshot_version (test_route_core.OpenPolicyAndAuthorshipTests.test_notification_key_is_selected_event_identity_not_snapshot_version) ... ok
test_replacement_operator_authorship_does_not_replace_loading_author (test_route_core.OpenPolicyAndAuthorshipTests.test_replacement_operator_authorship_does_not_replace_loading_author) ... ok
test_two_independent_drivers_are_policy_unresolved (test_route_core.OpenPolicyAndAuthorshipTests.test_two_independent_drivers_are_policy_unresolved) ... ok
test_two_independent_operators_are_policy_unresolved (test_route_core.OpenPolicyAndAuthorshipTests.test_two_independent_operators_are_policy_unresolved) ... ok

----------------------------------------------------------------------
Ran 22 tests in 0.004s

OK
P28_I1_TESTS_RUN=22
P28_I1_FAILURES=0
P28_I1_ERRORS=0
P28_I1_EXIT_CODE=0
