✔ durable event survives a failed send and a new outbox instance (29.1003ms)
✔ a client shell update and offline reopen preserve a nonempty queue (0.7337ms)
✔ missing legacy sequence cannot move a restarted IndexedDB queue backwards (5.3849ms)
✔ same event id is idempotent only for an identical immutable wire event (1.7322ms)
✔ sequential loads retain order and dependency in one batch (1.4458ms)
✔ offline downtime start and close share the exact local reference before sync (1.2921ms)
✔ a quick close after accepted start uses the confirmed server downtime id (1.6924ms)
✔ partial acknowledgement removes only exactly confirmed events (1.9935ms)
✔ accepted load without server trip id remains queued (0.861ms)
✔ accepted free-bucket load without server trip id remains queued (0.9758ms)
✔ confirmed free-bucket acceptance survives restart with identity and server mapping (1.476ms)
✔ IndexedDB confirmation writes receipt and removes pending event in one restart-safe state (1.0292ms)
✔ conflict and authorization outcomes remain for review and are not retried (0.6603ms)
✔ a pending event depending on a terminal conflict becomes attention instead of hanging (1.3431ms)
✔ restart retries a legacy device clock conflict and its dependency chain (1.9058ms)
✔ restart retries a legacy post-unload cooldown refusal with the immutable event (1.4449ms)
✔ restart restores the full removed-cooldown chain with immutable envelopes (2.391ms)
✔ confirmed removed-cooldown root recovers saved children after root left the queue (4.0751ms)
✔ confirmed removed-cooldown child after retry recovers its saved descendant on restart (1.9304ms)
✔ lost root response and restart resend the same removed-cooldown chain (3.3005ms)
✔ restart does not retry an unrelated terminal conflict (1.3784ms)
✔ concurrent flush calls share one network request (22.0238ms)
✔ failed durable write rejects the action before UI success (0.5263ms)
✔ an unsent action can be discarded only while it has no dependants (0.5278ms)
✔ flush drains a queue in bounded batches (2.1933ms)
✔ retry backoff after repeated failures on a live connection never exceeds ten seconds (2.6693ms)
✔ a backoff on an earlier event is not bypassed by later events (1.1296ms)
✔ offline restart retains auth review until a fresh authenticated page resumes it (0.7542ms)
✔ confirmation callback observes the already updated queue count (0.5601ms)
✔ an event that left at once is marked so the server can use its own receipt (0.67ms)
✔ an event that waited in the queue or survived a reload is not marked live (0.8455ms)
✔ bucket entry stays beside the existing hourly report ring (3.2036ms)
✔ selector modal is external, keypad driven and Android Back aware (0.7356ms)
✔ catalog and accepted cards survive offline shell lifecycle (0.7099ms)
✔ accept cancel and load use the durable field outbox (0.6898ms)
✔ cancel and failed load do not restore an actionable stale card (2.2836ms)
✔ a rejected repeat acceptance is removed instead of becoming a dead card (0.4394ms)
✔ dispatcher removes the used marker at its server deadline without polling (1.0995ms)
✔ one successful free-bucket swipe removes the upper card and keeps a separate five-minute badge (0.5243ms)
✔ all free bucket assets share the current shell marker (0.3195ms)
✔ temporary card adds semantics without replacing production status (0.7663ms)
✔ accept and cancel invalidate an older operational fragment first (0.4399ms)
✔ an upward swipe cancels only an unused free bucket card through the durable outbox (0.5464ms)
✔ Excavator FCM token is registered once for the authenticated shell (10.4691ms)
✔ Excavator token rotation is registered without duplicate listeners (2.2651ms)
✔ ordinary browser skips native registration and no token is persisted or logged (2.096ms)
✔ Excavator haptics prefer the native media bridge and preserve gesture timing (1.4195ms)
✔ Excavator shell wires native capabilities and routes existing feedback through them (0.8488ms)
ℹ tests 48
ℹ suites 0
ℹ pass 48
ℹ fail 0
ℹ cancelled 0
ℹ skipped 0
ℹ todo 0
ℹ duration_ms 273.6755
